mysql: [Warning] Using a password on the command line interface can be insecure.
Welcome to the MySQL monitor.  Commands end with ; or \g.
Your MySQL connection id is 14
Server version: 8.0.15 MySQL Community Server - GPL

Copyright (c) 2000, 2019, Oracle and/or its affiliates. All rights reserved.

Oracle is a registered trademark of Oracle Corporation and/or its
affiliates. Other names may be trademarks of their respective
owners.

Type 'help;' or '\h' for help. Type '\c' to clear the current input statement.

mysql> select * from mep;
ERROR 1146 (42S02): Table 'demo.mep' doesn't exist
mysql> select * from emp;
+-------+---------+------------+------+------------+-------+------+--------+---------+--------------+------------+------------+----------+
| EMPNO | ENAME   | JOB        | MGR  | HIREDATE   | SAL   | COMM | DEPTNO | BONUSID | USER NAME    | PWD        | phone      | isActive |
+-------+---------+------------+------+------------+-------+------+--------+---------+--------------+------------+------------+----------+
|  7369 | SMITH   | CLERK      | 7902 | 1980-12-17 |   800 | NULL |     20 |       2 | TRITONE      | a12recmpm  | 7032300023 |        0 |
|  7415 | AARAV   | CLERK      | 7902 | 1981-12-31 |  3350 | NULL |     10 |    NULL | AARAV        | NULL       | 7032300084 |        0 |
|  7421 | THOMAS  | CLERK      | 7920 | 1981-07-19 |  1750 | NULL |     10 |       1 | THOMAS       | r50mpm     | 7032300011 |        0 |
|  7499 | ALLEN   | SALESMAN   | 7698 | 1981-02-20 |  1600 |  300 |     30 |       4 | ALWAYS TESTE | sales@2017 | 7032300096 |        1 |
|  7521 | WARD    | SALESMAN   | 7698 | 1981-02-22 |  1250 |  500 |     30 |       1 | WARD         | sales@2017 | 7132300034 |        1 |
|  7566 | JONES   | MANAGER    | 7839 | 1981-04-02 |  2975 | NULL |     20 |       4 | HONEYCOMB    | a12recmpm  | 7132300039 |        1 |
|  7654 | MARTIN  | SALESMAN   | 7698 | 1981-09-28 |  1250 | 1400 |     30 |       6 | LIFE RACER   | sales@2017 | 7132300050 |        1 |
|  7698 | BLAKE   | MANAGER    | 7839 | 1981-05-01 |  2850 | NULL |     30 |       1 | BIG BEN      | sales@2017 | 7132300027 |        1 |
|  7782 | CLARK   | MANAGER    | 7839 | 1981-06-09 |  2450 | NULL |     10 |       3 | CLARK        | r50mpm     | 7032300001 |        1 |
|  7788 | SCOTT   | ANALYST    | 7566 | 1982-12-09 |  3000 | NULL |     20 |       3 | WHITE SAND   | a12recmpm  | NULL       |        1 |
|  7839 | KING    | PRESIDENT  | NULL | 1981-11-17 |  5000 | NULL |     10 |       1 | KING         | r50mpm     | 7132300081 |        1 |
|  7844 | TURNER  | SALESMAN   | 7698 | 1981-09-08 |  1500 |    0 |     30 |       5 | SAND DUST    | sales@2017 | NULL       |        1 |
|  7876 | ADAMS   | CLERK      | 7788 | 1983-01-12 |  1100 | NULL |     20 |       1 | CRAZY ANYONE | a12recmpm  | 7132300086 |        1 |
|  7900 | JAMES   | CLERK      | 7698 | 1981-12-03 |   950 | NULL |     30 |       2 | CRAZY LEADER | sales@2017 | 7132300042 |        1 |
|  7902 | FORD    | ANALYST    | 7566 | 1981-12-03 |  3000 | NULL |     20 |       4 | CONBRIO      | a12recmpm  | NULL       |        0 |
|  7919 | HOFFMAN | MANAGER    | 7566 | 1982-03-24 |  4150 | NULL |     30 |       3 | INTERVAL     | sales@2017 | NULL       |        1 |
|  7920 | GRASS   | SALESMAN   | 7919 | 1980-02-14 |  2575 | 2700 |     30 |       5 | GRASS        | sales@2017 | NULL       |        1 |
|  7934 | MILLER  | CLERK      | 7782 | 1982-01-23 |  1300 | NULL |     10 |       2 | QUARTERNOTE  | r50mpm     | 7132300055 |        0 |
|  7945 | AARUSH  | SALESMAN   | 7902 | 1980-02-14 |  1350 | 2700 |     30 |    NULL | AARUSH       | ABCDEF     | NULL       |        0 |
|  7949 | ALEX    | MANAGER    | 7698 | 1982-01-24 |  1250 |  500 |     30 |       5 | QUARTERREST  | sales@2017 | 7156567183 |        1 |
|  7950 | SALEEL  | supervisor | 7788 | 2021-12-02 | 45000 | NULL |     20 |       1 | saleel       | saleel@431 | 9850884228 |        0 |
+-------+---------+------------+------+------------+-------+------+--------+---------+--------------+------------+------------+----------+
21 rows in set (0.00 sec)

mysql> select * from emp, emp;
ERROR 1066 (42000): Not unique table/alias: 'emp'
mysql> select * from emp e, emp m;
+-------+---------+------------+------+------------+-------+------+--------+---------+--------------+------------+------------+----------+-------+---------+------------+------+------------+-------+------+--------+---------+--------------+------------+------------+----------+
| EMPNO | ENAME   | JOB        | MGR  | HIREDATE   | SAL   | COMM | DEPTNO | BONUSID | USER NAME    | PWD        | phone      | isActive | EMPNO | ENAME   | JOB        | MGR  | HIREDATE   | SAL   | COMM | DEPTNO | BONUSID | USER NAME    | PWD        | phone      | isActive |
+-------+---------+------------+------+------------+-------+------+--------+---------+--------------+------------+------------+----------+-------+---------+------------+------+------------+-------+------+--------+---------+--------------+------------+------------+----------+
|  7369 | SMITH   | CLERK      | 7902 | 1980-12-17 |   800 | NULL |     20 |       2 | TRITONE      | a12recmpm  | 7032300023 |        0 |  7369 | SMITH   | CLERK      | 7902 | 1980-12-17 |   800 | NULL |     20 |       2 | TRITONE      | a12recmpm  | 7032300023 |        0 |
|  7415 | AARAV   | CLERK      | 7902 | 1981-12-31 |  3350 | NULL |     10 |    NULL | AARAV        | NULL       | 7032300084 |        0 |  7369 | SMITH   | CLERK      | 7902 | 1980-12-17 |   800 | NULL |     20 |       2 | TRITONE      | a12recmpm  | 7032300023 |        0 |
|  7421 | THOMAS  | CLERK      | 7920 | 1981-07-19 |  1750 | NULL |     10 |       1 | THOMAS       | r50mpm     | 7032300011 |        0 |  7369 | SMITH   | CLERK      | 7902 | 1980-12-17 |   800 | NULL |     20 |       2 | TRITONE      | a12recmpm  | 7032300023 |        0 |
|  7499 | ALLEN   | SALESMAN   | 7698 | 1981-02-20 |  1600 |  300 |     30 |       4 | ALWAYS TESTE | sales@2017 | 7032300096 |        1 |  7369 | SMITH   | CLERK      | 7902 | 1980-12-17 |   800 | NULL |     20 |       2 | TRITONE      | a12recmpm  | 7032300023 |        0 |
|  7521 | WARD    | SALESMAN   | 7698 | 1981-02-22 |  1250 |  500 |     30 |       1 | WARD         | sales@2017 | 7132300034 |        1 |  7369 | SMITH   | CLERK      | 7902 | 1980-12-17 |   800 | NULL |     20 |       2 | TRITONE      | a12recmpm  | 7032300023 |        0 |
|  7566 | JONES   | MANAGER    | 7839 | 1981-04-02 |  2975 | NULL |     20 |       4 | HONEYCOMB    | a12recmpm  | 7132300039 |        1 |  7369 | SMITH   | CLERK      | 7902 | 1980-12-17 |   800 | NULL |     20 |       2 | TRITONE      | a12recmpm  | 7032300023 |        0 |
|  7654 | MARTIN  | SALESMAN   | 7698 | 1981-09-28 |  1250 | 1400 |     30 |       6 | LIFE RACER   | sales@2017 | 7132300050 |        1 |  7369 | SMITH   | CLERK      | 7902 | 1980-12-17 |   800 | NULL |     20 |       2 | TRITONE      | a12recmpm  | 7032300023 |        0 |
|  7698 | BLAKE   | MANAGER    | 7839 | 1981-05-01 |  2850 | NULL |     30 |       1 | BIG BEN      | sales@2017 | 7132300027 |        1 |  7369 | SMITH   | CLERK      | 7902 | 1980-12-17 |   800 | NULL |     20 |       2 | TRITONE      | a12recmpm  | 7032300023 |        0 |
|  7782 | CLARK   | MANAGER    | 7839 | 1981-06-09 |  2450 | NULL |     10 |       3 | CLARK        | r50mpm     | 7032300001 |        1 |  7369 | SMITH   | CLERK      | 7902 | 1980-12-17 |   800 | NULL |     20 |       2 | TRITONE      | a12recmpm  | 7032300023 |        0 |
|  7788 | SCOTT   | ANALYST    | 7566 | 1982-12-09 |  3000 | NULL |     20 |       3 | WHITE SAND   | a12recmpm  | NULL       |        1 |  7369 | SMITH   | CLERK      | 7902 | 1980-12-17 |   800 | NULL |     20 |       2 | TRITONE      | a12recmpm  | 7032300023 |        0 |
|  7839 | KING    | PRESIDENT  | NULL | 1981-11-17 |  5000 | NULL |     10 |       1 | KING         | r50mpm     | 7132300081 |        1 |  7369 | SMITH   | CLERK      | 7902 | 1980-12-17 |   800 | NULL |     20 |       2 | TRITONE      | a12recmpm  | 7032300023 |        0 |
|  7844 | TURNER  | SALESMAN   | 7698 | 1981-09-08 |  1500 |    0 |     30 |       5 | SAND DUST    | sales@2017 | NULL       |        1 |  7369 | SMITH   | CLERK      | 7902 | 1980-12-17 |   800 | NULL |     20 |       2 | TRITONE      | a12recmpm  | 7032300023 |        0 |
|  7876 | ADAMS   | CLERK      | 7788 | 1983-01-12 |  1100 | NULL |     20 |       1 | CRAZY ANYONE | a12recmpm  | 7132300086 |        1 |  7369 | SMITH   | CLERK      | 7902 | 1980-12-17 |   800 | NULL |     20 |       2 | TRITONE      | a12recmpm  | 7032300023 |        0 |
|  7900 | JAMES   | CLERK      | 7698 | 1981-12-03 |   950 | NULL |     30 |       2 | CRAZY LEADER | sales@2017 | 7132300042 |        1 |  7369 | SMITH   | CLERK      | 7902 | 1980-12-17 |   800 | NULL |     20 |       2 | TRITONE      | a12recmpm  | 7032300023 |        0 |
|  7902 | FORD    | ANALYST    | 7566 | 1981-12-03 |  3000 | NULL |     20 |       4 | CONBRIO      | a12recmpm  | NULL       |        0 |  7369 | SMITH   | CLERK      | 7902 | 1980-12-17 |   800 | NULL |     20 |       2 | TRITONE      | a12recmpm  | 7032300023 |        0 |
|  7919 | HOFFMAN | MANAGER    | 7566 | 1982-03-24 |  4150 | NULL |     30 |       3 | INTERVAL     | sales@2017 | NULL       |        1 |  7369 | SMITH   | CLERK      | 7902 | 1980-12-17 |   800 | NULL |     20 |       2 | TRITONE      | a12recmpm  | 7032300023 |        0 |
|  7920 | GRASS   | SALESMAN   | 7919 | 1980-02-14 |  2575 | 2700 |     30 |       5 | GRASS        | sales@2017 | NULL       |        1 |  7369 | SMITH   | CLERK      | 7902 | 1980-12-17 |   800 | NULL |     20 |       2 | TRITONE      | a12recmpm  | 7032300023 |        0 |
|  7934 | MILLER  | CLERK      | 7782 | 1982-01-23 |  1300 | NULL |     10 |       2 | QUARTERNOTE  | r50mpm     | 7132300055 |        0 |  7369 | SMITH   | CLERK      | 7902 | 1980-12-17 |   800 | NULL |     20 |       2 | TRITONE      | a12recmpm  | 7032300023 |        0 |
|  7945 | AARUSH  | SALESMAN   | 7902 | 1980-02-14 |  1350 | 2700 |     30 |    NULL | AARUSH       | ABCDEF     | NULL       |        0 |  7369 | SMITH   | CLERK      | 7902 | 1980-12-17 |   800 | NULL |     20 |       2 | TRITONE      | a12recmpm  | 7032300023 |        0 |
|  7949 | ALEX    | MANAGER    | 7698 | 1982-01-24 |  1250 |  500 |     30 |       5 | QUARTERREST  | sales@2017 | 7156567183 |        1 |  7369 | SMITH   | CLERK      | 7902 | 1980-12-17 |   800 | NULL |     20 |       2 | TRITONE      | a12recmpm  | 7032300023 |        0 |
|  7950 | SALEEL  | supervisor | 7788 | 2021-12-02 | 45000 | NULL |     20 |       1 | saleel       | saleel@431 | 9850884228 |        0 |  7369 | SMITH   | CLERK      | 7902 | 1980-12-17 |   800 | NULL |     20 |       2 | TRITONE      | a12recmpm  | 7032300023 |        0 |
|  7369 | SMITH   | CLERK      | 7902 | 1980-12-17 |   800 | NULL |     20 |       2 | TRITONE      | a12recmpm  | 7032300023 |        0 |  7415 | AARAV   | CLERK      | 7902 | 1981-12-31 |  3350 | NULL |     10 |    NULL | AARAV        | NULL       | 7032300084 |        0 |
|  7415 | AARAV   | CLERK      | 7902 | 1981-12-31 |  3350 | NULL |     10 |    NULL | AARAV        | NULL       | 7032300084 |        0 |  7415 | AARAV   | CLERK      | 7902 | 1981-12-31 |  3350 | NULL |     10 |    NULL | AARAV        | NULL       | 7032300084 |        0 |
|  7421 | THOMAS  | CLERK      | 7920 | 1981-07-19 |  1750 | NULL |     10 |       1 | THOMAS       | r50mpm     | 7032300011 |        0 |  7415 | AARAV   | CLERK      | 7902 | 1981-12-31 |  3350 | NULL |     10 |    NULL | AARAV        | NULL       | 7032300084 |        0 |
|  7499 | ALLEN   | SALESMAN   | 7698 | 1981-02-20 |  1600 |  300 |     30 |       4 | ALWAYS TESTE | sales@2017 | 7032300096 |        1 |  7415 | AARAV   | CLERK      | 7902 | 1981-12-31 |  3350 | NULL |     10 |    NULL | AARAV        | NULL       | 7032300084 |        0 |
|  7521 | WARD    | SALESMAN   | 7698 | 1981-02-22 |  1250 |  500 |     30 |       1 | WARD         | sales@2017 | 7132300034 |        1 |  7415 | AARAV   | CLERK      | 7902 | 1981-12-31 |  3350 | NULL |     10 |    NULL | AARAV        | NULL       | 7032300084 |        0 |
|  7566 | JONES   | MANAGER    | 7839 | 1981-04-02 |  2975 | NULL |     20 |       4 | HONEYCOMB    | a12recmpm  | 7132300039 |        1 |  7415 | AARAV   | CLERK      | 7902 | 1981-12-31 |  3350 | NULL |     10 |    NULL | AARAV        | NULL       | 7032300084 |        0 |
|  7654 | MARTIN  | SALESMAN   | 7698 | 1981-09-28 |  1250 | 1400 |     30 |       6 | LIFE RACER   | sales@2017 | 7132300050 |        1 |  7415 | AARAV   | CLERK      | 7902 | 1981-12-31 |  3350 | NULL |     10 |    NULL | AARAV        | NULL       | 7032300084 |        0 |
|  7698 | BLAKE   | MANAGER    | 7839 | 1981-05-01 |  2850 | NULL |     30 |       1 | BIG BEN      | sales@2017 | 7132300027 |        1 |  7415 | AARAV   | CLERK      | 7902 | 1981-12-31 |  3350 | NULL |     10 |    NULL | AARAV        | NULL       | 7032300084 |        0 |
|  7782 | CLARK   | MANAGER    | 7839 | 1981-06-09 |  2450 | NULL |     10 |       3 | CLARK        | r50mpm     | 7032300001 |        1 |  7415 | AARAV   | CLERK      | 7902 | 1981-12-31 |  3350 | NULL |     10 |    NULL | AARAV        | NULL       | 7032300084 |        0 |
|  7788 | SCOTT   | ANALYST    | 7566 | 1982-12-09 |  3000 | NULL |     20 |       3 | WHITE SAND   | a12recmpm  | NULL       |        1 |  7415 | AARAV   | CLERK      | 7902 | 1981-12-31 |  3350 | NULL |     10 |    NULL | AARAV        | NULL       | 7032300084 |        0 |
|  7839 | KING    | PRESIDENT  | NULL | 1981-11-17 |  5000 | NULL |     10 |       1 | KING         | r50mpm     | 7132300081 |        1 |  7415 | AARAV   | CLERK      | 7902 | 1981-12-31 |  3350 | NULL |     10 |    NULL | AARAV        | NULL       | 7032300084 |        0 |
|  7844 | TURNER  | SALESMAN   | 7698 | 1981-09-08 |  1500 |    0 |     30 |       5 | SAND DUST    | sales@2017 | NULL       |        1 |  7415 | AARAV   | CLERK      | 7902 | 1981-12-31 |  3350 | NULL |     10 |    NULL | AARAV        | NULL       | 7032300084 |        0 |
|  7876 | ADAMS   | CLERK      | 7788 | 1983-01-12 |  1100 | NULL |     20 |       1 | CRAZY ANYONE | a12recmpm  | 7132300086 |        1 |  7415 | AARAV   | CLERK      | 7902 | 1981-12-31 |  3350 | NULL |     10 |    NULL | AARAV        | NULL       | 7032300084 |        0 |
|  7900 | JAMES   | CLERK      | 7698 | 1981-12-03 |   950 | NULL |     30 |       2 | CRAZY LEADER | sales@2017 | 7132300042 |        1 |  7415 | AARAV   | CLERK      | 7902 | 1981-12-31 |  3350 | NULL |     10 |    NULL | AARAV        | NULL       | 7032300084 |        0 |
|  7902 | FORD    | ANALYST    | 7566 | 1981-12-03 |  3000 | NULL |     20 |       4 | CONBRIO      | a12recmpm  | NULL       |        0 |  7415 | AARAV   | CLERK      | 7902 | 1981-12-31 |  3350 | NULL |     10 |    NULL | AARAV        | NULL       | 7032300084 |        0 |
|  7919 | HOFFMAN | MANAGER    | 7566 | 1982-03-24 |  4150 | NULL |     30 |       3 | INTERVAL     | sales@2017 | NULL       |        1 |  7415 | AARAV   | CLERK      | 7902 | 1981-12-31 |  3350 | NULL |     10 |    NULL | AARAV        | NULL       | 7032300084 |        0 |
|  7920 | GRASS   | SALESMAN   | 7919 | 1980-02-14 |  2575 | 2700 |     30 |       5 | GRASS        | sales@2017 | NULL       |        1 |  7415 | AARAV   | CLERK      | 7902 | 1981-12-31 |  3350 | NULL |     10 |    NULL | AARAV        | NULL       | 7032300084 |        0 |
|  7934 | MILLER  | CLERK      | 7782 | 1982-01-23 |  1300 | NULL |     10 |       2 | QUARTERNOTE  | r50mpm     | 7132300055 |        0 |  7415 | AARAV   | CLERK      | 7902 | 1981-12-31 |  3350 | NULL |     10 |    NULL | AARAV        | NULL       | 7032300084 |        0 |
|  7945 | AARUSH  | SALESMAN   | 7902 | 1980-02-14 |  1350 | 2700 |     30 |    NULL | AARUSH       | ABCDEF     | NULL       |        0 |  7415 | AARAV   | CLERK      | 7902 | 1981-12-31 |  3350 | NULL |     10 |    NULL | AARAV        | NULL       | 7032300084 |        0 |
|  7949 | ALEX    | MANAGER    | 7698 | 1982-01-24 |  1250 |  500 |     30 |       5 | QUARTERREST  | sales@2017 | 7156567183 |        1 |  7415 | AARAV   | CLERK      | 7902 | 1981-12-31 |  3350 | NULL |     10 |    NULL | AARAV        | NULL       | 7032300084 |        0 |
|  7950 | SALEEL  | supervisor | 7788 | 2021-12-02 | 45000 | NULL |     20 |       1 | saleel       | saleel@431 | 9850884228 |        0 |  7415 | AARAV   | CLERK      | 7902 | 1981-12-31 |  3350 | NULL |     10 |    NULL | AARAV        | NULL       | 7032300084 |        0 |
|  7369 | SMITH   | CLERK      | 7902 | 1980-12-17 |   800 | NULL |     20 |       2 | TRITONE      | a12recmpm  | 7032300023 |        0 |  7421 | THOMAS  | CLERK      | 7920 | 1981-07-19 |  1750 | NULL |     10 |       1 | THOMAS       | r50mpm     | 7032300011 |        0 |
|  7415 | AARAV   | CLERK      | 7902 | 1981-12-31 |  3350 | NULL |     10 |    NULL | AARAV        | NULL       | 7032300084 |        0 |  7421 | THOMAS  | CLERK      | 7920 | 1981-07-19 |  1750 | NULL |     10 |       1 | THOMAS       | r50mpm     | 7032300011 |        0 |
|  7421 | THOMAS  | CLERK      | 7920 | 1981-07-19 |  1750 | NULL |     10 |       1 | THOMAS       | r50mpm     | 7032300011 |        0 |  7421 | THOMAS  | CLERK      | 7920 | 1981-07-19 |  1750 | NULL |     10 |       1 | THOMAS       | r50mpm     | 7032300011 |        0 |
|  7499 | ALLEN   | SALESMAN   | 7698 | 1981-02-20 |  1600 |  300 |     30 |       4 | ALWAYS TESTE | sales@2017 | 7032300096 |        1 |  7421 | THOMAS  | CLERK      | 7920 | 1981-07-19 |  1750 | NULL |     10 |       1 | THOMAS       | r50mpm     | 7032300011 |        0 |
|  7521 | WARD    | SALESMAN   | 7698 | 1981-02-22 |  1250 |  500 |     30 |       1 | WARD         | sales@2017 | 7132300034 |        1 |  7421 | THOMAS  | CLERK      | 7920 | 1981-07-19 |  1750 | NULL |     10 |       1 | THOMAS       | r50mpm     | 7032300011 |        0 |
|  7566 | JONES   | MANAGER    | 7839 | 1981-04-02 |  2975 | NULL |     20 |       4 | HONEYCOMB    | a12recmpm  | 7132300039 |        1 |  7421 | THOMAS  | CLERK      | 7920 | 1981-07-19 |  1750 | NULL |     10 |       1 | THOMAS       | r50mpm     | 7032300011 |        0 |
|  7654 | MARTIN  | SALESMAN   | 7698 | 1981-09-28 |  1250 | 1400 |     30 |       6 | LIFE RACER   | sales@2017 | 7132300050 |        1 |  7421 | THOMAS  | CLERK      | 7920 | 1981-07-19 |  1750 | NULL |     10 |       1 | THOMAS       | r50mpm     | 7032300011 |        0 |
|  7698 | BLAKE   | MANAGER    | 7839 | 1981-05-01 |  2850 | NULL |     30 |       1 | BIG BEN      | sales@2017 | 7132300027 |        1 |  7421 | THOMAS  | CLERK      | 7920 | 1981-07-19 |  1750 | NULL |     10 |       1 | THOMAS       | r50mpm     | 7032300011 |        0 |
|  7782 | CLARK   | MANAGER    | 7839 | 1981-06-09 |  2450 | NULL |     10 |       3 | CLARK        | r50mpm     | 7032300001 |        1 |  7421 | THOMAS  | CLERK      | 7920 | 1981-07-19 |  1750 | NULL |     10 |       1 | THOMAS       | r50mpm     | 7032300011 |        0 |
|  7788 | SCOTT   | ANALYST    | 7566 | 1982-12-09 |  3000 | NULL |     20 |       3 | WHITE SAND   | a12recmpm  | NULL       |        1 |  7421 | THOMAS  | CLERK      | 7920 | 1981-07-19 |  1750 | NULL |     10 |       1 | THOMAS       | r50mpm     | 7032300011 |        0 |
|  7839 | KING    | PRESIDENT  | NULL | 1981-11-17 |  5000 | NULL |     10 |       1 | KING         | r50mpm     | 7132300081 |        1 |  7421 | THOMAS  | CLERK      | 7920 | 1981-07-19 |  1750 | NULL |     10 |       1 | THOMAS       | r50mpm     | 7032300011 |        0 |
|  7844 | TURNER  | SALESMAN   | 7698 | 1981-09-08 |  1500 |    0 |     30 |       5 | SAND DUST    | sales@2017 | NULL       |        1 |  7421 | THOMAS  | CLERK      | 7920 | 1981-07-19 |  1750 | NULL |     10 |       1 | THOMAS       | r50mpm     | 7032300011 |        0 |
|  7876 | ADAMS   | CLERK      | 7788 | 1983-01-12 |  1100 | NULL |     20 |       1 | CRAZY ANYONE | a12recmpm  | 7132300086 |        1 |  7421 | THOMAS  | CLERK      | 7920 | 1981-07-19 |  1750 | NULL |     10 |       1 | THOMAS       | r50mpm     | 7032300011 |        0 |
|  7900 | JAMES   | CLERK      | 7698 | 1981-12-03 |   950 | NULL |     30 |       2 | CRAZY LEADER | sales@2017 | 7132300042 |        1 |  7421 | THOMAS  | CLERK      | 7920 | 1981-07-19 |  1750 | NULL |     10 |       1 | THOMAS       | r50mpm     | 7032300011 |        0 |
|  7902 | FORD    | ANALYST    | 7566 | 1981-12-03 |  3000 | NULL |     20 |       4 | CONBRIO      | a12recmpm  | NULL       |        0 |  7421 | THOMAS  | CLERK      | 7920 | 1981-07-19 |  1750 | NULL |     10 |       1 | THOMAS       | r50mpm     | 7032300011 |        0 |
|  7919 | HOFFMAN | MANAGER    | 7566 | 1982-03-24 |  4150 | NULL |     30 |       3 | INTERVAL     | sales@2017 | NULL       |        1 |  7421 | THOMAS  | CLERK      | 7920 | 1981-07-19 |  1750 | NULL |     10 |       1 | THOMAS       | r50mpm     | 7032300011 |        0 |
|  7920 | GRASS   | SALESMAN   | 7919 | 1980-02-14 |  2575 | 2700 |     30 |       5 | GRASS        | sales@2017 | NULL       |        1 |  7421 | THOMAS  | CLERK      | 7920 | 1981-07-19 |  1750 | NULL |     10 |       1 | THOMAS       | r50mpm     | 7032300011 |        0 |
|  7934 | MILLER  | CLERK      | 7782 | 1982-01-23 |  1300 | NULL |     10 |       2 | QUARTERNOTE  | r50mpm     | 7132300055 |        0 |  7421 | THOMAS  | CLERK      | 7920 | 1981-07-19 |  1750 | NULL |     10 |       1 | THOMAS       | r50mpm     | 7032300011 |        0 |
|  7945 | AARUSH  | SALESMAN   | 7902 | 1980-02-14 |  1350 | 2700 |     30 |    NULL | AARUSH       | ABCDEF     | NULL       |        0 |  7421 | THOMAS  | CLERK      | 7920 | 1981-07-19 |  1750 | NULL |     10 |       1 | THOMAS       | r50mpm     | 7032300011 |        0 |
|  7949 | ALEX    | MANAGER    | 7698 | 1982-01-24 |  1250 |  500 |     30 |       5 | QUARTERREST  | sales@2017 | 7156567183 |        1 |  7421 | THOMAS  | CLERK      | 7920 | 1981-07-19 |  1750 | NULL |     10 |       1 | THOMAS       | r50mpm     | 7032300011 |        0 |
|  7950 | SALEEL  | supervisor | 7788 | 2021-12-02 | 45000 | NULL |     20 |       1 | saleel       | saleel@431 | 9850884228 |        0 |  7421 | THOMAS  | CLERK      | 7920 | 1981-07-19 |  1750 | NULL |     10 |       1 | THOMAS       | r50mpm     | 7032300011 |        0 |
|  7369 | SMITH   | CLERK      | 7902 | 1980-12-17 |   800 | NULL |     20 |       2 | TRITONE      | a12recmpm  | 7032300023 |        0 |  7499 | ALLEN   | SALESMAN   | 7698 | 1981-02-20 |  1600 |  300 |     30 |       4 | ALWAYS TESTE | sales@2017 | 7032300096 |        1 |
|  7415 | AARAV   | CLERK      | 7902 | 1981-12-31 |  3350 | NULL |     10 |    NULL | AARAV        | NULL       | 7032300084 |        0 |  7499 | ALLEN   | SALESMAN   | 7698 | 1981-02-20 |  1600 |  300 |     30 |       4 | ALWAYS TESTE | sales@2017 | 7032300096 |        1 |
|  7421 | THOMAS  | CLERK      | 7920 | 1981-07-19 |  1750 | NULL |     10 |       1 | THOMAS       | r50mpm     | 7032300011 |        0 |  7499 | ALLEN   | SALESMAN   | 7698 | 1981-02-20 |  1600 |  300 |     30 |       4 | ALWAYS TESTE | sales@2017 | 7032300096 |        1 |
|  7499 | ALLEN   | SALESMAN   | 7698 | 1981-02-20 |  1600 |  300 |     30 |       4 | ALWAYS TESTE | sales@2017 | 7032300096 |        1 |  7499 | ALLEN   | SALESMAN   | 7698 | 1981-02-20 |  1600 |  300 |     30 |       4 | ALWAYS TESTE | sales@2017 | 7032300096 |        1 |
|  7521 | WARD    | SALESMAN   | 7698 | 1981-02-22 |  1250 |  500 |     30 |       1 | WARD         | sales@2017 | 7132300034 |        1 |  7499 | ALLEN   | SALESMAN   | 7698 | 1981-02-20 |  1600 |  300 |     30 |       4 | ALWAYS TESTE | sales@2017 | 7032300096 |        1 |
|  7566 | JONES   | MANAGER    | 7839 | 1981-04-02 |  2975 | NULL |     20 |       4 | HONEYCOMB    | a12recmpm  | 7132300039 |        1 |  7499 | ALLEN   | SALESMAN   | 7698 | 1981-02-20 |  1600 |  300 |     30 |       4 | ALWAYS TESTE | sales@2017 | 7032300096 |        1 |
|  7654 | MARTIN  | SALESMAN   | 7698 | 1981-09-28 |  1250 | 1400 |     30 |       6 | LIFE RACER   | sales@2017 | 7132300050 |        1 |  7499 | ALLEN   | SALESMAN   | 7698 | 1981-02-20 |  1600 |  300 |     30 |       4 | ALWAYS TESTE | sales@2017 | 7032300096 |        1 |
|  7698 | BLAKE   | MANAGER    | 7839 | 1981-05-01 |  2850 | NULL |     30 |       1 | BIG BEN      | sales@2017 | 7132300027 |        1 |  7499 | ALLEN   | SALESMAN   | 7698 | 1981-02-20 |  1600 |  300 |     30 |       4 | ALWAYS TESTE | sales@2017 | 7032300096 |        1 |
|  7782 | CLARK   | MANAGER    | 7839 | 1981-06-09 |  2450 | NULL |     10 |       3 | CLARK        | r50mpm     | 7032300001 |        1 |  7499 | ALLEN   | SALESMAN   | 7698 | 1981-02-20 |  1600 |  300 |     30 |       4 | ALWAYS TESTE | sales@2017 | 7032300096 |        1 |
|  7788 | SCOTT   | ANALYST    | 7566 | 1982-12-09 |  3000 | NULL |     20 |       3 | WHITE SAND   | a12recmpm  | NULL       |        1 |  7499 | ALLEN   | SALESMAN   | 7698 | 1981-02-20 |  1600 |  300 |     30 |       4 | ALWAYS TESTE | sales@2017 | 7032300096 |        1 |
|  7839 | KING    | PRESIDENT  | NULL | 1981-11-17 |  5000 | NULL |     10 |       1 | KING         | r50mpm     | 7132300081 |        1 |  7499 | ALLEN   | SALESMAN   | 7698 | 1981-02-20 |  1600 |  300 |     30 |       4 | ALWAYS TESTE | sales@2017 | 7032300096 |        1 |
|  7844 | TURNER  | SALESMAN   | 7698 | 1981-09-08 |  1500 |    0 |     30 |       5 | SAND DUST    | sales@2017 | NULL       |        1 |  7499 | ALLEN   | SALESMAN   | 7698 | 1981-02-20 |  1600 |  300 |     30 |       4 | ALWAYS TESTE | sales@2017 | 7032300096 |        1 |
|  7876 | ADAMS   | CLERK      | 7788 | 1983-01-12 |  1100 | NULL |     20 |       1 | CRAZY ANYONE | a12recmpm  | 7132300086 |        1 |  7499 | ALLEN   | SALESMAN   | 7698 | 1981-02-20 |  1600 |  300 |     30 |       4 | ALWAYS TESTE | sales@2017 | 7032300096 |        1 |
|  7900 | JAMES   | CLERK      | 7698 | 1981-12-03 |   950 | NULL |     30 |       2 | CRAZY LEADER | sales@2017 | 7132300042 |        1 |  7499 | ALLEN   | SALESMAN   | 7698 | 1981-02-20 |  1600 |  300 |     30 |       4 | ALWAYS TESTE | sales@2017 | 7032300096 |        1 |
|  7902 | FORD    | ANALYST    | 7566 | 1981-12-03 |  3000 | NULL |     20 |       4 | CONBRIO      | a12recmpm  | NULL       |        0 |  7499 | ALLEN   | SALESMAN   | 7698 | 1981-02-20 |  1600 |  300 |     30 |       4 | ALWAYS TESTE | sales@2017 | 7032300096 |        1 |
|  7919 | HOFFMAN | MANAGER    | 7566 | 1982-03-24 |  4150 | NULL |     30 |       3 | INTERVAL     | sales@2017 | NULL       |        1 |  7499 | ALLEN   | SALESMAN   | 7698 | 1981-02-20 |  1600 |  300 |     30 |       4 | ALWAYS TESTE | sales@2017 | 7032300096 |        1 |
|  7920 | GRASS   | SALESMAN   | 7919 | 1980-02-14 |  2575 | 2700 |     30 |       5 | GRASS        | sales@2017 | NULL       |        1 |  7499 | ALLEN   | SALESMAN   | 7698 | 1981-02-20 |  1600 |  300 |     30 |       4 | ALWAYS TESTE | sales@2017 | 7032300096 |        1 |
|  7934 | MILLER  | CLERK      | 7782 | 1982-01-23 |  1300 | NULL |     10 |       2 | QUARTERNOTE  | r50mpm     | 7132300055 |        0 |  7499 | ALLEN   | SALESMAN   | 7698 | 1981-02-20 |  1600 |  300 |     30 |       4 | ALWAYS TESTE | sales@2017 | 7032300096 |        1 |
|  7945 | AARUSH  | SALESMAN   | 7902 | 1980-02-14 |  1350 | 2700 |     30 |    NULL | AARUSH       | ABCDEF     | NULL       |        0 |  7499 | ALLEN   | SALESMAN   | 7698 | 1981-02-20 |  1600 |  300 |     30 |       4 | ALWAYS TESTE | sales@2017 | 7032300096 |        1 |
|  7949 | ALEX    | MANAGER    | 7698 | 1982-01-24 |  1250 |  500 |     30 |       5 | QUARTERREST  | sales@2017 | 7156567183 |        1 |  7499 | ALLEN   | SALESMAN   | 7698 | 1981-02-20 |  1600 |  300 |     30 |       4 | ALWAYS TESTE | sales@2017 | 7032300096 |        1 |
|  7950 | SALEEL  | supervisor | 7788 | 2021-12-02 | 45000 | NULL |     20 |       1 | saleel       | saleel@431 | 9850884228 |        0 |  7499 | ALLEN   | SALESMAN   | 7698 | 1981-02-20 |  1600 |  300 |     30 |       4 | ALWAYS TESTE | sales@2017 | 7032300096 |        1 |
|  7369 | SMITH   | CLERK      | 7902 | 1980-12-17 |   800 | NULL |     20 |       2 | TRITONE      | a12recmpm  | 7032300023 |        0 |  7521 | WARD    | SALESMAN   | 7698 | 1981-02-22 |  1250 |  500 |     30 |       1 | WARD         | sales@2017 | 7132300034 |        1 |
|  7415 | AARAV   | CLERK      | 7902 | 1981-12-31 |  3350 | NULL |     10 |    NULL | AARAV        | NULL       | 7032300084 |        0 |  7521 | WARD    | SALESMAN   | 7698 | 1981-02-22 |  1250 |  500 |     30 |       1 | WARD         | sales@2017 | 7132300034 |        1 |
|  7421 | THOMAS  | CLERK      | 7920 | 1981-07-19 |  1750 | NULL |     10 |       1 | THOMAS       | r50mpm     | 7032300011 |        0 |  7521 | WARD    | SALESMAN   | 7698 | 1981-02-22 |  1250 |  500 |     30 |       1 | WARD         | sales@2017 | 7132300034 |        1 |
|  7499 | ALLEN   | SALESMAN   | 7698 | 1981-02-20 |  1600 |  300 |     30 |       4 | ALWAYS TESTE | sales@2017 | 7032300096 |        1 |  7521 | WARD    | SALESMAN   | 7698 | 1981-02-22 |  1250 |  500 |     30 |       1 | WARD         | sales@2017 | 7132300034 |        1 |
|  7521 | WARD    | SALESMAN   | 7698 | 1981-02-22 |  1250 |  500 |     30 |       1 | WARD         | sales@2017 | 7132300034 |        1 |  7521 | WARD    | SALESMAN   | 7698 | 1981-02-22 |  1250 |  500 |     30 |       1 | WARD         | sales@2017 | 7132300034 |        1 |
|  7566 | JONES   | MANAGER    | 7839 | 1981-04-02 |  2975 | NULL |     20 |       4 | HONEYCOMB    | a12recmpm  | 7132300039 |        1 |  7521 | WARD    | SALESMAN   | 7698 | 1981-02-22 |  1250 |  500 |     30 |       1 | WARD         | sales@2017 | 7132300034 |        1 |
|  7654 | MARTIN  | SALESMAN   | 7698 | 1981-09-28 |  1250 | 1400 |     30 |       6 | LIFE RACER   | sales@2017 | 7132300050 |        1 |  7521 | WARD    | SALESMAN   | 7698 | 1981-02-22 |  1250 |  500 |     30 |       1 | WARD         | sales@2017 | 7132300034 |        1 |
|  7698 | BLAKE   | MANAGER    | 7839 | 1981-05-01 |  2850 | NULL |     30 |       1 | BIG BEN      | sales@2017 | 7132300027 |        1 |  7521 | WARD    | SALESMAN   | 7698 | 1981-02-22 |  1250 |  500 |     30 |       1 | WARD         | sales@2017 | 7132300034 |        1 |
|  7782 | CLARK   | MANAGER    | 7839 | 1981-06-09 |  2450 | NULL |     10 |       3 | CLARK        | r50mpm     | 7032300001 |        1 |  7521 | WARD    | SALESMAN   | 7698 | 1981-02-22 |  1250 |  500 |     30 |       1 | WARD         | sales@2017 | 7132300034 |        1 |
|  7788 | SCOTT   | ANALYST    | 7566 | 1982-12-09 |  3000 | NULL |     20 |       3 | WHITE SAND   | a12recmpm  | NULL       |        1 |  7521 | WARD    | SALESMAN   | 7698 | 1981-02-22 |  1250 |  500 |     30 |       1 | WARD         | sales@2017 | 7132300034 |        1 |
|  7839 | KING    | PRESIDENT  | NULL | 1981-11-17 |  5000 | NULL |     10 |       1 | KING         | r50mpm     | 7132300081 |        1 |  7521 | WARD    | SALESMAN   | 7698 | 1981-02-22 |  1250 |  500 |     30 |       1 | WARD         | sales@2017 | 7132300034 |        1 |
|  7844 | TURNER  | SALESMAN   | 7698 | 1981-09-08 |  1500 |    0 |     30 |       5 | SAND DUST    | sales@2017 | NULL       |        1 |  7521 | WARD    | SALESMAN   | 7698 | 1981-02-22 |  1250 |  500 |     30 |       1 | WARD         | sales@2017 | 7132300034 |        1 |
|  7876 | ADAMS   | CLERK      | 7788 | 1983-01-12 |  1100 | NULL |     20 |       1 | CRAZY ANYONE | a12recmpm  | 7132300086 |        1 |  7521 | WARD    | SALESMAN   | 7698 | 1981-02-22 |  1250 |  500 |     30 |       1 | WARD         | sales@2017 | 7132300034 |        1 |
|  7900 | JAMES   | CLERK      | 7698 | 1981-12-03 |   950 | NULL |     30 |       2 | CRAZY LEADER | sales@2017 | 7132300042 |        1 |  7521 | WARD    | SALESMAN   | 7698 | 1981-02-22 |  1250 |  500 |     30 |       1 | WARD         | sales@2017 | 7132300034 |        1 |
|  7902 | FORD    | ANALYST    | 7566 | 1981-12-03 |  3000 | NULL |     20 |       4 | CONBRIO      | a12recmpm  | NULL       |        0 |  7521 | WARD    | SALESMAN   | 7698 | 1981-02-22 |  1250 |  500 |     30 |       1 | WARD         | sales@2017 | 7132300034 |        1 |
|  7919 | HOFFMAN | MANAGER    | 7566 | 1982-03-24 |  4150 | NULL |     30 |       3 | INTERVAL     | sales@2017 | NULL       |        1 |  7521 | WARD    | SALESMAN   | 7698 | 1981-02-22 |  1250 |  500 |     30 |       1 | WARD         | sales@2017 | 7132300034 |        1 |
|  7920 | GRASS   | SALESMAN   | 7919 | 1980-02-14 |  2575 | 2700 |     30 |       5 | GRASS        | sales@2017 | NULL       |        1 |  7521 | WARD    | SALESMAN   | 7698 | 1981-02-22 |  1250 |  500 |     30 |       1 | WARD         | sales@2017 | 7132300034 |        1 |
|  7934 | MILLER  | CLERK      | 7782 | 1982-01-23 |  1300 | NULL |     10 |       2 | QUARTERNOTE  | r50mpm     | 7132300055 |        0 |  7521 | WARD    | SALESMAN   | 7698 | 1981-02-22 |  1250 |  500 |     30 |       1 | WARD         | sales@2017 | 7132300034 |        1 |
|  7945 | AARUSH  | SALESMAN   | 7902 | 1980-02-14 |  1350 | 2700 |     30 |    NULL | AARUSH       | ABCDEF     | NULL       |        0 |  7521 | WARD    | SALESMAN   | 7698 | 1981-02-22 |  1250 |  500 |     30 |       1 | WARD         | sales@2017 | 7132300034 |        1 |
|  7949 | ALEX    | MANAGER    | 7698 | 1982-01-24 |  1250 |  500 |     30 |       5 | QUARTERREST  | sales@2017 | 7156567183 |        1 |  7521 | WARD    | SALESMAN   | 7698 | 1981-02-22 |  1250 |  500 |     30 |       1 | WARD         | sales@2017 | 7132300034 |        1 |
|  7950 | SALEEL  | supervisor | 7788 | 2021-12-02 | 45000 | NULL |     20 |       1 | saleel       | saleel@431 | 9850884228 |        0 |  7521 | WARD    | SALESMAN   | 7698 | 1981-02-22 |  1250 |  500 |     30 |       1 | WARD         | sales@2017 | 7132300034 |        1 |
|  7369 | SMITH   | CLERK      | 7902 | 1980-12-17 |   800 | NULL |     20 |       2 | TRITONE      | a12recmpm  | 7032300023 |        0 |  7566 | JONES   | MANAGER    | 7839 | 1981-04-02 |  2975 | NULL |     20 |       4 | HONEYCOMB    | a12recmpm  | 7132300039 |        1 |
|  7415 | AARAV   | CLERK      | 7902 | 1981-12-31 |  3350 | NULL |     10 |    NULL | AARAV        | NULL       | 7032300084 |        0 |  7566 | JONES   | MANAGER    | 7839 | 1981-04-02 |  2975 | NULL |     20 |       4 | HONEYCOMB    | a12recmpm  | 7132300039 |        1 |
|  7421 | THOMAS  | CLERK      | 7920 | 1981-07-19 |  1750 | NULL |     10 |       1 | THOMAS       | r50mpm     | 7032300011 |        0 |  7566 | JONES   | MANAGER    | 7839 | 1981-04-02 |  2975 | NULL |     20 |       4 | HONEYCOMB    | a12recmpm  | 7132300039 |        1 |
|  7499 | ALLEN   | SALESMAN   | 7698 | 1981-02-20 |  1600 |  300 |     30 |       4 | ALWAYS TESTE | sales@2017 | 7032300096 |        1 |  7566 | JONES   | MANAGER    | 7839 | 1981-04-02 |  2975 | NULL |     20 |       4 | HONEYCOMB    | a12recmpm  | 7132300039 |        1 |
|  7521 | WARD    | SALESMAN   | 7698 | 1981-02-22 |  1250 |  500 |     30 |       1 | WARD         | sales@2017 | 7132300034 |        1 |  7566 | JONES   | MANAGER    | 7839 | 1981-04-02 |  2975 | NULL |     20 |       4 | HONEYCOMB    | a12recmpm  | 7132300039 |        1 |
|  7566 | JONES   | MANAGER    | 7839 | 1981-04-02 |  2975 | NULL |     20 |       4 | HONEYCOMB    | a12recmpm  | 7132300039 |        1 |  7566 | JONES   | MANAGER    | 7839 | 1981-04-02 |  2975 | NULL |     20 |       4 | HONEYCOMB    | a12recmpm  | 7132300039 |        1 |
|  7654 | MARTIN  | SALESMAN   | 7698 | 1981-09-28 |  1250 | 1400 |     30 |       6 | LIFE RACER   | sales@2017 | 7132300050 |        1 |  7566 | JONES   | MANAGER    | 7839 | 1981-04-02 |  2975 | NULL |     20 |       4 | HONEYCOMB    | a12recmpm  | 7132300039 |        1 |
|  7698 | BLAKE   | MANAGER    | 7839 | 1981-05-01 |  2850 | NULL |     30 |       1 | BIG BEN      | sales@2017 | 7132300027 |        1 |  7566 | JONES   | MANAGER    | 7839 | 1981-04-02 |  2975 | NULL |     20 |       4 | HONEYCOMB    | a12recmpm  | 7132300039 |        1 |
|  7782 | CLARK   | MANAGER    | 7839 | 1981-06-09 |  2450 | NULL |     10 |       3 | CLARK        | r50mpm     | 7032300001 |        1 |  7566 | JONES   | MANAGER    | 7839 | 1981-04-02 |  2975 | NULL |     20 |       4 | HONEYCOMB    | a12recmpm  | 7132300039 |        1 |
|  7788 | SCOTT   | ANALYST    | 7566 | 1982-12-09 |  3000 | NULL |     20 |       3 | WHITE SAND   | a12recmpm  | NULL       |        1 |  7566 | JONES   | MANAGER    | 7839 | 1981-04-02 |  2975 | NULL |     20 |       4 | HONEYCOMB    | a12recmpm  | 7132300039 |        1 |
|  7839 | KING    | PRESIDENT  | NULL | 1981-11-17 |  5000 | NULL |     10 |       1 | KING         | r50mpm     | 7132300081 |        1 |  7566 | JONES   | MANAGER    | 7839 | 1981-04-02 |  2975 | NULL |     20 |       4 | HONEYCOMB    | a12recmpm  | 7132300039 |        1 |
|  7844 | TURNER  | SALESMAN   | 7698 | 1981-09-08 |  1500 |    0 |     30 |       5 | SAND DUST    | sales@2017 | NULL       |        1 |  7566 | JONES   | MANAGER    | 7839 | 1981-04-02 |  2975 | NULL |     20 |       4 | HONEYCOMB    | a12recmpm  | 7132300039 |        1 |
|  7876 | ADAMS   | CLERK      | 7788 | 1983-01-12 |  1100 | NULL |     20 |       1 | CRAZY ANYONE | a12recmpm  | 7132300086 |        1 |  7566 | JONES   | MANAGER    | 7839 | 1981-04-02 |  2975 | NULL |     20 |       4 | HONEYCOMB    | a12recmpm  | 7132300039 |        1 |
|  7900 | JAMES   | CLERK      | 7698 | 1981-12-03 |   950 | NULL |     30 |       2 | CRAZY LEADER | sales@2017 | 7132300042 |        1 |  7566 | JONES   | MANAGER    | 7839 | 1981-04-02 |  2975 | NULL |     20 |       4 | HONEYCOMB    | a12recmpm  | 7132300039 |        1 |
|  7902 | FORD    | ANALYST    | 7566 | 1981-12-03 |  3000 | NULL |     20 |       4 | CONBRIO      | a12recmpm  | NULL       |        0 |  7566 | JONES   | MANAGER    | 7839 | 1981-04-02 |  2975 | NULL |     20 |       4 | HONEYCOMB    | a12recmpm  | 7132300039 |        1 |
|  7919 | HOFFMAN | MANAGER    | 7566 | 1982-03-24 |  4150 | NULL |     30 |       3 | INTERVAL     | sales@2017 | NULL       |        1 |  7566 | JONES   | MANAGER    | 7839 | 1981-04-02 |  2975 | NULL |     20 |       4 | HONEYCOMB    | a12recmpm  | 7132300039 |        1 |
|  7920 | GRASS   | SALESMAN   | 7919 | 1980-02-14 |  2575 | 2700 |     30 |       5 | GRASS        | sales@2017 | NULL       |        1 |  7566 | JONES   | MANAGER    | 7839 | 1981-04-02 |  2975 | NULL |     20 |       4 | HONEYCOMB    | a12recmpm  | 7132300039 |        1 |
|  7934 | MILLER  | CLERK      | 7782 | 1982-01-23 |  1300 | NULL |     10 |       2 | QUARTERNOTE  | r50mpm     | 7132300055 |        0 |  7566 | JONES   | MANAGER    | 7839 | 1981-04-02 |  2975 | NULL |     20 |       4 | HONEYCOMB    | a12recmpm  | 7132300039 |        1 |
|  7945 | AARUSH  | SALESMAN   | 7902 | 1980-02-14 |  1350 | 2700 |     30 |    NULL | AARUSH       | ABCDEF     | NULL       |        0 |  7566 | JONES   | MANAGER    | 7839 | 1981-04-02 |  2975 | NULL |     20 |       4 | HONEYCOMB    | a12recmpm  | 7132300039 |        1 |
|  7949 | ALEX    | MANAGER    | 7698 | 1982-01-24 |  1250 |  500 |     30 |       5 | QUARTERREST  | sales@2017 | 7156567183 |        1 |  7566 | JONES   | MANAGER    | 7839 | 1981-04-02 |  2975 | NULL |     20 |       4 | HONEYCOMB    | a12recmpm  | 7132300039 |        1 |
|  7950 | SALEEL  | supervisor | 7788 | 2021-12-02 | 45000 | NULL |     20 |       1 | saleel       | saleel@431 | 9850884228 |        0 |  7566 | JONES   | MANAGER    | 7839 | 1981-04-02 |  2975 | NULL |     20 |       4 | HONEYCOMB    | a12recmpm  | 7132300039 |        1 |
|  7369 | SMITH   | CLERK      | 7902 | 1980-12-17 |   800 | NULL |     20 |       2 | TRITONE      | a12recmpm  | 7032300023 |        0 |  7654 | MARTIN  | SALESMAN   | 7698 | 1981-09-28 |  1250 | 1400 |     30 |       6 | LIFE RACER   | sales@2017 | 7132300050 |        1 |
|  7415 | AARAV   | CLERK      | 7902 | 1981-12-31 |  3350 | NULL |     10 |    NULL | AARAV        | NULL       | 7032300084 |        0 |  7654 | MARTIN  | SALESMAN   | 7698 | 1981-09-28 |  1250 | 1400 |     30 |       6 | LIFE RACER   | sales@2017 | 7132300050 |        1 |
|  7421 | THOMAS  | CLERK      | 7920 | 1981-07-19 |  1750 | NULL |     10 |       1 | THOMAS       | r50mpm     | 7032300011 |        0 |  7654 | MARTIN  | SALESMAN   | 7698 | 1981-09-28 |  1250 | 1400 |     30 |       6 | LIFE RACER   | sales@2017 | 7132300050 |        1 |
|  7499 | ALLEN   | SALESMAN   | 7698 | 1981-02-20 |  1600 |  300 |     30 |       4 | ALWAYS TESTE | sales@2017 | 7032300096 |        1 |  7654 | MARTIN  | SALESMAN   | 7698 | 1981-09-28 |  1250 | 1400 |     30 |       6 | LIFE RACER   | sales@2017 | 7132300050 |        1 |
|  7521 | WARD    | SALESMAN   | 7698 | 1981-02-22 |  1250 |  500 |     30 |       1 | WARD         | sales@2017 | 7132300034 |        1 |  7654 | MARTIN  | SALESMAN   | 7698 | 1981-09-28 |  1250 | 1400 |     30 |       6 | LIFE RACER   | sales@2017 | 7132300050 |        1 |
|  7566 | JONES   | MANAGER    | 7839 | 1981-04-02 |  2975 | NULL |     20 |       4 | HONEYCOMB    | a12recmpm  | 7132300039 |        1 |  7654 | MARTIN  | SALESMAN   | 7698 | 1981-09-28 |  1250 | 1400 |     30 |       6 | LIFE RACER   | sales@2017 | 7132300050 |        1 |
|  7654 | MARTIN  | SALESMAN   | 7698 | 1981-09-28 |  1250 | 1400 |     30 |       6 | LIFE RACER   | sales@2017 | 7132300050 |        1 |  7654 | MARTIN  | SALESMAN   | 7698 | 1981-09-28 |  1250 | 1400 |     30 |       6 | LIFE RACER   | sales@2017 | 7132300050 |        1 |
|  7698 | BLAKE   | MANAGER    | 7839 | 1981-05-01 |  2850 | NULL |     30 |       1 | BIG BEN      | sales@2017 | 7132300027 |        1 |  7654 | MARTIN  | SALESMAN   | 7698 | 1981-09-28 |  1250 | 1400 |     30 |       6 | LIFE RACER   | sales@2017 | 7132300050 |        1 |
|  7782 | CLARK   | MANAGER    | 7839 | 1981-06-09 |  2450 | NULL |     10 |       3 | CLARK        | r50mpm     | 7032300001 |        1 |  7654 | MARTIN  | SALESMAN   | 7698 | 1981-09-28 |  1250 | 1400 |     30 |       6 | LIFE RACER   | sales@2017 | 7132300050 |        1 |
|  7788 | SCOTT   | ANALYST    | 7566 | 1982-12-09 |  3000 | NULL |     20 |       3 | WHITE SAND   | a12recmpm  | NULL       |        1 |  7654 | MARTIN  | SALESMAN   | 7698 | 1981-09-28 |  1250 | 1400 |     30 |       6 | LIFE RACER   | sales@2017 | 7132300050 |        1 |
|  7839 | KING    | PRESIDENT  | NULL | 1981-11-17 |  5000 | NULL |     10 |       1 | KING         | r50mpm     | 7132300081 |        1 |  7654 | MARTIN  | SALESMAN   | 7698 | 1981-09-28 |  1250 | 1400 |     30 |       6 | LIFE RACER   | sales@2017 | 7132300050 |        1 |
|  7844 | TURNER  | SALESMAN   | 7698 | 1981-09-08 |  1500 |    0 |     30 |       5 | SAND DUST    | sales@2017 | NULL       |        1 |  7654 | MARTIN  | SALESMAN   | 7698 | 1981-09-28 |  1250 | 1400 |     30 |       6 | LIFE RACER   | sales@2017 | 7132300050 |        1 |
|  7876 | ADAMS   | CLERK      | 7788 | 1983-01-12 |  1100 | NULL |     20 |       1 | CRAZY ANYONE | a12recmpm  | 7132300086 |        1 |  7654 | MARTIN  | SALESMAN   | 7698 | 1981-09-28 |  1250 | 1400 |     30 |       6 | LIFE RACER   | sales@2017 | 7132300050 |        1 |
|  7900 | JAMES   | CLERK      | 7698 | 1981-12-03 |   950 | NULL |     30 |       2 | CRAZY LEADER | sales@2017 | 7132300042 |        1 |  7654 | MARTIN  | SALESMAN   | 7698 | 1981-09-28 |  1250 | 1400 |     30 |       6 | LIFE RACER   | sales@2017 | 7132300050 |        1 |
|  7902 | FORD    | ANALYST    | 7566 | 1981-12-03 |  3000 | NULL |     20 |       4 | CONBRIO      | a12recmpm  | NULL       |        0 |  7654 | MARTIN  | SALESMAN   | 7698 | 1981-09-28 |  1250 | 1400 |     30 |       6 | LIFE RACER   | sales@2017 | 7132300050 |        1 |
|  7919 | HOFFMAN | MANAGER    | 7566 | 1982-03-24 |  4150 | NULL |     30 |       3 | INTERVAL     | sales@2017 | NULL       |        1 |  7654 | MARTIN  | SALESMAN   | 7698 | 1981-09-28 |  1250 | 1400 |     30 |       6 | LIFE RACER   | sales@2017 | 7132300050 |        1 |
|  7920 | GRASS   | SALESMAN   | 7919 | 1980-02-14 |  2575 | 2700 |     30 |       5 | GRASS        | sales@2017 | NULL       |        1 |  7654 | MARTIN  | SALESMAN   | 7698 | 1981-09-28 |  1250 | 1400 |     30 |       6 | LIFE RACER   | sales@2017 | 7132300050 |        1 |
|  7934 | MILLER  | CLERK      | 7782 | 1982-01-23 |  1300 | NULL |     10 |       2 | QUARTERNOTE  | r50mpm     | 7132300055 |        0 |  7654 | MARTIN  | SALESMAN   | 7698 | 1981-09-28 |  1250 | 1400 |     30 |       6 | LIFE RACER   | sales@2017 | 7132300050 |        1 |
|  7945 | AARUSH  | SALESMAN   | 7902 | 1980-02-14 |  1350 | 2700 |     30 |    NULL | AARUSH       | ABCDEF     | NULL       |        0 |  7654 | MARTIN  | SALESMAN   | 7698 | 1981-09-28 |  1250 | 1400 |     30 |       6 | LIFE RACER   | sales@2017 | 7132300050 |        1 |
|  7949 | ALEX    | MANAGER    | 7698 | 1982-01-24 |  1250 |  500 |     30 |       5 | QUARTERREST  | sales@2017 | 7156567183 |        1 |  7654 | MARTIN  | SALESMAN   | 7698 | 1981-09-28 |  1250 | 1400 |     30 |       6 | LIFE RACER   | sales@2017 | 7132300050 |        1 |
|  7950 | SALEEL  | supervisor | 7788 | 2021-12-02 | 45000 | NULL |     20 |       1 | saleel       | saleel@431 | 9850884228 |        0 |  7654 | MARTIN  | SALESMAN   | 7698 | 1981-09-28 |  1250 | 1400 |     30 |       6 | LIFE RACER   | sales@2017 | 7132300050 |        1 |
|  7369 | SMITH   | CLERK      | 7902 | 1980-12-17 |   800 | NULL |     20 |       2 | TRITONE      | a12recmpm  | 7032300023 |        0 |  7698 | BLAKE   | MANAGER    | 7839 | 1981-05-01 |  2850 | NULL |     30 |       1 | BIG BEN      | sales@2017 | 7132300027 |        1 |
|  7415 | AARAV   | CLERK      | 7902 | 1981-12-31 |  3350 | NULL |     10 |    NULL | AARAV        | NULL       | 7032300084 |        0 |  7698 | BLAKE   | MANAGER    | 7839 | 1981-05-01 |  2850 | NULL |     30 |       1 | BIG BEN      | sales@2017 | 7132300027 |        1 |
|  7421 | THOMAS  | CLERK      | 7920 | 1981-07-19 |  1750 | NULL |     10 |       1 | THOMAS       | r50mpm     | 7032300011 |        0 |  7698 | BLAKE   | MANAGER    | 7839 | 1981-05-01 |  2850 | NULL |     30 |       1 | BIG BEN      | sales@2017 | 7132300027 |        1 |
|  7499 | ALLEN   | SALESMAN   | 7698 | 1981-02-20 |  1600 |  300 |     30 |       4 | ALWAYS TESTE | sales@2017 | 7032300096 |        1 |  7698 | BLAKE   | MANAGER    | 7839 | 1981-05-01 |  2850 | NULL |     30 |       1 | BIG BEN      | sales@2017 | 7132300027 |        1 |
|  7521 | WARD    | SALESMAN   | 7698 | 1981-02-22 |  1250 |  500 |     30 |       1 | WARD         | sales@2017 | 7132300034 |        1 |  7698 | BLAKE   | MANAGER    | 7839 | 1981-05-01 |  2850 | NULL |     30 |       1 | BIG BEN      | sales@2017 | 7132300027 |        1 |
|  7566 | JONES   | MANAGER    | 7839 | 1981-04-02 |  2975 | NULL |     20 |       4 | HONEYCOMB    | a12recmpm  | 7132300039 |        1 |  7698 | BLAKE   | MANAGER    | 7839 | 1981-05-01 |  2850 | NULL |     30 |       1 | BIG BEN      | sales@2017 | 7132300027 |        1 |
|  7654 | MARTIN  | SALESMAN   | 7698 | 1981-09-28 |  1250 | 1400 |     30 |       6 | LIFE RACER   | sales@2017 | 7132300050 |        1 |  7698 | BLAKE   | MANAGER    | 7839 | 1981-05-01 |  2850 | NULL |     30 |       1 | BIG BEN      | sales@2017 | 7132300027 |        1 |
|  7698 | BLAKE   | MANAGER    | 7839 | 1981-05-01 |  2850 | NULL |     30 |       1 | BIG BEN      | sales@2017 | 7132300027 |        1 |  7698 | BLAKE   | MANAGER    | 7839 | 1981-05-01 |  2850 | NULL |     30 |       1 | BIG BEN      | sales@2017 | 7132300027 |        1 |
|  7782 | CLARK   | MANAGER    | 7839 | 1981-06-09 |  2450 | NULL |     10 |       3 | CLARK        | r50mpm     | 7032300001 |        1 |  7698 | BLAKE   | MANAGER    | 7839 | 1981-05-01 |  2850 | NULL |     30 |       1 | BIG BEN      | sales@2017 | 7132300027 |        1 |
|  7788 | SCOTT   | ANALYST    | 7566 | 1982-12-09 |  3000 | NULL |     20 |       3 | WHITE SAND   | a12recmpm  | NULL       |        1 |  7698 | BLAKE   | MANAGER    | 7839 | 1981-05-01 |  2850 | NULL |     30 |       1 | BIG BEN      | sales@2017 | 7132300027 |        1 |
|  7839 | KING    | PRESIDENT  | NULL | 1981-11-17 |  5000 | NULL |     10 |       1 | KING         | r50mpm     | 7132300081 |        1 |  7698 | BLAKE   | MANAGER    | 7839 | 1981-05-01 |  2850 | NULL |     30 |       1 | BIG BEN      | sales@2017 | 7132300027 |        1 |
|  7844 | TURNER  | SALESMAN   | 7698 | 1981-09-08 |  1500 |    0 |     30 |       5 | SAND DUST    | sales@2017 | NULL       |        1 |  7698 | BLAKE   | MANAGER    | 7839 | 1981-05-01 |  2850 | NULL |     30 |       1 | BIG BEN      | sales@2017 | 7132300027 |        1 |
|  7876 | ADAMS   | CLERK      | 7788 | 1983-01-12 |  1100 | NULL |     20 |       1 | CRAZY ANYONE | a12recmpm  | 7132300086 |        1 |  7698 | BLAKE   | MANAGER    | 7839 | 1981-05-01 |  2850 | NULL |     30 |       1 | BIG BEN      | sales@2017 | 7132300027 |        1 |
|  7900 | JAMES   | CLERK      | 7698 | 1981-12-03 |   950 | NULL |     30 |       2 | CRAZY LEADER | sales@2017 | 7132300042 |        1 |  7698 | BLAKE   | MANAGER    | 7839 | 1981-05-01 |  2850 | NULL |     30 |       1 | BIG BEN      | sales@2017 | 7132300027 |        1 |
|  7902 | FORD    | ANALYST    | 7566 | 1981-12-03 |  3000 | NULL |     20 |       4 | CONBRIO      | a12recmpm  | NULL       |        0 |  7698 | BLAKE   | MANAGER    | 7839 | 1981-05-01 |  2850 | NULL |     30 |       1 | BIG BEN      | sales@2017 | 7132300027 |        1 |
|  7919 | HOFFMAN | MANAGER    | 7566 | 1982-03-24 |  4150 | NULL |     30 |       3 | INTERVAL     | sales@2017 | NULL       |        1 |  7698 | BLAKE   | MANAGER    | 7839 | 1981-05-01 |  2850 | NULL |     30 |       1 | BIG BEN      | sales@2017 | 7132300027 |        1 |
|  7920 | GRASS   | SALESMAN   | 7919 | 1980-02-14 |  2575 | 2700 |     30 |       5 | GRASS        | sales@2017 | NULL       |        1 |  7698 | BLAKE   | MANAGER    | 7839 | 1981-05-01 |  2850 | NULL |     30 |       1 | BIG BEN      | sales@2017 | 7132300027 |        1 |
|  7934 | MILLER  | CLERK      | 7782 | 1982-01-23 |  1300 | NULL |     10 |       2 | QUARTERNOTE  | r50mpm     | 7132300055 |        0 |  7698 | BLAKE   | MANAGER    | 7839 | 1981-05-01 |  2850 | NULL |     30 |       1 | BIG BEN      | sales@2017 | 7132300027 |        1 |
|  7945 | AARUSH  | SALESMAN   | 7902 | 1980-02-14 |  1350 | 2700 |     30 |    NULL | AARUSH       | ABCDEF     | NULL       |        0 |  7698 | BLAKE   | MANAGER    | 7839 | 1981-05-01 |  2850 | NULL |     30 |       1 | BIG BEN      | sales@2017 | 7132300027 |        1 |
|  7949 | ALEX    | MANAGER    | 7698 | 1982-01-24 |  1250 |  500 |     30 |       5 | QUARTERREST  | sales@2017 | 7156567183 |        1 |  7698 | BLAKE   | MANAGER    | 7839 | 1981-05-01 |  2850 | NULL |     30 |       1 | BIG BEN      | sales@2017 | 7132300027 |        1 |
|  7950 | SALEEL  | supervisor | 7788 | 2021-12-02 | 45000 | NULL |     20 |       1 | saleel       | saleel@431 | 9850884228 |        0 |  7698 | BLAKE   | MANAGER    | 7839 | 1981-05-01 |  2850 | NULL |     30 |       1 | BIG BEN      | sales@2017 | 7132300027 |        1 |
|  7369 | SMITH   | CLERK      | 7902 | 1980-12-17 |   800 | NULL |     20 |       2 | TRITONE      | a12recmpm  | 7032300023 |        0 |  7782 | CLARK   | MANAGER    | 7839 | 1981-06-09 |  2450 | NULL |     10 |       3 | CLARK        | r50mpm     | 7032300001 |        1 |
|  7415 | AARAV   | CLERK      | 7902 | 1981-12-31 |  3350 | NULL |     10 |    NULL | AARAV        | NULL       | 7032300084 |        0 |  7782 | CLARK   | MANAGER    | 7839 | 1981-06-09 |  2450 | NULL |     10 |       3 | CLARK        | r50mpm     | 7032300001 |        1 |
|  7421 | THOMAS  | CLERK      | 7920 | 1981-07-19 |  1750 | NULL |     10 |       1 | THOMAS       | r50mpm     | 7032300011 |        0 |  7782 | CLARK   | MANAGER    | 7839 | 1981-06-09 |  2450 | NULL |     10 |       3 | CLARK        | r50mpm     | 7032300001 |        1 |
|  7499 | ALLEN   | SALESMAN   | 7698 | 1981-02-20 |  1600 |  300 |     30 |       4 | ALWAYS TESTE | sales@2017 | 7032300096 |        1 |  7782 | CLARK   | MANAGER    | 7839 | 1981-06-09 |  2450 | NULL |     10 |       3 | CLARK        | r50mpm     | 7032300001 |        1 |
|  7521 | WARD    | SALESMAN   | 7698 | 1981-02-22 |  1250 |  500 |     30 |       1 | WARD         | sales@2017 | 7132300034 |        1 |  7782 | CLARK   | MANAGER    | 7839 | 1981-06-09 |  2450 | NULL |     10 |       3 | CLARK        | r50mpm     | 7032300001 |        1 |
|  7566 | JONES   | MANAGER    | 7839 | 1981-04-02 |  2975 | NULL |     20 |       4 | HONEYCOMB    | a12recmpm  | 7132300039 |        1 |  7782 | CLARK   | MANAGER    | 7839 | 1981-06-09 |  2450 | NULL |     10 |       3 | CLARK        | r50mpm     | 7032300001 |        1 |
|  7654 | MARTIN  | SALESMAN   | 7698 | 1981-09-28 |  1250 | 1400 |     30 |       6 | LIFE RACER   | sales@2017 | 7132300050 |        1 |  7782 | CLARK   | MANAGER    | 7839 | 1981-06-09 |  2450 | NULL |     10 |       3 | CLARK        | r50mpm     | 7032300001 |        1 |
|  7698 | BLAKE   | MANAGER    | 7839 | 1981-05-01 |  2850 | NULL |     30 |       1 | BIG BEN      | sales@2017 | 7132300027 |        1 |  7782 | CLARK   | MANAGER    | 7839 | 1981-06-09 |  2450 | NULL |     10 |       3 | CLARK        | r50mpm     | 7032300001 |        1 |
|  7782 | CLARK   | MANAGER    | 7839 | 1981-06-09 |  2450 | NULL |     10 |       3 | CLARK        | r50mpm     | 7032300001 |        1 |  7782 | CLARK   | MANAGER    | 7839 | 1981-06-09 |  2450 | NULL |     10 |       3 | CLARK        | r50mpm     | 7032300001 |        1 |
|  7788 | SCOTT   | ANALYST    | 7566 | 1982-12-09 |  3000 | NULL |     20 |       3 | WHITE SAND   | a12recmpm  | NULL       |        1 |  7782 | CLARK   | MANAGER    | 7839 | 1981-06-09 |  2450 | NULL |     10 |       3 | CLARK        | r50mpm     | 7032300001 |        1 |
|  7839 | KING    | PRESIDENT  | NULL | 1981-11-17 |  5000 | NULL |     10 |       1 | KING         | r50mpm     | 7132300081 |        1 |  7782 | CLARK   | MANAGER    | 7839 | 1981-06-09 |  2450 | NULL |     10 |       3 | CLARK        | r50mpm     | 7032300001 |        1 |
|  7844 | TURNER  | SALESMAN   | 7698 | 1981-09-08 |  1500 |    0 |     30 |       5 | SAND DUST    | sales@2017 | NULL       |        1 |  7782 | CLARK   | MANAGER    | 7839 | 1981-06-09 |  2450 | NULL |     10 |       3 | CLARK        | r50mpm     | 7032300001 |        1 |
|  7876 | ADAMS   | CLERK      | 7788 | 1983-01-12 |  1100 | NULL |     20 |       1 | CRAZY ANYONE | a12recmpm  | 7132300086 |        1 |  7782 | CLARK   | MANAGER    | 7839 | 1981-06-09 |  2450 | NULL |     10 |       3 | CLARK        | r50mpm     | 7032300001 |        1 |
|  7900 | JAMES   | CLERK      | 7698 | 1981-12-03 |   950 | NULL |     30 |       2 | CRAZY LEADER | sales@2017 | 7132300042 |        1 |  7782 | CLARK   | MANAGER    | 7839 | 1981-06-09 |  2450 | NULL |     10 |       3 | CLARK        | r50mpm     | 7032300001 |        1 |
|  7902 | FORD    | ANALYST    | 7566 | 1981-12-03 |  3000 | NULL |     20 |       4 | CONBRIO      | a12recmpm  | NULL       |        0 |  7782 | CLARK   | MANAGER    | 7839 | 1981-06-09 |  2450 | NULL |     10 |       3 | CLARK        | r50mpm     | 7032300001 |        1 |
|  7919 | HOFFMAN | MANAGER    | 7566 | 1982-03-24 |  4150 | NULL |     30 |       3 | INTERVAL     | sales@2017 | NULL       |        1 |  7782 | CLARK   | MANAGER    | 7839 | 1981-06-09 |  2450 | NULL |     10 |       3 | CLARK        | r50mpm     | 7032300001 |        1 |
|  7920 | GRASS   | SALESMAN   | 7919 | 1980-02-14 |  2575 | 2700 |     30 |       5 | GRASS        | sales@2017 | NULL       |        1 |  7782 | CLARK   | MANAGER    | 7839 | 1981-06-09 |  2450 | NULL |     10 |       3 | CLARK        | r50mpm     | 7032300001 |        1 |
|  7934 | MILLER  | CLERK      | 7782 | 1982-01-23 |  1300 | NULL |     10 |       2 | QUARTERNOTE  | r50mpm     | 7132300055 |        0 |  7782 | CLARK   | MANAGER    | 7839 | 1981-06-09 |  2450 | NULL |     10 |       3 | CLARK        | r50mpm     | 7032300001 |        1 |
|  7945 | AARUSH  | SALESMAN   | 7902 | 1980-02-14 |  1350 | 2700 |     30 |    NULL | AARUSH       | ABCDEF     | NULL       |        0 |  7782 | CLARK   | MANAGER    | 7839 | 1981-06-09 |  2450 | NULL |     10 |       3 | CLARK        | r50mpm     | 7032300001 |        1 |
|  7949 | ALEX    | MANAGER    | 7698 | 1982-01-24 |  1250 |  500 |     30 |       5 | QUARTERREST  | sales@2017 | 7156567183 |        1 |  7782 | CLARK   | MANAGER    | 7839 | 1981-06-09 |  2450 | NULL |     10 |       3 | CLARK        | r50mpm     | 7032300001 |        1 |
|  7950 | SALEEL  | supervisor | 7788 | 2021-12-02 | 45000 | NULL |     20 |       1 | saleel       | saleel@431 | 9850884228 |        0 |  7782 | CLARK   | MANAGER    | 7839 | 1981-06-09 |  2450 | NULL |     10 |       3 | CLARK        | r50mpm     | 7032300001 |        1 |
|  7369 | SMITH   | CLERK      | 7902 | 1980-12-17 |   800 | NULL |     20 |       2 | TRITONE      | a12recmpm  | 7032300023 |        0 |  7788 | SCOTT   | ANALYST    | 7566 | 1982-12-09 |  3000 | NULL |     20 |       3 | WHITE SAND   | a12recmpm  | NULL       |        1 |
|  7415 | AARAV   | CLERK      | 7902 | 1981-12-31 |  3350 | NULL |     10 |    NULL | AARAV        | NULL       | 7032300084 |        0 |  7788 | SCOTT   | ANALYST    | 7566 | 1982-12-09 |  3000 | NULL |     20 |       3 | WHITE SAND   | a12recmpm  | NULL       |        1 |
|  7421 | THOMAS  | CLERK      | 7920 | 1981-07-19 |  1750 | NULL |     10 |       1 | THOMAS       | r50mpm     | 7032300011 |        0 |  7788 | SCOTT   | ANALYST    | 7566 | 1982-12-09 |  3000 | NULL |     20 |       3 | WHITE SAND   | a12recmpm  | NULL       |        1 |
|  7499 | ALLEN   | SALESMAN   | 7698 | 1981-02-20 |  1600 |  300 |     30 |       4 | ALWAYS TESTE | sales@2017 | 7032300096 |        1 |  7788 | SCOTT   | ANALYST    | 7566 | 1982-12-09 |  3000 | NULL |     20 |       3 | WHITE SAND   | a12recmpm  | NULL       |        1 |
|  7521 | WARD    | SALESMAN   | 7698 | 1981-02-22 |  1250 |  500 |     30 |       1 | WARD         | sales@2017 | 7132300034 |        1 |  7788 | SCOTT   | ANALYST    | 7566 | 1982-12-09 |  3000 | NULL |     20 |       3 | WHITE SAND   | a12recmpm  | NULL       |        1 |
|  7566 | JONES   | MANAGER    | 7839 | 1981-04-02 |  2975 | NULL |     20 |       4 | HONEYCOMB    | a12recmpm  | 7132300039 |        1 |  7788 | SCOTT   | ANALYST    | 7566 | 1982-12-09 |  3000 | NULL |     20 |       3 | WHITE SAND   | a12recmpm  | NULL       |        1 |
|  7654 | MARTIN  | SALESMAN   | 7698 | 1981-09-28 |  1250 | 1400 |     30 |       6 | LIFE RACER   | sales@2017 | 7132300050 |        1 |  7788 | SCOTT   | ANALYST    | 7566 | 1982-12-09 |  3000 | NULL |     20 |       3 | WHITE SAND   | a12recmpm  | NULL       |        1 |
|  7698 | BLAKE   | MANAGER    | 7839 | 1981-05-01 |  2850 | NULL |     30 |       1 | BIG BEN      | sales@2017 | 7132300027 |        1 |  7788 | SCOTT   | ANALYST    | 7566 | 1982-12-09 |  3000 | NULL |     20 |       3 | WHITE SAND   | a12recmpm  | NULL       |        1 |
|  7782 | CLARK   | MANAGER    | 7839 | 1981-06-09 |  2450 | NULL |     10 |       3 | CLARK        | r50mpm     | 7032300001 |        1 |  7788 | SCOTT   | ANALYST    | 7566 | 1982-12-09 |  3000 | NULL |     20 |       3 | WHITE SAND   | a12recmpm  | NULL       |        1 |
|  7788 | SCOTT   | ANALYST    | 7566 | 1982-12-09 |  3000 | NULL |     20 |       3 | WHITE SAND   | a12recmpm  | NULL       |        1 |  7788 | SCOTT   | ANALYST    | 7566 | 1982-12-09 |  3000 | NULL |     20 |       3 | WHITE SAND   | a12recmpm  | NULL       |        1 |
|  7839 | KING    | PRESIDENT  | NULL | 1981-11-17 |  5000 | NULL |     10 |       1 | KING         | r50mpm     | 7132300081 |        1 |  7788 | SCOTT   | ANALYST    | 7566 | 1982-12-09 |  3000 | NULL |     20 |       3 | WHITE SAND   | a12recmpm  | NULL       |        1 |
|  7844 | TURNER  | SALESMAN   | 7698 | 1981-09-08 |  1500 |    0 |     30 |       5 | SAND DUST    | sales@2017 | NULL       |        1 |  7788 | SCOTT   | ANALYST    | 7566 | 1982-12-09 |  3000 | NULL |     20 |       3 | WHITE SAND   | a12recmpm  | NULL       |        1 |
|  7876 | ADAMS   | CLERK      | 7788 | 1983-01-12 |  1100 | NULL |     20 |       1 | CRAZY ANYONE | a12recmpm  | 7132300086 |        1 |  7788 | SCOTT   | ANALYST    | 7566 | 1982-12-09 |  3000 | NULL |     20 |       3 | WHITE SAND   | a12recmpm  | NULL       |        1 |
|  7900 | JAMES   | CLERK      | 7698 | 1981-12-03 |   950 | NULL |     30 |       2 | CRAZY LEADER | sales@2017 | 7132300042 |        1 |  7788 | SCOTT   | ANALYST    | 7566 | 1982-12-09 |  3000 | NULL |     20 |       3 | WHITE SAND   | a12recmpm  | NULL       |        1 |
|  7902 | FORD    | ANALYST    | 7566 | 1981-12-03 |  3000 | NULL |     20 |       4 | CONBRIO      | a12recmpm  | NULL       |        0 |  7788 | SCOTT   | ANALYST    | 7566 | 1982-12-09 |  3000 | NULL |     20 |       3 | WHITE SAND   | a12recmpm  | NULL       |        1 |
|  7919 | HOFFMAN | MANAGER    | 7566 | 1982-03-24 |  4150 | NULL |     30 |       3 | INTERVAL     | sales@2017 | NULL       |        1 |  7788 | SCOTT   | ANALYST    | 7566 | 1982-12-09 |  3000 | NULL |     20 |       3 | WHITE SAND   | a12recmpm  | NULL       |        1 |
|  7920 | GRASS   | SALESMAN   | 7919 | 1980-02-14 |  2575 | 2700 |     30 |       5 | GRASS        | sales@2017 | NULL       |        1 |  7788 | SCOTT   | ANALYST    | 7566 | 1982-12-09 |  3000 | NULL |     20 |       3 | WHITE SAND   | a12recmpm  | NULL       |        1 |
|  7934 | MILLER  | CLERK      | 7782 | 1982-01-23 |  1300 | NULL |     10 |       2 | QUARTERNOTE  | r50mpm     | 7132300055 |        0 |  7788 | SCOTT   | ANALYST    | 7566 | 1982-12-09 |  3000 | NULL |     20 |       3 | WHITE SAND   | a12recmpm  | NULL       |        1 |
|  7945 | AARUSH  | SALESMAN   | 7902 | 1980-02-14 |  1350 | 2700 |     30 |    NULL | AARUSH       | ABCDEF     | NULL       |        0 |  7788 | SCOTT   | ANALYST    | 7566 | 1982-12-09 |  3000 | NULL |     20 |       3 | WHITE SAND   | a12recmpm  | NULL       |        1 |
|  7949 | ALEX    | MANAGER    | 7698 | 1982-01-24 |  1250 |  500 |     30 |       5 | QUARTERREST  | sales@2017 | 7156567183 |        1 |  7788 | SCOTT   | ANALYST    | 7566 | 1982-12-09 |  3000 | NULL |     20 |       3 | WHITE SAND   | a12recmpm  | NULL       |        1 |
|  7950 | SALEEL  | supervisor | 7788 | 2021-12-02 | 45000 | NULL |     20 |       1 | saleel       | saleel@431 | 9850884228 |        0 |  7788 | SCOTT   | ANALYST    | 7566 | 1982-12-09 |  3000 | NULL |     20 |       3 | WHITE SAND   | a12recmpm  | NULL       |        1 |
|  7369 | SMITH   | CLERK      | 7902 | 1980-12-17 |   800 | NULL |     20 |       2 | TRITONE      | a12recmpm  | 7032300023 |        0 |  7839 | KING    | PRESIDENT  | NULL | 1981-11-17 |  5000 | NULL |     10 |       1 | KING         | r50mpm     | 7132300081 |        1 |
|  7415 | AARAV   | CLERK      | 7902 | 1981-12-31 |  3350 | NULL |     10 |    NULL | AARAV        | NULL       | 7032300084 |        0 |  7839 | KING    | PRESIDENT  | NULL | 1981-11-17 |  5000 | NULL |     10 |       1 | KING         | r50mpm     | 7132300081 |        1 |
|  7421 | THOMAS  | CLERK      | 7920 | 1981-07-19 |  1750 | NULL |     10 |       1 | THOMAS       | r50mpm     | 7032300011 |        0 |  7839 | KING    | PRESIDENT  | NULL | 1981-11-17 |  5000 | NULL |     10 |       1 | KING         | r50mpm     | 7132300081 |        1 |
|  7499 | ALLEN   | SALESMAN   | 7698 | 1981-02-20 |  1600 |  300 |     30 |       4 | ALWAYS TESTE | sales@2017 | 7032300096 |        1 |  7839 | KING    | PRESIDENT  | NULL | 1981-11-17 |  5000 | NULL |     10 |       1 | KING         | r50mpm     | 7132300081 |        1 |
|  7521 | WARD    | SALESMAN   | 7698 | 1981-02-22 |  1250 |  500 |     30 |       1 | WARD         | sales@2017 | 7132300034 |        1 |  7839 | KING    | PRESIDENT  | NULL | 1981-11-17 |  5000 | NULL |     10 |       1 | KING         | r50mpm     | 7132300081 |        1 |
|  7566 | JONES   | MANAGER    | 7839 | 1981-04-02 |  2975 | NULL |     20 |       4 | HONEYCOMB    | a12recmpm  | 7132300039 |        1 |  7839 | KING    | PRESIDENT  | NULL | 1981-11-17 |  5000 | NULL |     10 |       1 | KING         | r50mpm     | 7132300081 |        1 |
|  7654 | MARTIN  | SALESMAN   | 7698 | 1981-09-28 |  1250 | 1400 |     30 |       6 | LIFE RACER   | sales@2017 | 7132300050 |        1 |  7839 | KING    | PRESIDENT  | NULL | 1981-11-17 |  5000 | NULL |     10 |       1 | KING         | r50mpm     | 7132300081 |        1 |
|  7698 | BLAKE   | MANAGER    | 7839 | 1981-05-01 |  2850 | NULL |     30 |       1 | BIG BEN      | sales@2017 | 7132300027 |        1 |  7839 | KING    | PRESIDENT  | NULL | 1981-11-17 |  5000 | NULL |     10 |       1 | KING         | r50mpm     | 7132300081 |        1 |
|  7782 | CLARK   | MANAGER    | 7839 | 1981-06-09 |  2450 | NULL |     10 |       3 | CLARK        | r50mpm     | 7032300001 |        1 |  7839 | KING    | PRESIDENT  | NULL | 1981-11-17 |  5000 | NULL |     10 |       1 | KING         | r50mpm     | 7132300081 |        1 |
|  7788 | SCOTT   | ANALYST    | 7566 | 1982-12-09 |  3000 | NULL |     20 |       3 | WHITE SAND   | a12recmpm  | NULL       |        1 |  7839 | KING    | PRESIDENT  | NULL | 1981-11-17 |  5000 | NULL |     10 |       1 | KING         | r50mpm     | 7132300081 |        1 |
|  7839 | KING    | PRESIDENT  | NULL | 1981-11-17 |  5000 | NULL |     10 |       1 | KING         | r50mpm     | 7132300081 |        1 |  7839 | KING    | PRESIDENT  | NULL | 1981-11-17 |  5000 | NULL |     10 |       1 | KING         | r50mpm     | 7132300081 |        1 |
|  7844 | TURNER  | SALESMAN   | 7698 | 1981-09-08 |  1500 |    0 |     30 |       5 | SAND DUST    | sales@2017 | NULL       |        1 |  7839 | KING    | PRESIDENT  | NULL | 1981-11-17 |  5000 | NULL |     10 |       1 | KING         | r50mpm     | 7132300081 |        1 |
|  7876 | ADAMS   | CLERK      | 7788 | 1983-01-12 |  1100 | NULL |     20 |       1 | CRAZY ANYONE | a12recmpm  | 7132300086 |        1 |  7839 | KING    | PRESIDENT  | NULL | 1981-11-17 |  5000 | NULL |     10 |       1 | KING         | r50mpm     | 7132300081 |        1 |
|  7900 | JAMES   | CLERK      | 7698 | 1981-12-03 |   950 | NULL |     30 |       2 | CRAZY LEADER | sales@2017 | 7132300042 |        1 |  7839 | KING    | PRESIDENT  | NULL | 1981-11-17 |  5000 | NULL |     10 |       1 | KING         | r50mpm     | 7132300081 |        1 |
|  7902 | FORD    | ANALYST    | 7566 | 1981-12-03 |  3000 | NULL |     20 |       4 | CONBRIO      | a12recmpm  | NULL       |        0 |  7839 | KING    | PRESIDENT  | NULL | 1981-11-17 |  5000 | NULL |     10 |       1 | KING         | r50mpm     | 7132300081 |        1 |
|  7919 | HOFFMAN | MANAGER    | 7566 | 1982-03-24 |  4150 | NULL |     30 |       3 | INTERVAL     | sales@2017 | NULL       |        1 |  7839 | KING    | PRESIDENT  | NULL | 1981-11-17 |  5000 | NULL |     10 |       1 | KING         | r50mpm     | 7132300081 |        1 |
|  7920 | GRASS   | SALESMAN   | 7919 | 1980-02-14 |  2575 | 2700 |     30 |       5 | GRASS        | sales@2017 | NULL       |        1 |  7839 | KING    | PRESIDENT  | NULL | 1981-11-17 |  5000 | NULL |     10 |       1 | KING         | r50mpm     | 7132300081 |        1 |
|  7934 | MILLER  | CLERK      | 7782 | 1982-01-23 |  1300 | NULL |     10 |       2 | QUARTERNOTE  | r50mpm     | 7132300055 |        0 |  7839 | KING    | PRESIDENT  | NULL | 1981-11-17 |  5000 | NULL |     10 |       1 | KING         | r50mpm     | 7132300081 |        1 |
|  7945 | AARUSH  | SALESMAN   | 7902 | 1980-02-14 |  1350 | 2700 |     30 |    NULL | AARUSH       | ABCDEF     | NULL       |        0 |  7839 | KING    | PRESIDENT  | NULL | 1981-11-17 |  5000 | NULL |     10 |       1 | KING         | r50mpm     | 7132300081 |        1 |
|  7949 | ALEX    | MANAGER    | 7698 | 1982-01-24 |  1250 |  500 |     30 |       5 | QUARTERREST  | sales@2017 | 7156567183 |        1 |  7839 | KING    | PRESIDENT  | NULL | 1981-11-17 |  5000 | NULL |     10 |       1 | KING         | r50mpm     | 7132300081 |        1 |
|  7950 | SALEEL  | supervisor | 7788 | 2021-12-02 | 45000 | NULL |     20 |       1 | saleel       | saleel@431 | 9850884228 |        0 |  7839 | KING    | PRESIDENT  | NULL | 1981-11-17 |  5000 | NULL |     10 |       1 | KING         | r50mpm     | 7132300081 |        1 |
|  7369 | SMITH   | CLERK      | 7902 | 1980-12-17 |   800 | NULL |     20 |       2 | TRITONE      | a12recmpm  | 7032300023 |        0 |  7844 | TURNER  | SALESMAN   | 7698 | 1981-09-08 |  1500 |    0 |     30 |       5 | SAND DUST    | sales@2017 | NULL       |        1 |
|  7415 | AARAV   | CLERK      | 7902 | 1981-12-31 |  3350 | NULL |     10 |    NULL | AARAV        | NULL       | 7032300084 |        0 |  7844 | TURNER  | SALESMAN   | 7698 | 1981-09-08 |  1500 |    0 |     30 |       5 | SAND DUST    | sales@2017 | NULL       |        1 |
|  7421 | THOMAS  | CLERK      | 7920 | 1981-07-19 |  1750 | NULL |     10 |       1 | THOMAS       | r50mpm     | 7032300011 |        0 |  7844 | TURNER  | SALESMAN   | 7698 | 1981-09-08 |  1500 |    0 |     30 |       5 | SAND DUST    | sales@2017 | NULL       |        1 |
|  7499 | ALLEN   | SALESMAN   | 7698 | 1981-02-20 |  1600 |  300 |     30 |       4 | ALWAYS TESTE | sales@2017 | 7032300096 |        1 |  7844 | TURNER  | SALESMAN   | 7698 | 1981-09-08 |  1500 |    0 |     30 |       5 | SAND DUST    | sales@2017 | NULL       |        1 |
|  7521 | WARD    | SALESMAN   | 7698 | 1981-02-22 |  1250 |  500 |     30 |       1 | WARD         | sales@2017 | 7132300034 |        1 |  7844 | TURNER  | SALESMAN   | 7698 | 1981-09-08 |  1500 |    0 |     30 |       5 | SAND DUST    | sales@2017 | NULL       |        1 |
|  7566 | JONES   | MANAGER    | 7839 | 1981-04-02 |  2975 | NULL |     20 |       4 | HONEYCOMB    | a12recmpm  | 7132300039 |        1 |  7844 | TURNER  | SALESMAN   | 7698 | 1981-09-08 |  1500 |    0 |     30 |       5 | SAND DUST    | sales@2017 | NULL       |        1 |
|  7654 | MARTIN  | SALESMAN   | 7698 | 1981-09-28 |  1250 | 1400 |     30 |       6 | LIFE RACER   | sales@2017 | 7132300050 |        1 |  7844 | TURNER  | SALESMAN   | 7698 | 1981-09-08 |  1500 |    0 |     30 |       5 | SAND DUST    | sales@2017 | NULL       |        1 |
|  7698 | BLAKE   | MANAGER    | 7839 | 1981-05-01 |  2850 | NULL |     30 |       1 | BIG BEN      | sales@2017 | 7132300027 |        1 |  7844 | TURNER  | SALESMAN   | 7698 | 1981-09-08 |  1500 |    0 |     30 |       5 | SAND DUST    | sales@2017 | NULL       |        1 |
|  7782 | CLARK   | MANAGER    | 7839 | 1981-06-09 |  2450 | NULL |     10 |       3 | CLARK        | r50mpm     | 7032300001 |        1 |  7844 | TURNER  | SALESMAN   | 7698 | 1981-09-08 |  1500 |    0 |     30 |       5 | SAND DUST    | sales@2017 | NULL       |        1 |
|  7788 | SCOTT   | ANALYST    | 7566 | 1982-12-09 |  3000 | NULL |     20 |       3 | WHITE SAND   | a12recmpm  | NULL       |        1 |  7844 | TURNER  | SALESMAN   | 7698 | 1981-09-08 |  1500 |    0 |     30 |       5 | SAND DUST    | sales@2017 | NULL       |        1 |
|  7839 | KING    | PRESIDENT  | NULL | 1981-11-17 |  5000 | NULL |     10 |       1 | KING         | r50mpm     | 7132300081 |        1 |  7844 | TURNER  | SALESMAN   | 7698 | 1981-09-08 |  1500 |    0 |     30 |       5 | SAND DUST    | sales@2017 | NULL       |        1 |
|  7844 | TURNER  | SALESMAN   | 7698 | 1981-09-08 |  1500 |    0 |     30 |       5 | SAND DUST    | sales@2017 | NULL       |        1 |  7844 | TURNER  | SALESMAN   | 7698 | 1981-09-08 |  1500 |    0 |     30 |       5 | SAND DUST    | sales@2017 | NULL       |        1 |
|  7876 | ADAMS   | CLERK      | 7788 | 1983-01-12 |  1100 | NULL |     20 |       1 | CRAZY ANYONE | a12recmpm  | 7132300086 |        1 |  7844 | TURNER  | SALESMAN   | 7698 | 1981-09-08 |  1500 |    0 |     30 |       5 | SAND DUST    | sales@2017 | NULL       |        1 |
|  7900 | JAMES   | CLERK      | 7698 | 1981-12-03 |   950 | NULL |     30 |       2 | CRAZY LEADER | sales@2017 | 7132300042 |        1 |  7844 | TURNER  | SALESMAN   | 7698 | 1981-09-08 |  1500 |    0 |     30 |       5 | SAND DUST    | sales@2017 | NULL       |        1 |
|  7902 | FORD    | ANALYST    | 7566 | 1981-12-03 |  3000 | NULL |     20 |       4 | CONBRIO      | a12recmpm  | NULL       |        0 |  7844 | TURNER  | SALESMAN   | 7698 | 1981-09-08 |  1500 |    0 |     30 |       5 | SAND DUST    | sales@2017 | NULL       |        1 |
|  7919 | HOFFMAN | MANAGER    | 7566 | 1982-03-24 |  4150 | NULL |     30 |       3 | INTERVAL     | sales@2017 | NULL       |        1 |  7844 | TURNER  | SALESMAN   | 7698 | 1981-09-08 |  1500 |    0 |     30 |       5 | SAND DUST    | sales@2017 | NULL       |        1 |
|  7920 | GRASS   | SALESMAN   | 7919 | 1980-02-14 |  2575 | 2700 |     30 |       5 | GRASS        | sales@2017 | NULL       |        1 |  7844 | TURNER  | SALESMAN   | 7698 | 1981-09-08 |  1500 |    0 |     30 |       5 | SAND DUST    | sales@2017 | NULL       |        1 |
|  7934 | MILLER  | CLERK      | 7782 | 1982-01-23 |  1300 | NULL |     10 |       2 | QUARTERNOTE  | r50mpm     | 7132300055 |        0 |  7844 | TURNER  | SALESMAN   | 7698 | 1981-09-08 |  1500 |    0 |     30 |       5 | SAND DUST    | sales@2017 | NULL       |        1 |
|  7945 | AARUSH  | SALESMAN   | 7902 | 1980-02-14 |  1350 | 2700 |     30 |    NULL | AARUSH       | ABCDEF     | NULL       |        0 |  7844 | TURNER  | SALESMAN   | 7698 | 1981-09-08 |  1500 |    0 |     30 |       5 | SAND DUST    | sales@2017 | NULL       |        1 |
|  7949 | ALEX    | MANAGER    | 7698 | 1982-01-24 |  1250 |  500 |     30 |       5 | QUARTERREST  | sales@2017 | 7156567183 |        1 |  7844 | TURNER  | SALESMAN   | 7698 | 1981-09-08 |  1500 |    0 |     30 |       5 | SAND DUST    | sales@2017 | NULL       |        1 |
|  7950 | SALEEL  | supervisor | 7788 | 2021-12-02 | 45000 | NULL |     20 |       1 | saleel       | saleel@431 | 9850884228 |        0 |  7844 | TURNER  | SALESMAN   | 7698 | 1981-09-08 |  1500 |    0 |     30 |       5 | SAND DUST    | sales@2017 | NULL       |        1 |
|  7369 | SMITH   | CLERK      | 7902 | 1980-12-17 |   800 | NULL |     20 |       2 | TRITONE      | a12recmpm  | 7032300023 |        0 |  7876 | ADAMS   | CLERK      | 7788 | 1983-01-12 |  1100 | NULL |     20 |       1 | CRAZY ANYONE | a12recmpm  | 7132300086 |        1 |
|  7415 | AARAV   | CLERK      | 7902 | 1981-12-31 |  3350 | NULL |     10 |    NULL | AARAV        | NULL       | 7032300084 |        0 |  7876 | ADAMS   | CLERK      | 7788 | 1983-01-12 |  1100 | NULL |     20 |       1 | CRAZY ANYONE | a12recmpm  | 7132300086 |        1 |
|  7421 | THOMAS  | CLERK      | 7920 | 1981-07-19 |  1750 | NULL |     10 |       1 | THOMAS       | r50mpm     | 7032300011 |        0 |  7876 | ADAMS   | CLERK      | 7788 | 1983-01-12 |  1100 | NULL |     20 |       1 | CRAZY ANYONE | a12recmpm  | 7132300086 |        1 |
|  7499 | ALLEN   | SALESMAN   | 7698 | 1981-02-20 |  1600 |  300 |     30 |       4 | ALWAYS TESTE | sales@2017 | 7032300096 |        1 |  7876 | ADAMS   | CLERK      | 7788 | 1983-01-12 |  1100 | NULL |     20 |       1 | CRAZY ANYONE | a12recmpm  | 7132300086 |        1 |
|  7521 | WARD    | SALESMAN   | 7698 | 1981-02-22 |  1250 |  500 |     30 |       1 | WARD         | sales@2017 | 7132300034 |        1 |  7876 | ADAMS   | CLERK      | 7788 | 1983-01-12 |  1100 | NULL |     20 |       1 | CRAZY ANYONE | a12recmpm  | 7132300086 |        1 |
|  7566 | JONES   | MANAGER    | 7839 | 1981-04-02 |  2975 | NULL |     20 |       4 | HONEYCOMB    | a12recmpm  | 7132300039 |        1 |  7876 | ADAMS   | CLERK      | 7788 | 1983-01-12 |  1100 | NULL |     20 |       1 | CRAZY ANYONE | a12recmpm  | 7132300086 |        1 |
|  7654 | MARTIN  | SALESMAN   | 7698 | 1981-09-28 |  1250 | 1400 |     30 |       6 | LIFE RACER   | sales@2017 | 7132300050 |        1 |  7876 | ADAMS   | CLERK      | 7788 | 1983-01-12 |  1100 | NULL |     20 |       1 | CRAZY ANYONE | a12recmpm  | 7132300086 |        1 |
|  7698 | BLAKE   | MANAGER    | 7839 | 1981-05-01 |  2850 | NULL |     30 |       1 | BIG BEN      | sales@2017 | 7132300027 |        1 |  7876 | ADAMS   | CLERK      | 7788 | 1983-01-12 |  1100 | NULL |     20 |       1 | CRAZY ANYONE | a12recmpm  | 7132300086 |        1 |
|  7782 | CLARK   | MANAGER    | 7839 | 1981-06-09 |  2450 | NULL |     10 |       3 | CLARK        | r50mpm     | 7032300001 |        1 |  7876 | ADAMS   | CLERK      | 7788 | 1983-01-12 |  1100 | NULL |     20 |       1 | CRAZY ANYONE | a12recmpm  | 7132300086 |        1 |
|  7788 | SCOTT   | ANALYST    | 7566 | 1982-12-09 |  3000 | NULL |     20 |       3 | WHITE SAND   | a12recmpm  | NULL       |        1 |  7876 | ADAMS   | CLERK      | 7788 | 1983-01-12 |  1100 | NULL |     20 |       1 | CRAZY ANYONE | a12recmpm  | 7132300086 |        1 |
|  7839 | KING    | PRESIDENT  | NULL | 1981-11-17 |  5000 | NULL |     10 |       1 | KING         | r50mpm     | 7132300081 |        1 |  7876 | ADAMS   | CLERK      | 7788 | 1983-01-12 |  1100 | NULL |     20 |       1 | CRAZY ANYONE | a12recmpm  | 7132300086 |        1 |
|  7844 | TURNER  | SALESMAN   | 7698 | 1981-09-08 |  1500 |    0 |     30 |       5 | SAND DUST    | sales@2017 | NULL       |        1 |  7876 | ADAMS   | CLERK      | 7788 | 1983-01-12 |  1100 | NULL |     20 |       1 | CRAZY ANYONE | a12recmpm  | 7132300086 |        1 |
|  7876 | ADAMS   | CLERK      | 7788 | 1983-01-12 |  1100 | NULL |     20 |       1 | CRAZY ANYONE | a12recmpm  | 7132300086 |        1 |  7876 | ADAMS   | CLERK      | 7788 | 1983-01-12 |  1100 | NULL |     20 |       1 | CRAZY ANYONE | a12recmpm  | 7132300086 |        1 |
|  7900 | JAMES   | CLERK      | 7698 | 1981-12-03 |   950 | NULL |     30 |       2 | CRAZY LEADER | sales@2017 | 7132300042 |        1 |  7876 | ADAMS   | CLERK      | 7788 | 1983-01-12 |  1100 | NULL |     20 |       1 | CRAZY ANYONE | a12recmpm  | 7132300086 |        1 |
|  7902 | FORD    | ANALYST    | 7566 | 1981-12-03 |  3000 | NULL |     20 |       4 | CONBRIO      | a12recmpm  | NULL       |        0 |  7876 | ADAMS   | CLERK      | 7788 | 1983-01-12 |  1100 | NULL |     20 |       1 | CRAZY ANYONE | a12recmpm  | 7132300086 |        1 |
|  7919 | HOFFMAN | MANAGER    | 7566 | 1982-03-24 |  4150 | NULL |     30 |       3 | INTERVAL     | sales@2017 | NULL       |        1 |  7876 | ADAMS   | CLERK      | 7788 | 1983-01-12 |  1100 | NULL |     20 |       1 | CRAZY ANYONE | a12recmpm  | 7132300086 |        1 |
|  7920 | GRASS   | SALESMAN   | 7919 | 1980-02-14 |  2575 | 2700 |     30 |       5 | GRASS        | sales@2017 | NULL       |        1 |  7876 | ADAMS   | CLERK      | 7788 | 1983-01-12 |  1100 | NULL |     20 |       1 | CRAZY ANYONE | a12recmpm  | 7132300086 |        1 |
|  7934 | MILLER  | CLERK      | 7782 | 1982-01-23 |  1300 | NULL |     10 |       2 | QUARTERNOTE  | r50mpm     | 7132300055 |        0 |  7876 | ADAMS   | CLERK      | 7788 | 1983-01-12 |  1100 | NULL |     20 |       1 | CRAZY ANYONE | a12recmpm  | 7132300086 |        1 |
|  7945 | AARUSH  | SALESMAN   | 7902 | 1980-02-14 |  1350 | 2700 |     30 |    NULL | AARUSH       | ABCDEF     | NULL       |        0 |  7876 | ADAMS   | CLERK      | 7788 | 1983-01-12 |  1100 | NULL |     20 |       1 | CRAZY ANYONE | a12recmpm  | 7132300086 |        1 |
|  7949 | ALEX    | MANAGER    | 7698 | 1982-01-24 |  1250 |  500 |     30 |       5 | QUARTERREST  | sales@2017 | 7156567183 |        1 |  7876 | ADAMS   | CLERK      | 7788 | 1983-01-12 |  1100 | NULL |     20 |       1 | CRAZY ANYONE | a12recmpm  | 7132300086 |        1 |
|  7950 | SALEEL  | supervisor | 7788 | 2021-12-02 | 45000 | NULL |     20 |       1 | saleel       | saleel@431 | 9850884228 |        0 |  7876 | ADAMS   | CLERK      | 7788 | 1983-01-12 |  1100 | NULL |     20 |       1 | CRAZY ANYONE | a12recmpm  | 7132300086 |        1 |
|  7369 | SMITH   | CLERK      | 7902 | 1980-12-17 |   800 | NULL |     20 |       2 | TRITONE      | a12recmpm  | 7032300023 |        0 |  7900 | JAMES   | CLERK      | 7698 | 1981-12-03 |   950 | NULL |     30 |       2 | CRAZY LEADER | sales@2017 | 7132300042 |        1 |
|  7415 | AARAV   | CLERK      | 7902 | 1981-12-31 |  3350 | NULL |     10 |    NULL | AARAV        | NULL       | 7032300084 |        0 |  7900 | JAMES   | CLERK      | 7698 | 1981-12-03 |   950 | NULL |     30 |       2 | CRAZY LEADER | sales@2017 | 7132300042 |        1 |
|  7421 | THOMAS  | CLERK      | 7920 | 1981-07-19 |  1750 | NULL |     10 |       1 | THOMAS       | r50mpm     | 7032300011 |        0 |  7900 | JAMES   | CLERK      | 7698 | 1981-12-03 |   950 | NULL |     30 |       2 | CRAZY LEADER | sales@2017 | 7132300042 |        1 |
|  7499 | ALLEN   | SALESMAN   | 7698 | 1981-02-20 |  1600 |  300 |     30 |       4 | ALWAYS TESTE | sales@2017 | 7032300096 |        1 |  7900 | JAMES   | CLERK      | 7698 | 1981-12-03 |   950 | NULL |     30 |       2 | CRAZY LEADER | sales@2017 | 7132300042 |        1 |
|  7521 | WARD    | SALESMAN   | 7698 | 1981-02-22 |  1250 |  500 |     30 |       1 | WARD         | sales@2017 | 7132300034 |        1 |  7900 | JAMES   | CLERK      | 7698 | 1981-12-03 |   950 | NULL |     30 |       2 | CRAZY LEADER | sales@2017 | 7132300042 |        1 |
|  7566 | JONES   | MANAGER    | 7839 | 1981-04-02 |  2975 | NULL |     20 |       4 | HONEYCOMB    | a12recmpm  | 7132300039 |        1 |  7900 | JAMES   | CLERK      | 7698 | 1981-12-03 |   950 | NULL |     30 |       2 | CRAZY LEADER | sales@2017 | 7132300042 |        1 |
|  7654 | MARTIN  | SALESMAN   | 7698 | 1981-09-28 |  1250 | 1400 |     30 |       6 | LIFE RACER   | sales@2017 | 7132300050 |        1 |  7900 | JAMES   | CLERK      | 7698 | 1981-12-03 |   950 | NULL |     30 |       2 | CRAZY LEADER | sales@2017 | 7132300042 |        1 |
|  7698 | BLAKE   | MANAGER    | 7839 | 1981-05-01 |  2850 | NULL |     30 |       1 | BIG BEN      | sales@2017 | 7132300027 |        1 |  7900 | JAMES   | CLERK      | 7698 | 1981-12-03 |   950 | NULL |     30 |       2 | CRAZY LEADER | sales@2017 | 7132300042 |        1 |
|  7782 | CLARK   | MANAGER    | 7839 | 1981-06-09 |  2450 | NULL |     10 |       3 | CLARK        | r50mpm     | 7032300001 |        1 |  7900 | JAMES   | CLERK      | 7698 | 1981-12-03 |   950 | NULL |     30 |       2 | CRAZY LEADER | sales@2017 | 7132300042 |        1 |
|  7788 | SCOTT   | ANALYST    | 7566 | 1982-12-09 |  3000 | NULL |     20 |       3 | WHITE SAND   | a12recmpm  | NULL       |        1 |  7900 | JAMES   | CLERK      | 7698 | 1981-12-03 |   950 | NULL |     30 |       2 | CRAZY LEADER | sales@2017 | 7132300042 |        1 |
|  7839 | KING    | PRESIDENT  | NULL | 1981-11-17 |  5000 | NULL |     10 |       1 | KING         | r50mpm     | 7132300081 |        1 |  7900 | JAMES   | CLERK      | 7698 | 1981-12-03 |   950 | NULL |     30 |       2 | CRAZY LEADER | sales@2017 | 7132300042 |        1 |
|  7844 | TURNER  | SALESMAN   | 7698 | 1981-09-08 |  1500 |    0 |     30 |       5 | SAND DUST    | sales@2017 | NULL       |        1 |  7900 | JAMES   | CLERK      | 7698 | 1981-12-03 |   950 | NULL |     30 |       2 | CRAZY LEADER | sales@2017 | 7132300042 |        1 |
|  7876 | ADAMS   | CLERK      | 7788 | 1983-01-12 |  1100 | NULL |     20 |       1 | CRAZY ANYONE | a12recmpm  | 7132300086 |        1 |  7900 | JAMES   | CLERK      | 7698 | 1981-12-03 |   950 | NULL |     30 |       2 | CRAZY LEADER | sales@2017 | 7132300042 |        1 |
|  7900 | JAMES   | CLERK      | 7698 | 1981-12-03 |   950 | NULL |     30 |       2 | CRAZY LEADER | sales@2017 | 7132300042 |        1 |  7900 | JAMES   | CLERK      | 7698 | 1981-12-03 |   950 | NULL |     30 |       2 | CRAZY LEADER | sales@2017 | 7132300042 |        1 |
|  7902 | FORD    | ANALYST    | 7566 | 1981-12-03 |  3000 | NULL |     20 |       4 | CONBRIO      | a12recmpm  | NULL       |        0 |  7900 | JAMES   | CLERK      | 7698 | 1981-12-03 |   950 | NULL |     30 |       2 | CRAZY LEADER | sales@2017 | 7132300042 |        1 |
|  7919 | HOFFMAN | MANAGER    | 7566 | 1982-03-24 |  4150 | NULL |     30 |       3 | INTERVAL     | sales@2017 | NULL       |        1 |  7900 | JAMES   | CLERK      | 7698 | 1981-12-03 |   950 | NULL |     30 |       2 | CRAZY LEADER | sales@2017 | 7132300042 |        1 |
|  7920 | GRASS   | SALESMAN   | 7919 | 1980-02-14 |  2575 | 2700 |     30 |       5 | GRASS        | sales@2017 | NULL       |        1 |  7900 | JAMES   | CLERK      | 7698 | 1981-12-03 |   950 | NULL |     30 |       2 | CRAZY LEADER | sales@2017 | 7132300042 |        1 |
|  7934 | MILLER  | CLERK      | 7782 | 1982-01-23 |  1300 | NULL |     10 |       2 | QUARTERNOTE  | r50mpm     | 7132300055 |        0 |  7900 | JAMES   | CLERK      | 7698 | 1981-12-03 |   950 | NULL |     30 |       2 | CRAZY LEADER | sales@2017 | 7132300042 |        1 |
|  7945 | AARUSH  | SALESMAN   | 7902 | 1980-02-14 |  1350 | 2700 |     30 |    NULL | AARUSH       | ABCDEF     | NULL       |        0 |  7900 | JAMES   | CLERK      | 7698 | 1981-12-03 |   950 | NULL |     30 |       2 | CRAZY LEADER | sales@2017 | 7132300042 |        1 |
|  7949 | ALEX    | MANAGER    | 7698 | 1982-01-24 |  1250 |  500 |     30 |       5 | QUARTERREST  | sales@2017 | 7156567183 |        1 |  7900 | JAMES   | CLERK      | 7698 | 1981-12-03 |   950 | NULL |     30 |       2 | CRAZY LEADER | sales@2017 | 7132300042 |        1 |
|  7950 | SALEEL  | supervisor | 7788 | 2021-12-02 | 45000 | NULL |     20 |       1 | saleel       | saleel@431 | 9850884228 |        0 |  7900 | JAMES   | CLERK      | 7698 | 1981-12-03 |   950 | NULL |     30 |       2 | CRAZY LEADER | sales@2017 | 7132300042 |        1 |
|  7369 | SMITH   | CLERK      | 7902 | 1980-12-17 |   800 | NULL |     20 |       2 | TRITONE      | a12recmpm  | 7032300023 |        0 |  7902 | FORD    | ANALYST    | 7566 | 1981-12-03 |  3000 | NULL |     20 |       4 | CONBRIO      | a12recmpm  | NULL       |        0 |
|  7415 | AARAV   | CLERK      | 7902 | 1981-12-31 |  3350 | NULL |     10 |    NULL | AARAV        | NULL       | 7032300084 |        0 |  7902 | FORD    | ANALYST    | 7566 | 1981-12-03 |  3000 | NULL |     20 |       4 | CONBRIO      | a12recmpm  | NULL       |        0 |
|  7421 | THOMAS  | CLERK      | 7920 | 1981-07-19 |  1750 | NULL |     10 |       1 | THOMAS       | r50mpm     | 7032300011 |        0 |  7902 | FORD    | ANALYST    | 7566 | 1981-12-03 |  3000 | NULL |     20 |       4 | CONBRIO      | a12recmpm  | NULL       |        0 |
|  7499 | ALLEN   | SALESMAN   | 7698 | 1981-02-20 |  1600 |  300 |     30 |       4 | ALWAYS TESTE | sales@2017 | 7032300096 |        1 |  7902 | FORD    | ANALYST    | 7566 | 1981-12-03 |  3000 | NULL |     20 |       4 | CONBRIO      | a12recmpm  | NULL       |        0 |
|  7521 | WARD    | SALESMAN   | 7698 | 1981-02-22 |  1250 |  500 |     30 |       1 | WARD         | sales@2017 | 7132300034 |        1 |  7902 | FORD    | ANALYST    | 7566 | 1981-12-03 |  3000 | NULL |     20 |       4 | CONBRIO      | a12recmpm  | NULL       |        0 |
|  7566 | JONES   | MANAGER    | 7839 | 1981-04-02 |  2975 | NULL |     20 |       4 | HONEYCOMB    | a12recmpm  | 7132300039 |        1 |  7902 | FORD    | ANALYST    | 7566 | 1981-12-03 |  3000 | NULL |     20 |       4 | CONBRIO      | a12recmpm  | NULL       |        0 |
|  7654 | MARTIN  | SALESMAN   | 7698 | 1981-09-28 |  1250 | 1400 |     30 |       6 | LIFE RACER   | sales@2017 | 7132300050 |        1 |  7902 | FORD    | ANALYST    | 7566 | 1981-12-03 |  3000 | NULL |     20 |       4 | CONBRIO      | a12recmpm  | NULL       |        0 |
|  7698 | BLAKE   | MANAGER    | 7839 | 1981-05-01 |  2850 | NULL |     30 |       1 | BIG BEN      | sales@2017 | 7132300027 |        1 |  7902 | FORD    | ANALYST    | 7566 | 1981-12-03 |  3000 | NULL |     20 |       4 | CONBRIO      | a12recmpm  | NULL       |        0 |
|  7782 | CLARK   | MANAGER    | 7839 | 1981-06-09 |  2450 | NULL |     10 |       3 | CLARK        | r50mpm     | 7032300001 |        1 |  7902 | FORD    | ANALYST    | 7566 | 1981-12-03 |  3000 | NULL |     20 |       4 | CONBRIO      | a12recmpm  | NULL       |        0 |
|  7788 | SCOTT   | ANALYST    | 7566 | 1982-12-09 |  3000 | NULL |     20 |       3 | WHITE SAND   | a12recmpm  | NULL       |        1 |  7902 | FORD    | ANALYST    | 7566 | 1981-12-03 |  3000 | NULL |     20 |       4 | CONBRIO      | a12recmpm  | NULL       |        0 |
|  7839 | KING    | PRESIDENT  | NULL | 1981-11-17 |  5000 | NULL |     10 |       1 | KING         | r50mpm     | 7132300081 |        1 |  7902 | FORD    | ANALYST    | 7566 | 1981-12-03 |  3000 | NULL |     20 |       4 | CONBRIO      | a12recmpm  | NULL       |        0 |
|  7844 | TURNER  | SALESMAN   | 7698 | 1981-09-08 |  1500 |    0 |     30 |       5 | SAND DUST    | sales@2017 | NULL       |        1 |  7902 | FORD    | ANALYST    | 7566 | 1981-12-03 |  3000 | NULL |     20 |       4 | CONBRIO      | a12recmpm  | NULL       |        0 |
|  7876 | ADAMS   | CLERK      | 7788 | 1983-01-12 |  1100 | NULL |     20 |       1 | CRAZY ANYONE | a12recmpm  | 7132300086 |        1 |  7902 | FORD    | ANALYST    | 7566 | 1981-12-03 |  3000 | NULL |     20 |       4 | CONBRIO      | a12recmpm  | NULL       |        0 |
|  7900 | JAMES   | CLERK      | 7698 | 1981-12-03 |   950 | NULL |     30 |       2 | CRAZY LEADER | sales@2017 | 7132300042 |        1 |  7902 | FORD    | ANALYST    | 7566 | 1981-12-03 |  3000 | NULL |     20 |       4 | CONBRIO      | a12recmpm  | NULL       |        0 |
|  7902 | FORD    | ANALYST    | 7566 | 1981-12-03 |  3000 | NULL |     20 |       4 | CONBRIO      | a12recmpm  | NULL       |        0 |  7902 | FORD    | ANALYST    | 7566 | 1981-12-03 |  3000 | NULL |     20 |       4 | CONBRIO      | a12recmpm  | NULL       |        0 |
|  7919 | HOFFMAN | MANAGER    | 7566 | 1982-03-24 |  4150 | NULL |     30 |       3 | INTERVAL     | sales@2017 | NULL       |        1 |  7902 | FORD    | ANALYST    | 7566 | 1981-12-03 |  3000 | NULL |     20 |       4 | CONBRIO      | a12recmpm  | NULL       |        0 |
|  7920 | GRASS   | SALESMAN   | 7919 | 1980-02-14 |  2575 | 2700 |     30 |       5 | GRASS        | sales@2017 | NULL       |        1 |  7902 | FORD    | ANALYST    | 7566 | 1981-12-03 |  3000 | NULL |     20 |       4 | CONBRIO      | a12recmpm  | NULL       |        0 |
|  7934 | MILLER  | CLERK      | 7782 | 1982-01-23 |  1300 | NULL |     10 |       2 | QUARTERNOTE  | r50mpm     | 7132300055 |        0 |  7902 | FORD    | ANALYST    | 7566 | 1981-12-03 |  3000 | NULL |     20 |       4 | CONBRIO      | a12recmpm  | NULL       |        0 |
|  7945 | AARUSH  | SALESMAN   | 7902 | 1980-02-14 |  1350 | 2700 |     30 |    NULL | AARUSH       | ABCDEF     | NULL       |        0 |  7902 | FORD    | ANALYST    | 7566 | 1981-12-03 |  3000 | NULL |     20 |       4 | CONBRIO      | a12recmpm  | NULL       |        0 |
|  7949 | ALEX    | MANAGER    | 7698 | 1982-01-24 |  1250 |  500 |     30 |       5 | QUARTERREST  | sales@2017 | 7156567183 |        1 |  7902 | FORD    | ANALYST    | 7566 | 1981-12-03 |  3000 | NULL |     20 |       4 | CONBRIO      | a12recmpm  | NULL       |        0 |
|  7950 | SALEEL  | supervisor | 7788 | 2021-12-02 | 45000 | NULL |     20 |       1 | saleel       | saleel@431 | 9850884228 |        0 |  7902 | FORD    | ANALYST    | 7566 | 1981-12-03 |  3000 | NULL |     20 |       4 | CONBRIO      | a12recmpm  | NULL       |        0 |
|  7369 | SMITH   | CLERK      | 7902 | 1980-12-17 |   800 | NULL |     20 |       2 | TRITONE      | a12recmpm  | 7032300023 |        0 |  7919 | HOFFMAN | MANAGER    | 7566 | 1982-03-24 |  4150 | NULL |     30 |       3 | INTERVAL     | sales@2017 | NULL       |        1 |
|  7415 | AARAV   | CLERK      | 7902 | 1981-12-31 |  3350 | NULL |     10 |    NULL | AARAV        | NULL       | 7032300084 |        0 |  7919 | HOFFMAN | MANAGER    | 7566 | 1982-03-24 |  4150 | NULL |     30 |       3 | INTERVAL     | sales@2017 | NULL       |        1 |
|  7421 | THOMAS  | CLERK      | 7920 | 1981-07-19 |  1750 | NULL |     10 |       1 | THOMAS       | r50mpm     | 7032300011 |        0 |  7919 | HOFFMAN | MANAGER    | 7566 | 1982-03-24 |  4150 | NULL |     30 |       3 | INTERVAL     | sales@2017 | NULL       |        1 |
|  7499 | ALLEN   | SALESMAN   | 7698 | 1981-02-20 |  1600 |  300 |     30 |       4 | ALWAYS TESTE | sales@2017 | 7032300096 |        1 |  7919 | HOFFMAN | MANAGER    | 7566 | 1982-03-24 |  4150 | NULL |     30 |       3 | INTERVAL     | sales@2017 | NULL       |        1 |
|  7521 | WARD    | SALESMAN   | 7698 | 1981-02-22 |  1250 |  500 |     30 |       1 | WARD         | sales@2017 | 7132300034 |        1 |  7919 | HOFFMAN | MANAGER    | 7566 | 1982-03-24 |  4150 | NULL |     30 |       3 | INTERVAL     | sales@2017 | NULL       |        1 |
|  7566 | JONES   | MANAGER    | 7839 | 1981-04-02 |  2975 | NULL |     20 |       4 | HONEYCOMB    | a12recmpm  | 7132300039 |        1 |  7919 | HOFFMAN | MANAGER    | 7566 | 1982-03-24 |  4150 | NULL |     30 |       3 | INTERVAL     | sales@2017 | NULL       |        1 |
|  7654 | MARTIN  | SALESMAN   | 7698 | 1981-09-28 |  1250 | 1400 |     30 |       6 | LIFE RACER   | sales@2017 | 7132300050 |        1 |  7919 | HOFFMAN | MANAGER    | 7566 | 1982-03-24 |  4150 | NULL |     30 |       3 | INTERVAL     | sales@2017 | NULL       |        1 |
|  7698 | BLAKE   | MANAGER    | 7839 | 1981-05-01 |  2850 | NULL |     30 |       1 | BIG BEN      | sales@2017 | 7132300027 |        1 |  7919 | HOFFMAN | MANAGER    | 7566 | 1982-03-24 |  4150 | NULL |     30 |       3 | INTERVAL     | sales@2017 | NULL       |        1 |
|  7782 | CLARK   | MANAGER    | 7839 | 1981-06-09 |  2450 | NULL |     10 |       3 | CLARK        | r50mpm     | 7032300001 |        1 |  7919 | HOFFMAN | MANAGER    | 7566 | 1982-03-24 |  4150 | NULL |     30 |       3 | INTERVAL     | sales@2017 | NULL       |        1 |
|  7788 | SCOTT   | ANALYST    | 7566 | 1982-12-09 |  3000 | NULL |     20 |       3 | WHITE SAND   | a12recmpm  | NULL       |        1 |  7919 | HOFFMAN | MANAGER    | 7566 | 1982-03-24 |  4150 | NULL |     30 |       3 | INTERVAL     | sales@2017 | NULL       |        1 |
|  7839 | KING    | PRESIDENT  | NULL | 1981-11-17 |  5000 | NULL |     10 |       1 | KING         | r50mpm     | 7132300081 |        1 |  7919 | HOFFMAN | MANAGER    | 7566 | 1982-03-24 |  4150 | NULL |     30 |       3 | INTERVAL     | sales@2017 | NULL       |        1 |
|  7844 | TURNER  | SALESMAN   | 7698 | 1981-09-08 |  1500 |    0 |     30 |       5 | SAND DUST    | sales@2017 | NULL       |        1 |  7919 | HOFFMAN | MANAGER    | 7566 | 1982-03-24 |  4150 | NULL |     30 |       3 | INTERVAL     | sales@2017 | NULL       |        1 |
|  7876 | ADAMS   | CLERK      | 7788 | 1983-01-12 |  1100 | NULL |     20 |       1 | CRAZY ANYONE | a12recmpm  | 7132300086 |        1 |  7919 | HOFFMAN | MANAGER    | 7566 | 1982-03-24 |  4150 | NULL |     30 |       3 | INTERVAL     | sales@2017 | NULL       |        1 |
|  7900 | JAMES   | CLERK      | 7698 | 1981-12-03 |   950 | NULL |     30 |       2 | CRAZY LEADER | sales@2017 | 7132300042 |        1 |  7919 | HOFFMAN | MANAGER    | 7566 | 1982-03-24 |  4150 | NULL |     30 |       3 | INTERVAL     | sales@2017 | NULL       |        1 |
|  7902 | FORD    | ANALYST    | 7566 | 1981-12-03 |  3000 | NULL |     20 |       4 | CONBRIO      | a12recmpm  | NULL       |        0 |  7919 | HOFFMAN | MANAGER    | 7566 | 1982-03-24 |  4150 | NULL |     30 |       3 | INTERVAL     | sales@2017 | NULL       |        1 |
|  7919 | HOFFMAN | MANAGER    | 7566 | 1982-03-24 |  4150 | NULL |     30 |       3 | INTERVAL     | sales@2017 | NULL       |        1 |  7919 | HOFFMAN | MANAGER    | 7566 | 1982-03-24 |  4150 | NULL |     30 |       3 | INTERVAL     | sales@2017 | NULL       |        1 |
|  7920 | GRASS   | SALESMAN   | 7919 | 1980-02-14 |  2575 | 2700 |     30 |       5 | GRASS        | sales@2017 | NULL       |        1 |  7919 | HOFFMAN | MANAGER    | 7566 | 1982-03-24 |  4150 | NULL |     30 |       3 | INTERVAL     | sales@2017 | NULL       |        1 |
|  7934 | MILLER  | CLERK      | 7782 | 1982-01-23 |  1300 | NULL |     10 |       2 | QUARTERNOTE  | r50mpm     | 7132300055 |        0 |  7919 | HOFFMAN | MANAGER    | 7566 | 1982-03-24 |  4150 | NULL |     30 |       3 | INTERVAL     | sales@2017 | NULL       |        1 |
|  7945 | AARUSH  | SALESMAN   | 7902 | 1980-02-14 |  1350 | 2700 |     30 |    NULL | AARUSH       | ABCDEF     | NULL       |        0 |  7919 | HOFFMAN | MANAGER    | 7566 | 1982-03-24 |  4150 | NULL |     30 |       3 | INTERVAL     | sales@2017 | NULL       |        1 |
|  7949 | ALEX    | MANAGER    | 7698 | 1982-01-24 |  1250 |  500 |     30 |       5 | QUARTERREST  | sales@2017 | 7156567183 |        1 |  7919 | HOFFMAN | MANAGER    | 7566 | 1982-03-24 |  4150 | NULL |     30 |       3 | INTERVAL     | sales@2017 | NULL       |        1 |
|  7950 | SALEEL  | supervisor | 7788 | 2021-12-02 | 45000 | NULL |     20 |       1 | saleel       | saleel@431 | 9850884228 |        0 |  7919 | HOFFMAN | MANAGER    | 7566 | 1982-03-24 |  4150 | NULL |     30 |       3 | INTERVAL     | sales@2017 | NULL       |        1 |
|  7369 | SMITH   | CLERK      | 7902 | 1980-12-17 |   800 | NULL |     20 |       2 | TRITONE      | a12recmpm  | 7032300023 |        0 |  7920 | GRASS   | SALESMAN   | 7919 | 1980-02-14 |  2575 | 2700 |     30 |       5 | GRASS        | sales@2017 | NULL       |        1 |
|  7415 | AARAV   | CLERK      | 7902 | 1981-12-31 |  3350 | NULL |     10 |    NULL | AARAV        | NULL       | 7032300084 |        0 |  7920 | GRASS   | SALESMAN   | 7919 | 1980-02-14 |  2575 | 2700 |     30 |       5 | GRASS        | sales@2017 | NULL       |        1 |
|  7421 | THOMAS  | CLERK      | 7920 | 1981-07-19 |  1750 | NULL |     10 |       1 | THOMAS       | r50mpm     | 7032300011 |        0 |  7920 | GRASS   | SALESMAN   | 7919 | 1980-02-14 |  2575 | 2700 |     30 |       5 | GRASS        | sales@2017 | NULL       |        1 |
|  7499 | ALLEN   | SALESMAN   | 7698 | 1981-02-20 |  1600 |  300 |     30 |       4 | ALWAYS TESTE | sales@2017 | 7032300096 |        1 |  7920 | GRASS   | SALESMAN   | 7919 | 1980-02-14 |  2575 | 2700 |     30 |       5 | GRASS        | sales@2017 | NULL       |        1 |
|  7521 | WARD    | SALESMAN   | 7698 | 1981-02-22 |  1250 |  500 |     30 |       1 | WARD         | sales@2017 | 7132300034 |        1 |  7920 | GRASS   | SALESMAN   | 7919 | 1980-02-14 |  2575 | 2700 |     30 |       5 | GRASS        | sales@2017 | NULL       |        1 |
|  7566 | JONES   | MANAGER    | 7839 | 1981-04-02 |  2975 | NULL |     20 |       4 | HONEYCOMB    | a12recmpm  | 7132300039 |        1 |  7920 | GRASS   | SALESMAN   | 7919 | 1980-02-14 |  2575 | 2700 |     30 |       5 | GRASS        | sales@2017 | NULL       |        1 |
|  7654 | MARTIN  | SALESMAN   | 7698 | 1981-09-28 |  1250 | 1400 |     30 |       6 | LIFE RACER   | sales@2017 | 7132300050 |        1 |  7920 | GRASS   | SALESMAN   | 7919 | 1980-02-14 |  2575 | 2700 |     30 |       5 | GRASS        | sales@2017 | NULL       |        1 |
|  7698 | BLAKE   | MANAGER    | 7839 | 1981-05-01 |  2850 | NULL |     30 |       1 | BIG BEN      | sales@2017 | 7132300027 |        1 |  7920 | GRASS   | SALESMAN   | 7919 | 1980-02-14 |  2575 | 2700 |     30 |       5 | GRASS        | sales@2017 | NULL       |        1 |
|  7782 | CLARK   | MANAGER    | 7839 | 1981-06-09 |  2450 | NULL |     10 |       3 | CLARK        | r50mpm     | 7032300001 |        1 |  7920 | GRASS   | SALESMAN   | 7919 | 1980-02-14 |  2575 | 2700 |     30 |       5 | GRASS        | sales@2017 | NULL       |        1 |
|  7788 | SCOTT   | ANALYST    | 7566 | 1982-12-09 |  3000 | NULL |     20 |       3 | WHITE SAND   | a12recmpm  | NULL       |        1 |  7920 | GRASS   | SALESMAN   | 7919 | 1980-02-14 |  2575 | 2700 |     30 |       5 | GRASS        | sales@2017 | NULL       |        1 |
|  7839 | KING    | PRESIDENT  | NULL | 1981-11-17 |  5000 | NULL |     10 |       1 | KING         | r50mpm     | 7132300081 |        1 |  7920 | GRASS   | SALESMAN   | 7919 | 1980-02-14 |  2575 | 2700 |     30 |       5 | GRASS        | sales@2017 | NULL       |        1 |
|  7844 | TURNER  | SALESMAN   | 7698 | 1981-09-08 |  1500 |    0 |     30 |       5 | SAND DUST    | sales@2017 | NULL       |        1 |  7920 | GRASS   | SALESMAN   | 7919 | 1980-02-14 |  2575 | 2700 |     30 |       5 | GRASS        | sales@2017 | NULL       |        1 |
|  7876 | ADAMS   | CLERK      | 7788 | 1983-01-12 |  1100 | NULL |     20 |       1 | CRAZY ANYONE | a12recmpm  | 7132300086 |        1 |  7920 | GRASS   | SALESMAN   | 7919 | 1980-02-14 |  2575 | 2700 |     30 |       5 | GRASS        | sales@2017 | NULL       |        1 |
|  7900 | JAMES   | CLERK      | 7698 | 1981-12-03 |   950 | NULL |     30 |       2 | CRAZY LEADER | sales@2017 | 7132300042 |        1 |  7920 | GRASS   | SALESMAN   | 7919 | 1980-02-14 |  2575 | 2700 |     30 |       5 | GRASS        | sales@2017 | NULL       |        1 |
|  7902 | FORD    | ANALYST    | 7566 | 1981-12-03 |  3000 | NULL |     20 |       4 | CONBRIO      | a12recmpm  | NULL       |        0 |  7920 | GRASS   | SALESMAN   | 7919 | 1980-02-14 |  2575 | 2700 |     30 |       5 | GRASS        | sales@2017 | NULL       |        1 |
|  7919 | HOFFMAN | MANAGER    | 7566 | 1982-03-24 |  4150 | NULL |     30 |       3 | INTERVAL     | sales@2017 | NULL       |        1 |  7920 | GRASS   | SALESMAN   | 7919 | 1980-02-14 |  2575 | 2700 |     30 |       5 | GRASS        | sales@2017 | NULL       |        1 |
|  7920 | GRASS   | SALESMAN   | 7919 | 1980-02-14 |  2575 | 2700 |     30 |       5 | GRASS        | sales@2017 | NULL       |        1 |  7920 | GRASS   | SALESMAN   | 7919 | 1980-02-14 |  2575 | 2700 |     30 |       5 | GRASS        | sales@2017 | NULL       |        1 |
|  7934 | MILLER  | CLERK      | 7782 | 1982-01-23 |  1300 | NULL |     10 |       2 | QUARTERNOTE  | r50mpm     | 7132300055 |        0 |  7920 | GRASS   | SALESMAN   | 7919 | 1980-02-14 |  2575 | 2700 |     30 |       5 | GRASS        | sales@2017 | NULL       |        1 |
|  7945 | AARUSH  | SALESMAN   | 7902 | 1980-02-14 |  1350 | 2700 |     30 |    NULL | AARUSH       | ABCDEF     | NULL       |        0 |  7920 | GRASS   | SALESMAN   | 7919 | 1980-02-14 |  2575 | 2700 |     30 |       5 | GRASS        | sales@2017 | NULL       |        1 |
|  7949 | ALEX    | MANAGER    | 7698 | 1982-01-24 |  1250 |  500 |     30 |       5 | QUARTERREST  | sales@2017 | 7156567183 |        1 |  7920 | GRASS   | SALESMAN   | 7919 | 1980-02-14 |  2575 | 2700 |     30 |       5 | GRASS        | sales@2017 | NULL       |        1 |
|  7950 | SALEEL  | supervisor | 7788 | 2021-12-02 | 45000 | NULL |     20 |       1 | saleel       | saleel@431 | 9850884228 |        0 |  7920 | GRASS   | SALESMAN   | 7919 | 1980-02-14 |  2575 | 2700 |     30 |       5 | GRASS        | sales@2017 | NULL       |        1 |
|  7369 | SMITH   | CLERK      | 7902 | 1980-12-17 |   800 | NULL |     20 |       2 | TRITONE      | a12recmpm  | 7032300023 |        0 |  7934 | MILLER  | CLERK      | 7782 | 1982-01-23 |  1300 | NULL |     10 |       2 | QUARTERNOTE  | r50mpm     | 7132300055 |        0 |
|  7415 | AARAV   | CLERK      | 7902 | 1981-12-31 |  3350 | NULL |     10 |    NULL | AARAV        | NULL       | 7032300084 |        0 |  7934 | MILLER  | CLERK      | 7782 | 1982-01-23 |  1300 | NULL |     10 |       2 | QUARTERNOTE  | r50mpm     | 7132300055 |        0 |
|  7421 | THOMAS  | CLERK      | 7920 | 1981-07-19 |  1750 | NULL |     10 |       1 | THOMAS       | r50mpm     | 7032300011 |        0 |  7934 | MILLER  | CLERK      | 7782 | 1982-01-23 |  1300 | NULL |     10 |       2 | QUARTERNOTE  | r50mpm     | 7132300055 |        0 |
|  7499 | ALLEN   | SALESMAN   | 7698 | 1981-02-20 |  1600 |  300 |     30 |       4 | ALWAYS TESTE | sales@2017 | 7032300096 |        1 |  7934 | MILLER  | CLERK      | 7782 | 1982-01-23 |  1300 | NULL |     10 |       2 | QUARTERNOTE  | r50mpm     | 7132300055 |        0 |
|  7521 | WARD    | SALESMAN   | 7698 | 1981-02-22 |  1250 |  500 |     30 |       1 | WARD         | sales@2017 | 7132300034 |        1 |  7934 | MILLER  | CLERK      | 7782 | 1982-01-23 |  1300 | NULL |     10 |       2 | QUARTERNOTE  | r50mpm     | 7132300055 |        0 |
|  7566 | JONES   | MANAGER    | 7839 | 1981-04-02 |  2975 | NULL |     20 |       4 | HONEYCOMB    | a12recmpm  | 7132300039 |        1 |  7934 | MILLER  | CLERK      | 7782 | 1982-01-23 |  1300 | NULL |     10 |       2 | QUARTERNOTE  | r50mpm     | 7132300055 |        0 |
|  7654 | MARTIN  | SALESMAN   | 7698 | 1981-09-28 |  1250 | 1400 |     30 |       6 | LIFE RACER   | sales@2017 | 7132300050 |        1 |  7934 | MILLER  | CLERK      | 7782 | 1982-01-23 |  1300 | NULL |     10 |       2 | QUARTERNOTE  | r50mpm     | 7132300055 |        0 |
|  7698 | BLAKE   | MANAGER    | 7839 | 1981-05-01 |  2850 | NULL |     30 |       1 | BIG BEN      | sales@2017 | 7132300027 |        1 |  7934 | MILLER  | CLERK      | 7782 | 1982-01-23 |  1300 | NULL |     10 |       2 | QUARTERNOTE  | r50mpm     | 7132300055 |        0 |
|  7782 | CLARK   | MANAGER    | 7839 | 1981-06-09 |  2450 | NULL |     10 |       3 | CLARK        | r50mpm     | 7032300001 |        1 |  7934 | MILLER  | CLERK      | 7782 | 1982-01-23 |  1300 | NULL |     10 |       2 | QUARTERNOTE  | r50mpm     | 7132300055 |        0 |
|  7788 | SCOTT   | ANALYST    | 7566 | 1982-12-09 |  3000 | NULL |     20 |       3 | WHITE SAND   | a12recmpm  | NULL       |        1 |  7934 | MILLER  | CLERK      | 7782 | 1982-01-23 |  1300 | NULL |     10 |       2 | QUARTERNOTE  | r50mpm     | 7132300055 |        0 |
|  7839 | KING    | PRESIDENT  | NULL | 1981-11-17 |  5000 | NULL |     10 |       1 | KING         | r50mpm     | 7132300081 |        1 |  7934 | MILLER  | CLERK      | 7782 | 1982-01-23 |  1300 | NULL |     10 |       2 | QUARTERNOTE  | r50mpm     | 7132300055 |        0 |
|  7844 | TURNER  | SALESMAN   | 7698 | 1981-09-08 |  1500 |    0 |     30 |       5 | SAND DUST    | sales@2017 | NULL       |        1 |  7934 | MILLER  | CLERK      | 7782 | 1982-01-23 |  1300 | NULL |     10 |       2 | QUARTERNOTE  | r50mpm     | 7132300055 |        0 |
|  7876 | ADAMS   | CLERK      | 7788 | 1983-01-12 |  1100 | NULL |     20 |       1 | CRAZY ANYONE | a12recmpm  | 7132300086 |        1 |  7934 | MILLER  | CLERK      | 7782 | 1982-01-23 |  1300 | NULL |     10 |       2 | QUARTERNOTE  | r50mpm     | 7132300055 |        0 |
|  7900 | JAMES   | CLERK      | 7698 | 1981-12-03 |   950 | NULL |     30 |       2 | CRAZY LEADER | sales@2017 | 7132300042 |        1 |  7934 | MILLER  | CLERK      | 7782 | 1982-01-23 |  1300 | NULL |     10 |       2 | QUARTERNOTE  | r50mpm     | 7132300055 |        0 |
|  7902 | FORD    | ANALYST    | 7566 | 1981-12-03 |  3000 | NULL |     20 |       4 | CONBRIO      | a12recmpm  | NULL       |        0 |  7934 | MILLER  | CLERK      | 7782 | 1982-01-23 |  1300 | NULL |     10 |       2 | QUARTERNOTE  | r50mpm     | 7132300055 |        0 |
|  7919 | HOFFMAN | MANAGER    | 7566 | 1982-03-24 |  4150 | NULL |     30 |       3 | INTERVAL     | sales@2017 | NULL       |        1 |  7934 | MILLER  | CLERK      | 7782 | 1982-01-23 |  1300 | NULL |     10 |       2 | QUARTERNOTE  | r50mpm     | 7132300055 |        0 |
|  7920 | GRASS   | SALESMAN   | 7919 | 1980-02-14 |  2575 | 2700 |     30 |       5 | GRASS        | sales@2017 | NULL       |        1 |  7934 | MILLER  | CLERK      | 7782 | 1982-01-23 |  1300 | NULL |     10 |       2 | QUARTERNOTE  | r50mpm     | 7132300055 |        0 |
|  7934 | MILLER  | CLERK      | 7782 | 1982-01-23 |  1300 | NULL |     10 |       2 | QUARTERNOTE  | r50mpm     | 7132300055 |        0 |  7934 | MILLER  | CLERK      | 7782 | 1982-01-23 |  1300 | NULL |     10 |       2 | QUARTERNOTE  | r50mpm     | 7132300055 |        0 |
|  7945 | AARUSH  | SALESMAN   | 7902 | 1980-02-14 |  1350 | 2700 |     30 |    NULL | AARUSH       | ABCDEF     | NULL       |        0 |  7934 | MILLER  | CLERK      | 7782 | 1982-01-23 |  1300 | NULL |     10 |       2 | QUARTERNOTE  | r50mpm     | 7132300055 |        0 |
|  7949 | ALEX    | MANAGER    | 7698 | 1982-01-24 |  1250 |  500 |     30 |       5 | QUARTERREST  | sales@2017 | 7156567183 |        1 |  7934 | MILLER  | CLERK      | 7782 | 1982-01-23 |  1300 | NULL |     10 |       2 | QUARTERNOTE  | r50mpm     | 7132300055 |        0 |
|  7950 | SALEEL  | supervisor | 7788 | 2021-12-02 | 45000 | NULL |     20 |       1 | saleel       | saleel@431 | 9850884228 |        0 |  7934 | MILLER  | CLERK      | 7782 | 1982-01-23 |  1300 | NULL |     10 |       2 | QUARTERNOTE  | r50mpm     | 7132300055 |        0 |
|  7369 | SMITH   | CLERK      | 7902 | 1980-12-17 |   800 | NULL |     20 |       2 | TRITONE      | a12recmpm  | 7032300023 |        0 |  7945 | AARUSH  | SALESMAN   | 7902 | 1980-02-14 |  1350 | 2700 |     30 |    NULL | AARUSH       | ABCDEF     | NULL       |        0 |
|  7415 | AARAV   | CLERK      | 7902 | 1981-12-31 |  3350 | NULL |     10 |    NULL | AARAV        | NULL       | 7032300084 |        0 |  7945 | AARUSH  | SALESMAN   | 7902 | 1980-02-14 |  1350 | 2700 |     30 |    NULL | AARUSH       | ABCDEF     | NULL       |        0 |
|  7421 | THOMAS  | CLERK      | 7920 | 1981-07-19 |  1750 | NULL |     10 |       1 | THOMAS       | r50mpm     | 7032300011 |        0 |  7945 | AARUSH  | SALESMAN   | 7902 | 1980-02-14 |  1350 | 2700 |     30 |    NULL | AARUSH       | ABCDEF     | NULL       |        0 |
|  7499 | ALLEN   | SALESMAN   | 7698 | 1981-02-20 |  1600 |  300 |     30 |       4 | ALWAYS TESTE | sales@2017 | 7032300096 |        1 |  7945 | AARUSH  | SALESMAN   | 7902 | 1980-02-14 |  1350 | 2700 |     30 |    NULL | AARUSH       | ABCDEF     | NULL       |        0 |
|  7521 | WARD    | SALESMAN   | 7698 | 1981-02-22 |  1250 |  500 |     30 |       1 | WARD         | sales@2017 | 7132300034 |        1 |  7945 | AARUSH  | SALESMAN   | 7902 | 1980-02-14 |  1350 | 2700 |     30 |    NULL | AARUSH       | ABCDEF     | NULL       |        0 |
|  7566 | JONES   | MANAGER    | 7839 | 1981-04-02 |  2975 | NULL |     20 |       4 | HONEYCOMB    | a12recmpm  | 7132300039 |        1 |  7945 | AARUSH  | SALESMAN   | 7902 | 1980-02-14 |  1350 | 2700 |     30 |    NULL | AARUSH       | ABCDEF     | NULL       |        0 |
|  7654 | MARTIN  | SALESMAN   | 7698 | 1981-09-28 |  1250 | 1400 |     30 |       6 | LIFE RACER   | sales@2017 | 7132300050 |        1 |  7945 | AARUSH  | SALESMAN   | 7902 | 1980-02-14 |  1350 | 2700 |     30 |    NULL | AARUSH       | ABCDEF     | NULL       |        0 |
|  7698 | BLAKE   | MANAGER    | 7839 | 1981-05-01 |  2850 | NULL |     30 |       1 | BIG BEN      | sales@2017 | 7132300027 |        1 |  7945 | AARUSH  | SALESMAN   | 7902 | 1980-02-14 |  1350 | 2700 |     30 |    NULL | AARUSH       | ABCDEF     | NULL       |        0 |
|  7782 | CLARK   | MANAGER    | 7839 | 1981-06-09 |  2450 | NULL |     10 |       3 | CLARK        | r50mpm     | 7032300001 |        1 |  7945 | AARUSH  | SALESMAN   | 7902 | 1980-02-14 |  1350 | 2700 |     30 |    NULL | AARUSH       | ABCDEF     | NULL       |        0 |
|  7788 | SCOTT   | ANALYST    | 7566 | 1982-12-09 |  3000 | NULL |     20 |       3 | WHITE SAND   | a12recmpm  | NULL       |        1 |  7945 | AARUSH  | SALESMAN   | 7902 | 1980-02-14 |  1350 | 2700 |     30 |    NULL | AARUSH       | ABCDEF     | NULL       |        0 |
|  7839 | KING    | PRESIDENT  | NULL | 1981-11-17 |  5000 | NULL |     10 |       1 | KING         | r50mpm     | 7132300081 |        1 |  7945 | AARUSH  | SALESMAN   | 7902 | 1980-02-14 |  1350 | 2700 |     30 |    NULL | AARUSH       | ABCDEF     | NULL       |        0 |
|  7844 | TURNER  | SALESMAN   | 7698 | 1981-09-08 |  1500 |    0 |     30 |       5 | SAND DUST    | sales@2017 | NULL       |        1 |  7945 | AARUSH  | SALESMAN   | 7902 | 1980-02-14 |  1350 | 2700 |     30 |    NULL | AARUSH       | ABCDEF     | NULL       |        0 |
|  7876 | ADAMS   | CLERK      | 7788 | 1983-01-12 |  1100 | NULL |     20 |       1 | CRAZY ANYONE | a12recmpm  | 7132300086 |        1 |  7945 | AARUSH  | SALESMAN   | 7902 | 1980-02-14 |  1350 | 2700 |     30 |    NULL | AARUSH       | ABCDEF     | NULL       |        0 |
|  7900 | JAMES   | CLERK      | 7698 | 1981-12-03 |   950 | NULL |     30 |       2 | CRAZY LEADER | sales@2017 | 7132300042 |        1 |  7945 | AARUSH  | SALESMAN   | 7902 | 1980-02-14 |  1350 | 2700 |     30 |    NULL | AARUSH       | ABCDEF     | NULL       |        0 |
|  7902 | FORD    | ANALYST    | 7566 | 1981-12-03 |  3000 | NULL |     20 |       4 | CONBRIO      | a12recmpm  | NULL       |        0 |  7945 | AARUSH  | SALESMAN   | 7902 | 1980-02-14 |  1350 | 2700 |     30 |    NULL | AARUSH       | ABCDEF     | NULL       |        0 |
|  7919 | HOFFMAN | MANAGER    | 7566 | 1982-03-24 |  4150 | NULL |     30 |       3 | INTERVAL     | sales@2017 | NULL       |        1 |  7945 | AARUSH  | SALESMAN   | 7902 | 1980-02-14 |  1350 | 2700 |     30 |    NULL | AARUSH       | ABCDEF     | NULL       |        0 |
|  7920 | GRASS   | SALESMAN   | 7919 | 1980-02-14 |  2575 | 2700 |     30 |       5 | GRASS        | sales@2017 | NULL       |        1 |  7945 | AARUSH  | SALESMAN   | 7902 | 1980-02-14 |  1350 | 2700 |     30 |    NULL | AARUSH       | ABCDEF     | NULL       |        0 |
|  7934 | MILLER  | CLERK      | 7782 | 1982-01-23 |  1300 | NULL |     10 |       2 | QUARTERNOTE  | r50mpm     | 7132300055 |        0 |  7945 | AARUSH  | SALESMAN   | 7902 | 1980-02-14 |  1350 | 2700 |     30 |    NULL | AARUSH       | ABCDEF     | NULL       |        0 |
|  7945 | AARUSH  | SALESMAN   | 7902 | 1980-02-14 |  1350 | 2700 |     30 |    NULL | AARUSH       | ABCDEF     | NULL       |        0 |  7945 | AARUSH  | SALESMAN   | 7902 | 1980-02-14 |  1350 | 2700 |     30 |    NULL | AARUSH       | ABCDEF     | NULL       |        0 |
|  7949 | ALEX    | MANAGER    | 7698 | 1982-01-24 |  1250 |  500 |     30 |       5 | QUARTERREST  | sales@2017 | 7156567183 |        1 |  7945 | AARUSH  | SALESMAN   | 7902 | 1980-02-14 |  1350 | 2700 |     30 |    NULL | AARUSH       | ABCDEF     | NULL       |        0 |
|  7950 | SALEEL  | supervisor | 7788 | 2021-12-02 | 45000 | NULL |     20 |       1 | saleel       | saleel@431 | 9850884228 |        0 |  7945 | AARUSH  | SALESMAN   | 7902 | 1980-02-14 |  1350 | 2700 |     30 |    NULL | AARUSH       | ABCDEF     | NULL       |        0 |
|  7369 | SMITH   | CLERK      | 7902 | 1980-12-17 |   800 | NULL |     20 |       2 | TRITONE      | a12recmpm  | 7032300023 |        0 |  7949 | ALEX    | MANAGER    | 7698 | 1982-01-24 |  1250 |  500 |     30 |       5 | QUARTERREST  | sales@2017 | 7156567183 |        1 |
|  7415 | AARAV   | CLERK      | 7902 | 1981-12-31 |  3350 | NULL |     10 |    NULL | AARAV        | NULL       | 7032300084 |        0 |  7949 | ALEX    | MANAGER    | 7698 | 1982-01-24 |  1250 |  500 |     30 |       5 | QUARTERREST  | sales@2017 | 7156567183 |        1 |
|  7421 | THOMAS  | CLERK      | 7920 | 1981-07-19 |  1750 | NULL |     10 |       1 | THOMAS       | r50mpm     | 7032300011 |        0 |  7949 | ALEX    | MANAGER    | 7698 | 1982-01-24 |  1250 |  500 |     30 |       5 | QUARTERREST  | sales@2017 | 7156567183 |        1 |
|  7499 | ALLEN   | SALESMAN   | 7698 | 1981-02-20 |  1600 |  300 |     30 |       4 | ALWAYS TESTE | sales@2017 | 7032300096 |        1 |  7949 | ALEX    | MANAGER    | 7698 | 1982-01-24 |  1250 |  500 |     30 |       5 | QUARTERREST  | sales@2017 | 7156567183 |        1 |
|  7521 | WARD    | SALESMAN   | 7698 | 1981-02-22 |  1250 |  500 |     30 |       1 | WARD         | sales@2017 | 7132300034 |        1 |  7949 | ALEX    | MANAGER    | 7698 | 1982-01-24 |  1250 |  500 |     30 |       5 | QUARTERREST  | sales@2017 | 7156567183 |        1 |
|  7566 | JONES   | MANAGER    | 7839 | 1981-04-02 |  2975 | NULL |     20 |       4 | HONEYCOMB    | a12recmpm  | 7132300039 |        1 |  7949 | ALEX    | MANAGER    | 7698 | 1982-01-24 |  1250 |  500 |     30 |       5 | QUARTERREST  | sales@2017 | 7156567183 |        1 |
|  7654 | MARTIN  | SALESMAN   | 7698 | 1981-09-28 |  1250 | 1400 |     30 |       6 | LIFE RACER   | sales@2017 | 7132300050 |        1 |  7949 | ALEX    | MANAGER    | 7698 | 1982-01-24 |  1250 |  500 |     30 |       5 | QUARTERREST  | sales@2017 | 7156567183 |        1 |
|  7698 | BLAKE   | MANAGER    | 7839 | 1981-05-01 |  2850 | NULL |     30 |       1 | BIG BEN      | sales@2017 | 7132300027 |        1 |  7949 | ALEX    | MANAGER    | 7698 | 1982-01-24 |  1250 |  500 |     30 |       5 | QUARTERREST  | sales@2017 | 7156567183 |        1 |
|  7782 | CLARK   | MANAGER    | 7839 | 1981-06-09 |  2450 | NULL |     10 |       3 | CLARK        | r50mpm     | 7032300001 |        1 |  7949 | ALEX    | MANAGER    | 7698 | 1982-01-24 |  1250 |  500 |     30 |       5 | QUARTERREST  | sales@2017 | 7156567183 |        1 |
|  7788 | SCOTT   | ANALYST    | 7566 | 1982-12-09 |  3000 | NULL |     20 |       3 | WHITE SAND   | a12recmpm  | NULL       |        1 |  7949 | ALEX    | MANAGER    | 7698 | 1982-01-24 |  1250 |  500 |     30 |       5 | QUARTERREST  | sales@2017 | 7156567183 |        1 |
|  7839 | KING    | PRESIDENT  | NULL | 1981-11-17 |  5000 | NULL |     10 |       1 | KING         | r50mpm     | 7132300081 |        1 |  7949 | ALEX    | MANAGER    | 7698 | 1982-01-24 |  1250 |  500 |     30 |       5 | QUARTERREST  | sales@2017 | 7156567183 |        1 |
|  7844 | TURNER  | SALESMAN   | 7698 | 1981-09-08 |  1500 |    0 |     30 |       5 | SAND DUST    | sales@2017 | NULL       |        1 |  7949 | ALEX    | MANAGER    | 7698 | 1982-01-24 |  1250 |  500 |     30 |       5 | QUARTERREST  | sales@2017 | 7156567183 |        1 |
|  7876 | ADAMS   | CLERK      | 7788 | 1983-01-12 |  1100 | NULL |     20 |       1 | CRAZY ANYONE | a12recmpm  | 7132300086 |        1 |  7949 | ALEX    | MANAGER    | 7698 | 1982-01-24 |  1250 |  500 |     30 |       5 | QUARTERREST  | sales@2017 | 7156567183 |        1 |
|  7900 | JAMES   | CLERK      | 7698 | 1981-12-03 |   950 | NULL |     30 |       2 | CRAZY LEADER | sales@2017 | 7132300042 |        1 |  7949 | ALEX    | MANAGER    | 7698 | 1982-01-24 |  1250 |  500 |     30 |       5 | QUARTERREST  | sales@2017 | 7156567183 |        1 |
|  7902 | FORD    | ANALYST    | 7566 | 1981-12-03 |  3000 | NULL |     20 |       4 | CONBRIO      | a12recmpm  | NULL       |        0 |  7949 | ALEX    | MANAGER    | 7698 | 1982-01-24 |  1250 |  500 |     30 |       5 | QUARTERREST  | sales@2017 | 7156567183 |        1 |
|  7919 | HOFFMAN | MANAGER    | 7566 | 1982-03-24 |  4150 | NULL |     30 |       3 | INTERVAL     | sales@2017 | NULL       |        1 |  7949 | ALEX    | MANAGER    | 7698 | 1982-01-24 |  1250 |  500 |     30 |       5 | QUARTERREST  | sales@2017 | 7156567183 |        1 |
|  7920 | GRASS   | SALESMAN   | 7919 | 1980-02-14 |  2575 | 2700 |     30 |       5 | GRASS        | sales@2017 | NULL       |        1 |  7949 | ALEX    | MANAGER    | 7698 | 1982-01-24 |  1250 |  500 |     30 |       5 | QUARTERREST  | sales@2017 | 7156567183 |        1 |
|  7934 | MILLER  | CLERK      | 7782 | 1982-01-23 |  1300 | NULL |     10 |       2 | QUARTERNOTE  | r50mpm     | 7132300055 |        0 |  7949 | ALEX    | MANAGER    | 7698 | 1982-01-24 |  1250 |  500 |     30 |       5 | QUARTERREST  | sales@2017 | 7156567183 |        1 |
|  7945 | AARUSH  | SALESMAN   | 7902 | 1980-02-14 |  1350 | 2700 |     30 |    NULL | AARUSH       | ABCDEF     | NULL       |        0 |  7949 | ALEX    | MANAGER    | 7698 | 1982-01-24 |  1250 |  500 |     30 |       5 | QUARTERREST  | sales@2017 | 7156567183 |        1 |
|  7949 | ALEX    | MANAGER    | 7698 | 1982-01-24 |  1250 |  500 |     30 |       5 | QUARTERREST  | sales@2017 | 7156567183 |        1 |  7949 | ALEX    | MANAGER    | 7698 | 1982-01-24 |  1250 |  500 |     30 |       5 | QUARTERREST  | sales@2017 | 7156567183 |        1 |
|  7950 | SALEEL  | supervisor | 7788 | 2021-12-02 | 45000 | NULL |     20 |       1 | saleel       | saleel@431 | 9850884228 |        0 |  7949 | ALEX    | MANAGER    | 7698 | 1982-01-24 |  1250 |  500 |     30 |       5 | QUARTERREST  | sales@2017 | 7156567183 |        1 |
|  7369 | SMITH   | CLERK      | 7902 | 1980-12-17 |   800 | NULL |     20 |       2 | TRITONE      | a12recmpm  | 7032300023 |        0 |  7950 | SALEEL  | supervisor | 7788 | 2021-12-02 | 45000 | NULL |     20 |       1 | saleel       | saleel@431 | 9850884228 |        0 |
|  7415 | AARAV   | CLERK      | 7902 | 1981-12-31 |  3350 | NULL |     10 |    NULL | AARAV        | NULL       | 7032300084 |        0 |  7950 | SALEEL  | supervisor | 7788 | 2021-12-02 | 45000 | NULL |     20 |       1 | saleel       | saleel@431 | 9850884228 |        0 |
|  7421 | THOMAS  | CLERK      | 7920 | 1981-07-19 |  1750 | NULL |     10 |       1 | THOMAS       | r50mpm     | 7032300011 |        0 |  7950 | SALEEL  | supervisor | 7788 | 2021-12-02 | 45000 | NULL |     20 |       1 | saleel       | saleel@431 | 9850884228 |        0 |
|  7499 | ALLEN   | SALESMAN   | 7698 | 1981-02-20 |  1600 |  300 |     30 |       4 | ALWAYS TESTE | sales@2017 | 7032300096 |        1 |  7950 | SALEEL  | supervisor | 7788 | 2021-12-02 | 45000 | NULL |     20 |       1 | saleel       | saleel@431 | 9850884228 |        0 |
|  7521 | WARD    | SALESMAN   | 7698 | 1981-02-22 |  1250 |  500 |     30 |       1 | WARD         | sales@2017 | 7132300034 |        1 |  7950 | SALEEL  | supervisor | 7788 | 2021-12-02 | 45000 | NULL |     20 |       1 | saleel       | saleel@431 | 9850884228 |        0 |
|  7566 | JONES   | MANAGER    | 7839 | 1981-04-02 |  2975 | NULL |     20 |       4 | HONEYCOMB    | a12recmpm  | 7132300039 |        1 |  7950 | SALEEL  | supervisor | 7788 | 2021-12-02 | 45000 | NULL |     20 |       1 | saleel       | saleel@431 | 9850884228 |        0 |
|  7654 | MARTIN  | SALESMAN   | 7698 | 1981-09-28 |  1250 | 1400 |     30 |       6 | LIFE RACER   | sales@2017 | 7132300050 |        1 |  7950 | SALEEL  | supervisor | 7788 | 2021-12-02 | 45000 | NULL |     20 |       1 | saleel       | saleel@431 | 9850884228 |        0 |
|  7698 | BLAKE   | MANAGER    | 7839 | 1981-05-01 |  2850 | NULL |     30 |       1 | BIG BEN      | sales@2017 | 7132300027 |        1 |  7950 | SALEEL  | supervisor | 7788 | 2021-12-02 | 45000 | NULL |     20 |       1 | saleel       | saleel@431 | 9850884228 |        0 |
|  7782 | CLARK   | MANAGER    | 7839 | 1981-06-09 |  2450 | NULL |     10 |       3 | CLARK        | r50mpm     | 7032300001 |        1 |  7950 | SALEEL  | supervisor | 7788 | 2021-12-02 | 45000 | NULL |     20 |       1 | saleel       | saleel@431 | 9850884228 |        0 |
|  7788 | SCOTT   | ANALYST    | 7566 | 1982-12-09 |  3000 | NULL |     20 |       3 | WHITE SAND   | a12recmpm  | NULL       |        1 |  7950 | SALEEL  | supervisor | 7788 | 2021-12-02 | 45000 | NULL |     20 |       1 | saleel       | saleel@431 | 9850884228 |        0 |
|  7839 | KING    | PRESIDENT  | NULL | 1981-11-17 |  5000 | NULL |     10 |       1 | KING         | r50mpm     | 7132300081 |        1 |  7950 | SALEEL  | supervisor | 7788 | 2021-12-02 | 45000 | NULL |     20 |       1 | saleel       | saleel@431 | 9850884228 |        0 |
|  7844 | TURNER  | SALESMAN   | 7698 | 1981-09-08 |  1500 |    0 |     30 |       5 | SAND DUST    | sales@2017 | NULL       |        1 |  7950 | SALEEL  | supervisor | 7788 | 2021-12-02 | 45000 | NULL |     20 |       1 | saleel       | saleel@431 | 9850884228 |        0 |
|  7876 | ADAMS   | CLERK      | 7788 | 1983-01-12 |  1100 | NULL |     20 |       1 | CRAZY ANYONE | a12recmpm  | 7132300086 |        1 |  7950 | SALEEL  | supervisor | 7788 | 2021-12-02 | 45000 | NULL |     20 |       1 | saleel       | saleel@431 | 9850884228 |        0 |
|  7900 | JAMES   | CLERK      | 7698 | 1981-12-03 |   950 | NULL |     30 |       2 | CRAZY LEADER | sales@2017 | 7132300042 |        1 |  7950 | SALEEL  | supervisor | 7788 | 2021-12-02 | 45000 | NULL |     20 |       1 | saleel       | saleel@431 | 9850884228 |        0 |
|  7902 | FORD    | ANALYST    | 7566 | 1981-12-03 |  3000 | NULL |     20 |       4 | CONBRIO      | a12recmpm  | NULL       |        0 |  7950 | SALEEL  | supervisor | 7788 | 2021-12-02 | 45000 | NULL |     20 |       1 | saleel       | saleel@431 | 9850884228 |        0 |
|  7919 | HOFFMAN | MANAGER    | 7566 | 1982-03-24 |  4150 | NULL |     30 |       3 | INTERVAL     | sales@2017 | NULL       |        1 |  7950 | SALEEL  | supervisor | 7788 | 2021-12-02 | 45000 | NULL |     20 |       1 | saleel       | saleel@431 | 9850884228 |        0 |
|  7920 | GRASS   | SALESMAN   | 7919 | 1980-02-14 |  2575 | 2700 |     30 |       5 | GRASS        | sales@2017 | NULL       |        1 |  7950 | SALEEL  | supervisor | 7788 | 2021-12-02 | 45000 | NULL |     20 |       1 | saleel       | saleel@431 | 9850884228 |        0 |
|  7934 | MILLER  | CLERK      | 7782 | 1982-01-23 |  1300 | NULL |     10 |       2 | QUARTERNOTE  | r50mpm     | 7132300055 |        0 |  7950 | SALEEL  | supervisor | 7788 | 2021-12-02 | 45000 | NULL |     20 |       1 | saleel       | saleel@431 | 9850884228 |        0 |
|  7945 | AARUSH  | SALESMAN   | 7902 | 1980-02-14 |  1350 | 2700 |     30 |    NULL | AARUSH       | ABCDEF     | NULL       |        0 |  7950 | SALEEL  | supervisor | 7788 | 2021-12-02 | 45000 | NULL |     20 |       1 | saleel       | saleel@431 | 9850884228 |        0 |
|  7949 | ALEX    | MANAGER    | 7698 | 1982-01-24 |  1250 |  500 |     30 |       5 | QUARTERREST  | sales@2017 | 7156567183 |        1 |  7950 | SALEEL  | supervisor | 7788 | 2021-12-02 | 45000 | NULL |     20 |       1 | saleel       | saleel@431 | 9850884228 |        0 |
|  7950 | SALEEL  | supervisor | 7788 | 2021-12-02 | 45000 | NULL |     20 |       1 | saleel       | saleel@431 | 9850884228 |        0 |  7950 | SALEEL  | supervisor | 7788 | 2021-12-02 | 45000 | NULL |     20 |       1 | saleel       | saleel@431 | 9850884228 |        0 |
+-------+---------+------------+------+------------+-------+------+--------+---------+--------------+------------+------------+----------+-------+---------+------------+------+------------+-------+------+--------+---------+--------------+------------+------------+----------+
441 rows in set (0.00 sec)

mysql> select 21 * 21;
+---------+
| 21 * 21 |
+---------+
|     441 |
+---------+
1 row in set (0.00 sec)

mysql> select * from emp e, dept d where e.deptno = d.deptno;
+-------+---------+------------+------+------------+-------+------+--------+---------+--------------+------------+------------+----------+--------+------------+----------+------------+
| EMPNO | ENAME   | JOB        | MGR  | HIREDATE   | SAL   | COMM | DEPTNO | BONUSID | USER NAME    | PWD        | phone      | isActive | DEPTNO | DNAME      | LOC      | PWD        |
+-------+---------+------------+------+------------+-------+------+--------+---------+--------------+------------+------------+----------+--------+------------+----------+------------+
|  7415 | AARAV   | CLERK      | 7902 | 1981-12-31 |  3350 | NULL |     10 |    NULL | AARAV        | NULL       | 7032300084 |        0 |     10 | ACCOUNTING | NEW YORK | r50mpm     |
|  7421 | THOMAS  | CLERK      | 7920 | 1981-07-19 |  1750 | NULL |     10 |       1 | THOMAS       | r50mpm     | 7032300011 |        0 |     10 | ACCOUNTING | NEW YORK | r50mpm     |
|  7782 | CLARK   | MANAGER    | 7839 | 1981-06-09 |  2450 | NULL |     10 |       3 | CLARK        | r50mpm     | 7032300001 |        1 |     10 | ACCOUNTING | NEW YORK | r50mpm     |
|  7839 | KING    | PRESIDENT  | NULL | 1981-11-17 |  5000 | NULL |     10 |       1 | KING         | r50mpm     | 7132300081 |        1 |     10 | ACCOUNTING | NEW YORK | r50mpm     |
|  7934 | MILLER  | CLERK      | 7782 | 1982-01-23 |  1300 | NULL |     10 |       2 | QUARTERNOTE  | r50mpm     | 7132300055 |        0 |     10 | ACCOUNTING | NEW YORK | r50mpm     |
|  7369 | SMITH   | CLERK      | 7902 | 1980-12-17 |   800 | NULL |     20 |       2 | TRITONE      | a12recmpm  | 7032300023 |        0 |     20 | RESEARCH   | DALLAS   | a12recmpm  |
|  7566 | JONES   | MANAGER    | 7839 | 1981-04-02 |  2975 | NULL |     20 |       4 | HONEYCOMB    | a12recmpm  | 7132300039 |        1 |     20 | RESEARCH   | DALLAS   | a12recmpm  |
|  7788 | SCOTT   | ANALYST    | 7566 | 1982-12-09 |  3000 | NULL |     20 |       3 | WHITE SAND   | a12recmpm  | NULL       |        1 |     20 | RESEARCH   | DALLAS   | a12recmpm  |
|  7876 | ADAMS   | CLERK      | 7788 | 1983-01-12 |  1100 | NULL |     20 |       1 | CRAZY ANYONE | a12recmpm  | 7132300086 |        1 |     20 | RESEARCH   | DALLAS   | a12recmpm  |
|  7902 | FORD    | ANALYST    | 7566 | 1981-12-03 |  3000 | NULL |     20 |       4 | CONBRIO      | a12recmpm  | NULL       |        0 |     20 | RESEARCH   | DALLAS   | a12recmpm  |
|  7950 | SALEEL  | supervisor | 7788 | 2021-12-02 | 45000 | NULL |     20 |       1 | saleel       | saleel@431 | 9850884228 |        0 |     20 | RESEARCH   | DALLAS   | a12recmpm  |
|  7499 | ALLEN   | SALESMAN   | 7698 | 1981-02-20 |  1600 |  300 |     30 |       4 | ALWAYS TESTE | sales@2017 | 7032300096 |        1 |     30 | SALES      | CHICAGO  | sales@2017 |
|  7521 | WARD    | SALESMAN   | 7698 | 1981-02-22 |  1250 |  500 |     30 |       1 | WARD         | sales@2017 | 7132300034 |        1 |     30 | SALES      | CHICAGO  | sales@2017 |
|  7654 | MARTIN  | SALESMAN   | 7698 | 1981-09-28 |  1250 | 1400 |     30 |       6 | LIFE RACER   | sales@2017 | 7132300050 |        1 |     30 | SALES      | CHICAGO  | sales@2017 |
|  7698 | BLAKE   | MANAGER    | 7839 | 1981-05-01 |  2850 | NULL |     30 |       1 | BIG BEN      | sales@2017 | 7132300027 |        1 |     30 | SALES      | CHICAGO  | sales@2017 |
|  7844 | TURNER  | SALESMAN   | 7698 | 1981-09-08 |  1500 |    0 |     30 |       5 | SAND DUST    | sales@2017 | NULL       |        1 |     30 | SALES      | CHICAGO  | sales@2017 |
|  7900 | JAMES   | CLERK      | 7698 | 1981-12-03 |   950 | NULL |     30 |       2 | CRAZY LEADER | sales@2017 | 7132300042 |        1 |     30 | SALES      | CHICAGO  | sales@2017 |
|  7919 | HOFFMAN | MANAGER    | 7566 | 1982-03-24 |  4150 | NULL |     30 |       3 | INTERVAL     | sales@2017 | NULL       |        1 |     30 | SALES      | CHICAGO  | sales@2017 |
|  7920 | GRASS   | SALESMAN   | 7919 | 1980-02-14 |  2575 | 2700 |     30 |       5 | GRASS        | sales@2017 | NULL       |        1 |     30 | SALES      | CHICAGO  | sales@2017 |
|  7945 | AARUSH  | SALESMAN   | 7902 | 1980-02-14 |  1350 | 2700 |     30 |    NULL | AARUSH       | ABCDEF     | NULL       |        0 |     30 | SALES      | CHICAGO  | sales@2017 |
|  7949 | ALEX    | MANAGER    | 7698 | 1982-01-24 |  1250 |  500 |     30 |       5 | QUARTERREST  | sales@2017 | 7156567183 |        1 |     30 | SALES      | CHICAGO  | sales@2017 |
+-------+---------+------------+------+------------+-------+------+--------+---------+--------------+------------+------------+----------+--------+------------+----------+------------+
21 rows in set (0.00 sec)

mysql> select * from emp e, emp m where e.deptno = m.deptno;
+-------+---------+------------+------+------------+-------+------+--------+---------+--------------+------------+------------+----------+-------+---------+------------+------+------------+-------+------+--------+---------+--------------+------------+------------+----------+
| EMPNO | ENAME   | JOB        | MGR  | HIREDATE   | SAL   | COMM | DEPTNO | BONUSID | USER NAME    | PWD        | phone      | isActive | EMPNO | ENAME   | JOB        | MGR  | HIREDATE   | SAL   | COMM | DEPTNO | BONUSID | USER NAME    | PWD        | phone      | isActive |
+-------+---------+------------+------+------------+-------+------+--------+---------+--------------+------------+------------+----------+-------+---------+------------+------+------------+-------+------+--------+---------+--------------+------------+------------+----------+
|  7369 | SMITH   | CLERK      | 7902 | 1980-12-17 |   800 | NULL |     20 |       2 | TRITONE      | a12recmpm  | 7032300023 |        0 |  7369 | SMITH   | CLERK      | 7902 | 1980-12-17 |   800 | NULL |     20 |       2 | TRITONE      | a12recmpm  | 7032300023 |        0 |
|  7369 | SMITH   | CLERK      | 7902 | 1980-12-17 |   800 | NULL |     20 |       2 | TRITONE      | a12recmpm  | 7032300023 |        0 |  7566 | JONES   | MANAGER    | 7839 | 1981-04-02 |  2975 | NULL |     20 |       4 | HONEYCOMB    | a12recmpm  | 7132300039 |        1 |
|  7369 | SMITH   | CLERK      | 7902 | 1980-12-17 |   800 | NULL |     20 |       2 | TRITONE      | a12recmpm  | 7032300023 |        0 |  7788 | SCOTT   | ANALYST    | 7566 | 1982-12-09 |  3000 | NULL |     20 |       3 | WHITE SAND   | a12recmpm  | NULL       |        1 |
|  7369 | SMITH   | CLERK      | 7902 | 1980-12-17 |   800 | NULL |     20 |       2 | TRITONE      | a12recmpm  | 7032300023 |        0 |  7876 | ADAMS   | CLERK      | 7788 | 1983-01-12 |  1100 | NULL |     20 |       1 | CRAZY ANYONE | a12recmpm  | 7132300086 |        1 |
|  7369 | SMITH   | CLERK      | 7902 | 1980-12-17 |   800 | NULL |     20 |       2 | TRITONE      | a12recmpm  | 7032300023 |        0 |  7902 | FORD    | ANALYST    | 7566 | 1981-12-03 |  3000 | NULL |     20 |       4 | CONBRIO      | a12recmpm  | NULL       |        0 |
|  7369 | SMITH   | CLERK      | 7902 | 1980-12-17 |   800 | NULL |     20 |       2 | TRITONE      | a12recmpm  | 7032300023 |        0 |  7950 | SALEEL  | supervisor | 7788 | 2021-12-02 | 45000 | NULL |     20 |       1 | saleel       | saleel@431 | 9850884228 |        0 |
|  7415 | AARAV   | CLERK      | 7902 | 1981-12-31 |  3350 | NULL |     10 |    NULL | AARAV        | NULL       | 7032300084 |        0 |  7415 | AARAV   | CLERK      | 7902 | 1981-12-31 |  3350 | NULL |     10 |    NULL | AARAV        | NULL       | 7032300084 |        0 |
|  7415 | AARAV   | CLERK      | 7902 | 1981-12-31 |  3350 | NULL |     10 |    NULL | AARAV        | NULL       | 7032300084 |        0 |  7421 | THOMAS  | CLERK      | 7920 | 1981-07-19 |  1750 | NULL |     10 |       1 | THOMAS       | r50mpm     | 7032300011 |        0 |
|  7415 | AARAV   | CLERK      | 7902 | 1981-12-31 |  3350 | NULL |     10 |    NULL | AARAV        | NULL       | 7032300084 |        0 |  7782 | CLARK   | MANAGER    | 7839 | 1981-06-09 |  2450 | NULL |     10 |       3 | CLARK        | r50mpm     | 7032300001 |        1 |
|  7415 | AARAV   | CLERK      | 7902 | 1981-12-31 |  3350 | NULL |     10 |    NULL | AARAV        | NULL       | 7032300084 |        0 |  7839 | KING    | PRESIDENT  | NULL | 1981-11-17 |  5000 | NULL |     10 |       1 | KING         | r50mpm     | 7132300081 |        1 |
|  7415 | AARAV   | CLERK      | 7902 | 1981-12-31 |  3350 | NULL |     10 |    NULL | AARAV        | NULL       | 7032300084 |        0 |  7934 | MILLER  | CLERK      | 7782 | 1982-01-23 |  1300 | NULL |     10 |       2 | QUARTERNOTE  | r50mpm     | 7132300055 |        0 |
|  7421 | THOMAS  | CLERK      | 7920 | 1981-07-19 |  1750 | NULL |     10 |       1 | THOMAS       | r50mpm     | 7032300011 |        0 |  7415 | AARAV   | CLERK      | 7902 | 1981-12-31 |  3350 | NULL |     10 |    NULL | AARAV        | NULL       | 7032300084 |        0 |
|  7421 | THOMAS  | CLERK      | 7920 | 1981-07-19 |  1750 | NULL |     10 |       1 | THOMAS       | r50mpm     | 7032300011 |        0 |  7421 | THOMAS  | CLERK      | 7920 | 1981-07-19 |  1750 | NULL |     10 |       1 | THOMAS       | r50mpm     | 7032300011 |        0 |
|  7421 | THOMAS  | CLERK      | 7920 | 1981-07-19 |  1750 | NULL |     10 |       1 | THOMAS       | r50mpm     | 7032300011 |        0 |  7782 | CLARK   | MANAGER    | 7839 | 1981-06-09 |  2450 | NULL |     10 |       3 | CLARK        | r50mpm     | 7032300001 |        1 |
|  7421 | THOMAS  | CLERK      | 7920 | 1981-07-19 |  1750 | NULL |     10 |       1 | THOMAS       | r50mpm     | 7032300011 |        0 |  7839 | KING    | PRESIDENT  | NULL | 1981-11-17 |  5000 | NULL |     10 |       1 | KING         | r50mpm     | 7132300081 |        1 |
|  7421 | THOMAS  | CLERK      | 7920 | 1981-07-19 |  1750 | NULL |     10 |       1 | THOMAS       | r50mpm     | 7032300011 |        0 |  7934 | MILLER  | CLERK      | 7782 | 1982-01-23 |  1300 | NULL |     10 |       2 | QUARTERNOTE  | r50mpm     | 7132300055 |        0 |
|  7499 | ALLEN   | SALESMAN   | 7698 | 1981-02-20 |  1600 |  300 |     30 |       4 | ALWAYS TESTE | sales@2017 | 7032300096 |        1 |  7499 | ALLEN   | SALESMAN   | 7698 | 1981-02-20 |  1600 |  300 |     30 |       4 | ALWAYS TESTE | sales@2017 | 7032300096 |        1 |
|  7499 | ALLEN   | SALESMAN   | 7698 | 1981-02-20 |  1600 |  300 |     30 |       4 | ALWAYS TESTE | sales@2017 | 7032300096 |        1 |  7521 | WARD    | SALESMAN   | 7698 | 1981-02-22 |  1250 |  500 |     30 |       1 | WARD         | sales@2017 | 7132300034 |        1 |
|  7499 | ALLEN   | SALESMAN   | 7698 | 1981-02-20 |  1600 |  300 |     30 |       4 | ALWAYS TESTE | sales@2017 | 7032300096 |        1 |  7654 | MARTIN  | SALESMAN   | 7698 | 1981-09-28 |  1250 | 1400 |     30 |       6 | LIFE RACER   | sales@2017 | 7132300050 |        1 |
|  7499 | ALLEN   | SALESMAN   | 7698 | 1981-02-20 |  1600 |  300 |     30 |       4 | ALWAYS TESTE | sales@2017 | 7032300096 |        1 |  7698 | BLAKE   | MANAGER    | 7839 | 1981-05-01 |  2850 | NULL |     30 |       1 | BIG BEN      | sales@2017 | 7132300027 |        1 |
|  7499 | ALLEN   | SALESMAN   | 7698 | 1981-02-20 |  1600 |  300 |     30 |       4 | ALWAYS TESTE | sales@2017 | 7032300096 |        1 |  7844 | TURNER  | SALESMAN   | 7698 | 1981-09-08 |  1500 |    0 |     30 |       5 | SAND DUST    | sales@2017 | NULL       |        1 |
|  7499 | ALLEN   | SALESMAN   | 7698 | 1981-02-20 |  1600 |  300 |     30 |       4 | ALWAYS TESTE | sales@2017 | 7032300096 |        1 |  7900 | JAMES   | CLERK      | 7698 | 1981-12-03 |   950 | NULL |     30 |       2 | CRAZY LEADER | sales@2017 | 7132300042 |        1 |
|  7499 | ALLEN   | SALESMAN   | 7698 | 1981-02-20 |  1600 |  300 |     30 |       4 | ALWAYS TESTE | sales@2017 | 7032300096 |        1 |  7919 | HOFFMAN | MANAGER    | 7566 | 1982-03-24 |  4150 | NULL |     30 |       3 | INTERVAL     | sales@2017 | NULL       |        1 |
|  7499 | ALLEN   | SALESMAN   | 7698 | 1981-02-20 |  1600 |  300 |     30 |       4 | ALWAYS TESTE | sales@2017 | 7032300096 |        1 |  7920 | GRASS   | SALESMAN   | 7919 | 1980-02-14 |  2575 | 2700 |     30 |       5 | GRASS        | sales@2017 | NULL       |        1 |
|  7499 | ALLEN   | SALESMAN   | 7698 | 1981-02-20 |  1600 |  300 |     30 |       4 | ALWAYS TESTE | sales@2017 | 7032300096 |        1 |  7945 | AARUSH  | SALESMAN   | 7902 | 1980-02-14 |  1350 | 2700 |     30 |    NULL | AARUSH       | ABCDEF     | NULL       |        0 |
|  7499 | ALLEN   | SALESMAN   | 7698 | 1981-02-20 |  1600 |  300 |     30 |       4 | ALWAYS TESTE | sales@2017 | 7032300096 |        1 |  7949 | ALEX    | MANAGER    | 7698 | 1982-01-24 |  1250 |  500 |     30 |       5 | QUARTERREST  | sales@2017 | 7156567183 |        1 |
|  7521 | WARD    | SALESMAN   | 7698 | 1981-02-22 |  1250 |  500 |     30 |       1 | WARD         | sales@2017 | 7132300034 |        1 |  7499 | ALLEN   | SALESMAN   | 7698 | 1981-02-20 |  1600 |  300 |     30 |       4 | ALWAYS TESTE | sales@2017 | 7032300096 |        1 |
|  7521 | WARD    | SALESMAN   | 7698 | 1981-02-22 |  1250 |  500 |     30 |       1 | WARD         | sales@2017 | 7132300034 |        1 |  7521 | WARD    | SALESMAN   | 7698 | 1981-02-22 |  1250 |  500 |     30 |       1 | WARD         | sales@2017 | 7132300034 |        1 |
|  7521 | WARD    | SALESMAN   | 7698 | 1981-02-22 |  1250 |  500 |     30 |       1 | WARD         | sales@2017 | 7132300034 |        1 |  7654 | MARTIN  | SALESMAN   | 7698 | 1981-09-28 |  1250 | 1400 |     30 |       6 | LIFE RACER   | sales@2017 | 7132300050 |        1 |
|  7521 | WARD    | SALESMAN   | 7698 | 1981-02-22 |  1250 |  500 |     30 |       1 | WARD         | sales@2017 | 7132300034 |        1 |  7698 | BLAKE   | MANAGER    | 7839 | 1981-05-01 |  2850 | NULL |     30 |       1 | BIG BEN      | sales@2017 | 7132300027 |        1 |
|  7521 | WARD    | SALESMAN   | 7698 | 1981-02-22 |  1250 |  500 |     30 |       1 | WARD         | sales@2017 | 7132300034 |        1 |  7844 | TURNER  | SALESMAN   | 7698 | 1981-09-08 |  1500 |    0 |     30 |       5 | SAND DUST    | sales@2017 | NULL       |        1 |
|  7521 | WARD    | SALESMAN   | 7698 | 1981-02-22 |  1250 |  500 |     30 |       1 | WARD         | sales@2017 | 7132300034 |        1 |  7900 | JAMES   | CLERK      | 7698 | 1981-12-03 |   950 | NULL |     30 |       2 | CRAZY LEADER | sales@2017 | 7132300042 |        1 |
|  7521 | WARD    | SALESMAN   | 7698 | 1981-02-22 |  1250 |  500 |     30 |       1 | WARD         | sales@2017 | 7132300034 |        1 |  7919 | HOFFMAN | MANAGER    | 7566 | 1982-03-24 |  4150 | NULL |     30 |       3 | INTERVAL     | sales@2017 | NULL       |        1 |
|  7521 | WARD    | SALESMAN   | 7698 | 1981-02-22 |  1250 |  500 |     30 |       1 | WARD         | sales@2017 | 7132300034 |        1 |  7920 | GRASS   | SALESMAN   | 7919 | 1980-02-14 |  2575 | 2700 |     30 |       5 | GRASS        | sales@2017 | NULL       |        1 |
|  7521 | WARD    | SALESMAN   | 7698 | 1981-02-22 |  1250 |  500 |     30 |       1 | WARD         | sales@2017 | 7132300034 |        1 |  7945 | AARUSH  | SALESMAN   | 7902 | 1980-02-14 |  1350 | 2700 |     30 |    NULL | AARUSH       | ABCDEF     | NULL       |        0 |
|  7521 | WARD    | SALESMAN   | 7698 | 1981-02-22 |  1250 |  500 |     30 |       1 | WARD         | sales@2017 | 7132300034 |        1 |  7949 | ALEX    | MANAGER    | 7698 | 1982-01-24 |  1250 |  500 |     30 |       5 | QUARTERREST  | sales@2017 | 7156567183 |        1 |
|  7566 | JONES   | MANAGER    | 7839 | 1981-04-02 |  2975 | NULL |     20 |       4 | HONEYCOMB    | a12recmpm  | 7132300039 |        1 |  7369 | SMITH   | CLERK      | 7902 | 1980-12-17 |   800 | NULL |     20 |       2 | TRITONE      | a12recmpm  | 7032300023 |        0 |
|  7566 | JONES   | MANAGER    | 7839 | 1981-04-02 |  2975 | NULL |     20 |       4 | HONEYCOMB    | a12recmpm  | 7132300039 |        1 |  7566 | JONES   | MANAGER    | 7839 | 1981-04-02 |  2975 | NULL |     20 |       4 | HONEYCOMB    | a12recmpm  | 7132300039 |        1 |
|  7566 | JONES   | MANAGER    | 7839 | 1981-04-02 |  2975 | NULL |     20 |       4 | HONEYCOMB    | a12recmpm  | 7132300039 |        1 |  7788 | SCOTT   | ANALYST    | 7566 | 1982-12-09 |  3000 | NULL |     20 |       3 | WHITE SAND   | a12recmpm  | NULL       |        1 |
|  7566 | JONES   | MANAGER    | 7839 | 1981-04-02 |  2975 | NULL |     20 |       4 | HONEYCOMB    | a12recmpm  | 7132300039 |        1 |  7876 | ADAMS   | CLERK      | 7788 | 1983-01-12 |  1100 | NULL |     20 |       1 | CRAZY ANYONE | a12recmpm  | 7132300086 |        1 |
|  7566 | JONES   | MANAGER    | 7839 | 1981-04-02 |  2975 | NULL |     20 |       4 | HONEYCOMB    | a12recmpm  | 7132300039 |        1 |  7902 | FORD    | ANALYST    | 7566 | 1981-12-03 |  3000 | NULL |     20 |       4 | CONBRIO      | a12recmpm  | NULL       |        0 |
|  7566 | JONES   | MANAGER    | 7839 | 1981-04-02 |  2975 | NULL |     20 |       4 | HONEYCOMB    | a12recmpm  | 7132300039 |        1 |  7950 | SALEEL  | supervisor | 7788 | 2021-12-02 | 45000 | NULL |     20 |       1 | saleel       | saleel@431 | 9850884228 |        0 |
|  7654 | MARTIN  | SALESMAN   | 7698 | 1981-09-28 |  1250 | 1400 |     30 |       6 | LIFE RACER   | sales@2017 | 7132300050 |        1 |  7499 | ALLEN   | SALESMAN   | 7698 | 1981-02-20 |  1600 |  300 |     30 |       4 | ALWAYS TESTE | sales@2017 | 7032300096 |        1 |
|  7654 | MARTIN  | SALESMAN   | 7698 | 1981-09-28 |  1250 | 1400 |     30 |       6 | LIFE RACER   | sales@2017 | 7132300050 |        1 |  7521 | WARD    | SALESMAN   | 7698 | 1981-02-22 |  1250 |  500 |     30 |       1 | WARD         | sales@2017 | 7132300034 |        1 |
|  7654 | MARTIN  | SALESMAN   | 7698 | 1981-09-28 |  1250 | 1400 |     30 |       6 | LIFE RACER   | sales@2017 | 7132300050 |        1 |  7654 | MARTIN  | SALESMAN   | 7698 | 1981-09-28 |  1250 | 1400 |     30 |       6 | LIFE RACER   | sales@2017 | 7132300050 |        1 |
|  7654 | MARTIN  | SALESMAN   | 7698 | 1981-09-28 |  1250 | 1400 |     30 |       6 | LIFE RACER   | sales@2017 | 7132300050 |        1 |  7698 | BLAKE   | MANAGER    | 7839 | 1981-05-01 |  2850 | NULL |     30 |       1 | BIG BEN      | sales@2017 | 7132300027 |        1 |
|  7654 | MARTIN  | SALESMAN   | 7698 | 1981-09-28 |  1250 | 1400 |     30 |       6 | LIFE RACER   | sales@2017 | 7132300050 |        1 |  7844 | TURNER  | SALESMAN   | 7698 | 1981-09-08 |  1500 |    0 |     30 |       5 | SAND DUST    | sales@2017 | NULL       |        1 |
|  7654 | MARTIN  | SALESMAN   | 7698 | 1981-09-28 |  1250 | 1400 |     30 |       6 | LIFE RACER   | sales@2017 | 7132300050 |        1 |  7900 | JAMES   | CLERK      | 7698 | 1981-12-03 |   950 | NULL |     30 |       2 | CRAZY LEADER | sales@2017 | 7132300042 |        1 |
|  7654 | MARTIN  | SALESMAN   | 7698 | 1981-09-28 |  1250 | 1400 |     30 |       6 | LIFE RACER   | sales@2017 | 7132300050 |        1 |  7919 | HOFFMAN | MANAGER    | 7566 | 1982-03-24 |  4150 | NULL |     30 |       3 | INTERVAL     | sales@2017 | NULL       |        1 |
|  7654 | MARTIN  | SALESMAN   | 7698 | 1981-09-28 |  1250 | 1400 |     30 |       6 | LIFE RACER   | sales@2017 | 7132300050 |        1 |  7920 | GRASS   | SALESMAN   | 7919 | 1980-02-14 |  2575 | 2700 |     30 |       5 | GRASS        | sales@2017 | NULL       |        1 |
|  7654 | MARTIN  | SALESMAN   | 7698 | 1981-09-28 |  1250 | 1400 |     30 |       6 | LIFE RACER   | sales@2017 | 7132300050 |        1 |  7945 | AARUSH  | SALESMAN   | 7902 | 1980-02-14 |  1350 | 2700 |     30 |    NULL | AARUSH       | ABCDEF     | NULL       |        0 |
|  7654 | MARTIN  | SALESMAN   | 7698 | 1981-09-28 |  1250 | 1400 |     30 |       6 | LIFE RACER   | sales@2017 | 7132300050 |        1 |  7949 | ALEX    | MANAGER    | 7698 | 1982-01-24 |  1250 |  500 |     30 |       5 | QUARTERREST  | sales@2017 | 7156567183 |        1 |
|  7698 | BLAKE   | MANAGER    | 7839 | 1981-05-01 |  2850 | NULL |     30 |       1 | BIG BEN      | sales@2017 | 7132300027 |        1 |  7499 | ALLEN   | SALESMAN   | 7698 | 1981-02-20 |  1600 |  300 |     30 |       4 | ALWAYS TESTE | sales@2017 | 7032300096 |        1 |
|  7698 | BLAKE   | MANAGER    | 7839 | 1981-05-01 |  2850 | NULL |     30 |       1 | BIG BEN      | sales@2017 | 7132300027 |        1 |  7521 | WARD    | SALESMAN   | 7698 | 1981-02-22 |  1250 |  500 |     30 |       1 | WARD         | sales@2017 | 7132300034 |        1 |
|  7698 | BLAKE   | MANAGER    | 7839 | 1981-05-01 |  2850 | NULL |     30 |       1 | BIG BEN      | sales@2017 | 7132300027 |        1 |  7654 | MARTIN  | SALESMAN   | 7698 | 1981-09-28 |  1250 | 1400 |     30 |       6 | LIFE RACER   | sales@2017 | 7132300050 |        1 |
|  7698 | BLAKE   | MANAGER    | 7839 | 1981-05-01 |  2850 | NULL |     30 |       1 | BIG BEN      | sales@2017 | 7132300027 |        1 |  7698 | BLAKE   | MANAGER    | 7839 | 1981-05-01 |  2850 | NULL |     30 |       1 | BIG BEN      | sales@2017 | 7132300027 |        1 |
|  7698 | BLAKE   | MANAGER    | 7839 | 1981-05-01 |  2850 | NULL |     30 |       1 | BIG BEN      | sales@2017 | 7132300027 |        1 |  7844 | TURNER  | SALESMAN   | 7698 | 1981-09-08 |  1500 |    0 |     30 |       5 | SAND DUST    | sales@2017 | NULL       |        1 |
|  7698 | BLAKE   | MANAGER    | 7839 | 1981-05-01 |  2850 | NULL |     30 |       1 | BIG BEN      | sales@2017 | 7132300027 |        1 |  7900 | JAMES   | CLERK      | 7698 | 1981-12-03 |   950 | NULL |     30 |       2 | CRAZY LEADER | sales@2017 | 7132300042 |        1 |
|  7698 | BLAKE   | MANAGER    | 7839 | 1981-05-01 |  2850 | NULL |     30 |       1 | BIG BEN      | sales@2017 | 7132300027 |        1 |  7919 | HOFFMAN | MANAGER    | 7566 | 1982-03-24 |  4150 | NULL |     30 |       3 | INTERVAL     | sales@2017 | NULL       |        1 |
|  7698 | BLAKE   | MANAGER    | 7839 | 1981-05-01 |  2850 | NULL |     30 |       1 | BIG BEN      | sales@2017 | 7132300027 |        1 |  7920 | GRASS   | SALESMAN   | 7919 | 1980-02-14 |  2575 | 2700 |     30 |       5 | GRASS        | sales@2017 | NULL       |        1 |
|  7698 | BLAKE   | MANAGER    | 7839 | 1981-05-01 |  2850 | NULL |     30 |       1 | BIG BEN      | sales@2017 | 7132300027 |        1 |  7945 | AARUSH  | SALESMAN   | 7902 | 1980-02-14 |  1350 | 2700 |     30 |    NULL | AARUSH       | ABCDEF     | NULL       |        0 |
|  7698 | BLAKE   | MANAGER    | 7839 | 1981-05-01 |  2850 | NULL |     30 |       1 | BIG BEN      | sales@2017 | 7132300027 |        1 |  7949 | ALEX    | MANAGER    | 7698 | 1982-01-24 |  1250 |  500 |     30 |       5 | QUARTERREST  | sales@2017 | 7156567183 |        1 |
|  7782 | CLARK   | MANAGER    | 7839 | 1981-06-09 |  2450 | NULL |     10 |       3 | CLARK        | r50mpm     | 7032300001 |        1 |  7415 | AARAV   | CLERK      | 7902 | 1981-12-31 |  3350 | NULL |     10 |    NULL | AARAV        | NULL       | 7032300084 |        0 |
|  7782 | CLARK   | MANAGER    | 7839 | 1981-06-09 |  2450 | NULL |     10 |       3 | CLARK        | r50mpm     | 7032300001 |        1 |  7421 | THOMAS  | CLERK      | 7920 | 1981-07-19 |  1750 | NULL |     10 |       1 | THOMAS       | r50mpm     | 7032300011 |        0 |
|  7782 | CLARK   | MANAGER    | 7839 | 1981-06-09 |  2450 | NULL |     10 |       3 | CLARK        | r50mpm     | 7032300001 |        1 |  7782 | CLARK   | MANAGER    | 7839 | 1981-06-09 |  2450 | NULL |     10 |       3 | CLARK        | r50mpm     | 7032300001 |        1 |
|  7782 | CLARK   | MANAGER    | 7839 | 1981-06-09 |  2450 | NULL |     10 |       3 | CLARK        | r50mpm     | 7032300001 |        1 |  7839 | KING    | PRESIDENT  | NULL | 1981-11-17 |  5000 | NULL |     10 |       1 | KING         | r50mpm     | 7132300081 |        1 |
|  7782 | CLARK   | MANAGER    | 7839 | 1981-06-09 |  2450 | NULL |     10 |       3 | CLARK        | r50mpm     | 7032300001 |        1 |  7934 | MILLER  | CLERK      | 7782 | 1982-01-23 |  1300 | NULL |     10 |       2 | QUARTERNOTE  | r50mpm     | 7132300055 |        0 |
|  7788 | SCOTT   | ANALYST    | 7566 | 1982-12-09 |  3000 | NULL |     20 |       3 | WHITE SAND   | a12recmpm  | NULL       |        1 |  7369 | SMITH   | CLERK      | 7902 | 1980-12-17 |   800 | NULL |     20 |       2 | TRITONE      | a12recmpm  | 7032300023 |        0 |
|  7788 | SCOTT   | ANALYST    | 7566 | 1982-12-09 |  3000 | NULL |     20 |       3 | WHITE SAND   | a12recmpm  | NULL       |        1 |  7566 | JONES   | MANAGER    | 7839 | 1981-04-02 |  2975 | NULL |     20 |       4 | HONEYCOMB    | a12recmpm  | 7132300039 |        1 |
|  7788 | SCOTT   | ANALYST    | 7566 | 1982-12-09 |  3000 | NULL |     20 |       3 | WHITE SAND   | a12recmpm  | NULL       |        1 |  7788 | SCOTT   | ANALYST    | 7566 | 1982-12-09 |  3000 | NULL |     20 |       3 | WHITE SAND   | a12recmpm  | NULL       |        1 |
|  7788 | SCOTT   | ANALYST    | 7566 | 1982-12-09 |  3000 | NULL |     20 |       3 | WHITE SAND   | a12recmpm  | NULL       |        1 |  7876 | ADAMS   | CLERK      | 7788 | 1983-01-12 |  1100 | NULL |     20 |       1 | CRAZY ANYONE | a12recmpm  | 7132300086 |        1 |
|  7788 | SCOTT   | ANALYST    | 7566 | 1982-12-09 |  3000 | NULL |     20 |       3 | WHITE SAND   | a12recmpm  | NULL       |        1 |  7902 | FORD    | ANALYST    | 7566 | 1981-12-03 |  3000 | NULL |     20 |       4 | CONBRIO      | a12recmpm  | NULL       |        0 |
|  7788 | SCOTT   | ANALYST    | 7566 | 1982-12-09 |  3000 | NULL |     20 |       3 | WHITE SAND   | a12recmpm  | NULL       |        1 |  7950 | SALEEL  | supervisor | 7788 | 2021-12-02 | 45000 | NULL |     20 |       1 | saleel       | saleel@431 | 9850884228 |        0 |
|  7839 | KING    | PRESIDENT  | NULL | 1981-11-17 |  5000 | NULL |     10 |       1 | KING         | r50mpm     | 7132300081 |        1 |  7415 | AARAV   | CLERK      | 7902 | 1981-12-31 |  3350 | NULL |     10 |    NULL | AARAV        | NULL       | 7032300084 |        0 |
|  7839 | KING    | PRESIDENT  | NULL | 1981-11-17 |  5000 | NULL |     10 |       1 | KING         | r50mpm     | 7132300081 |        1 |  7421 | THOMAS  | CLERK      | 7920 | 1981-07-19 |  1750 | NULL |     10 |       1 | THOMAS       | r50mpm     | 7032300011 |        0 |
|  7839 | KING    | PRESIDENT  | NULL | 1981-11-17 |  5000 | NULL |     10 |       1 | KING         | r50mpm     | 7132300081 |        1 |  7782 | CLARK   | MANAGER    | 7839 | 1981-06-09 |  2450 | NULL |     10 |       3 | CLARK        | r50mpm     | 7032300001 |        1 |
|  7839 | KING    | PRESIDENT  | NULL | 1981-11-17 |  5000 | NULL |     10 |       1 | KING         | r50mpm     | 7132300081 |        1 |  7839 | KING    | PRESIDENT  | NULL | 1981-11-17 |  5000 | NULL |     10 |       1 | KING         | r50mpm     | 7132300081 |        1 |
|  7839 | KING    | PRESIDENT  | NULL | 1981-11-17 |  5000 | NULL |     10 |       1 | KING         | r50mpm     | 7132300081 |        1 |  7934 | MILLER  | CLERK      | 7782 | 1982-01-23 |  1300 | NULL |     10 |       2 | QUARTERNOTE  | r50mpm     | 7132300055 |        0 |
|  7844 | TURNER  | SALESMAN   | 7698 | 1981-09-08 |  1500 |    0 |     30 |       5 | SAND DUST    | sales@2017 | NULL       |        1 |  7499 | ALLEN   | SALESMAN   | 7698 | 1981-02-20 |  1600 |  300 |     30 |       4 | ALWAYS TESTE | sales@2017 | 7032300096 |        1 |
|  7844 | TURNER  | SALESMAN   | 7698 | 1981-09-08 |  1500 |    0 |     30 |       5 | SAND DUST    | sales@2017 | NULL       |        1 |  7521 | WARD    | SALESMAN   | 7698 | 1981-02-22 |  1250 |  500 |     30 |       1 | WARD         | sales@2017 | 7132300034 |        1 |
|  7844 | TURNER  | SALESMAN   | 7698 | 1981-09-08 |  1500 |    0 |     30 |       5 | SAND DUST    | sales@2017 | NULL       |        1 |  7654 | MARTIN  | SALESMAN   | 7698 | 1981-09-28 |  1250 | 1400 |     30 |       6 | LIFE RACER   | sales@2017 | 7132300050 |        1 |
|  7844 | TURNER  | SALESMAN   | 7698 | 1981-09-08 |  1500 |    0 |     30 |       5 | SAND DUST    | sales@2017 | NULL       |        1 |  7698 | BLAKE   | MANAGER    | 7839 | 1981-05-01 |  2850 | NULL |     30 |       1 | BIG BEN      | sales@2017 | 7132300027 |        1 |
|  7844 | TURNER  | SALESMAN   | 7698 | 1981-09-08 |  1500 |    0 |     30 |       5 | SAND DUST    | sales@2017 | NULL       |        1 |  7844 | TURNER  | SALESMAN   | 7698 | 1981-09-08 |  1500 |    0 |     30 |       5 | SAND DUST    | sales@2017 | NULL       |        1 |
|  7844 | TURNER  | SALESMAN   | 7698 | 1981-09-08 |  1500 |    0 |     30 |       5 | SAND DUST    | sales@2017 | NULL       |        1 |  7900 | JAMES   | CLERK      | 7698 | 1981-12-03 |   950 | NULL |     30 |       2 | CRAZY LEADER | sales@2017 | 7132300042 |        1 |
|  7844 | TURNER  | SALESMAN   | 7698 | 1981-09-08 |  1500 |    0 |     30 |       5 | SAND DUST    | sales@2017 | NULL       |        1 |  7919 | HOFFMAN | MANAGER    | 7566 | 1982-03-24 |  4150 | NULL |     30 |       3 | INTERVAL     | sales@2017 | NULL       |        1 |
|  7844 | TURNER  | SALESMAN   | 7698 | 1981-09-08 |  1500 |    0 |     30 |       5 | SAND DUST    | sales@2017 | NULL       |        1 |  7920 | GRASS   | SALESMAN   | 7919 | 1980-02-14 |  2575 | 2700 |     30 |       5 | GRASS        | sales@2017 | NULL       |        1 |
|  7844 | TURNER  | SALESMAN   | 7698 | 1981-09-08 |  1500 |    0 |     30 |       5 | SAND DUST    | sales@2017 | NULL       |        1 |  7945 | AARUSH  | SALESMAN   | 7902 | 1980-02-14 |  1350 | 2700 |     30 |    NULL | AARUSH       | ABCDEF     | NULL       |        0 |
|  7844 | TURNER  | SALESMAN   | 7698 | 1981-09-08 |  1500 |    0 |     30 |       5 | SAND DUST    | sales@2017 | NULL       |        1 |  7949 | ALEX    | MANAGER    | 7698 | 1982-01-24 |  1250 |  500 |     30 |       5 | QUARTERREST  | sales@2017 | 7156567183 |        1 |
|  7876 | ADAMS   | CLERK      | 7788 | 1983-01-12 |  1100 | NULL |     20 |       1 | CRAZY ANYONE | a12recmpm  | 7132300086 |        1 |  7369 | SMITH   | CLERK      | 7902 | 1980-12-17 |   800 | NULL |     20 |       2 | TRITONE      | a12recmpm  | 7032300023 |        0 |
|  7876 | ADAMS   | CLERK      | 7788 | 1983-01-12 |  1100 | NULL |     20 |       1 | CRAZY ANYONE | a12recmpm  | 7132300086 |        1 |  7566 | JONES   | MANAGER    | 7839 | 1981-04-02 |  2975 | NULL |     20 |       4 | HONEYCOMB    | a12recmpm  | 7132300039 |        1 |
|  7876 | ADAMS   | CLERK      | 7788 | 1983-01-12 |  1100 | NULL |     20 |       1 | CRAZY ANYONE | a12recmpm  | 7132300086 |        1 |  7788 | SCOTT   | ANALYST    | 7566 | 1982-12-09 |  3000 | NULL |     20 |       3 | WHITE SAND   | a12recmpm  | NULL       |        1 |
|  7876 | ADAMS   | CLERK      | 7788 | 1983-01-12 |  1100 | NULL |     20 |       1 | CRAZY ANYONE | a12recmpm  | 7132300086 |        1 |  7876 | ADAMS   | CLERK      | 7788 | 1983-01-12 |  1100 | NULL |     20 |       1 | CRAZY ANYONE | a12recmpm  | 7132300086 |        1 |
|  7876 | ADAMS   | CLERK      | 7788 | 1983-01-12 |  1100 | NULL |     20 |       1 | CRAZY ANYONE | a12recmpm  | 7132300086 |        1 |  7902 | FORD    | ANALYST    | 7566 | 1981-12-03 |  3000 | NULL |     20 |       4 | CONBRIO      | a12recmpm  | NULL       |        0 |
|  7876 | ADAMS   | CLERK      | 7788 | 1983-01-12 |  1100 | NULL |     20 |       1 | CRAZY ANYONE | a12recmpm  | 7132300086 |        1 |  7950 | SALEEL  | supervisor | 7788 | 2021-12-02 | 45000 | NULL |     20 |       1 | saleel       | saleel@431 | 9850884228 |        0 |
|  7900 | JAMES   | CLERK      | 7698 | 1981-12-03 |   950 | NULL |     30 |       2 | CRAZY LEADER | sales@2017 | 7132300042 |        1 |  7499 | ALLEN   | SALESMAN   | 7698 | 1981-02-20 |  1600 |  300 |     30 |       4 | ALWAYS TESTE | sales@2017 | 7032300096 |        1 |
|  7900 | JAMES   | CLERK      | 7698 | 1981-12-03 |   950 | NULL |     30 |       2 | CRAZY LEADER | sales@2017 | 7132300042 |        1 |  7521 | WARD    | SALESMAN   | 7698 | 1981-02-22 |  1250 |  500 |     30 |       1 | WARD         | sales@2017 | 7132300034 |        1 |
|  7900 | JAMES   | CLERK      | 7698 | 1981-12-03 |   950 | NULL |     30 |       2 | CRAZY LEADER | sales@2017 | 7132300042 |        1 |  7654 | MARTIN  | SALESMAN   | 7698 | 1981-09-28 |  1250 | 1400 |     30 |       6 | LIFE RACER   | sales@2017 | 7132300050 |        1 |
|  7900 | JAMES   | CLERK      | 7698 | 1981-12-03 |   950 | NULL |     30 |       2 | CRAZY LEADER | sales@2017 | 7132300042 |        1 |  7698 | BLAKE   | MANAGER    | 7839 | 1981-05-01 |  2850 | NULL |     30 |       1 | BIG BEN      | sales@2017 | 7132300027 |        1 |
|  7900 | JAMES   | CLERK      | 7698 | 1981-12-03 |   950 | NULL |     30 |       2 | CRAZY LEADER | sales@2017 | 7132300042 |        1 |  7844 | TURNER  | SALESMAN   | 7698 | 1981-09-08 |  1500 |    0 |     30 |       5 | SAND DUST    | sales@2017 | NULL       |        1 |
|  7900 | JAMES   | CLERK      | 7698 | 1981-12-03 |   950 | NULL |     30 |       2 | CRAZY LEADER | sales@2017 | 7132300042 |        1 |  7900 | JAMES   | CLERK      | 7698 | 1981-12-03 |   950 | NULL |     30 |       2 | CRAZY LEADER | sales@2017 | 7132300042 |        1 |
|  7900 | JAMES   | CLERK      | 7698 | 1981-12-03 |   950 | NULL |     30 |       2 | CRAZY LEADER | sales@2017 | 7132300042 |        1 |  7919 | HOFFMAN | MANAGER    | 7566 | 1982-03-24 |  4150 | NULL |     30 |       3 | INTERVAL     | sales@2017 | NULL       |        1 |
|  7900 | JAMES   | CLERK      | 7698 | 1981-12-03 |   950 | NULL |     30 |       2 | CRAZY LEADER | sales@2017 | 7132300042 |        1 |  7920 | GRASS   | SALESMAN   | 7919 | 1980-02-14 |  2575 | 2700 |     30 |       5 | GRASS        | sales@2017 | NULL       |        1 |
|  7900 | JAMES   | CLERK      | 7698 | 1981-12-03 |   950 | NULL |     30 |       2 | CRAZY LEADER | sales@2017 | 7132300042 |        1 |  7945 | AARUSH  | SALESMAN   | 7902 | 1980-02-14 |  1350 | 2700 |     30 |    NULL | AARUSH       | ABCDEF     | NULL       |        0 |
|  7900 | JAMES   | CLERK      | 7698 | 1981-12-03 |   950 | NULL |     30 |       2 | CRAZY LEADER | sales@2017 | 7132300042 |        1 |  7949 | ALEX    | MANAGER    | 7698 | 1982-01-24 |  1250 |  500 |     30 |       5 | QUARTERREST  | sales@2017 | 7156567183 |        1 |
|  7902 | FORD    | ANALYST    | 7566 | 1981-12-03 |  3000 | NULL |     20 |       4 | CONBRIO      | a12recmpm  | NULL       |        0 |  7369 | SMITH   | CLERK      | 7902 | 1980-12-17 |   800 | NULL |     20 |       2 | TRITONE      | a12recmpm  | 7032300023 |        0 |
|  7902 | FORD    | ANALYST    | 7566 | 1981-12-03 |  3000 | NULL |     20 |       4 | CONBRIO      | a12recmpm  | NULL       |        0 |  7566 | JONES   | MANAGER    | 7839 | 1981-04-02 |  2975 | NULL |     20 |       4 | HONEYCOMB    | a12recmpm  | 7132300039 |        1 |
|  7902 | FORD    | ANALYST    | 7566 | 1981-12-03 |  3000 | NULL |     20 |       4 | CONBRIO      | a12recmpm  | NULL       |        0 |  7788 | SCOTT   | ANALYST    | 7566 | 1982-12-09 |  3000 | NULL |     20 |       3 | WHITE SAND   | a12recmpm  | NULL       |        1 |
|  7902 | FORD    | ANALYST    | 7566 | 1981-12-03 |  3000 | NULL |     20 |       4 | CONBRIO      | a12recmpm  | NULL       |        0 |  7876 | ADAMS   | CLERK      | 7788 | 1983-01-12 |  1100 | NULL |     20 |       1 | CRAZY ANYONE | a12recmpm  | 7132300086 |        1 |
|  7902 | FORD    | ANALYST    | 7566 | 1981-12-03 |  3000 | NULL |     20 |       4 | CONBRIO      | a12recmpm  | NULL       |        0 |  7902 | FORD    | ANALYST    | 7566 | 1981-12-03 |  3000 | NULL |     20 |       4 | CONBRIO      | a12recmpm  | NULL       |        0 |
|  7902 | FORD    | ANALYST    | 7566 | 1981-12-03 |  3000 | NULL |     20 |       4 | CONBRIO      | a12recmpm  | NULL       |        0 |  7950 | SALEEL  | supervisor | 7788 | 2021-12-02 | 45000 | NULL |     20 |       1 | saleel       | saleel@431 | 9850884228 |        0 |
|  7919 | HOFFMAN | MANAGER    | 7566 | 1982-03-24 |  4150 | NULL |     30 |       3 | INTERVAL     | sales@2017 | NULL       |        1 |  7499 | ALLEN   | SALESMAN   | 7698 | 1981-02-20 |  1600 |  300 |     30 |       4 | ALWAYS TESTE | sales@2017 | 7032300096 |        1 |
|  7919 | HOFFMAN | MANAGER    | 7566 | 1982-03-24 |  4150 | NULL |     30 |       3 | INTERVAL     | sales@2017 | NULL       |        1 |  7521 | WARD    | SALESMAN   | 7698 | 1981-02-22 |  1250 |  500 |     30 |       1 | WARD         | sales@2017 | 7132300034 |        1 |
|  7919 | HOFFMAN | MANAGER    | 7566 | 1982-03-24 |  4150 | NULL |     30 |       3 | INTERVAL     | sales@2017 | NULL       |        1 |  7654 | MARTIN  | SALESMAN   | 7698 | 1981-09-28 |  1250 | 1400 |     30 |       6 | LIFE RACER   | sales@2017 | 7132300050 |        1 |
|  7919 | HOFFMAN | MANAGER    | 7566 | 1982-03-24 |  4150 | NULL |     30 |       3 | INTERVAL     | sales@2017 | NULL       |        1 |  7698 | BLAKE   | MANAGER    | 7839 | 1981-05-01 |  2850 | NULL |     30 |       1 | BIG BEN      | sales@2017 | 7132300027 |        1 |
|  7919 | HOFFMAN | MANAGER    | 7566 | 1982-03-24 |  4150 | NULL |     30 |       3 | INTERVAL     | sales@2017 | NULL       |        1 |  7844 | TURNER  | SALESMAN   | 7698 | 1981-09-08 |  1500 |    0 |     30 |       5 | SAND DUST    | sales@2017 | NULL       |        1 |
|  7919 | HOFFMAN | MANAGER    | 7566 | 1982-03-24 |  4150 | NULL |     30 |       3 | INTERVAL     | sales@2017 | NULL       |        1 |  7900 | JAMES   | CLERK      | 7698 | 1981-12-03 |   950 | NULL |     30 |       2 | CRAZY LEADER | sales@2017 | 7132300042 |        1 |
|  7919 | HOFFMAN | MANAGER    | 7566 | 1982-03-24 |  4150 | NULL |     30 |       3 | INTERVAL     | sales@2017 | NULL       |        1 |  7919 | HOFFMAN | MANAGER    | 7566 | 1982-03-24 |  4150 | NULL |     30 |       3 | INTERVAL     | sales@2017 | NULL       |        1 |
|  7919 | HOFFMAN | MANAGER    | 7566 | 1982-03-24 |  4150 | NULL |     30 |       3 | INTERVAL     | sales@2017 | NULL       |        1 |  7920 | GRASS   | SALESMAN   | 7919 | 1980-02-14 |  2575 | 2700 |     30 |       5 | GRASS        | sales@2017 | NULL       |        1 |
|  7919 | HOFFMAN | MANAGER    | 7566 | 1982-03-24 |  4150 | NULL |     30 |       3 | INTERVAL     | sales@2017 | NULL       |        1 |  7945 | AARUSH  | SALESMAN   | 7902 | 1980-02-14 |  1350 | 2700 |     30 |    NULL | AARUSH       | ABCDEF     | NULL       |        0 |
|  7919 | HOFFMAN | MANAGER    | 7566 | 1982-03-24 |  4150 | NULL |     30 |       3 | INTERVAL     | sales@2017 | NULL       |        1 |  7949 | ALEX    | MANAGER    | 7698 | 1982-01-24 |  1250 |  500 |     30 |       5 | QUARTERREST  | sales@2017 | 7156567183 |        1 |
|  7920 | GRASS   | SALESMAN   | 7919 | 1980-02-14 |  2575 | 2700 |     30 |       5 | GRASS        | sales@2017 | NULL       |        1 |  7499 | ALLEN   | SALESMAN   | 7698 | 1981-02-20 |  1600 |  300 |     30 |       4 | ALWAYS TESTE | sales@2017 | 7032300096 |        1 |
|  7920 | GRASS   | SALESMAN   | 7919 | 1980-02-14 |  2575 | 2700 |     30 |       5 | GRASS        | sales@2017 | NULL       |        1 |  7521 | WARD    | SALESMAN   | 7698 | 1981-02-22 |  1250 |  500 |     30 |       1 | WARD         | sales@2017 | 7132300034 |        1 |
|  7920 | GRASS   | SALESMAN   | 7919 | 1980-02-14 |  2575 | 2700 |     30 |       5 | GRASS        | sales@2017 | NULL       |        1 |  7654 | MARTIN  | SALESMAN   | 7698 | 1981-09-28 |  1250 | 1400 |     30 |       6 | LIFE RACER   | sales@2017 | 7132300050 |        1 |
|  7920 | GRASS   | SALESMAN   | 7919 | 1980-02-14 |  2575 | 2700 |     30 |       5 | GRASS        | sales@2017 | NULL       |        1 |  7698 | BLAKE   | MANAGER    | 7839 | 1981-05-01 |  2850 | NULL |     30 |       1 | BIG BEN      | sales@2017 | 7132300027 |        1 |
|  7920 | GRASS   | SALESMAN   | 7919 | 1980-02-14 |  2575 | 2700 |     30 |       5 | GRASS        | sales@2017 | NULL       |        1 |  7844 | TURNER  | SALESMAN   | 7698 | 1981-09-08 |  1500 |    0 |     30 |       5 | SAND DUST    | sales@2017 | NULL       |        1 |
|  7920 | GRASS   | SALESMAN   | 7919 | 1980-02-14 |  2575 | 2700 |     30 |       5 | GRASS        | sales@2017 | NULL       |        1 |  7900 | JAMES   | CLERK      | 7698 | 1981-12-03 |   950 | NULL |     30 |       2 | CRAZY LEADER | sales@2017 | 7132300042 |        1 |
|  7920 | GRASS   | SALESMAN   | 7919 | 1980-02-14 |  2575 | 2700 |     30 |       5 | GRASS        | sales@2017 | NULL       |        1 |  7919 | HOFFMAN | MANAGER    | 7566 | 1982-03-24 |  4150 | NULL |     30 |       3 | INTERVAL     | sales@2017 | NULL       |        1 |
|  7920 | GRASS   | SALESMAN   | 7919 | 1980-02-14 |  2575 | 2700 |     30 |       5 | GRASS        | sales@2017 | NULL       |        1 |  7920 | GRASS   | SALESMAN   | 7919 | 1980-02-14 |  2575 | 2700 |     30 |       5 | GRASS        | sales@2017 | NULL       |        1 |
|  7920 | GRASS   | SALESMAN   | 7919 | 1980-02-14 |  2575 | 2700 |     30 |       5 | GRASS        | sales@2017 | NULL       |        1 |  7945 | AARUSH  | SALESMAN   | 7902 | 1980-02-14 |  1350 | 2700 |     30 |    NULL | AARUSH       | ABCDEF     | NULL       |        0 |
|  7920 | GRASS   | SALESMAN   | 7919 | 1980-02-14 |  2575 | 2700 |     30 |       5 | GRASS        | sales@2017 | NULL       |        1 |  7949 | ALEX    | MANAGER    | 7698 | 1982-01-24 |  1250 |  500 |     30 |       5 | QUARTERREST  | sales@2017 | 7156567183 |        1 |
|  7934 | MILLER  | CLERK      | 7782 | 1982-01-23 |  1300 | NULL |     10 |       2 | QUARTERNOTE  | r50mpm     | 7132300055 |        0 |  7415 | AARAV   | CLERK      | 7902 | 1981-12-31 |  3350 | NULL |     10 |    NULL | AARAV        | NULL       | 7032300084 |        0 |
|  7934 | MILLER  | CLERK      | 7782 | 1982-01-23 |  1300 | NULL |     10 |       2 | QUARTERNOTE  | r50mpm     | 7132300055 |        0 |  7421 | THOMAS  | CLERK      | 7920 | 1981-07-19 |  1750 | NULL |     10 |       1 | THOMAS       | r50mpm     | 7032300011 |        0 |
|  7934 | MILLER  | CLERK      | 7782 | 1982-01-23 |  1300 | NULL |     10 |       2 | QUARTERNOTE  | r50mpm     | 7132300055 |        0 |  7782 | CLARK   | MANAGER    | 7839 | 1981-06-09 |  2450 | NULL |     10 |       3 | CLARK        | r50mpm     | 7032300001 |        1 |
|  7934 | MILLER  | CLERK      | 7782 | 1982-01-23 |  1300 | NULL |     10 |       2 | QUARTERNOTE  | r50mpm     | 7132300055 |        0 |  7839 | KING    | PRESIDENT  | NULL | 1981-11-17 |  5000 | NULL |     10 |       1 | KING         | r50mpm     | 7132300081 |        1 |
|  7934 | MILLER  | CLERK      | 7782 | 1982-01-23 |  1300 | NULL |     10 |       2 | QUARTERNOTE  | r50mpm     | 7132300055 |        0 |  7934 | MILLER  | CLERK      | 7782 | 1982-01-23 |  1300 | NULL |     10 |       2 | QUARTERNOTE  | r50mpm     | 7132300055 |        0 |
|  7945 | AARUSH  | SALESMAN   | 7902 | 1980-02-14 |  1350 | 2700 |     30 |    NULL | AARUSH       | ABCDEF     | NULL       |        0 |  7499 | ALLEN   | SALESMAN   | 7698 | 1981-02-20 |  1600 |  300 |     30 |       4 | ALWAYS TESTE | sales@2017 | 7032300096 |        1 |
|  7945 | AARUSH  | SALESMAN   | 7902 | 1980-02-14 |  1350 | 2700 |     30 |    NULL | AARUSH       | ABCDEF     | NULL       |        0 |  7521 | WARD    | SALESMAN   | 7698 | 1981-02-22 |  1250 |  500 |     30 |       1 | WARD         | sales@2017 | 7132300034 |        1 |
|  7945 | AARUSH  | SALESMAN   | 7902 | 1980-02-14 |  1350 | 2700 |     30 |    NULL | AARUSH       | ABCDEF     | NULL       |        0 |  7654 | MARTIN  | SALESMAN   | 7698 | 1981-09-28 |  1250 | 1400 |     30 |       6 | LIFE RACER   | sales@2017 | 7132300050 |        1 |
|  7945 | AARUSH  | SALESMAN   | 7902 | 1980-02-14 |  1350 | 2700 |     30 |    NULL | AARUSH       | ABCDEF     | NULL       |        0 |  7698 | BLAKE   | MANAGER    | 7839 | 1981-05-01 |  2850 | NULL |     30 |       1 | BIG BEN      | sales@2017 | 7132300027 |        1 |
|  7945 | AARUSH  | SALESMAN   | 7902 | 1980-02-14 |  1350 | 2700 |     30 |    NULL | AARUSH       | ABCDEF     | NULL       |        0 |  7844 | TURNER  | SALESMAN   | 7698 | 1981-09-08 |  1500 |    0 |     30 |       5 | SAND DUST    | sales@2017 | NULL       |        1 |
|  7945 | AARUSH  | SALESMAN   | 7902 | 1980-02-14 |  1350 | 2700 |     30 |    NULL | AARUSH       | ABCDEF     | NULL       |        0 |  7900 | JAMES   | CLERK      | 7698 | 1981-12-03 |   950 | NULL |     30 |       2 | CRAZY LEADER | sales@2017 | 7132300042 |        1 |
|  7945 | AARUSH  | SALESMAN   | 7902 | 1980-02-14 |  1350 | 2700 |     30 |    NULL | AARUSH       | ABCDEF     | NULL       |        0 |  7919 | HOFFMAN | MANAGER    | 7566 | 1982-03-24 |  4150 | NULL |     30 |       3 | INTERVAL     | sales@2017 | NULL       |        1 |
|  7945 | AARUSH  | SALESMAN   | 7902 | 1980-02-14 |  1350 | 2700 |     30 |    NULL | AARUSH       | ABCDEF     | NULL       |        0 |  7920 | GRASS   | SALESMAN   | 7919 | 1980-02-14 |  2575 | 2700 |     30 |       5 | GRASS        | sales@2017 | NULL       |        1 |
|  7945 | AARUSH  | SALESMAN   | 7902 | 1980-02-14 |  1350 | 2700 |     30 |    NULL | AARUSH       | ABCDEF     | NULL       |        0 |  7945 | AARUSH  | SALESMAN   | 7902 | 1980-02-14 |  1350 | 2700 |     30 |    NULL | AARUSH       | ABCDEF     | NULL       |        0 |
|  7945 | AARUSH  | SALESMAN   | 7902 | 1980-02-14 |  1350 | 2700 |     30 |    NULL | AARUSH       | ABCDEF     | NULL       |        0 |  7949 | ALEX    | MANAGER    | 7698 | 1982-01-24 |  1250 |  500 |     30 |       5 | QUARTERREST  | sales@2017 | 7156567183 |        1 |
|  7949 | ALEX    | MANAGER    | 7698 | 1982-01-24 |  1250 |  500 |     30 |       5 | QUARTERREST  | sales@2017 | 7156567183 |        1 |  7499 | ALLEN   | SALESMAN   | 7698 | 1981-02-20 |  1600 |  300 |     30 |       4 | ALWAYS TESTE | sales@2017 | 7032300096 |        1 |
|  7949 | ALEX    | MANAGER    | 7698 | 1982-01-24 |  1250 |  500 |     30 |       5 | QUARTERREST  | sales@2017 | 7156567183 |        1 |  7521 | WARD    | SALESMAN   | 7698 | 1981-02-22 |  1250 |  500 |     30 |       1 | WARD         | sales@2017 | 7132300034 |        1 |
|  7949 | ALEX    | MANAGER    | 7698 | 1982-01-24 |  1250 |  500 |     30 |       5 | QUARTERREST  | sales@2017 | 7156567183 |        1 |  7654 | MARTIN  | SALESMAN   | 7698 | 1981-09-28 |  1250 | 1400 |     30 |       6 | LIFE RACER   | sales@2017 | 7132300050 |        1 |
|  7949 | ALEX    | MANAGER    | 7698 | 1982-01-24 |  1250 |  500 |     30 |       5 | QUARTERREST  | sales@2017 | 7156567183 |        1 |  7698 | BLAKE   | MANAGER    | 7839 | 1981-05-01 |  2850 | NULL |     30 |       1 | BIG BEN      | sales@2017 | 7132300027 |        1 |
|  7949 | ALEX    | MANAGER    | 7698 | 1982-01-24 |  1250 |  500 |     30 |       5 | QUARTERREST  | sales@2017 | 7156567183 |        1 |  7844 | TURNER  | SALESMAN   | 7698 | 1981-09-08 |  1500 |    0 |     30 |       5 | SAND DUST    | sales@2017 | NULL       |        1 |
|  7949 | ALEX    | MANAGER    | 7698 | 1982-01-24 |  1250 |  500 |     30 |       5 | QUARTERREST  | sales@2017 | 7156567183 |        1 |  7900 | JAMES   | CLERK      | 7698 | 1981-12-03 |   950 | NULL |     30 |       2 | CRAZY LEADER | sales@2017 | 7132300042 |        1 |
|  7949 | ALEX    | MANAGER    | 7698 | 1982-01-24 |  1250 |  500 |     30 |       5 | QUARTERREST  | sales@2017 | 7156567183 |        1 |  7919 | HOFFMAN | MANAGER    | 7566 | 1982-03-24 |  4150 | NULL |     30 |       3 | INTERVAL     | sales@2017 | NULL       |        1 |
|  7949 | ALEX    | MANAGER    | 7698 | 1982-01-24 |  1250 |  500 |     30 |       5 | QUARTERREST  | sales@2017 | 7156567183 |        1 |  7920 | GRASS   | SALESMAN   | 7919 | 1980-02-14 |  2575 | 2700 |     30 |       5 | GRASS        | sales@2017 | NULL       |        1 |
|  7949 | ALEX    | MANAGER    | 7698 | 1982-01-24 |  1250 |  500 |     30 |       5 | QUARTERREST  | sales@2017 | 7156567183 |        1 |  7945 | AARUSH  | SALESMAN   | 7902 | 1980-02-14 |  1350 | 2700 |     30 |    NULL | AARUSH       | ABCDEF     | NULL       |        0 |
|  7949 | ALEX    | MANAGER    | 7698 | 1982-01-24 |  1250 |  500 |     30 |       5 | QUARTERREST  | sales@2017 | 7156567183 |        1 |  7949 | ALEX    | MANAGER    | 7698 | 1982-01-24 |  1250 |  500 |     30 |       5 | QUARTERREST  | sales@2017 | 7156567183 |        1 |
|  7950 | SALEEL  | supervisor | 7788 | 2021-12-02 | 45000 | NULL |     20 |       1 | saleel       | saleel@431 | 9850884228 |        0 |  7369 | SMITH   | CLERK      | 7902 | 1980-12-17 |   800 | NULL |     20 |       2 | TRITONE      | a12recmpm  | 7032300023 |        0 |
|  7950 | SALEEL  | supervisor | 7788 | 2021-12-02 | 45000 | NULL |     20 |       1 | saleel       | saleel@431 | 9850884228 |        0 |  7566 | JONES   | MANAGER    | 7839 | 1981-04-02 |  2975 | NULL |     20 |       4 | HONEYCOMB    | a12recmpm  | 7132300039 |        1 |
|  7950 | SALEEL  | supervisor | 7788 | 2021-12-02 | 45000 | NULL |     20 |       1 | saleel       | saleel@431 | 9850884228 |        0 |  7788 | SCOTT   | ANALYST    | 7566 | 1982-12-09 |  3000 | NULL |     20 |       3 | WHITE SAND   | a12recmpm  | NULL       |        1 |
|  7950 | SALEEL  | supervisor | 7788 | 2021-12-02 | 45000 | NULL |     20 |       1 | saleel       | saleel@431 | 9850884228 |        0 |  7876 | ADAMS   | CLERK      | 7788 | 1983-01-12 |  1100 | NULL |     20 |       1 | CRAZY ANYONE | a12recmpm  | 7132300086 |        1 |
|  7950 | SALEEL  | supervisor | 7788 | 2021-12-02 | 45000 | NULL |     20 |       1 | saleel       | saleel@431 | 9850884228 |        0 |  7902 | FORD    | ANALYST    | 7566 | 1981-12-03 |  3000 | NULL |     20 |       4 | CONBRIO      | a12recmpm  | NULL       |        0 |
|  7950 | SALEEL  | supervisor | 7788 | 2021-12-02 | 45000 | NULL |     20 |       1 | saleel       | saleel@431 | 9850884228 |        0 |  7950 | SALEEL  | supervisor | 7788 | 2021-12-02 | 45000 | NULL |     20 |       1 | saleel       | saleel@431 | 9850884228 |        0 |
+-------+---------+------------+------+------------+-------+------+--------+---------+--------------+------------+------------+----------+-------+---------+------------+------+------------+-------+------+--------+---------+--------------+------------+------------+----------+
161 rows in set (0.00 sec)

mysql> select * from emp;
+-------+---------+------------+------+------------+-------+------+--------+---------+--------------+------------+------------+----------+
| EMPNO | ENAME   | JOB        | MGR  | HIREDATE   | SAL   | COMM | DEPTNO | BONUSID | USER NAME    | PWD        | phone      | isActive |
+-------+---------+------------+------+------------+-------+------+--------+---------+--------------+------------+------------+----------+
|  7369 | SMITH   | CLERK      | 7902 | 1980-12-17 |   800 | NULL |     20 |       2 | TRITONE      | a12recmpm  | 7032300023 |        0 |
|  7415 | AARAV   | CLERK      | 7902 | 1981-12-31 |  3350 | NULL |     10 |    NULL | AARAV        | NULL       | 7032300084 |        0 |
|  7421 | THOMAS  | CLERK      | 7920 | 1981-07-19 |  1750 | NULL |     10 |       1 | THOMAS       | r50mpm     | 7032300011 |        0 |
|  7499 | ALLEN   | SALESMAN   | 7698 | 1981-02-20 |  1600 |  300 |     30 |       4 | ALWAYS TESTE | sales@2017 | 7032300096 |        1 |
|  7521 | WARD    | SALESMAN   | 7698 | 1981-02-22 |  1250 |  500 |     30 |       1 | WARD         | sales@2017 | 7132300034 |        1 |
|  7566 | JONES   | MANAGER    | 7839 | 1981-04-02 |  2975 | NULL |     20 |       4 | HONEYCOMB    | a12recmpm  | 7132300039 |        1 |
|  7654 | MARTIN  | SALESMAN   | 7698 | 1981-09-28 |  1250 | 1400 |     30 |       6 | LIFE RACER   | sales@2017 | 7132300050 |        1 |
|  7698 | BLAKE   | MANAGER    | 7839 | 1981-05-01 |  2850 | NULL |     30 |       1 | BIG BEN      | sales@2017 | 7132300027 |        1 |
|  7782 | CLARK   | MANAGER    | 7839 | 1981-06-09 |  2450 | NULL |     10 |       3 | CLARK        | r50mpm     | 7032300001 |        1 |
|  7788 | SCOTT   | ANALYST    | 7566 | 1982-12-09 |  3000 | NULL |     20 |       3 | WHITE SAND   | a12recmpm  | NULL       |        1 |
|  7839 | KING    | PRESIDENT  | NULL | 1981-11-17 |  5000 | NULL |     10 |       1 | KING         | r50mpm     | 7132300081 |        1 |
|  7844 | TURNER  | SALESMAN   | 7698 | 1981-09-08 |  1500 |    0 |     30 |       5 | SAND DUST    | sales@2017 | NULL       |        1 |
|  7876 | ADAMS   | CLERK      | 7788 | 1983-01-12 |  1100 | NULL |     20 |       1 | CRAZY ANYONE | a12recmpm  | 7132300086 |        1 |
|  7900 | JAMES   | CLERK      | 7698 | 1981-12-03 |   950 | NULL |     30 |       2 | CRAZY LEADER | sales@2017 | 7132300042 |        1 |
|  7902 | FORD    | ANALYST    | 7566 | 1981-12-03 |  3000 | NULL |     20 |       4 | CONBRIO      | a12recmpm  | NULL       |        0 |
|  7919 | HOFFMAN | MANAGER    | 7566 | 1982-03-24 |  4150 | NULL |     30 |       3 | INTERVAL     | sales@2017 | NULL       |        1 |
|  7920 | GRASS   | SALESMAN   | 7919 | 1980-02-14 |  2575 | 2700 |     30 |       5 | GRASS        | sales@2017 | NULL       |        1 |
|  7934 | MILLER  | CLERK      | 7782 | 1982-01-23 |  1300 | NULL |     10 |       2 | QUARTERNOTE  | r50mpm     | 7132300055 |        0 |
|  7945 | AARUSH  | SALESMAN   | 7902 | 1980-02-14 |  1350 | 2700 |     30 |    NULL | AARUSH       | ABCDEF     | NULL       |        0 |
|  7949 | ALEX    | MANAGER    | 7698 | 1982-01-24 |  1250 |  500 |     30 |       5 | QUARTERREST  | sales@2017 | 7156567183 |        1 |
|  7950 | SALEEL  | supervisor | 7788 | 2021-12-02 | 45000 | NULL |     20 |       1 | saleel       | saleel@431 | 9850884228 |        0 |
+-------+---------+------------+------+------------+-------+------+--------+---------+--------------+------------+------------+----------+
21 rows in set (0.00 sec)

mysql> select * from emp e;
+-------+---------+------------+------+------------+-------+------+--------+---------+--------------+------------+------------+----------+
| EMPNO | ENAME   | JOB        | MGR  | HIREDATE   | SAL   | COMM | DEPTNO | BONUSID | USER NAME    | PWD        | phone      | isActive |
+-------+---------+------------+------+------------+-------+------+--------+---------+--------------+------------+------------+----------+
|  7369 | SMITH   | CLERK      | 7902 | 1980-12-17 |   800 | NULL |     20 |       2 | TRITONE      | a12recmpm  | 7032300023 |        0 |
|  7415 | AARAV   | CLERK      | 7902 | 1981-12-31 |  3350 | NULL |     10 |    NULL | AARAV        | NULL       | 7032300084 |        0 |
|  7421 | THOMAS  | CLERK      | 7920 | 1981-07-19 |  1750 | NULL |     10 |       1 | THOMAS       | r50mpm     | 7032300011 |        0 |
|  7499 | ALLEN   | SALESMAN   | 7698 | 1981-02-20 |  1600 |  300 |     30 |       4 | ALWAYS TESTE | sales@2017 | 7032300096 |        1 |
|  7521 | WARD    | SALESMAN   | 7698 | 1981-02-22 |  1250 |  500 |     30 |       1 | WARD         | sales@2017 | 7132300034 |        1 |
|  7566 | JONES   | MANAGER    | 7839 | 1981-04-02 |  2975 | NULL |     20 |       4 | HONEYCOMB    | a12recmpm  | 7132300039 |        1 |
|  7654 | MARTIN  | SALESMAN   | 7698 | 1981-09-28 |  1250 | 1400 |     30 |       6 | LIFE RACER   | sales@2017 | 7132300050 |        1 |
|  7698 | BLAKE   | MANAGER    | 7839 | 1981-05-01 |  2850 | NULL |     30 |       1 | BIG BEN      | sales@2017 | 7132300027 |        1 |
|  7782 | CLARK   | MANAGER    | 7839 | 1981-06-09 |  2450 | NULL |     10 |       3 | CLARK        | r50mpm     | 7032300001 |        1 |
|  7788 | SCOTT   | ANALYST    | 7566 | 1982-12-09 |  3000 | NULL |     20 |       3 | WHITE SAND   | a12recmpm  | NULL       |        1 |
|  7839 | KING    | PRESIDENT  | NULL | 1981-11-17 |  5000 | NULL |     10 |       1 | KING         | r50mpm     | 7132300081 |        1 |
|  7844 | TURNER  | SALESMAN   | 7698 | 1981-09-08 |  1500 |    0 |     30 |       5 | SAND DUST    | sales@2017 | NULL       |        1 |
|  7876 | ADAMS   | CLERK      | 7788 | 1983-01-12 |  1100 | NULL |     20 |       1 | CRAZY ANYONE | a12recmpm  | 7132300086 |        1 |
|  7900 | JAMES   | CLERK      | 7698 | 1981-12-03 |   950 | NULL |     30 |       2 | CRAZY LEADER | sales@2017 | 7132300042 |        1 |
|  7902 | FORD    | ANALYST    | 7566 | 1981-12-03 |  3000 | NULL |     20 |       4 | CONBRIO      | a12recmpm  | NULL       |        0 |
|  7919 | HOFFMAN | MANAGER    | 7566 | 1982-03-24 |  4150 | NULL |     30 |       3 | INTERVAL     | sales@2017 | NULL       |        1 |
|  7920 | GRASS   | SALESMAN   | 7919 | 1980-02-14 |  2575 | 2700 |     30 |       5 | GRASS        | sales@2017 | NULL       |        1 |
|  7934 | MILLER  | CLERK      | 7782 | 1982-01-23 |  1300 | NULL |     10 |       2 | QUARTERNOTE  | r50mpm     | 7132300055 |        0 |
|  7945 | AARUSH  | SALESMAN   | 7902 | 1980-02-14 |  1350 | 2700 |     30 |    NULL | AARUSH       | ABCDEF     | NULL       |        0 |
|  7949 | ALEX    | MANAGER    | 7698 | 1982-01-24 |  1250 |  500 |     30 |       5 | QUARTERREST  | sales@2017 | 7156567183 |        1 |
|  7950 | SALEEL  | supervisor | 7788 | 2021-12-02 | 45000 | NULL |     20 |       1 | saleel       | saleel@431 | 9850884228 |        0 |
+-------+---------+------------+------+------------+-------+------+--------+---------+--------------+------------+------------+----------+
21 rows in set (0.00 sec)

mysql> select * from emp m;
+-------+---------+------------+------+------------+-------+------+--------+---------+--------------+------------+------------+----------+
| EMPNO | ENAME   | JOB        | MGR  | HIREDATE   | SAL   | COMM | DEPTNO | BONUSID | USER NAME    | PWD        | phone      | isActive |
+-------+---------+------------+------+------------+-------+------+--------+---------+--------------+------------+------------+----------+
|  7369 | SMITH   | CLERK      | 7902 | 1980-12-17 |   800 | NULL |     20 |       2 | TRITONE      | a12recmpm  | 7032300023 |        0 |
|  7415 | AARAV   | CLERK      | 7902 | 1981-12-31 |  3350 | NULL |     10 |    NULL | AARAV        | NULL       | 7032300084 |        0 |
|  7421 | THOMAS  | CLERK      | 7920 | 1981-07-19 |  1750 | NULL |     10 |       1 | THOMAS       | r50mpm     | 7032300011 |        0 |
|  7499 | ALLEN   | SALESMAN   | 7698 | 1981-02-20 |  1600 |  300 |     30 |       4 | ALWAYS TESTE | sales@2017 | 7032300096 |        1 |
|  7521 | WARD    | SALESMAN   | 7698 | 1981-02-22 |  1250 |  500 |     30 |       1 | WARD         | sales@2017 | 7132300034 |        1 |
|  7566 | JONES   | MANAGER    | 7839 | 1981-04-02 |  2975 | NULL |     20 |       4 | HONEYCOMB    | a12recmpm  | 7132300039 |        1 |
|  7654 | MARTIN  | SALESMAN   | 7698 | 1981-09-28 |  1250 | 1400 |     30 |       6 | LIFE RACER   | sales@2017 | 7132300050 |        1 |
|  7698 | BLAKE   | MANAGER    | 7839 | 1981-05-01 |  2850 | NULL |     30 |       1 | BIG BEN      | sales@2017 | 7132300027 |        1 |
|  7782 | CLARK   | MANAGER    | 7839 | 1981-06-09 |  2450 | NULL |     10 |       3 | CLARK        | r50mpm     | 7032300001 |        1 |
|  7788 | SCOTT   | ANALYST    | 7566 | 1982-12-09 |  3000 | NULL |     20 |       3 | WHITE SAND   | a12recmpm  | NULL       |        1 |
|  7839 | KING    | PRESIDENT  | NULL | 1981-11-17 |  5000 | NULL |     10 |       1 | KING         | r50mpm     | 7132300081 |        1 |
|  7844 | TURNER  | SALESMAN   | 7698 | 1981-09-08 |  1500 |    0 |     30 |       5 | SAND DUST    | sales@2017 | NULL       |        1 |
|  7876 | ADAMS   | CLERK      | 7788 | 1983-01-12 |  1100 | NULL |     20 |       1 | CRAZY ANYONE | a12recmpm  | 7132300086 |        1 |
|  7900 | JAMES   | CLERK      | 7698 | 1981-12-03 |   950 | NULL |     30 |       2 | CRAZY LEADER | sales@2017 | 7132300042 |        1 |
|  7902 | FORD    | ANALYST    | 7566 | 1981-12-03 |  3000 | NULL |     20 |       4 | CONBRIO      | a12recmpm  | NULL       |        0 |
|  7919 | HOFFMAN | MANAGER    | 7566 | 1982-03-24 |  4150 | NULL |     30 |       3 | INTERVAL     | sales@2017 | NULL       |        1 |
|  7920 | GRASS   | SALESMAN   | 7919 | 1980-02-14 |  2575 | 2700 |     30 |       5 | GRASS        | sales@2017 | NULL       |        1 |
|  7934 | MILLER  | CLERK      | 7782 | 1982-01-23 |  1300 | NULL |     10 |       2 | QUARTERNOTE  | r50mpm     | 7132300055 |        0 |
|  7945 | AARUSH  | SALESMAN   | 7902 | 1980-02-14 |  1350 | 2700 |     30 |    NULL | AARUSH       | ABCDEF     | NULL       |        0 |
|  7949 | ALEX    | MANAGER    | 7698 | 1982-01-24 |  1250 |  500 |     30 |       5 | QUARTERREST  | sales@2017 | 7156567183 |        1 |
|  7950 | SALEEL  | supervisor | 7788 | 2021-12-02 | 45000 | NULL |     20 |       1 | saleel       | saleel@431 | 9850884228 |        0 |
+-------+---------+------------+------+------------+-------+------+--------+---------+--------------+------------+------------+----------+
21 rows in set (0.00 sec)

mysql>
mysql> select e.ename, m.ename from emp e, emp m where e.mgr = m.empno;
+---------+---------+
| ename   | ename   |
+---------+---------+
| SMITH   | FORD    |
| AARAV   | FORD    |
| THOMAS  | GRASS   |
| ALLEN   | BLAKE   |
| WARD    | BLAKE   |
| JONES   | KING    |
| MARTIN  | BLAKE   |
| BLAKE   | KING    |
| CLARK   | KING    |
| SCOTT   | JONES   |
| TURNER  | BLAKE   |
| ADAMS   | SCOTT   |
| JAMES   | BLAKE   |
| FORD    | JONES   |
| HOFFMAN | JONES   |
| GRASS   | HOFFMAN |
| MILLER  | CLARK   |
| AARUSH  | FORD    |
| ALEX    | BLAKE   |
| SALEEL  | SCOTT   |
+---------+---------+
20 rows in set (0.00 sec)

mysql> select e.ename Employees, m.ename Managers from emp e, emp m where e.mgr = m.empno;
+-----------+----------+
| Employees | Managers |
+-----------+----------+
| SMITH     | FORD     |
| AARAV     | FORD     |
| THOMAS    | GRASS    |
| ALLEN     | BLAKE    |
| WARD      | BLAKE    |
| JONES     | KING     |
| MARTIN    | BLAKE    |
| BLAKE     | KING     |
| CLARK     | KING     |
| SCOTT     | JONES    |
| TURNER    | BLAKE    |
| ADAMS     | SCOTT    |
| JAMES     | BLAKE    |
| FORD      | JONES    |
| HOFFMAN   | JONES    |
| GRASS     | HOFFMAN  |
| MILLER    | CLARK    |
| AARUSH    | FORD     |
| ALEX      | BLAKE    |
| SALEEL    | SCOTT    |
+-----------+----------+
20 rows in set (0.00 sec)

mysql> select e.ename Employees, m.ename Managers from emp e, emp m where m.empno = e.mgr;
+-----------+----------+
| Employees | Managers |
+-----------+----------+
| SMITH     | FORD     |
| AARAV     | FORD     |
| THOMAS    | GRASS    |
| ALLEN     | BLAKE    |
| WARD      | BLAKE    |
| JONES     | KING     |
| MARTIN    | BLAKE    |
| BLAKE     | KING     |
| CLARK     | KING     |
| SCOTT     | JONES    |
| TURNER    | BLAKE    |
| ADAMS     | SCOTT    |
| JAMES     | BLAKE    |
| FORD      | JONES    |
| HOFFMAN   | JONES    |
| GRASS     | HOFFMAN  |
| MILLER    | CLARK    |
| AARUSH    | FORD     |
| ALEX      | BLAKE    |
| SALEEL    | SCOTT    |
+-----------+----------+
20 rows in set (0.00 sec)

mysql> select * from emp order by hiredate;
+-------+---------+------------+------+------------+-------+------+--------+---------+--------------+------------+------------+----------+
| EMPNO | ENAME   | JOB        | MGR  | HIREDATE   | SAL   | COMM | DEPTNO | BONUSID | USER NAME    | PWD        | phone      | isActive |
+-------+---------+------------+------+------------+-------+------+--------+---------+--------------+------------+------------+----------+
|  7920 | GRASS   | SALESMAN   | 7919 | 1980-02-14 |  2575 | 2700 |     30 |       5 | GRASS        | sales@2017 | NULL       |        1 |
|  7945 | AARUSH  | SALESMAN   | 7902 | 1980-02-14 |  1350 | 2700 |     30 |    NULL | AARUSH       | ABCDEF     | NULL       |        0 |
|  7369 | SMITH   | CLERK      | 7902 | 1980-12-17 |   800 | NULL |     20 |       2 | TRITONE      | a12recmpm  | 7032300023 |        0 |
|  7499 | ALLEN   | SALESMAN   | 7698 | 1981-02-20 |  1600 |  300 |     30 |       4 | ALWAYS TESTE | sales@2017 | 7032300096 |        1 |
|  7521 | WARD    | SALESMAN   | 7698 | 1981-02-22 |  1250 |  500 |     30 |       1 | WARD         | sales@2017 | 7132300034 |        1 |
|  7566 | JONES   | MANAGER    | 7839 | 1981-04-02 |  2975 | NULL |     20 |       4 | HONEYCOMB    | a12recmpm  | 7132300039 |        1 |
|  7698 | BLAKE   | MANAGER    | 7839 | 1981-05-01 |  2850 | NULL |     30 |       1 | BIG BEN      | sales@2017 | 7132300027 |        1 |
|  7782 | CLARK   | MANAGER    | 7839 | 1981-06-09 |  2450 | NULL |     10 |       3 | CLARK        | r50mpm     | 7032300001 |        1 |
|  7421 | THOMAS  | CLERK      | 7920 | 1981-07-19 |  1750 | NULL |     10 |       1 | THOMAS       | r50mpm     | 7032300011 |        0 |
|  7844 | TURNER  | SALESMAN   | 7698 | 1981-09-08 |  1500 |    0 |     30 |       5 | SAND DUST    | sales@2017 | NULL       |        1 |
|  7654 | MARTIN  | SALESMAN   | 7698 | 1981-09-28 |  1250 | 1400 |     30 |       6 | LIFE RACER   | sales@2017 | 7132300050 |        1 |
|  7839 | KING    | PRESIDENT  | NULL | 1981-11-17 |  5000 | NULL |     10 |       1 | KING         | r50mpm     | 7132300081 |        1 |
|  7900 | JAMES   | CLERK      | 7698 | 1981-12-03 |   950 | NULL |     30 |       2 | CRAZY LEADER | sales@2017 | 7132300042 |        1 |
|  7902 | FORD    | ANALYST    | 7566 | 1981-12-03 |  3000 | NULL |     20 |       4 | CONBRIO      | a12recmpm  | NULL       |        0 |
|  7415 | AARAV   | CLERK      | 7902 | 1981-12-31 |  3350 | NULL |     10 |    NULL | AARAV        | NULL       | 7032300084 |        0 |
|  7934 | MILLER  | CLERK      | 7782 | 1982-01-23 |  1300 | NULL |     10 |       2 | QUARTERNOTE  | r50mpm     | 7132300055 |        0 |
|  7949 | ALEX    | MANAGER    | 7698 | 1982-01-24 |  1250 |  500 |     30 |       5 | QUARTERREST  | sales@2017 | 7156567183 |        1 |
|  7919 | HOFFMAN | MANAGER    | 7566 | 1982-03-24 |  4150 | NULL |     30 |       3 | INTERVAL     | sales@2017 | NULL       |        1 |
|  7788 | SCOTT   | ANALYST    | 7566 | 1982-12-09 |  3000 | NULL |     20 |       3 | WHITE SAND   | a12recmpm  | NULL       |        1 |
|  7876 | ADAMS   | CLERK      | 7788 | 1983-01-12 |  1100 | NULL |     20 |       1 | CRAZY ANYONE | a12recmpm  | 7132300086 |        1 |
|  7950 | SALEEL  | supervisor | 7788 | 2021-12-02 | 45000 | NULL |     20 |       1 | saleel       | saleel@431 | 9850884228 |        0 |
+-------+---------+------------+------+------------+-------+------+--------+---------+--------------+------------+------------+----------+
21 rows in set (0.00 sec)

mysql> select deptno from emp;
+--------+
| deptno |
+--------+
|     10 |
|     10 |
|     10 |
|     10 |
|     10 |
|     20 |
|     20 |
|     20 |
|     20 |
|     20 |
|     20 |
|     30 |
|     30 |
|     30 |
|     30 |
|     30 |
|     30 |
|     30 |
|     30 |
|     30 |
|     30 |
+--------+
21 rows in set (0.00 sec)

mysql> select deptno from dept;
+--------+
| deptno |
+--------+
|     10 |
|     20 |
|     30 |
|     40 |
+--------+
4 rows in set (0.00 sec)

mysql> select deptno from emp union  select deptno from dept;
+--------+
| deptno |
+--------+
|     10 |
|     20 |
|     30 |
|     40 |
+--------+
4 rows in set (0.01 sec)

mysql> select job, deptno from emp union  select deptno from dept;
ERROR 1222 (21000): The used SELECT statements have a different number of columns
mysql> select job from emp union  select deptno from dept;
+------------+
| job        |
+------------+
| CLERK      |
| SALESMAN   |
| MANAGER    |
| ANALYST    |
| PRESIDENT  |
| supervisor |
| 10         |
| 20         |
| 30         |
| 40         |
+------------+
10 rows in set (0.00 sec)

mysql> select job from emp;
+------------+
| job        |
+------------+
| CLERK      |
| CLERK      |
| CLERK      |
| SALESMAN   |
| SALESMAN   |
| MANAGER    |
| SALESMAN   |
| MANAGER    |
| MANAGER    |
| ANALYST    |
| PRESIDENT  |
| SALESMAN   |
| CLERK      |
| CLERK      |
| ANALYST    |
| MANAGER    |
| SALESMAN   |
| CLERK      |
| SALESMAN   |
| MANAGER    |
| supervisor |
+------------+
21 rows in set (0.00 sec)

mysql> select deptno from dept;
+--------+
| deptno |
+--------+
|     10 |
|     20 |
|     30 |
|     40 |
+--------+
4 rows in set (0.00 sec)

mysql> select job from emp union  select deptno from dept;
+------------+
| job        |
+------------+
| CLERK      |
| SALESMAN   |
| MANAGER    |
| ANALYST    |
| PRESIDENT  |
| supervisor |
| 10         |
| 20         |
| 30         |
| 40         |
+------------+
10 rows in set (0.00 sec)

mysql> select job from emp union all select deptno from dept;
+------------+
| job        |
+------------+
| CLERK      |
| CLERK      |
| CLERK      |
| SALESMAN   |
| SALESMAN   |
| MANAGER    |
| SALESMAN   |
| MANAGER    |
| MANAGER    |
| ANALYST    |
| PRESIDENT  |
| SALESMAN   |
| CLERK      |
| CLERK      |
| ANALYST    |
| MANAGER    |
| SALESMAN   |
| CLERK      |
| SALESMAN   |
| MANAGER    |
| supervisor |
| 10         |
| 20         |
| 30         |
| 40         |
+------------+
25 rows in set (0.00 sec)

mysql> select deptno from emp union select deptno from dept;
+--------+
| deptno |
+--------+
|     10 |
|     20 |
|     30 |
|     40 |
+--------+
4 rows in set (0.00 sec)

mysql> select deptno from emp union all select deptno from dept;
+--------+
| deptno |
+--------+
|     10 |
|     10 |
|     10 |
|     10 |
|     10 |
|     20 |
|     20 |
|     20 |
|     20 |
|     20 |
|     20 |
|     30 |
|     30 |
|     30 |
|     30 |
|     30 |
|     30 |
|     30 |
|     30 |
|     30 |
|     30 |
|     10 |
|     20 |
|     30 |
|     40 |
+--------+
25 rows in set (0.00 sec)

mysql> desc emp;
+-----------+-------------+------+-----+---------+-------+
| Field     | Type        | Null | Key | Default | Extra |
+-----------+-------------+------+-----+---------+-------+
| EMPNO     | int(11)     | NO   | PRI | NULL    |       |
| ENAME     | varchar(12) | YES  |     | NULL    |       |
| JOB       | varchar(20) | YES  |     | NULL    |       |
| MGR       | int(11)     | YES  | MUL | NULL    |       |
| HIREDATE  | date        | YES  |     | NULL    |       |
| SAL       | int(11)     | YES  |     | NULL    |       |
| COMM      | int(11)     | YES  |     | NULL    |       |
| DEPTNO    | int(11)     | NO   | MUL | NULL    |       |
| BONUSID   | int(11)     | YES  |     | NULL    |       |
| USER NAME | varchar(20) | YES  |     | NULL    |       |
| PWD       | varchar(20) | YES  |     | NULL    |       |
| phone     | varchar(45) | YES  |     | NULL    |       |
| isActive  | tinyint(1)  | YES  |     | NULL    |       |
+-----------+-------------+------+-----+---------+-------+
13 rows in set (0.00 sec)

mysql> desc emp1;
+----------+-------------+------+-----+---------+-------+
| Field    | Type        | Null | Key | Default | Extra |
+----------+-------------+------+-----+---------+-------+
| EMPNO    | int(11)     | NO   | PRI | NULL    |       |
| ENAME    | varchar(12) | YES  |     | NULL    |       |
| JOB      | varchar(20) | YES  |     | NULL    |       |
| MGR      | int(11)     | YES  | MUL | NULL    |       |
| HIREDATE | datetime    | YES  |     | NULL    |       |
| SAL      | float(7,2)  | YES  |     | NULL    |       |
| COMM     | float(7,2)  | YES  |     | NULL    |       |
| DEPTNO   | int(11)     | NO   | MUL | NULL    |       |
| HOBBYID  | int(11)     | YES  |     | NULL    |       |
| BONUSID  | int(11)     | YES  |     | NULL    |       |
+----------+-------------+------+-----+---------+-------+
10 rows in set (0.00 sec)

mysql> select empno from emp union  select empno fromf emp1;
ERROR 1064 (42000): You have an error in your SQL syntax; check the manual that corresponds to your MySQL server version for the right syntax to use near 'emp1' at line 1
mysql> select empno from emp union  select empno from emp1;
+-------+
| empno |
+-------+
|  7415 |
|  7421 |
|  7782 |
|  7839 |
|  7934 |
|  7369 |
|  7566 |
|  7788 |
|  7876 |
|  7902 |
|  7950 |
|  7499 |
|  7521 |
|  7654 |
|  7698 |
|  7844 |
|  7900 |
|  7919 |
|  7920 |
|  7945 |
|  7949 |
|  3189 |
|  6980 |
|  1016 |
|  2099 |
|  2877 |
|  4934 |
|  9434 |
|  9822 |
|  3002 |
|  3267 |
|  6342 |
|  6345 |
|  8003 |
|  3000 |
|  3598 |
|  5001 |
|  7005 |
|  5002 |
|  7006 |
|  6001 |
|  3001 |
|  5003 |
|  6843 |
|  9277 |
|  3003 |
|  6003 |
|  7877 |
|  9452 |
|  7007 |
|  1000 |
|  1001 |
|  1002 |
|  1003 |
|  1004 |
|  1008 |
|  1009 |
|  1010 |
|  1011 |
|  3745 |
|  1005 |
|  1006 |
|  1007 |
|  1012 |
|  1013 |
|  1014 |
|  1015 |
|  7388 |
|  3244 |
|  9874 |
|  6002 |
|  8009 |
|  3467 |
|  6774 |
|  9341 |
+-------+
75 rows in set (0.05 sec)

mysql> select empno from emp union  select empno from emp1 order by empno;
+-------+
| empno |
+-------+
|  1000 |
|  1001 |
|  1002 |
|  1003 |
|  1004 |
|  1005 |
|  1006 |
|  1007 |
|  1008 |
|  1009 |
|  1010 |
|  1011 |
|  1012 |
|  1013 |
|  1014 |
|  1015 |
|  1016 |
|  2099 |
|  2877 |
|  3000 |
|  3001 |
|  3002 |
|  3003 |
|  3189 |
|  3244 |
|  3267 |
|  3467 |
|  3598 |
|  3745 |
|  4934 |
|  5001 |
|  5002 |
|  5003 |
|  6001 |
|  6002 |
|  6003 |
|  6342 |
|  6345 |
|  6774 |
|  6843 |
|  6980 |
|  7005 |
|  7006 |
|  7007 |
|  7369 |
|  7388 |
|  7415 |
|  7421 |
|  7499 |
|  7521 |
|  7566 |
|  7654 |
|  7698 |
|  7782 |
|  7788 |
|  7839 |
|  7844 |
|  7876 |
|  7877 |
|  7900 |
|  7902 |
|  7919 |
|  7920 |
|  7934 |
|  7945 |
|  7949 |
|  7950 |
|  8003 |
|  8009 |
|  9277 |
|  9341 |
|  9434 |
|  9452 |
|  9822 |
|  9874 |
+-------+
75 rows in set (0.00 sec)

mysql> select empno from emp order by empno union  select empno from emp1
    -> ;
ERROR 1064 (42000): You have an error in your SQL syntax; check the manual that corresponds to your MySQL server version for the right syntax to use near 'union  select empno from emp1' at line 1
mysql> select empno from emp order by empno union  select empno from emp1;
ERROR 1064 (42000): You have an error in your SQL syntax; check the manual that corresponds to your MySQL server version for the right syntax to use near 'union  select empno from emp1' at line 1
mysql>
mysql>
mysql> (select empno from emp order by empno union)  select empno from emp1;
ERROR 1064 (42000): You have an error in your SQL syntax; check the manual that corresponds to your MySQL server version for the right syntax to use near 'union)  select empno from emp1' at line 1
mysql>
mysql> (select empno from emp order by empno) union  select empno from emp1;
+-------+
| empno |
+-------+
|  7415 |
|  7421 |
|  7782 |
|  7839 |
|  7934 |
|  7369 |
|  7566 |
|  7788 |
|  7876 |
|  7902 |
|  7950 |
|  7499 |
|  7521 |
|  7654 |
|  7698 |
|  7844 |
|  7900 |
|  7919 |
|  7920 |
|  7945 |
|  7949 |
|  3189 |
|  6980 |
|  1016 |
|  2099 |
|  2877 |
|  4934 |
|  9434 |
|  9822 |
|  3002 |
|  3267 |
|  6342 |
|  6345 |
|  8003 |
|  3000 |
|  3598 |
|  5001 |
|  7005 |
|  5002 |
|  7006 |
|  6001 |
|  3001 |
|  5003 |
|  6843 |
|  9277 |
|  3003 |
|  6003 |
|  7877 |
|  9452 |
|  7007 |
|  1000 |
|  1001 |
|  1002 |
|  1003 |
|  1004 |
|  1008 |
|  1009 |
|  1010 |
|  1011 |
|  3745 |
|  1005 |
|  1006 |
|  1007 |
|  1012 |
|  1013 |
|  1014 |
|  1015 |
|  7388 |
|  3244 |
|  9874 |
|  6002 |
|  8009 |
|  3467 |
|  6774 |
|  9341 |
+-------+
75 rows in set (0.00 sec)

mysql> select empno from emp order by empno union  select empno from emp1;
ERROR 1064 (42000): You have an error in your SQL syntax; check the manual that corresponds to your MySQL server version for the right syntax to use near 'union  select empno from emp1' at line 1
mysql>
mysql> (select empno from emp order by empno) union  select empno from emp1;
+-------+
| empno |
+-------+
|  7415 |
|  7421 |
|  7782 |
|  7839 |
|  7934 |
|  7369 |
|  7566 |
|  7788 |
|  7876 |
|  7902 |
|  7950 |
|  7499 |
|  7521 |
|  7654 |
|  7698 |
|  7844 |
|  7900 |
|  7919 |
|  7920 |
|  7945 |
|  7949 |
|  3189 |
|  6980 |
|  1016 |
|  2099 |
|  2877 |
|  4934 |
|  9434 |
|  9822 |
|  3002 |
|  3267 |
|  6342 |
|  6345 |
|  8003 |
|  3000 |
|  3598 |
|  5001 |
|  7005 |
|  5002 |
|  7006 |
|  6001 |
|  3001 |
|  5003 |
|  6843 |
|  9277 |
|  3003 |
|  6003 |
|  7877 |
|  9452 |
|  7007 |
|  1000 |
|  1001 |
|  1002 |
|  1003 |
|  1004 |
|  1008 |
|  1009 |
|  1010 |
|  1011 |
|  3745 |
|  1005 |
|  1006 |
|  1007 |
|  1012 |
|  1013 |
|  1014 |
|  1015 |
|  7388 |
|  3244 |
|  9874 |
|  6002 |
|  8009 |
|  3467 |
|  6774 |
|  9341 |
+-------+
75 rows in set (0.00 sec)

mysql> select empno from emp order by empno;
+-------+
| empno |
+-------+
|  7369 |
|  7415 |
|  7421 |
|  7499 |
|  7521 |
|  7566 |
|  7654 |
|  7698 |
|  7782 |
|  7788 |
|  7839 |
|  7844 |
|  7876 |
|  7900 |
|  7902 |
|  7919 |
|  7920 |
|  7934 |
|  7945 |
|  7949 |
|  7950 |
+-------+
21 rows in set (0.00 sec)

mysql> (select empno from emp order by empno) union  (select empno from emp1order by empno);
ERROR 1064 (42000): You have an error in your SQL syntax; check the manual that corresponds to your MySQL server version for the right syntax to use near 'by empno)' at line 1
mysql> (select empno from emp order by empno) union  (select empno from emp1 order by empno);
+-------+
| empno |
+-------+
|  7415 |
|  7421 |
|  7782 |
|  7839 |
|  7934 |
|  7369 |
|  7566 |
|  7788 |
|  7876 |
|  7902 |
|  7950 |
|  7499 |
|  7521 |
|  7654 |
|  7698 |
|  7844 |
|  7900 |
|  7919 |
|  7920 |
|  7945 |
|  7949 |
|  3189 |
|  6980 |
|  1016 |
|  2099 |
|  2877 |
|  4934 |
|  9434 |
|  9822 |
|  3002 |
|  3267 |
|  6342 |
|  6345 |
|  8003 |
|  3000 |
|  3598 |
|  5001 |
|  7005 |
|  5002 |
|  7006 |
|  6001 |
|  3001 |
|  5003 |
|  6843 |
|  9277 |
|  3003 |
|  6003 |
|  7877 |
|  9452 |
|  7007 |
|  1000 |
|  1001 |
|  1002 |
|  1003 |
|  1004 |
|  1008 |
|  1009 |
|  1010 |
|  1011 |
|  3745 |
|  1005 |
|  1006 |
|  1007 |
|  1012 |
|  1013 |
|  1014 |
|  1015 |
|  7388 |
|  3244 |
|  9874 |
|  6002 |
|  8009 |
|  3467 |
|  6774 |
|  9341 |
+-------+
75 rows in set (0.00 sec)

mysql> select empno from emp union  (select empno from emp1 order by empno);
+-------+
| empno |
+-------+
|  7415 |
|  7421 |
|  7782 |
|  7839 |
|  7934 |
|  7369 |
|  7566 |
|  7788 |
|  7876 |
|  7902 |
|  7950 |
|  7499 |
|  7521 |
|  7654 |
|  7698 |
|  7844 |
|  7900 |
|  7919 |
|  7920 |
|  7945 |
|  7949 |
|  3189 |
|  6980 |
|  1016 |
|  2099 |
|  2877 |
|  4934 |
|  9434 |
|  9822 |
|  3002 |
|  3267 |
|  6342 |
|  6345 |
|  8003 |
|  3000 |
|  3598 |
|  5001 |
|  7005 |
|  5002 |
|  7006 |
|  6001 |
|  3001 |
|  5003 |
|  6843 |
|  9277 |
|  3003 |
|  6003 |
|  7877 |
|  9452 |
|  7007 |
|  1000 |
|  1001 |
|  1002 |
|  1003 |
|  1004 |
|  1008 |
|  1009 |
|  1010 |
|  1011 |
|  3745 |
|  1005 |
|  1006 |
|  1007 |
|  1012 |
|  1013 |
|  1014 |
|  1015 |
|  7388 |
|  3244 |
|  9874 |
|  6002 |
|  8009 |
|  3467 |
|  6774 |
|  9341 |
+-------+
75 rows in set (0.00 sec)

mysql> select empno, ename from emp union  (select empno,dname from emp1 order by dname);
ERROR 1054 (42S22): Unknown column 'dname' in 'field list'
mysql> select empno, ename from emp union  (select empno, ename from emp1 order by dname);
ERROR 1054 (42S22): Unknown column 'dname' in 'order clause'
mysql> select empno, ename from emp union  (select empno, ename from emp1 order by ename);
+-------+-------------+
| empno | ename       |
+-------+-------------+
|  7369 | SMITH       |
|  7415 | AARAV       |
|  7421 | THOMAS      |
|  7499 | ALLEN       |
|  7521 | WARD        |
|  7566 | JONES       |
|  7654 | MARTIN      |
|  7698 | BLAKE       |
|  7782 | CLARK       |
|  7788 | SCOTT       |
|  7839 | KING        |
|  7844 | TURNER      |
|  7876 | ADAMS       |
|  7900 | JAMES       |
|  7902 | FORD        |
|  7919 | HOFFMAN     |
|  7920 | GRASS       |
|  7934 | MILLER      |
|  7945 | AARUSH      |
|  7949 | ALEX        |
|  7950 | SALEEL      |
|  1000 | Alice       |
|  1001 | Victor      |
|  1002 | Jack        |
|  1003 | William     |
|  1004 | Rose        |
|  1005 | Kate        |
|  1006 | William     |
|  1007 | Matthew     |
|  1008 | MAI         |
|  1009 | ZARIA       |
|  1010 | MAYA        |
|  1011 | ROSE        |
|  1012 | KATE        |
|  1013 | TINA        |
|  1014 | MARY        |
|  1015 | TESSA       |
|  1016 | STEVEN      |
|  2099 | SHERLOCK    |
|  2877 | STEPHEN     |
|  3000 | Aaron       |
|  3001 | Alexander   |
|  3002 | Brooke      |
|  3003 | Bruce       |
|  3189 | Eli         |
|  3244 | shelley     |
|  3267 | Clive       |
|  3467 | Christopher |
|  3598 | Dirk        |
|  3745 | ely         |
|  4934 | SHERLOCK    |
|  5001 | AARON       |
|  5002 | ALEXANDER   |
|  5003 | BROOKE      |
|  6001 | BRUCE       |
|  6002 | CHRISTOPHER |
|  6003 | CLIVE       |
|  6342 | joel        |
|  6345 | jay         |
|  6774 | joe         |
|  6843 | matthew     |
|  6980 | louis       |
|  7005 | DIRK        |
|  7006 | ELI         |
|  7007 | ELY         |
|  7388 | TROY        |
|  7877 | STEPHEN     |
|  8003 | THOMAS      |
|  8009 | SHELLEY     |
|  9277 | stephen     |
|  9341 | thomas      |
|  9434 | sherlock    |
|  9452 | sherlock    |
|  9822 | troy        |
|  9874 | stephen     |
+-------+-------------+
75 rows in set (0.00 sec)

mysql> select empno from emp union  select empno from emp1 order by empno;
+-------+
| empno |
+-------+
|  1000 |
|  1001 |
|  1002 |
|  1003 |
|  1004 |
|  1005 |
|  1006 |
|  1007 |
|  1008 |
|  1009 |
|  1010 |
|  1011 |
|  1012 |
|  1013 |
|  1014 |
|  1015 |
|  1016 |
|  2099 |
|  2877 |
|  3000 |
|  3001 |
|  3002 |
|  3003 |
|  3189 |
|  3244 |
|  3267 |
|  3467 |
|  3598 |
|  3745 |
|  4934 |
|  5001 |
|  5002 |
|  5003 |
|  6001 |
|  6002 |
|  6003 |
|  6342 |
|  6345 |
|  6774 |
|  6843 |
|  6980 |
|  7005 |
|  7006 |
|  7007 |
|  7369 |
|  7388 |
|  7415 |
|  7421 |
|  7499 |
|  7521 |
|  7566 |
|  7654 |
|  7698 |
|  7782 |
|  7788 |
|  7839 |
|  7844 |
|  7876 |
|  7877 |
|  7900 |
|  7902 |
|  7919 |
|  7920 |
|  7934 |
|  7945 |
|  7949 |
|  7950 |
|  8003 |
|  8009 |
|  9277 |
|  9341 |
|  9434 |
|  9452 |
|  9822 |
|  9874 |
+-------+
75 rows in set (0.00 sec)

mysql> select empno from emp union  (select empno from emp1 order by empno);
+-------+
| empno |
+-------+
|  7415 |
|  7421 |
|  7782 |
|  7839 |
|  7934 |
|  7369 |
|  7566 |
|  7788 |
|  7876 |
|  7902 |
|  7950 |
|  7499 |
|  7521 |
|  7654 |
|  7698 |
|  7844 |
|  7900 |
|  7919 |
|  7920 |
|  7945 |
|  7949 |
|  3189 |
|  6980 |
|  1016 |
|  2099 |
|  2877 |
|  4934 |
|  9434 |
|  9822 |
|  3002 |
|  3267 |
|  6342 |
|  6345 |
|  8003 |
|  3000 |
|  3598 |
|  5001 |
|  7005 |
|  5002 |
|  7006 |
|  6001 |
|  3001 |
|  5003 |
|  6843 |
|  9277 |
|  3003 |
|  6003 |
|  7877 |
|  9452 |
|  7007 |
|  1000 |
|  1001 |
|  1002 |
|  1003 |
|  1004 |
|  1008 |
|  1009 |
|  1010 |
|  1011 |
|  3745 |
|  1005 |
|  1006 |
|  1007 |
|  1012 |
|  1013 |
|  1014 |
|  1015 |
|  7388 |
|  3244 |
|  9874 |
|  6002 |
|  8009 |
|  3467 |
|  6774 |
|  9341 |
+-------+
75 rows in set (0.00 sec)

mysql> select empno frome emp1 order by empno;
ERROR 1064 (42000): You have an error in your SQL syntax; check the manual that corresponds to your MySQL server version for the right syntax to use near 'emp1 order by empno' at line 1
mysql> select empno from emp1 order by empno;
+-------+
| empno |
+-------+
|  1000 |
|  1001 |
|  1002 |
|  1003 |
|  1004 |
|  1005 |
|  1006 |
|  1007 |
|  1008 |
|  1009 |
|  1010 |
|  1011 |
|  1012 |
|  1013 |
|  1014 |
|  1015 |
|  1016 |
|  2099 |
|  2877 |
|  3000 |
|  3001 |
|  3002 |
|  3003 |
|  3189 |
|  3244 |
|  3267 |
|  3467 |
|  3598 |
|  3745 |
|  4934 |
|  5001 |
|  5002 |
|  5003 |
|  6001 |
|  6002 |
|  6003 |
|  6342 |
|  6345 |
|  6774 |
|  6843 |
|  6980 |
|  7005 |
|  7006 |
|  7007 |
|  7369 |
|  7388 |
|  7499 |
|  7521 |
|  7566 |
|  7654 |
|  7698 |
|  7782 |
|  7788 |
|  7839 |
|  7844 |
|  7876 |
|  7877 |
|  7900 |
|  7902 |
|  7934 |
|  8003 |
|  8009 |
|  9277 |
|  9341 |
|  9434 |
|  9452 |
|  9822 |
|  9874 |
+-------+
68 rows in set (0.00 sec)

mysql>
mysql>
mysql>
mysql> select * from a;
+------+------+
| c1   | c2   |
+------+------+
|    1 |    1 |
|    2 |    2 |
|    3 |    3 |
|    4 |    4 |
+------+------+
4 rows in set (0.03 sec)

mysql> select * from b;
+------+------+
| c3   | c4   |
+------+------+
|   11 |    1 |
|   12 |    2 |
|   13 |    3 |
|   14 |    4 |
|   15 |    5 |
|   16 |    6 |
|   17 |    7 |
|   18 |    8 |
|   19 |    9 |
|   20 |    2 |
+------+------+
10 rows in set (0.02 sec)

mysql> select c1 from a union select c3 from b;
+------+
| c1   |
+------+
|    1 |
|    2 |
|    3 |
|    4 |
|   11 |
|   12 |
|   13 |
|   14 |
|   15 |
|   16 |
|   17 |
|   18 |
|   19 |
|   20 |
+------+
14 rows in set (0.00 sec)

mysql> select c1 from a union (select c3 from b ordre by c3) ;
ERROR 1064 (42000): You have an error in your SQL syntax; check the manual that corresponds to your MySQL server version for the right syntax to use near 'by c3)' at line 1
mysql> select c1 from a union (select c3 from b order by c3) ;
+------+
| c1   |
+------+
|    1 |
|    2 |
|    3 |
|    4 |
|   11 |
|   12 |
|   13 |
|   14 |
|   15 |
|   16 |
|   17 |
|   18 |
|   19 |
|   20 |
+------+
14 rows in set (0.00 sec)

mysql> select c1 from a union (select c3 from b order by c3 desc) ;
+------+
| c1   |
+------+
|    1 |
|    2 |
|    3 |
|    4 |
|   11 |
|   12 |
|   13 |
|   14 |
|   15 |
|   16 |
|   17 |
|   18 |
|   19 |
|   20 |
+------+
14 rows in set (0.00 sec)

mysql> (select c1 from a rder by c1 desc) union (select c3 from b order by c3 desc) ;
ERROR 1064 (42000): You have an error in your SQL syntax; check the manual that corresponds to your MySQL server version for the right syntax to use near 'by c1 desc) union (select c3 from b order by c3 desc)' at line 1
mysql> (select c1 from a order by c1 desc) union (select c3 from b order by c3 desc) ;
+------+
| c1   |
+------+
|    1 |
|    2 |
|    3 |
|    4 |
|   11 |
|   12 |
|   13 |
|   14 |
|   15 |
|   16 |
|   17 |
|   18 |
|   19 |
|   20 |
+------+
14 rows in set (0.00 sec)

mysql> (select c1 from a order by c1 desc) union select c3 from b ;
+------+
| c1   |
+------+
|    1 |
|    2 |
|    3 |
|    4 |
|   11 |
|   12 |
|   13 |
|   14 |
|   15 |
|   16 |
|   17 |
|   18 |
|   19 |
|   20 |
+------+
14 rows in set (0.00 sec)

mysql>
mysql>
mysql>
mysql> sleect ename from emp union select dname from dept;
ERROR 1064 (42000): You have an error in your SQL syntax; check the manual that corresponds to your MySQL server version for the right syntax to use near 'sleect ename from emp union select dname from dept' at line 1
mysql> select ename from emp union select dname from dept;
+------------+
| ename      |
+------------+
| SMITH      |
| AARAV      |
| THOMAS     |
| ALLEN      |
| WARD       |
| JONES      |
| MARTIN     |
| BLAKE      |
| CLARK      |
| SCOTT      |
| KING       |
| TURNER     |
| ADAMS      |
| JAMES      |
| FORD       |
| HOFFMAN    |
| GRASS      |
| MILLER     |
| AARUSH     |
| ALEX       |
| SALEEL     |
| ACCOUNTING |
| RESEARCH   |
| SALES      |
| OPERATIONS |
+------------+
25 rows in set (0.00 sec)

mysql> (select ename from emp order by ename) union select dname from dept;
+------------+
| ename      |
+------------+
| SMITH      |
| AARAV      |
| THOMAS     |
| ALLEN      |
| WARD       |
| JONES      |
| MARTIN     |
| BLAKE      |
| CLARK      |
| SCOTT      |
| KING       |
| TURNER     |
| ADAMS      |
| JAMES      |
| FORD       |
| HOFFMAN    |
| GRASS      |
| MILLER     |
| AARUSH     |
| ALEX       |
| SALEEL     |
| ACCOUNTING |
| RESEARCH   |
| SALES      |
| OPERATIONS |
+------------+
25 rows in set (0.00 sec)

mysql> (select ename from emp order by ename) union (select dname from dept order by dname);
+------------+
| ename      |
+------------+
| SMITH      |
| AARAV      |
| THOMAS     |
| ALLEN      |
| WARD       |
| JONES      |
| MARTIN     |
| BLAKE      |
| CLARK      |
| SCOTT      |
| KING       |
| TURNER     |
| ADAMS      |
| JAMES      |
| FORD       |
| HOFFMAN    |
| GRASS      |
| MILLER     |
| AARUSH     |
| ALEX       |
| SALEEL     |
| ACCOUNTING |
| RESEARCH   |
| SALES      |
| OPERATIONS |
+------------+
25 rows in set (0.00 sec)

mysql> (select ename from emp order by ename) union (select dname from dept order by dname desc);
+------------+
| ename      |
+------------+
| SMITH      |
| AARAV      |
| THOMAS     |
| ALLEN      |
| WARD       |
| JONES      |
| MARTIN     |
| BLAKE      |
| CLARK      |
| SCOTT      |
| KING       |
| TURNER     |
| ADAMS      |
| JAMES      |
| FORD       |
| HOFFMAN    |
| GRASS      |
| MILLER     |
| AARUSH     |
| ALEX       |
| SALEEL     |
| ACCOUNTING |
| RESEARCH   |
| SALES      |
| OPERATIONS |
+------------+
25 rows in set (0.00 sec)

mysql> select deptno from emp intersect select deptno from dept;;
ERROR 1064 (42000): You have an error in your SQL syntax; check the manual that corresponds to your MySQL server version for the right syntax to use near 'select deptno from dept' at line 1
ERROR:
No query specified

mysql> select deptno from emp minus select deptno from dept;;
ERROR 1064 (42000): You have an error in your SQL syntax; check the manual that corresponds to your MySQL server version for the right syntax to use near 'select deptno from dept' at line 1
ERROR:
No query specified

mysql> select deptno from emp intersect select deptno from dept;
ERROR 1064 (42000): You have an error in your SQL syntax; check the manual that corresponds to your MySQL server version for the right syntax to use near 'select deptno from dept' at line 1
mysql> select deptno from emp minus select deptno from dept;
ERROR 1064 (42000): You have an error in your SQL syntax; check the manual that corresponds to your MySQL server version for the right syntax to use near 'select deptno from dept' at line 1
mysql>
mysql>
mysql>
mysql>
mysql> select deptno from emp;
+--------+
| deptno |
+--------+
|     10 |
|     10 |
|     10 |
|     10 |
|     10 |
|     20 |
|     20 |
|     20 |
|     20 |
|     20 |
|     20 |
|     30 |
|     30 |
|     30 |
|     30 |
|     30 |
|     30 |
|     30 |
|     30 |
|     30 |
|     30 |
+--------+
21 rows in set (0.00 sec)

mysql> select deptno from dept;
+--------+
| deptno |
+--------+
|     10 |
|     20 |
|     30 |
|     40 |
+--------+
4 rows in set (0.00 sec)

mysql> select deptno from emp where exists (select deptno from dept where emp.deptno = dept.deptno);
+--------+
| deptno |
+--------+
|     10 |
|     10 |
|     10 |
|     10 |
|     10 |
|     20 |
|     20 |
|     20 |
|     20 |
|     20 |
|     20 |
|     30 |
|     30 |
|     30 |
|     30 |
|     30 |
|     30 |
|     30 |
|     30 |
|     30 |
|     30 |
+--------+
21 rows in set (0.00 sec)

mysql> select distinct deptno from emp where exists (select deptno from dept where emp.deptno = dept.deptno);
+--------+
| deptno |
+--------+
|     10 |
|     20 |
|     30 |
+--------+
3 rows in set (0.00 sec)

mysql> select * from a;
+------+------+
| c1   | c2   |
+------+------+
|    1 |    1 |
|    2 |    2 |
|    3 |    3 |
|    4 |    4 |
+------+------+
4 rows in set (0.00 sec)

mysql> select * from b;
+------+------+
| c3   | c4   |
+------+------+
|   11 |    1 |
|   12 |    2 |
|   13 |    3 |
|   14 |    4 |
|   15 |    5 |
|   16 |    6 |
|   17 |    7 |
|   18 |    8 |
|   19 |    9 |
|   20 |    2 |
+------+------+
10 rows in set (0.00 sec)

mysql> inseret into a values(5, 10), (6, 11);
ERROR 1064 (42000): You have an error in your SQL syntax; check the manual that corresponds to your MySQL server version for the right syntax to use near 'inseret into a values(5, 10), (6, 11)' at line 1
mysql> insert into a values(5, 10), (6, 11);
Query OK, 2 rows affected (0.01 sec)
Records: 2  Duplicates: 0  Warnings: 0

mysql> select * from a;
+------+------+
| c1   | c2   |
+------+------+
|    1 |    1 |
|    2 |    2 |
|    3 |    3 |
|    4 |    4 |
|    5 |   10 |
|    6 |   11 |
+------+------+
6 rows in set (0.00 sec)

mysql> select * from b;
+------+------+
| c3   | c4   |
+------+------+
|   11 |    1 |
|   12 |    2 |
|   13 |    3 |
|   14 |    4 |
|   15 |    5 |
|   16 |    6 |
|   17 |    7 |
|   18 |    8 |
|   19 |    9 |
|   20 |    2 |
+------+------+
10 rows in set (0.00 sec)

mysql> select * from a right outer join b on a.c2 = b.c4;
+------+------+------+------+
| c1   | c2   | c3   | c4   |
+------+------+------+------+
|    1 |    1 |   11 |    1 |
|    2 |    2 |   12 |    2 |
|    2 |    2 |   20 |    2 |
|    3 |    3 |   13 |    3 |
|    4 |    4 |   14 |    4 |
| NULL | NULL |   15 |    5 |
| NULL | NULL |   16 |    6 |
| NULL | NULL |   17 |    7 |
| NULL | NULL |   18 |    8 |
| NULL | NULL |   19 |    9 |
+------+------+------+------+
10 rows in set (0.00 sec)

mysql> select * from a left outer join b on a.c2 = b.c4;
+------+------+------+------+
| c1   | c2   | c3   | c4   |
+------+------+------+------+
|    1 |    1 |   11 |    1 |
|    2 |    2 |   12 |    2 |
|    3 |    3 |   13 |    3 |
|    4 |    4 |   14 |    4 |
|    2 |    2 |   20 |    2 |
|    5 |   10 | NULL | NULL |
|    6 |   11 | NULL | NULL |
+------+------+------+------+
7 rows in set (0.00 sec)

mysql> select * from a right outer join b on a.c2 = b.c4 union select * from a left outer join b on a.c2 = b.c4;
+------+------+------+------+
| c1   | c2   | c3   | c4   |
+------+------+------+------+
|    1 |    1 |   11 |    1 |
|    2 |    2 |   12 |    2 |
|    2 |    2 |   20 |    2 |
|    3 |    3 |   13 |    3 |
|    4 |    4 |   14 |    4 |
| NULL | NULL |   15 |    5 |
| NULL | NULL |   16 |    6 |
| NULL | NULL |   17 |    7 |
| NULL | NULL |   18 |    8 |
| NULL | NULL |   19 |    9 |
|    5 |   10 | NULL | NULL |
|    6 |   11 | NULL | NULL |
+------+------+------+------+
12 rows in set (0.00 sec)

mysql> select * from orders;
+------+---------+---------------------+------+------+
| ONUM | AMT     | ODATE               | CNUM | SNUM |
+------+---------+---------------------+------+------+
| 3001 |   18.69 | 1996-10-03 12:30:00 | 2008 | 1007 |
| 3002 |  1900.1 | 1996-10-03 12:05:00 | 2007 | 1004 |
| 3003 |  767.19 | 1996-10-03 13:45:00 | 2001 | 1001 |
| 3005 | 5160.45 | 1996-10-03 14:00:00 | 2003 | 1002 |
| 3006 | 1098.16 | 1996-10-03 13:37:00 | 2008 | 1007 |
| 3007 |   75.75 | 1996-10-04 16:02:00 | 2002 | 1003 |
| 3008 |    4723 | 1996-10-05 12:07:00 | 2006 | 1001 |
| 3009 | 1713.23 | 1996-10-04 15:21:00 | 2002 | 1003 |
| 3010 | 1309.95 | 1996-10-06 13:12:00 | 2004 | 1002 |
| 3011 | 9891.88 | 1996-10-06 13:09:00 | 2006 | 1001 |
| 3012 | 3455.78 | 1996-10-04 15:21:00 | 2002 | 1003 |
| 3013 | 1245.98 | 1996-10-04 16:32:00 | 2002 | 1003 |
| 3014 | 3721.53 | 1996-10-05 12:45:00 | 2006 | 1001 |
| 3015 |   734.5 | 1996-10-06 13:16:00 | 2004 | 1002 |
| 3016 | 1729.67 | 1996-10-06 13:07:00 | 2006 | 1001 |
| 3017 |   18.69 | 1996-10-03 12:30:00 | 2001 | 1007 |
| 3018 |  767.19 | 1996-10-03 13:45:00 | 2002 | 1001 |
| 3019 |  1900.1 | 1996-10-03 12:05:00 | 2007 | 1004 |
| 3020 | 5160.45 | 1996-10-03 14:00:00 | 2003 | 1007 |
| 3021 | 1098.16 | 1996-10-03 13:37:00 | 2008 | 1007 |
| 3022 | 1713.23 | 1996-10-04 15:21:00 | 2002 | 1003 |
| 3023 |   75.75 | 1996-10-04 16:02:00 | 2002 | 1004 |
| 3024 |    4723 | 1996-10-05 12:07:00 | 2006 | 1002 |
| 3025 | 1309.95 | 1996-10-06 13:12:00 | 2002 | 1002 |
| 3026 | 9891.88 | 1996-10-06 13:09:00 | 2006 | 1001 |
| 3027 | 3455.78 | 1996-10-04 15:21:00 | 2002 | 1003 |
| 3028 | 1245.98 | 1996-10-04 16:32:00 | 2002 | 1003 |
| 3029 | 3721.53 | 1996-10-05 12:45:00 | 2006 | 1001 |
| 3030 |   734.5 | 1996-10-06 13:16:00 | 2004 | 1002 |
| 3031 | 1729.67 | 1996-10-06 13:07:00 | 2006 | 1007 |
| 3032 |    3434 | 1996-01-26 17:09:12 | 2006 | 1007 |
| 3033 |     522 | 1996-12-24 14:23:00 | 2002 | 1002 |
| 3049 |     500 | 1996-03-14 07:45:19 | 2001 | 1003 |
| 3074 |     457 | 1996-04-19 05:13:00 | 2008 | 1007 |
| 3119 |     125 | 1996-07-26 18:37:00 | 2007 | 1001 |
| 4001 |     145 | 1996-05-13 20:47:00 | 2008 | 1003 |
| 4012 |     245 | 1996-03-06 13:07:00 | 2001 | 1002 |
| 4021 |     600 | 1996-08-12 13:07:00 | 2001 | 1002 |
| 4054 |    1200 | 1996-11-22 13:07:00 | 2004 | 1003 |
| 5011 |     138 | 1996-09-14 13:07:00 | 2001 | 1007 |
| 5014 |     980 | 1996-08-23 13:07:00 | 2002 | 1007 |
| 5015 |    2133 | 1996-06-23 13:07:00 | 2004 | 1007 |
| 5053 |    1500 | 1996-01-01 13:07:00 | 2006 | 1007 |
| 5099 |     790 | 1996-04-24 13:07:00 | 2002 | 1007 |
| 6501 |     125 | 1996-06-13 13:07:00 | 2001 | 1001 |
| 6502 |     535 | 1996-08-24 13:07:00 | 2006 | 1004 |
| 6503 |    1100 | 1996-07-26 13:07:00 | 2006 | 1007 |
| 6504 |    1350 | 1996-07-21 13:07:00 | 2008 | 1007 |
+------+---------+---------------------+------+------+
48 rows in set (0.06 sec)

mysql> select distinct CNUM from orders;
+------+
| CNUM |
+------+
| 2001 |
| 2002 |
| 2003 |
| 2004 |
| 2006 |
| 2007 |
| 2008 |
+------+
7 rows in set (0.00 sec)

mysql> select distinct CNUM from customers;
+------+
| CNUM |
+------+
| 2001 |
| 2006 |
| 2003 |
| 2004 |
| 2002 |
| 2007 |
| 2008 |
| 2009 |
| 2010 |
+------+
9 rows in set (0.03 sec)

mysql> select * from customers not exists (select cnum from ordres where customers.cnum = orders.cnum);
ERROR 1064 (42000): You have an error in your SQL syntax; check the manual that corresponds to your MySQL server version for the right syntax to use near 'not exists (select cnum from ordres where customers.cnum = orders.cnum)' at line 1
mysql> select * from customers not exists (select cnum from orders where customers.cnum = orders.cnum);
ERROR 1064 (42000): You have an error in your SQL syntax; check the manual that corresponds to your MySQL server version for the right syntax to use near 'not exists (select cnum from orders where customers.cnum = orders.cnum)' at line 1
mysql> select * from customers where not exists (select cnum from orders where customers.cnum = orders.cnum);
+------+-------+--------+--------+------+
| CNUM | CNAME | CITY   | RATING | SNUM |
+------+-------+--------+--------+------+
| 2009 | Smith | Berlin |    300 | 1007 |
| 2010 | ADAMS | Berlin |    250 | 1007 |
+------+-------+--------+--------+------+
2 rows in set (0.02 sec)

mysql> select * from emp where job='manager';
+-------+---------+---------+------+------------+------+------+--------+---------+-------------+------------+------------+----------+
| EMPNO | ENAME   | JOB     | MGR  | HIREDATE   | SAL  | COMM | DEPTNO | BONUSID | USER NAME   | PWD        | phone      | isActive |
+-------+---------+---------+------+------------+------+------+--------+---------+-------------+------------+------------+----------+
|  7566 | JONES   | MANAGER | 7839 | 1981-04-02 | 2975 | NULL |     20 |       4 | HONEYCOMB   | a12recmpm  | 7132300039 |        1 |
|  7698 | BLAKE   | MANAGER | 7839 | 1981-05-01 | 2850 | NULL |     30 |       1 | BIG BEN     | sales@2017 | 7132300027 |        1 |
|  7782 | CLARK   | MANAGER | 7839 | 1981-06-09 | 2450 | NULL |     10 |       3 | CLARK       | r50mpm     | 7032300001 |        1 |
|  7919 | HOFFMAN | MANAGER | 7566 | 1982-03-24 | 4150 | NULL |     30 |       3 | INTERVAL    | sales@2017 | NULL       |        1 |
|  7949 | ALEX    | MANAGER | 7698 | 1982-01-24 | 1250 |  500 |     30 |       5 | QUARTERREST | sales@2017 | 7156567183 |        1 |
+-------+---------+---------+------+------------+------+------+--------+---------+-------------+------------+------------+----------+
5 rows in set (0.00 sec)

mysql> select * from emp where job !='manager';
+-------+--------+------------+------+------------+-------+------+--------+---------+--------------+------------+------------+----------+
| EMPNO | ENAME  | JOB        | MGR  | HIREDATE   | SAL   | COMM | DEPTNO | BONUSID | USER NAME    | PWD        | phone      | isActive |
+-------+--------+------------+------+------------+-------+------+--------+---------+--------------+------------+------------+----------+
|  7369 | SMITH  | CLERK      | 7902 | 1980-12-17 |   800 | NULL |     20 |       2 | TRITONE      | a12recmpm  | 7032300023 |        0 |
|  7415 | AARAV  | CLERK      | 7902 | 1981-12-31 |  3350 | NULL |     10 |    NULL | AARAV        | NULL       | 7032300084 |        0 |
|  7421 | THOMAS | CLERK      | 7920 | 1981-07-19 |  1750 | NULL |     10 |       1 | THOMAS       | r50mpm     | 7032300011 |        0 |
|  7499 | ALLEN  | SALESMAN   | 7698 | 1981-02-20 |  1600 |  300 |     30 |       4 | ALWAYS TESTE | sales@2017 | 7032300096 |        1 |
|  7521 | WARD   | SALESMAN   | 7698 | 1981-02-22 |  1250 |  500 |     30 |       1 | WARD         | sales@2017 | 7132300034 |        1 |
|  7654 | MARTIN | SALESMAN   | 7698 | 1981-09-28 |  1250 | 1400 |     30 |       6 | LIFE RACER   | sales@2017 | 7132300050 |        1 |
|  7788 | SCOTT  | ANALYST    | 7566 | 1982-12-09 |  3000 | NULL |     20 |       3 | WHITE SAND   | a12recmpm  | NULL       |        1 |
|  7839 | KING   | PRESIDENT  | NULL | 1981-11-17 |  5000 | NULL |     10 |       1 | KING         | r50mpm     | 7132300081 |        1 |
|  7844 | TURNER | SALESMAN   | 7698 | 1981-09-08 |  1500 |    0 |     30 |       5 | SAND DUST    | sales@2017 | NULL       |        1 |
|  7876 | ADAMS  | CLERK      | 7788 | 1983-01-12 |  1100 | NULL |     20 |       1 | CRAZY ANYONE | a12recmpm  | 7132300086 |        1 |
|  7900 | JAMES  | CLERK      | 7698 | 1981-12-03 |   950 | NULL |     30 |       2 | CRAZY LEADER | sales@2017 | 7132300042 |        1 |
|  7902 | FORD   | ANALYST    | 7566 | 1981-12-03 |  3000 | NULL |     20 |       4 | CONBRIO      | a12recmpm  | NULL       |        0 |
|  7920 | GRASS  | SALESMAN   | 7919 | 1980-02-14 |  2575 | 2700 |     30 |       5 | GRASS        | sales@2017 | NULL       |        1 |
|  7934 | MILLER | CLERK      | 7782 | 1982-01-23 |  1300 | NULL |     10 |       2 | QUARTERNOTE  | r50mpm     | 7132300055 |        0 |
|  7945 | AARUSH | SALESMAN   | 7902 | 1980-02-14 |  1350 | 2700 |     30 |    NULL | AARUSH       | ABCDEF     | NULL       |        0 |
|  7950 | SALEEL | supervisor | 7788 | 2021-12-02 | 45000 | NULL |     20 |       1 | saleel       | saleel@431 | 9850884228 |        0 |
+-------+--------+------------+------+------------+-------+------+--------+---------+--------------+------------+------------+----------+
16 rows in set (0.00 sec)

mysql> select * from emp where  not  job = 'manager';
+-------+--------+------------+------+------------+-------+------+--------+---------+--------------+------------+------------+----------+
| EMPNO | ENAME  | JOB        | MGR  | HIREDATE   | SAL   | COMM | DEPTNO | BONUSID | USER NAME    | PWD        | phone      | isActive |
+-------+--------+------------+------+------------+-------+------+--------+---------+--------------+------------+------------+----------+
|  7369 | SMITH  | CLERK      | 7902 | 1980-12-17 |   800 | NULL |     20 |       2 | TRITONE      | a12recmpm  | 7032300023 |        0 |
|  7415 | AARAV  | CLERK      | 7902 | 1981-12-31 |  3350 | NULL |     10 |    NULL | AARAV        | NULL       | 7032300084 |        0 |
|  7421 | THOMAS | CLERK      | 7920 | 1981-07-19 |  1750 | NULL |     10 |       1 | THOMAS       | r50mpm     | 7032300011 |        0 |
|  7499 | ALLEN  | SALESMAN   | 7698 | 1981-02-20 |  1600 |  300 |     30 |       4 | ALWAYS TESTE | sales@2017 | 7032300096 |        1 |
|  7521 | WARD   | SALESMAN   | 7698 | 1981-02-22 |  1250 |  500 |     30 |       1 | WARD         | sales@2017 | 7132300034 |        1 |
|  7654 | MARTIN | SALESMAN   | 7698 | 1981-09-28 |  1250 | 1400 |     30 |       6 | LIFE RACER   | sales@2017 | 7132300050 |        1 |
|  7788 | SCOTT  | ANALYST    | 7566 | 1982-12-09 |  3000 | NULL |     20 |       3 | WHITE SAND   | a12recmpm  | NULL       |        1 |
|  7839 | KING   | PRESIDENT  | NULL | 1981-11-17 |  5000 | NULL |     10 |       1 | KING         | r50mpm     | 7132300081 |        1 |
|  7844 | TURNER | SALESMAN   | 7698 | 1981-09-08 |  1500 |    0 |     30 |       5 | SAND DUST    | sales@2017 | NULL       |        1 |
|  7876 | ADAMS  | CLERK      | 7788 | 1983-01-12 |  1100 | NULL |     20 |       1 | CRAZY ANYONE | a12recmpm  | 7132300086 |        1 |
|  7900 | JAMES  | CLERK      | 7698 | 1981-12-03 |   950 | NULL |     30 |       2 | CRAZY LEADER | sales@2017 | 7132300042 |        1 |
|  7902 | FORD   | ANALYST    | 7566 | 1981-12-03 |  3000 | NULL |     20 |       4 | CONBRIO      | a12recmpm  | NULL       |        0 |
|  7920 | GRASS  | SALESMAN   | 7919 | 1980-02-14 |  2575 | 2700 |     30 |       5 | GRASS        | sales@2017 | NULL       |        1 |
|  7934 | MILLER | CLERK      | 7782 | 1982-01-23 |  1300 | NULL |     10 |       2 | QUARTERNOTE  | r50mpm     | 7132300055 |        0 |
|  7945 | AARUSH | SALESMAN   | 7902 | 1980-02-14 |  1350 | 2700 |     30 |    NULL | AARUSH       | ABCDEF     | NULL       |        0 |
|  7950 | SALEEL | supervisor | 7788 | 2021-12-02 | 45000 | NULL |     20 |       1 | saleel       | saleel@431 | 9850884228 |        0 |
+-------+--------+------------+------+------------+-------+------+--------+---------+--------------+------------+------------+----------+
16 rows in set (0.00 sec)

mysql> select * from customers where exists (select cnum from orders where customers.cnum = orders.cnum);
+------+---------+----------+--------+------+
| CNUM | CNAME   | CITY     | RATING | SNUM |
+------+---------+----------+--------+------+
| 2001 | Santosh | London   |    100 | 1001 |
| 2002 | Joe     | Rome     |    200 | 1003 |
| 2003 | Raj     | San Jose |    200 | 1002 |
| 2004 | Grass   | Berlin   |    300 | 1002 |
| 2006 | Raja    | London   |    100 | 1001 |
| 2007 | Jackson | Rome     |    100 | 1004 |
| 2008 | William | San Jose |    300 | 1007 |
+------+---------+----------+--------+------+
7 rows in set (0.00 sec)

mysql> select * from customers where not exists (select cnum from orders where customers.cnum = orders.cnum);
+------+-------+--------+--------+------+
| CNUM | CNAME | CITY   | RATING | SNUM |
+------+-------+--------+--------+------+
| 2009 | Smith | Berlin |    300 | 1007 |
| 2010 | ADAMS | Berlin |    250 | 1007 |
+------+-------+--------+--------+------+
2 rows in set (0.00 sec)

mysql> select * from dept where exists (select * from emp where dept.deptno = emp.deptno);
+--------+------------+----------+------------+
| DEPTNO | DNAME      | LOC      | PWD        |
+--------+------------+----------+------------+
|     10 | ACCOUNTING | NEW YORK | r50mpm     |
|     20 | RESEARCH   | DALLAS   | a12recmpm  |
|     30 | SALES      | CHICAGO  | sales@2017 |
+--------+------------+----------+------------+
3 rows in set (0.00 sec)

mysql>
mysql> select * from dept where not exists (select * from emp where dept.deptno = emp.deptno);
+--------+------------+--------+---------+
| DEPTNO | DNAME      | LOC    | PWD     |
+--------+------------+--------+---------+
|     40 | OPERATIONS | BOSTON | opr@123 |
+--------+------------+--------+---------+
1 row in set (0.00 sec)

mysql> select * from books;
+--------+------------+-----------+------+
| bookID | bookName   | Type      | Cost |
+--------+------------+-----------+------+
|      1 | C          | PDF File  | 1200 |
|      2 | C++        | Word File | 1000 |
|      3 | DS         | Hardcover |  950 |
|      4 | MySQL      | Paperback | 1400 |
|      5 | OSC        | Paperback | 1225 |
|      6 | HTML       | PDF File  |  650 |
|      7 | JavaScript | Paperback |  700 |
|      8 | ASDM       | PDF File  |  500 |
|      9 | .NET       | Hardcover | 2500 |
|     10 | Core Java  | PDF File  | 1500 |
|     11 | Adv. Java  | Hardcover | 1800 |
+--------+------------+-----------+------+
11 rows in set (0.05 sec)

mysql> select * from newbooks;
+--------+------------+-----------+------+
| bookID | bookName   | Type      | Cost |
+--------+------------+-----------+------+
|      1 | JavaScript | Paperback |  700 |
|      2 | ASDM       | PDF File  |  500 |
|      3 | .NET       | Hardcover | 2500 |
|      4 | Core Java  | PDF File  | 1500 |
|      5 | Adv. Java  | Hardcover | 1800 |
|      6 | Oracle     | PDF File  | 1200 |
|      7 | hBase      | Word File | 1000 |
|      8 | Node       | Hardcover |  950 |
|      9 | Pig        | Paperback | 1400 |
|     10 | Python     | Paperback | 1225 |
|     11 | Hadoop     | PDF File  |  650 |
+--------+------------+-----------+------+
11 rows in set (0.03 sec)

mysql> select * from newbooks where exists (select * from books where books.bookname= newbooks.bookname);
+--------+------------+-----------+------+
| bookID | bookName   | Type      | Cost |
+--------+------------+-----------+------+
|      1 | JavaScript | Paperback |  700 |
|      2 | ASDM       | PDF File  |  500 |
|      3 | .NET       | Hardcover | 2500 |
|      4 | Core Java  | PDF File  | 1500 |
|      5 | Adv. Java  | Hardcover | 1800 |
+--------+------------+-----------+------+
5 rows in set (0.00 sec)

mysql> select * from newbooks where not exists (select * from books where books.bookname= newbooks.bookname);
+--------+----------+-----------+------+
| bookID | bookName | Type      | Cost |
+--------+----------+-----------+------+
|      6 | Oracle   | PDF File  | 1200 |
|      7 | hBase    | Word File | 1000 |
|      8 | Node     | Hardcover |  950 |
|      9 | Pig      | Paperback | 1400 |
|     10 | Python   | Paperback | 1225 |
|     11 | Hadoop   | PDF File  |  650 |
+--------+----------+-----------+------+
6 rows in set (0.00 sec)

mysql> select * from emp;
+-------+---------+------------+------+------------+-------+------+--------+---------+--------------+------------+------------+----------+
| EMPNO | ENAME   | JOB        | MGR  | HIREDATE   | SAL   | COMM | DEPTNO | BONUSID | USER NAME    | PWD        | phone      | isActive |
+-------+---------+------------+------+------------+-------+------+--------+---------+--------------+------------+------------+----------+
|  7369 | SMITH   | CLERK      | 7902 | 1980-12-17 |   800 | NULL |     20 |       2 | TRITONE      | a12recmpm  | 7032300023 |        0 |
|  7415 | AARAV   | CLERK      | 7902 | 1981-12-31 |  3350 | NULL |     10 |    NULL | AARAV        | NULL       | 7032300084 |        0 |
|  7421 | THOMAS  | CLERK      | 7920 | 1981-07-19 |  1750 | NULL |     10 |       1 | THOMAS       | r50mpm     | 7032300011 |        0 |
|  7499 | ALLEN   | SALESMAN   | 7698 | 1981-02-20 |  1600 |  300 |     30 |       4 | ALWAYS TESTE | sales@2017 | 7032300096 |        1 |
|  7521 | WARD    | SALESMAN   | 7698 | 1981-02-22 |  1250 |  500 |     30 |       1 | WARD         | sales@2017 | 7132300034 |        1 |
|  7566 | JONES   | MANAGER    | 7839 | 1981-04-02 |  2975 | NULL |     20 |       4 | HONEYCOMB    | a12recmpm  | 7132300039 |        1 |
|  7654 | MARTIN  | SALESMAN   | 7698 | 1981-09-28 |  1250 | 1400 |     30 |       6 | LIFE RACER   | sales@2017 | 7132300050 |        1 |
|  7698 | BLAKE   | MANAGER    | 7839 | 1981-05-01 |  2850 | NULL |     30 |       1 | BIG BEN      | sales@2017 | 7132300027 |        1 |
|  7782 | CLARK   | MANAGER    | 7839 | 1981-06-09 |  2450 | NULL |     10 |       3 | CLARK        | r50mpm     | 7032300001 |        1 |
|  7788 | SCOTT   | ANALYST    | 7566 | 1982-12-09 |  3000 | NULL |     20 |       3 | WHITE SAND   | a12recmpm  | NULL       |        1 |
|  7839 | KING    | PRESIDENT  | NULL | 1981-11-17 |  5000 | NULL |     10 |       1 | KING         | r50mpm     | 7132300081 |        1 |
|  7844 | TURNER  | SALESMAN   | 7698 | 1981-09-08 |  1500 |    0 |     30 |       5 | SAND DUST    | sales@2017 | NULL       |        1 |
|  7876 | ADAMS   | CLERK      | 7788 | 1983-01-12 |  1100 | NULL |     20 |       1 | CRAZY ANYONE | a12recmpm  | 7132300086 |        1 |
|  7900 | JAMES   | CLERK      | 7698 | 1981-12-03 |   950 | NULL |     30 |       2 | CRAZY LEADER | sales@2017 | 7132300042 |        1 |
|  7902 | FORD    | ANALYST    | 7566 | 1981-12-03 |  3000 | NULL |     20 |       4 | CONBRIO      | a12recmpm  | NULL       |        0 |
|  7919 | HOFFMAN | MANAGER    | 7566 | 1982-03-24 |  4150 | NULL |     30 |       3 | INTERVAL     | sales@2017 | NULL       |        1 |
|  7920 | GRASS   | SALESMAN   | 7919 | 1980-02-14 |  2575 | 2700 |     30 |       5 | GRASS        | sales@2017 | NULL       |        1 |
|  7934 | MILLER  | CLERK      | 7782 | 1982-01-23 |  1300 | NULL |     10 |       2 | QUARTERNOTE  | r50mpm     | 7132300055 |        0 |
|  7945 | AARUSH  | SALESMAN   | 7902 | 1980-02-14 |  1350 | 2700 |     30 |    NULL | AARUSH       | ABCDEF     | NULL       |        0 |
|  7949 | ALEX    | MANAGER    | 7698 | 1982-01-24 |  1250 |  500 |     30 |       5 | QUARTERREST  | sales@2017 | 7156567183 |        1 |
|  7950 | SALEEL  | supervisor | 7788 | 2021-12-02 | 45000 | NULL |     20 |       1 | saleel       | saleel@431 | 9850884228 |        0 |
+-------+---------+------------+------+------------+-------+------+--------+---------+--------------+------------+------------+----------+
21 rows in set (0.00 sec)

mysql> select * from emp1;
+-------+-------------+--------------------+------+---------------------+----------+---------+--------+---------+---------+
| EMPNO | ENAME       | JOB                | MGR  | HIREDATE            | SAL      | COMM    | DEPTNO | HOBBYID | BONUSID |
+-------+-------------+--------------------+------+---------------------+----------+---------+--------+---------+---------+
|  1000 | Alice       | Manager            | 7839 | 1983-08-12 19:35:00 |  9000.00 |    NULL |    150 |      13 |       1 |
|  1001 | Victor      | Assistant Manager  | 1000 | 1983-12-25 11:35:00 |  8000.00 |    NULL |    150 |      13 |       4 |
|  1002 | Jack        | Assistant          | 1001 | 1983-12-25 11:35:00 |  7000.00 |    NULL |    150 |    NULL |       4 |
|  1003 | William     | Assistant          | 1001 | 1984-12-30 12:00:00 |  7000.79 |    NULL |    150 |      13 |       1 |
|  1004 | Rose        | Assistant Manager  | 1000 | 1985-01-30 12:24:00 |  8000.48 |    NULL |    150 |    NULL |       7 |
|  1005 | Kate        | Assistant Analyst  | 7388 | 1985-01-30 12:24:00 |  3000.00 |    NULL |    160 |    NULL |       9 |
|  1006 | William     | Salesman           | 7388 | 1980-02-13 21:00:00 | 23700.00 | 1200.00 |    160 |    NULL |       8 |
|  1007 | Matthew     | Salesman           | 1005 | 1980-02-28 21:00:00 |  4700.00 | 1200.00 |    160 |      13 |       3 |
|  1008 | MAI         | SALESGIRL          | 1000 | 2001-12-25 11:35:00 |  8000.00 |  111.00 |    150 |       8 |       2 |
|  1009 | ZARIA       | SALESGIRL          | 1001 | 2002-12-25 11:35:00 |  7000.00 |  555.00 |    150 |       8 |       6 |
|  1010 | MAYA        | SALESGIRL          | 1001 | 2003-12-30 12:00:00 |  7000.15 |  120.79 |    150 |       8 |       7 |
|  1011 | ROSE        | SALESGIRL          | 1000 | 2004-01-30 12:24:00 | 18000.00 |  250.00 |    150 |       8 |       3 |
|  1012 | KATE        | SALESGIRL          | 7388 | 2005-01-30 12:24:00 |  3000.00 |  900.00 |    160 |       8 |       9 |
|  1013 | TINA        | SALESGIRL          | 7388 | 2006-02-13 21:00:00 | 13700.00 | 2400.00 |    160 |       8 |      10 |
|  1014 | MARY        | SALESGIRL          | 1005 | 2007-02-28 21:00:00 | 20000.00 | 1550.00 |    160 |       8 |       1 |
|  1015 | TESSA       | SALESGIRL          | 1005 | 2008-02-28 21:00:00 | 14700.00 | 1100.00 |    160 |       8 |       5 |
|  1016 | STEVEN      | Assistant          | 1004 | 1983-01-12 18:35:00 | -9500.00 |    NULL |     40 |    NULL |    NULL |
|  2099 | SHERLOCK    | CLERK              | 8009 | 1982-01-23 20:22:00 |  1600.00 |    NULL |     40 |       5 |       6 |
|  2877 | STEPHEN     | ASSISTANT          | 7788 | 1983-01-12 18:35:00 |  1100.00 |    NULL |     40 |       5 |       3 |
|  3000 | Aaron       | Salesman           | 7877 | 1981-11-17 04:29:24 |  4500.00 | 1200.73 |     60 |       5 |       4 |
|  3001 | Alexander   | Manager            | 7369 | 1981-05-01 05:12:43 |  2950.00 |    NULL |     90 |       9 |       1 |
|  3002 | Brooke      | Clerk              | 5002 | 1981-06-09 02:17:12 |  2222.00 |    NULL |     50 |       6 |       3 |
|  3003 | Bruce       | Personal Assistant | 5002 | 1981-04-02 12:35:19 |  4975.30 |    NULL |    120 |       2 |       5 |
|  3189 | Eli         | Personal Assistant | 3001 | 1981-12-03 09:35:00 |  5400.00 |    NULL |     30 |       2 |       1 |
|  3244 | shelley     | manager            | 7839 | 1981-12-03 11:00:00 |  6000.99 |    NULL |    170 |       2 |       4 |
|  3267 | Clive       | Assistant          | 5002 | 1981-02-20 07:40:00 |  3600.00 |    NULL |     50 |       9 |       8 |
|  3467 | Christopher | Personal Assistant | 7844 | 1981-09-28 14:26:00 |  4250.98 |    NULL |    190 |       6 |       7 |
|  3598 | Dirk        | Assistant          | 7698 | 1981-09-08 08:15:00 |  1500.00 |    NULL |     60 |    NULL |       6 |
|  3745 | ely         | assistant          | 7788 | 1981-02-22 10:10:00 |  5250.00 |    NULL |    150 |      12 |       2 |
|  4934 | SHERLOCK    | CLERK              | 8009 | 1982-01-23 20:20:00 |  1600.00 |    NULL |     40 |       2 |       1 |
|  5001 | AARON       | SALESMAN           | 7902 | 1981-11-17 04:29:24 |  4500.00 | 1200.40 |     60 |       6 |       9 |
|  5002 | ALEXANDER   | MANAGER            | 7369 | 1981-05-01 05:12:43 |  2950.00 |    NULL |     70 |       7 |      10 |
|  5003 | BROOKE      | CLERK              | 5002 | 1981-06-09 02:17:12 |  2222.00 |    NULL |    100 |       8 |      10 |
|  6001 | BRUCE       | PERSONAL ASSISTANT | 5002 | 1981-04-02 12:35:19 |  4975.00 |    NULL |     80 |       9 |       6 |
|  6002 | CHRISTOPHER | PERSONAL ASSISTANT | 7844 | 1981-09-28 14:26:00 |  4250.00 |    NULL |    180 |      10 |       3 |
|  6003 | CLIVE       | ASSISTANT          | 7698 | 1981-02-20 07:40:00 |  3600.00 |    NULL |    120 |       1 |       1 |
|  6342 | joel        | clerk              | 8009 | 1982-01-23 22:20:00 | -1600.00 |    NULL |     50 |    NULL |    NULL |
|  6345 | jay         | analyst            | 8009 | 1982-12-09 17:12:00 | -3100.00 |    NULL |     50 |    NULL |    NULL |
|  6774 | joe         | assistant          | 7788 | 1983-01-13 18:33:00 | -1100.00 |    NULL |    190 |      12 |    NULL |
|  6843 | matthew     | assistant          | 7788 | 1983-01-12 19:35:00 | -1100.00 |    NULL |    100 |    NULL |    NULL |
|  6980 | louis       | clerk              | 8009 | 1982-01-23 21:22:00 | -1600.00 |    NULL |     30 |    NULL |    NULL |
|  7005 | DIRK        | ASSISTANT          | 7698 | 1981-09-08 08:15:00 |  1500.00 |    NULL |     60 |      10 |       6 |
|  7006 | ELI         | PERSONAL ASSISTANT | 7521 | 1981-12-03 09:35:00 |  5400.00 |    NULL |     70 |       2 |       7 |
|  7007 | ELY         | ASSISTANT          | 7788 | 1981-02-22 10:10:00 |  5250.70 |    NULL |    140 |       2 |       7 |
|  7369 | SMITH       | CLERK              | 7902 | 1980-12-17 17:36:00 |   800.00 |    NULL |     20 |    NULL |       1 |
|  7388 | TROY        | ANALYST            | 8009 | 1982-12-09 16:12:00 |  4100.00 |    NULL |    160 |       5 |       5 |
|  7499 | ALLEN       | SALESMAN           | 7698 | 1981-02-20 07:30:00 |  1600.00 |  300.00 |     30 |       5 |       8 |
|  7521 | WARD        | SALESMAN           | 7698 | 1981-02-22 10:15:00 |  1250.00 |  500.00 |     30 |       1 |       3 |
|  7566 | JONES       | MANAGER            | 7839 | 1981-04-02 12:45:19 |  2975.00 |    NULL |     20 |       4 |       7 |
|  7654 | MARTIN      | SALESMAN           | 7698 | 1981-09-28 14:26:00 |  1250.00 | 1400.00 |     30 |       2 |       4 |
|  7698 | BLAKE       | MANAGER            | 7839 | 1981-05-01 05:54:43 |  2850.00 |    NULL |     30 |       2 |       3 |
|  7782 | CLARK       | MANAGER            | 7839 | 1981-06-09 02:12:12 |  2450.00 |    NULL |     10 |       3 |       5 |
|  7788 | SCOTT       | ANALYST            | 7566 | 1982-12-09 16:12:00 |  3000.00 |    NULL |     20 |       2 |       1 |
|  7839 | KING        | PRESIDENT          | NULL | 1981-11-17 04:20:24 |  5000.00 |    NULL |     10 |       1 |       1 |
|  7844 | TURNER      | SALESMAN           | 7698 | 1981-09-08 08:45:00 |  1500.00 |    0.00 |     30 |    NULL |      10 |
|  7876 | ADAMS       | CLERK              | 7788 | 1983-01-12 18:33:00 |  1100.00 |    NULL |     20 |       3 |       4 |
|  7877 | STEPHEN     | ASSISTANT          | 7788 | 1983-01-12 18:33:00 |  1100.00 |    NULL |    130 |       5 |       9 |
|  7900 | JAMES       | CLERK              | 7698 | 1981-12-03 09:25:00 |   950.00 |    NULL |     30 |       3 |       8 |
|  7902 | FORD        | ANALYST            | 7566 | 1981-12-03 11:00:00 |  3000.00 |    NULL |     20 |    NULL |       2 |
|  7934 | MILLER      | CLERK              | 7782 | 1982-01-23 20:20:00 |  1300.00 |    NULL |     10 |       4 |       3 |
|  8003 | THOMAS      | PERSONAL ASSISTANT | 8009 | 1980-12-17 17:36:00 |  4900.00 |    NULL |     50 |    NULL |       2 |
|  8009 | SHELLEY     | MANAGER            | 7839 | 1981-12-03 11:00:00 |  6000.00 |    NULL |    180 |    NULL |       1 |
|  9277 | stephen     | assistant          | 3467 | 1983-01-12 18:35:00 |  1100.00 |    NULL |    110 |    NULL |       4 |
|  9341 | thomas      | personal assistant | 9822 | 1980-12-17 17:36:00 |  4900.00 |    NULL |    200 |    NULL |       1 |
|  9434 | sherlock    | clerk              | 9874 | 1982-01-23 20:22:00 |  1600.00 |    NULL |     40 |    NULL |       5 |
|  9452 | sherlock    | clerk              | 9822 | 1982-01-23 20:20:00 |  1600.00 |    NULL |    130 |    NULL |       4 |
|  9822 | troy        | analyst            | 3000 | 1982-12-09 16:12:00 |  3100.00 |    NULL |     40 |       9 |       6 |
|  9874 | stephen     | assistant          | 3001 | 1983-01-12 18:33:00 |  1100.00 |    NULL |    170 |    NULL |       9 |
+-------+-------------+--------------------+------+---------------------+----------+---------+--------+---------+---------+
68 rows in set (0.00 sec)

mysql>  
+-------+-------------+--------------------+------+---------------------+----------+---------+--------+---------+---------+
| EMPNO | ENAME       | JOB                | MGR  | HIREDATE            | SAL      | COMM    | DEPTNO | HOBBYID | BONUSID |
+-------+-------------+--------------------+------+---------------------+----------+---------+--------+---------+---------+
|  1000 | Alice       | Manager            | 7839 | 1983-08-12 19:35:00 |  9000.00 |    NULL |    150 |      13 |       1 |
|  1001 | Victor      | Assistant Manager  | 1000 | 1983-12-25 11:35:00 |  8000.00 |    NULL |    150 |      13 |       4 |
|  1002 | Jack        | Assistant          | 1001 | 1983-12-25 11:35:00 |  7000.00 |    NULL |    150 |    NULL |       4 |
|  1003 | William     | Assistant          | 1001 | 1984-12-30 12:00:00 |  7000.79 |    NULL |    150 |      13 |       1 |
|  1004 | Rose        | Assistant Manager  | 1000 | 1985-01-30 12:24:00 |  8000.48 |    NULL |    150 |    NULL |       7 |
|  1005 | Kate        | Assistant Analyst  | 7388 | 1985-01-30 12:24:00 |  3000.00 |    NULL |    160 |    NULL |       9 |
|  1006 | William     | Salesman           | 7388 | 1980-02-13 21:00:00 | 23700.00 | 1200.00 |    160 |    NULL |       8 |
|  1007 | Matthew     | Salesman           | 1005 | 1980-02-28 21:00:00 |  4700.00 | 1200.00 |    160 |      13 |       3 |
|  1008 | MAI         | SALESGIRL          | 1000 | 2001-12-25 11:35:00 |  8000.00 |  111.00 |    150 |       8 |       2 |
|  1009 | ZARIA       | SALESGIRL          | 1001 | 2002-12-25 11:35:00 |  7000.00 |  555.00 |    150 |       8 |       6 |
|  1010 | MAYA        | SALESGIRL          | 1001 | 2003-12-30 12:00:00 |  7000.15 |  120.79 |    150 |       8 |       7 |
|  1011 | ROSE        | SALESGIRL          | 1000 | 2004-01-30 12:24:00 | 18000.00 |  250.00 |    150 |       8 |       3 |
|  1012 | KATE        | SALESGIRL          | 7388 | 2005-01-30 12:24:00 |  3000.00 |  900.00 |    160 |       8 |       9 |
|  1013 | TINA        | SALESGIRL          | 7388 | 2006-02-13 21:00:00 | 13700.00 | 2400.00 |    160 |       8 |      10 |
|  1014 | MARY        | SALESGIRL          | 1005 | 2007-02-28 21:00:00 | 20000.00 | 1550.00 |    160 |       8 |       1 |
|  1015 | TESSA       | SALESGIRL          | 1005 | 2008-02-28 21:00:00 | 14700.00 | 1100.00 |    160 |       8 |       5 |
|  1016 | STEVEN      | Assistant          | 1004 | 1983-01-12 18:35:00 | -9500.00 |    NULL |     40 |    NULL |    NULL |
|  2099 | SHERLOCK    | CLERK              | 8009 | 1982-01-23 20:22:00 |  1600.00 |    NULL |     40 |       5 |       6 |
|  2877 | STEPHEN     | ASSISTANT          | 7788 | 1983-01-12 18:35:00 |  1100.00 |    NULL |     40 |       5 |       3 |
|  3000 | Aaron       | Salesman           | 7877 | 1981-11-17 04:29:24 |  4500.00 | 1200.73 |     60 |       5 |       4 |
|  3001 | Alexander   | Manager            | 7369 | 1981-05-01 05:12:43 |  2950.00 |    NULL |     90 |       9 |       1 |
|  3002 | Brooke      | Clerk              | 5002 | 1981-06-09 02:17:12 |  2222.00 |    NULL |     50 |       6 |       3 |
|  3003 | Bruce       | Personal Assistant | 5002 | 1981-04-02 12:35:19 |  4975.30 |    NULL |    120 |       2 |       5 |
|  3189 | Eli         | Personal Assistant | 3001 | 1981-12-03 09:35:00 |  5400.00 |    NULL |     30 |       2 |       1 |
|  3244 | shelley     | manager            | 7839 | 1981-12-03 11:00:00 |  6000.99 |    NULL |    170 |       2 |       4 |
|  3267 | Clive       | Assistant          | 5002 | 1981-02-20 07:40:00 |  3600.00 |    NULL |     50 |       9 |       8 |
|  3467 | Christopher | Personal Assistant | 7844 | 1981-09-28 14:26:00 |  4250.98 |    NULL |    190 |       6 |       7 |
|  3598 | Dirk        | Assistant          | 7698 | 1981-09-08 08:15:00 |  1500.00 |    NULL |     60 |    NULL |       6 |
|  3745 | ely         | assistant          | 7788 | 1981-02-22 10:10:00 |  5250.00 |    NULL |    150 |      12 |       2 |
|  4934 | SHERLOCK    | CLERK              | 8009 | 1982-01-23 20:20:00 |  1600.00 |    NULL |     40 |       2 |       1 |
|  5001 | AARON       | SALESMAN           | 7902 | 1981-11-17 04:29:24 |  4500.00 | 1200.40 |     60 |       6 |       9 |
|  5002 | ALEXANDER   | MANAGER            | 7369 | 1981-05-01 05:12:43 |  2950.00 |    NULL |     70 |       7 |      10 |
|  5003 | BROOKE      | CLERK              | 5002 | 1981-06-09 02:17:12 |  2222.00 |    NULL |    100 |       8 |      10 |
|  6001 | BRUCE       | PERSONAL ASSISTANT | 5002 | 1981-04-02 12:35:19 |  4975.00 |    NULL |     80 |       9 |       6 |
|  6002 | CHRISTOPHER | PERSONAL ASSISTANT | 7844 | 1981-09-28 14:26:00 |  4250.00 |    NULL |    180 |      10 |       3 |
|  6003 | CLIVE       | ASSISTANT          | 7698 | 1981-02-20 07:40:00 |  3600.00 |    NULL |    120 |       1 |       1 |
|  6342 | joel        | clerk              | 8009 | 1982-01-23 22:20:00 | -1600.00 |    NULL |     50 |    NULL |    NULL |
|  6345 | jay         | analyst            | 8009 | 1982-12-09 17:12:00 | -3100.00 |    NULL |     50 |    NULL |    NULL |
|  6774 | joe         | assistant          | 7788 | 1983-01-13 18:33:00 | -1100.00 |    NULL |    190 |      12 |    NULL |
|  6843 | matthew     | assistant          | 7788 | 1983-01-12 19:35:00 | -1100.00 |    NULL |    100 |    NULL |    NULL |
|  6980 | louis       | clerk              | 8009 | 1982-01-23 21:22:00 | -1600.00 |    NULL |     30 |    NULL |    NULL |
|  7005 | DIRK        | ASSISTANT          | 7698 | 1981-09-08 08:15:00 |  1500.00 |    NULL |     60 |      10 |       6 |
|  7006 | ELI         | PERSONAL ASSISTANT | 7521 | 1981-12-03 09:35:00 |  5400.00 |    NULL |     70 |       2 |       7 |
|  7007 | ELY         | ASSISTANT          | 7788 | 1981-02-22 10:10:00 |  5250.70 |    NULL |    140 |       2 |       7 |
|  7388 | TROY        | ANALYST            | 8009 | 1982-12-09 16:12:00 |  4100.00 |    NULL |    160 |       5 |       5 |
|  7877 | STEPHEN     | ASSISTANT          | 7788 | 1983-01-12 18:33:00 |  1100.00 |    NULL |    130 |       5 |       9 |
|  8003 | THOMAS      | PERSONAL ASSISTANT | 8009 | 1980-12-17 17:36:00 |  4900.00 |    NULL |     50 |    NULL |       2 |
|  8009 | SHELLEY     | MANAGER            | 7839 | 1981-12-03 11:00:00 |  6000.00 |    NULL |    180 |    NULL |       1 |
|  9277 | stephen     | assistant          | 3467 | 1983-01-12 18:35:00 |  1100.00 |    NULL |    110 |    NULL |       4 |
|  9341 | thomas      | personal assistant | 9822 | 1980-12-17 17:36:00 |  4900.00 |    NULL |    200 |    NULL |       1 |
|  9434 | sherlock    | clerk              | 9874 | 1982-01-23 20:22:00 |  1600.00 |    NULL |     40 |    NULL |       5 |
|  9452 | sherlock    | clerk              | 9822 | 1982-01-23 20:20:00 |  1600.00 |    NULL |    130 |    NULL |       4 |
|  9822 | troy        | analyst            | 3000 | 1982-12-09 16:12:00 |  3100.00 |    NULL |     40 |       9 |       6 |
|  9874 | stephen     | assistant          | 3001 | 1983-01-12 18:33:00 |  1100.00 |    NULL |    170 |    NULL |       9 |
+-------+-------------+--------------------+------+---------------------+----------+---------+--------+---------+---------+
54 rows in set (0.00 sec)

mysql> select count(*) from emp1;
+----------+
| count(*) |
+----------+
|       68 |
+----------+
1 row in set (0.00 sec)

mysql> select * from emp1 where exists (select * from emp where emp1.empno = emp.empno);
+-------+--------+-----------+------+---------------------+---------+---------+--------+---------+---------+
| EMPNO | ENAME  | JOB       | MGR  | HIREDATE            | SAL     | COMM    | DEPTNO | HOBBYID | BONUSID |
+-------+--------+-----------+------+---------------------+---------+---------+--------+---------+---------+
|  7369 | SMITH  | CLERK     | 7902 | 1980-12-17 17:36:00 |  800.00 |    NULL |     20 |    NULL |       1 |
|  7499 | ALLEN  | SALESMAN  | 7698 | 1981-02-20 07:30:00 | 1600.00 |  300.00 |     30 |       5 |       8 |
|  7521 | WARD   | SALESMAN  | 7698 | 1981-02-22 10:15:00 | 1250.00 |  500.00 |     30 |       1 |       3 |
|  7566 | JONES  | MANAGER   | 7839 | 1981-04-02 12:45:19 | 2975.00 |    NULL |     20 |       4 |       7 |
|  7654 | MARTIN | SALESMAN  | 7698 | 1981-09-28 14:26:00 | 1250.00 | 1400.00 |     30 |       2 |       4 |
|  7698 | BLAKE  | MANAGER   | 7839 | 1981-05-01 05:54:43 | 2850.00 |    NULL |     30 |       2 |       3 |
|  7782 | CLARK  | MANAGER   | 7839 | 1981-06-09 02:12:12 | 2450.00 |    NULL |     10 |       3 |       5 |
|  7788 | SCOTT  | ANALYST   | 7566 | 1982-12-09 16:12:00 | 3000.00 |    NULL |     20 |       2 |       1 |
|  7839 | KING   | PRESIDENT | NULL | 1981-11-17 04:20:24 | 5000.00 |    NULL |     10 |       1 |       1 |
|  7844 | TURNER | SALESMAN  | 7698 | 1981-09-08 08:45:00 | 1500.00 |    0.00 |     30 |    NULL |      10 |
|  7876 | ADAMS  | CLERK     | 7788 | 1983-01-12 18:33:00 | 1100.00 |    NULL |     20 |       3 |       4 |
|  7900 | JAMES  | CLERK     | 7698 | 1981-12-03 09:25:00 |  950.00 |    NULL |     30 |       3 |       8 |
|  7902 | FORD   | ANALYST   | 7566 | 1981-12-03 11:00:00 | 3000.00 |    NULL |     20 |    NULL |       2 |
|  7934 | MILLER | CLERK     | 7782 | 1982-01-23 20:20:00 | 1300.00 |    NULL |     10 |       4 |       3 |
+-------+--------+-----------+------+---------------------+---------+---------+--------+---------+---------+
14 rows in set (0.00 sec)

mysql> select * from emp1 where exists (select * from emp);
+-------+-------------+--------------------+------+---------------------+----------+---------+--------+---------+---------+
| EMPNO | ENAME       | JOB                | MGR  | HIREDATE            | SAL      | COMM    | DEPTNO | HOBBYID | BONUSID |
+-------+-------------+--------------------+------+---------------------+----------+---------+--------+---------+---------+
|  1000 | Alice       | Manager            | 7839 | 1983-08-12 19:35:00 |  9000.00 |    NULL |    150 |      13 |       1 |
|  1001 | Victor      | Assistant Manager  | 1000 | 1983-12-25 11:35:00 |  8000.00 |    NULL |    150 |      13 |       4 |
|  1002 | Jack        | Assistant          | 1001 | 1983-12-25 11:35:00 |  7000.00 |    NULL |    150 |    NULL |       4 |
|  1003 | William     | Assistant          | 1001 | 1984-12-30 12:00:00 |  7000.79 |    NULL |    150 |      13 |       1 |
|  1004 | Rose        | Assistant Manager  | 1000 | 1985-01-30 12:24:00 |  8000.48 |    NULL |    150 |    NULL |       7 |
|  1005 | Kate        | Assistant Analyst  | 7388 | 1985-01-30 12:24:00 |  3000.00 |    NULL |    160 |    NULL |       9 |
|  1006 | William     | Salesman           | 7388 | 1980-02-13 21:00:00 | 23700.00 | 1200.00 |    160 |    NULL |       8 |
|  1007 | Matthew     | Salesman           | 1005 | 1980-02-28 21:00:00 |  4700.00 | 1200.00 |    160 |      13 |       3 |
|  1008 | MAI         | SALESGIRL          | 1000 | 2001-12-25 11:35:00 |  8000.00 |  111.00 |    150 |       8 |       2 |
|  1009 | ZARIA       | SALESGIRL          | 1001 | 2002-12-25 11:35:00 |  7000.00 |  555.00 |    150 |       8 |       6 |
|  1010 | MAYA        | SALESGIRL          | 1001 | 2003-12-30 12:00:00 |  7000.15 |  120.79 |    150 |       8 |       7 |
|  1011 | ROSE        | SALESGIRL          | 1000 | 2004-01-30 12:24:00 | 18000.00 |  250.00 |    150 |       8 |       3 |
|  1012 | KATE        | SALESGIRL          | 7388 | 2005-01-30 12:24:00 |  3000.00 |  900.00 |    160 |       8 |       9 |
|  1013 | TINA        | SALESGIRL          | 7388 | 2006-02-13 21:00:00 | 13700.00 | 2400.00 |    160 |       8 |      10 |
|  1014 | MARY        | SALESGIRL          | 1005 | 2007-02-28 21:00:00 | 20000.00 | 1550.00 |    160 |       8 |       1 |
|  1015 | TESSA       | SALESGIRL          | 1005 | 2008-02-28 21:00:00 | 14700.00 | 1100.00 |    160 |       8 |       5 |
|  1016 | STEVEN      | Assistant          | 1004 | 1983-01-12 18:35:00 | -9500.00 |    NULL |     40 |    NULL |    NULL |
|  2099 | SHERLOCK    | CLERK              | 8009 | 1982-01-23 20:22:00 |  1600.00 |    NULL |     40 |       5 |       6 |
|  2877 | STEPHEN     | ASSISTANT          | 7788 | 1983-01-12 18:35:00 |  1100.00 |    NULL |     40 |       5 |       3 |
|  3000 | Aaron       | Salesman           | 7877 | 1981-11-17 04:29:24 |  4500.00 | 1200.73 |     60 |       5 |       4 |
|  3001 | Alexander   | Manager            | 7369 | 1981-05-01 05:12:43 |  2950.00 |    NULL |     90 |       9 |       1 |
|  3002 | Brooke      | Clerk              | 5002 | 1981-06-09 02:17:12 |  2222.00 |    NULL |     50 |       6 |       3 |
|  3003 | Bruce       | Personal Assistant | 5002 | 1981-04-02 12:35:19 |  4975.30 |    NULL |    120 |       2 |       5 |
|  3189 | Eli         | Personal Assistant | 3001 | 1981-12-03 09:35:00 |  5400.00 |    NULL |     30 |       2 |       1 |
|  3244 | shelley     | manager            | 7839 | 1981-12-03 11:00:00 |  6000.99 |    NULL |    170 |       2 |       4 |
|  3267 | Clive       | Assistant          | 5002 | 1981-02-20 07:40:00 |  3600.00 |    NULL |     50 |       9 |       8 |
|  3467 | Christopher | Personal Assistant | 7844 | 1981-09-28 14:26:00 |  4250.98 |    NULL |    190 |       6 |       7 |
|  3598 | Dirk        | Assistant          | 7698 | 1981-09-08 08:15:00 |  1500.00 |    NULL |     60 |    NULL |       6 |
|  3745 | ely         | assistant          | 7788 | 1981-02-22 10:10:00 |  5250.00 |    NULL |    150 |      12 |       2 |
|  4934 | SHERLOCK    | CLERK              | 8009 | 1982-01-23 20:20:00 |  1600.00 |    NULL |     40 |       2 |       1 |
|  5001 | AARON       | SALESMAN           | 7902 | 1981-11-17 04:29:24 |  4500.00 | 1200.40 |     60 |       6 |       9 |
|  5002 | ALEXANDER   | MANAGER            | 7369 | 1981-05-01 05:12:43 |  2950.00 |    NULL |     70 |       7 |      10 |
|  5003 | BROOKE      | CLERK              | 5002 | 1981-06-09 02:17:12 |  2222.00 |    NULL |    100 |       8 |      10 |
|  6001 | BRUCE       | PERSONAL ASSISTANT | 5002 | 1981-04-02 12:35:19 |  4975.00 |    NULL |     80 |       9 |       6 |
|  6002 | CHRISTOPHER | PERSONAL ASSISTANT | 7844 | 1981-09-28 14:26:00 |  4250.00 |    NULL |    180 |      10 |       3 |
|  6003 | CLIVE       | ASSISTANT          | 7698 | 1981-02-20 07:40:00 |  3600.00 |    NULL |    120 |       1 |       1 |
|  6342 | joel        | clerk              | 8009 | 1982-01-23 22:20:00 | -1600.00 |    NULL |     50 |    NULL |    NULL |
|  6345 | jay         | analyst            | 8009 | 1982-12-09 17:12:00 | -3100.00 |    NULL |     50 |    NULL |    NULL |
|  6774 | joe         | assistant          | 7788 | 1983-01-13 18:33:00 | -1100.00 |    NULL |    190 |      12 |    NULL |
|  6843 | matthew     | assistant          | 7788 | 1983-01-12 19:35:00 | -1100.00 |    NULL |    100 |    NULL |    NULL |
|  6980 | louis       | clerk              | 8009 | 1982-01-23 21:22:00 | -1600.00 |    NULL |     30 |    NULL |    NULL |
|  7005 | DIRK        | ASSISTANT          | 7698 | 1981-09-08 08:15:00 |  1500.00 |    NULL |     60 |      10 |       6 |
|  7006 | ELI         | PERSONAL ASSISTANT | 7521 | 1981-12-03 09:35:00 |  5400.00 |    NULL |     70 |       2 |       7 |
|  7007 | ELY         | ASSISTANT          | 7788 | 1981-02-22 10:10:00 |  5250.70 |    NULL |    140 |       2 |       7 |
|  7369 | SMITH       | CLERK              | 7902 | 1980-12-17 17:36:00 |   800.00 |    NULL |     20 |    NULL |       1 |
|  7388 | TROY        | ANALYST            | 8009 | 1982-12-09 16:12:00 |  4100.00 |    NULL |    160 |       5 |       5 |
|  7499 | ALLEN       | SALESMAN           | 7698 | 1981-02-20 07:30:00 |  1600.00 |  300.00 |     30 |       5 |       8 |
|  7521 | WARD        | SALESMAN           | 7698 | 1981-02-22 10:15:00 |  1250.00 |  500.00 |     30 |       1 |       3 |
|  7566 | JONES       | MANAGER            | 7839 | 1981-04-02 12:45:19 |  2975.00 |    NULL |     20 |       4 |       7 |
|  7654 | MARTIN      | SALESMAN           | 7698 | 1981-09-28 14:26:00 |  1250.00 | 1400.00 |     30 |       2 |       4 |
|  7698 | BLAKE       | MANAGER            | 7839 | 1981-05-01 05:54:43 |  2850.00 |    NULL |     30 |       2 |       3 |
|  7782 | CLARK       | MANAGER            | 7839 | 1981-06-09 02:12:12 |  2450.00 |    NULL |     10 |       3 |       5 |
|  7788 | SCOTT       | ANALYST            | 7566 | 1982-12-09 16:12:00 |  3000.00 |    NULL |     20 |       2 |       1 |
|  7839 | KING        | PRESIDENT          | NULL | 1981-11-17 04:20:24 |  5000.00 |    NULL |     10 |       1 |       1 |
|  7844 | TURNER      | SALESMAN           | 7698 | 1981-09-08 08:45:00 |  1500.00 |    0.00 |     30 |    NULL |      10 |
|  7876 | ADAMS       | CLERK              | 7788 | 1983-01-12 18:33:00 |  1100.00 |    NULL |     20 |       3 |       4 |
|  7877 | STEPHEN     | ASSISTANT          | 7788 | 1983-01-12 18:33:00 |  1100.00 |    NULL |    130 |       5 |       9 |
|  7900 | JAMES       | CLERK              | 7698 | 1981-12-03 09:25:00 |   950.00 |    NULL |     30 |       3 |       8 |
|  7902 | FORD        | ANALYST            | 7566 | 1981-12-03 11:00:00 |  3000.00 |    NULL |     20 |    NULL |       2 |
|  7934 | MILLER      | CLERK              | 7782 | 1982-01-23 20:20:00 |  1300.00 |    NULL |     10 |       4 |       3 |
|  8003 | THOMAS      | PERSONAL ASSISTANT | 8009 | 1980-12-17 17:36:00 |  4900.00 |    NULL |     50 |    NULL |       2 |
|  8009 | SHELLEY     | MANAGER            | 7839 | 1981-12-03 11:00:00 |  6000.00 |    NULL |    180 |    NULL |       1 |
|  9277 | stephen     | assistant          | 3467 | 1983-01-12 18:35:00 |  1100.00 |    NULL |    110 |    NULL |       4 |
|  9341 | thomas      | personal assistant | 9822 | 1980-12-17 17:36:00 |  4900.00 |    NULL |    200 |    NULL |       1 |
|  9434 | sherlock    | clerk              | 9874 | 1982-01-23 20:22:00 |  1600.00 |    NULL |     40 |    NULL |       5 |
|  9452 | sherlock    | clerk              | 9822 | 1982-01-23 20:20:00 |  1600.00 |    NULL |    130 |    NULL |       4 |
|  9822 | troy        | analyst            | 3000 | 1982-12-09 16:12:00 |  3100.00 |    NULL |     40 |       9 |       6 |
|  9874 | stephen     | assistant          | 3001 | 1983-01-12 18:33:00 |  1100.00 |    NULL |    170 |    NULL |       9 |
+-------+-------------+--------------------+------+---------------------+----------+---------+--------+---------+---------+
68 rows in set (0.00 sec)

mysql> select * from emp where exists (select * from emp1);
+-------+---------+------------+------+------------+-------+------+--------+---------+--------------+------------+------------+----------+
| EMPNO | ENAME   | JOB        | MGR  | HIREDATE   | SAL   | COMM | DEPTNO | BONUSID | USER NAME    | PWD        | phone      | isActive |
+-------+---------+------------+------+------------+-------+------+--------+---------+--------------+------------+------------+----------+
|  7369 | SMITH   | CLERK      | 7902 | 1980-12-17 |   800 | NULL |     20 |       2 | TRITONE      | a12recmpm  | 7032300023 |        0 |
|  7415 | AARAV   | CLERK      | 7902 | 1981-12-31 |  3350 | NULL |     10 |    NULL | AARAV        | NULL       | 7032300084 |        0 |
|  7421 | THOMAS  | CLERK      | 7920 | 1981-07-19 |  1750 | NULL |     10 |       1 | THOMAS       | r50mpm     | 7032300011 |        0 |
|  7499 | ALLEN   | SALESMAN   | 7698 | 1981-02-20 |  1600 |  300 |     30 |       4 | ALWAYS TESTE | sales@2017 | 7032300096 |        1 |
|  7521 | WARD    | SALESMAN   | 7698 | 1981-02-22 |  1250 |  500 |     30 |       1 | WARD         | sales@2017 | 7132300034 |        1 |
|  7566 | JONES   | MANAGER    | 7839 | 1981-04-02 |  2975 | NULL |     20 |       4 | HONEYCOMB    | a12recmpm  | 7132300039 |        1 |
|  7654 | MARTIN  | SALESMAN   | 7698 | 1981-09-28 |  1250 | 1400 |     30 |       6 | LIFE RACER   | sales@2017 | 7132300050 |        1 |
|  7698 | BLAKE   | MANAGER    | 7839 | 1981-05-01 |  2850 | NULL |     30 |       1 | BIG BEN      | sales@2017 | 7132300027 |        1 |
|  7782 | CLARK   | MANAGER    | 7839 | 1981-06-09 |  2450 | NULL |     10 |       3 | CLARK        | r50mpm     | 7032300001 |        1 |
|  7788 | SCOTT   | ANALYST    | 7566 | 1982-12-09 |  3000 | NULL |     20 |       3 | WHITE SAND   | a12recmpm  | NULL       |        1 |
|  7839 | KING    | PRESIDENT  | NULL | 1981-11-17 |  5000 | NULL |     10 |       1 | KING         | r50mpm     | 7132300081 |        1 |
|  7844 | TURNER  | SALESMAN   | 7698 | 1981-09-08 |  1500 |    0 |     30 |       5 | SAND DUST    | sales@2017 | NULL       |        1 |
|  7876 | ADAMS   | CLERK      | 7788 | 1983-01-12 |  1100 | NULL |     20 |       1 | CRAZY ANYONE | a12recmpm  | 7132300086 |        1 |
|  7900 | JAMES   | CLERK      | 7698 | 1981-12-03 |   950 | NULL |     30 |       2 | CRAZY LEADER | sales@2017 | 7132300042 |        1 |
|  7902 | FORD    | ANALYST    | 7566 | 1981-12-03 |  3000 | NULL |     20 |       4 | CONBRIO      | a12recmpm  | NULL       |        0 |
|  7919 | HOFFMAN | MANAGER    | 7566 | 1982-03-24 |  4150 | NULL |     30 |       3 | INTERVAL     | sales@2017 | NULL       |        1 |
|  7920 | GRASS   | SALESMAN   | 7919 | 1980-02-14 |  2575 | 2700 |     30 |       5 | GRASS        | sales@2017 | NULL       |        1 |
|  7934 | MILLER  | CLERK      | 7782 | 1982-01-23 |  1300 | NULL |     10 |       2 | QUARTERNOTE  | r50mpm     | 7132300055 |        0 |
|  7945 | AARUSH  | SALESMAN   | 7902 | 1980-02-14 |  1350 | 2700 |     30 |    NULL | AARUSH       | ABCDEF     | NULL       |        0 |
|  7949 | ALEX    | MANAGER    | 7698 | 1982-01-24 |  1250 |  500 |     30 |       5 | QUARTERREST  | sales@2017 | 7156567183 |        1 |
|  7950 | SALEEL  | supervisor | 7788 | 2021-12-02 | 45000 | NULL |     20 |       1 | saleel       | saleel@431 | 9850884228 |        0 |
+-------+---------+------------+------+------------+-------+------+--------+---------+--------------+------------+------------+----------+
21 rows in set (0.00 sec)

mysql> select * from emp where exists (select * from emp1 where emp.empno =emp1.empno);
+-------+--------+-----------+------+------------+------+------+--------+---------+--------------+------------+------------+----------+
| EMPNO | ENAME  | JOB       | MGR  | HIREDATE   | SAL  | COMM | DEPTNO | BONUSID | USER NAME    | PWD        | phone      | isActive |
+-------+--------+-----------+------+------------+------+------+--------+---------+--------------+------------+------------+----------+
|  7369 | SMITH  | CLERK     | 7902 | 1980-12-17 |  800 | NULL |     20 |       2 | TRITONE      | a12recmpm  | 7032300023 |        0 |
|  7499 | ALLEN  | SALESMAN  | 7698 | 1981-02-20 | 1600 |  300 |     30 |       4 | ALWAYS TESTE | sales@2017 | 7032300096 |        1 |
|  7521 | WARD   | SALESMAN  | 7698 | 1981-02-22 | 1250 |  500 |     30 |       1 | WARD         | sales@2017 | 7132300034 |        1 |
|  7566 | JONES  | MANAGER   | 7839 | 1981-04-02 | 2975 | NULL |     20 |       4 | HONEYCOMB    | a12recmpm  | 7132300039 |        1 |
|  7654 | MARTIN | SALESMAN  | 7698 | 1981-09-28 | 1250 | 1400 |     30 |       6 | LIFE RACER   | sales@2017 | 7132300050 |        1 |
|  7698 | BLAKE  | MANAGER   | 7839 | 1981-05-01 | 2850 | NULL |     30 |       1 | BIG BEN      | sales@2017 | 7132300027 |        1 |
|  7782 | CLARK  | MANAGER   | 7839 | 1981-06-09 | 2450 | NULL |     10 |       3 | CLARK        | r50mpm     | 7032300001 |        1 |
|  7788 | SCOTT  | ANALYST   | 7566 | 1982-12-09 | 3000 | NULL |     20 |       3 | WHITE SAND   | a12recmpm  | NULL       |        1 |
|  7839 | KING   | PRESIDENT | NULL | 1981-11-17 | 5000 | NULL |     10 |       1 | KING         | r50mpm     | 7132300081 |        1 |
|  7844 | TURNER | SALESMAN  | 7698 | 1981-09-08 | 1500 |    0 |     30 |       5 | SAND DUST    | sales@2017 | NULL       |        1 |
|  7876 | ADAMS  | CLERK     | 7788 | 1983-01-12 | 1100 | NULL |     20 |       1 | CRAZY ANYONE | a12recmpm  | 7132300086 |        1 |
|  7900 | JAMES  | CLERK     | 7698 | 1981-12-03 |  950 | NULL |     30 |       2 | CRAZY LEADER | sales@2017 | 7132300042 |        1 |
|  7902 | FORD   | ANALYST   | 7566 | 1981-12-03 | 3000 | NULL |     20 |       4 | CONBRIO      | a12recmpm  | NULL       |        0 |
|  7934 | MILLER | CLERK     | 7782 | 1982-01-23 | 1300 | NULL |     10 |       2 | QUARTERNOTE  | r50mpm     | 7132300055 |        0 |
+-------+--------+-----------+------+------------+------+------+--------+---------+--------------+------------+------------+----------+
14 rows in set (0.00 sec)

mysql> select * from emp where not exists (select * from emp1 where emp.empno =emp1.empno);
+-------+---------+------------+------+------------+-------+------+--------+---------+-------------+------------+------------+----------+
| EMPNO | ENAME   | JOB        | MGR  | HIREDATE   | SAL   | COMM | DEPTNO | BONUSID | USER NAME   | PWD        | phone      | isActive |
+-------+---------+------------+------+------------+-------+------+--------+---------+-------------+------------+------------+----------+
|  7415 | AARAV   | CLERK      | 7902 | 1981-12-31 |  3350 | NULL |     10 |    NULL | AARAV       | NULL       | 7032300084 |        0 |
|  7421 | THOMAS  | CLERK      | 7920 | 1981-07-19 |  1750 | NULL |     10 |       1 | THOMAS      | r50mpm     | 7032300011 |        0 |
|  7919 | HOFFMAN | MANAGER    | 7566 | 1982-03-24 |  4150 | NULL |     30 |       3 | INTERVAL    | sales@2017 | NULL       |        1 |
|  7920 | GRASS   | SALESMAN   | 7919 | 1980-02-14 |  2575 | 2700 |     30 |       5 | GRASS       | sales@2017 | NULL       |        1 |
|  7945 | AARUSH  | SALESMAN   | 7902 | 1980-02-14 |  1350 | 2700 |     30 |    NULL | AARUSH      | ABCDEF     | NULL       |        0 |
|  7949 | ALEX    | MANAGER    | 7698 | 1982-01-24 |  1250 |  500 |     30 |       5 | QUARTERREST | sales@2017 | 7156567183 |        1 |
|  7950 | SALEEL  | supervisor | 7788 | 2021-12-02 | 45000 | NULL |     20 |       1 | saleel      | saleel@431 | 9850884228 |        0 |
+-------+---------+------------+------+------------+-------+------+--------+---------+-------------+------------+------------+----------+
7 rows in set (0.00 sec)

mysql> select * from emp1 where empno= 7415;
Empty set (0.00 sec)

mysql> select * from emp1 where exists (select * from emp);
+-------+-------------+--------------------+------+---------------------+----------+---------+--------+---------+---------+
| EMPNO | ENAME       | JOB                | MGR  | HIREDATE            | SAL      | COMM    | DEPTNO | HOBBYID | BONUSID |
+-------+-------------+--------------------+------+---------------------+----------+---------+--------+---------+---------+
|  1000 | Alice       | Manager            | 7839 | 1983-08-12 19:35:00 |  9000.00 |    NULL |    150 |      13 |       1 |
|  1001 | Victor      | Assistant Manager  | 1000 | 1983-12-25 11:35:00 |  8000.00 |    NULL |    150 |      13 |       4 |
|  1002 | Jack        | Assistant          | 1001 | 1983-12-25 11:35:00 |  7000.00 |    NULL |    150 |    NULL |       4 |
|  1003 | William     | Assistant          | 1001 | 1984-12-30 12:00:00 |  7000.79 |    NULL |    150 |      13 |       1 |
|  1004 | Rose        | Assistant Manager  | 1000 | 1985-01-30 12:24:00 |  8000.48 |    NULL |    150 |    NULL |       7 |
|  1005 | Kate        | Assistant Analyst  | 7388 | 1985-01-30 12:24:00 |  3000.00 |    NULL |    160 |    NULL |       9 |
|  1006 | William     | Salesman           | 7388 | 1980-02-13 21:00:00 | 23700.00 | 1200.00 |    160 |    NULL |       8 |
|  1007 | Matthew     | Salesman           | 1005 | 1980-02-28 21:00:00 |  4700.00 | 1200.00 |    160 |      13 |       3 |
|  1008 | MAI         | SALESGIRL          | 1000 | 2001-12-25 11:35:00 |  8000.00 |  111.00 |    150 |       8 |       2 |
|  1009 | ZARIA       | SALESGIRL          | 1001 | 2002-12-25 11:35:00 |  7000.00 |  555.00 |    150 |       8 |       6 |
|  1010 | MAYA        | SALESGIRL          | 1001 | 2003-12-30 12:00:00 |  7000.15 |  120.79 |    150 |       8 |       7 |
|  1011 | ROSE        | SALESGIRL          | 1000 | 2004-01-30 12:24:00 | 18000.00 |  250.00 |    150 |       8 |       3 |
|  1012 | KATE        | SALESGIRL          | 7388 | 2005-01-30 12:24:00 |  3000.00 |  900.00 |    160 |       8 |       9 |
|  1013 | TINA        | SALESGIRL          | 7388 | 2006-02-13 21:00:00 | 13700.00 | 2400.00 |    160 |       8 |      10 |
|  1014 | MARY        | SALESGIRL          | 1005 | 2007-02-28 21:00:00 | 20000.00 | 1550.00 |    160 |       8 |       1 |
|  1015 | TESSA       | SALESGIRL          | 1005 | 2008-02-28 21:00:00 | 14700.00 | 1100.00 |    160 |       8 |       5 |
|  1016 | STEVEN      | Assistant          | 1004 | 1983-01-12 18:35:00 | -9500.00 |    NULL |     40 |    NULL |    NULL |
|  2099 | SHERLOCK    | CLERK              | 8009 | 1982-01-23 20:22:00 |  1600.00 |    NULL |     40 |       5 |       6 |
|  2877 | STEPHEN     | ASSISTANT          | 7788 | 1983-01-12 18:35:00 |  1100.00 |    NULL |     40 |       5 |       3 |
|  3000 | Aaron       | Salesman           | 7877 | 1981-11-17 04:29:24 |  4500.00 | 1200.73 |     60 |       5 |       4 |
|  3001 | Alexander   | Manager            | 7369 | 1981-05-01 05:12:43 |  2950.00 |    NULL |     90 |       9 |       1 |
|  3002 | Brooke      | Clerk              | 5002 | 1981-06-09 02:17:12 |  2222.00 |    NULL |     50 |       6 |       3 |
|  3003 | Bruce       | Personal Assistant | 5002 | 1981-04-02 12:35:19 |  4975.30 |    NULL |    120 |       2 |       5 |
|  3189 | Eli         | Personal Assistant | 3001 | 1981-12-03 09:35:00 |  5400.00 |    NULL |     30 |       2 |       1 |
|  3244 | shelley     | manager            | 7839 | 1981-12-03 11:00:00 |  6000.99 |    NULL |    170 |       2 |       4 |
|  3267 | Clive       | Assistant          | 5002 | 1981-02-20 07:40:00 |  3600.00 |    NULL |     50 |       9 |       8 |
|  3467 | Christopher | Personal Assistant | 7844 | 1981-09-28 14:26:00 |  4250.98 |    NULL |    190 |       6 |       7 |
|  3598 | Dirk        | Assistant          | 7698 | 1981-09-08 08:15:00 |  1500.00 |    NULL |     60 |    NULL |       6 |
|  3745 | ely         | assistant          | 7788 | 1981-02-22 10:10:00 |  5250.00 |    NULL |    150 |      12 |       2 |
|  4934 | SHERLOCK    | CLERK              | 8009 | 1982-01-23 20:20:00 |  1600.00 |    NULL |     40 |       2 |       1 |
|  5001 | AARON       | SALESMAN           | 7902 | 1981-11-17 04:29:24 |  4500.00 | 1200.40 |     60 |       6 |       9 |
|  5002 | ALEXANDER   | MANAGER            | 7369 | 1981-05-01 05:12:43 |  2950.00 |    NULL |     70 |       7 |      10 |
|  5003 | BROOKE      | CLERK              | 5002 | 1981-06-09 02:17:12 |  2222.00 |    NULL |    100 |       8 |      10 |
|  6001 | BRUCE       | PERSONAL ASSISTANT | 5002 | 1981-04-02 12:35:19 |  4975.00 |    NULL |     80 |       9 |       6 |
|  6002 | CHRISTOPHER | PERSONAL ASSISTANT | 7844 | 1981-09-28 14:26:00 |  4250.00 |    NULL |    180 |      10 |       3 |
|  6003 | CLIVE       | ASSISTANT          | 7698 | 1981-02-20 07:40:00 |  3600.00 |    NULL |    120 |       1 |       1 |
|  6342 | joel        | clerk              | 8009 | 1982-01-23 22:20:00 | -1600.00 |    NULL |     50 |    NULL |    NULL |
|  6345 | jay         | analyst            | 8009 | 1982-12-09 17:12:00 | -3100.00 |    NULL |     50 |    NULL |    NULL |
|  6774 | joe         | assistant          | 7788 | 1983-01-13 18:33:00 | -1100.00 |    NULL |    190 |      12 |    NULL |
|  6843 | matthew     | assistant          | 7788 | 1983-01-12 19:35:00 | -1100.00 |    NULL |    100 |    NULL |    NULL |
|  6980 | louis       | clerk              | 8009 | 1982-01-23 21:22:00 | -1600.00 |    NULL |     30 |    NULL |    NULL |
|  7005 | DIRK        | ASSISTANT          | 7698 | 1981-09-08 08:15:00 |  1500.00 |    NULL |     60 |      10 |       6 |
|  7006 | ELI         | PERSONAL ASSISTANT | 7521 | 1981-12-03 09:35:00 |  5400.00 |    NULL |     70 |       2 |       7 |
|  7007 | ELY         | ASSISTANT          | 7788 | 1981-02-22 10:10:00 |  5250.70 |    NULL |    140 |       2 |       7 |
|  7369 | SMITH       | CLERK              | 7902 | 1980-12-17 17:36:00 |   800.00 |    NULL |     20 |    NULL |       1 |
|  7388 | TROY        | ANALYST            | 8009 | 1982-12-09 16:12:00 |  4100.00 |    NULL |    160 |       5 |       5 |
|  7499 | ALLEN       | SALESMAN           | 7698 | 1981-02-20 07:30:00 |  1600.00 |  300.00 |     30 |       5 |       8 |
|  7521 | WARD        | SALESMAN           | 7698 | 1981-02-22 10:15:00 |  1250.00 |  500.00 |     30 |       1 |       3 |
|  7566 | JONES       | MANAGER            | 7839 | 1981-04-02 12:45:19 |  2975.00 |    NULL |     20 |       4 |       7 |
|  7654 | MARTIN      | SALESMAN           | 7698 | 1981-09-28 14:26:00 |  1250.00 | 1400.00 |     30 |       2 |       4 |
|  7698 | BLAKE       | MANAGER            | 7839 | 1981-05-01 05:54:43 |  2850.00 |    NULL |     30 |       2 |       3 |
|  7782 | CLARK       | MANAGER            | 7839 | 1981-06-09 02:12:12 |  2450.00 |    NULL |     10 |       3 |       5 |
|  7788 | SCOTT       | ANALYST            | 7566 | 1982-12-09 16:12:00 |  3000.00 |    NULL |     20 |       2 |       1 |
|  7839 | KING        | PRESIDENT          | NULL | 1981-11-17 04:20:24 |  5000.00 |    NULL |     10 |       1 |       1 |
|  7844 | TURNER      | SALESMAN           | 7698 | 1981-09-08 08:45:00 |  1500.00 |    0.00 |     30 |    NULL |      10 |
|  7876 | ADAMS       | CLERK              | 7788 | 1983-01-12 18:33:00 |  1100.00 |    NULL |     20 |       3 |       4 |
|  7877 | STEPHEN     | ASSISTANT          | 7788 | 1983-01-12 18:33:00 |  1100.00 |    NULL |    130 |       5 |       9 |
|  7900 | JAMES       | CLERK              | 7698 | 1981-12-03 09:25:00 |   950.00 |    NULL |     30 |       3 |       8 |
|  7902 | FORD        | ANALYST            | 7566 | 1981-12-03 11:00:00 |  3000.00 |    NULL |     20 |    NULL |       2 |
|  7934 | MILLER      | CLERK              | 7782 | 1982-01-23 20:20:00 |  1300.00 |    NULL |     10 |       4 |       3 |
|  8003 | THOMAS      | PERSONAL ASSISTANT | 8009 | 1980-12-17 17:36:00 |  4900.00 |    NULL |     50 |    NULL |       2 |
|  8009 | SHELLEY     | MANAGER            | 7839 | 1981-12-03 11:00:00 |  6000.00 |    NULL |    180 |    NULL |       1 |
|  9277 | stephen     | assistant          | 3467 | 1983-01-12 18:35:00 |  1100.00 |    NULL |    110 |    NULL |       4 |
|  9341 | thomas      | personal assistant | 9822 | 1980-12-17 17:36:00 |  4900.00 |    NULL |    200 |    NULL |       1 |
|  9434 | sherlock    | clerk              | 9874 | 1982-01-23 20:22:00 |  1600.00 |    NULL |     40 |    NULL |       5 |
|  9452 | sherlock    | clerk              | 9822 | 1982-01-23 20:20:00 |  1600.00 |    NULL |    130 |    NULL |       4 |
|  9822 | troy        | analyst            | 3000 | 1982-12-09 16:12:00 |  3100.00 |    NULL |     40 |       9 |       6 |
|  9874 | stephen     | assistant          | 3001 | 1983-01-12 18:33:00 |  1100.00 |    NULL |    170 |    NULL |       9 |
+-------+-------------+--------------------+------+---------------------+----------+---------+--------+---------+---------+
68 rows in set (0.00 sec)

mysql> create table tt(c1 int);
Query OK, 0 rows affected (0.74 sec)

mysql> select * from emp1 where exists (select * from tt);
Empty set (0.00 sec)

mysql> insert into tt values(1);
Query OK, 1 row affected (0.02 sec)

mysql> select * from tt;
+------+
| c1   |
+------+
|    1 |
+------+
1 row in set (0.00 sec)

mysql> select * from emp1 where exists (select * from tt);
+-------+-------------+--------------------+------+---------------------+----------+---------+--------+---------+---------+
| EMPNO | ENAME       | JOB                | MGR  | HIREDATE            | SAL      | COMM    | DEPTNO | HOBBYID | BONUSID |
+-------+-------------+--------------------+------+---------------------+----------+---------+--------+---------+---------+
|  1000 | Alice       | Manager            | 7839 | 1983-08-12 19:35:00 |  9000.00 |    NULL |    150 |      13 |       1 |
|  1001 | Victor      | Assistant Manager  | 1000 | 1983-12-25 11:35:00 |  8000.00 |    NULL |    150 |      13 |       4 |
|  1002 | Jack        | Assistant          | 1001 | 1983-12-25 11:35:00 |  7000.00 |    NULL |    150 |    NULL |       4 |
|  1003 | William     | Assistant          | 1001 | 1984-12-30 12:00:00 |  7000.79 |    NULL |    150 |      13 |       1 |
|  1004 | Rose        | Assistant Manager  | 1000 | 1985-01-30 12:24:00 |  8000.48 |    NULL |    150 |    NULL |       7 |
|  1005 | Kate        | Assistant Analyst  | 7388 | 1985-01-30 12:24:00 |  3000.00 |    NULL |    160 |    NULL |       9 |
|  1006 | William     | Salesman           | 7388 | 1980-02-13 21:00:00 | 23700.00 | 1200.00 |    160 |    NULL |       8 |
|  1007 | Matthew     | Salesman           | 1005 | 1980-02-28 21:00:00 |  4700.00 | 1200.00 |    160 |      13 |       3 |
|  1008 | MAI         | SALESGIRL          | 1000 | 2001-12-25 11:35:00 |  8000.00 |  111.00 |    150 |       8 |       2 |
|  1009 | ZARIA       | SALESGIRL          | 1001 | 2002-12-25 11:35:00 |  7000.00 |  555.00 |    150 |       8 |       6 |
|  1010 | MAYA        | SALESGIRL          | 1001 | 2003-12-30 12:00:00 |  7000.15 |  120.79 |    150 |       8 |       7 |
|  1011 | ROSE        | SALESGIRL          | 1000 | 2004-01-30 12:24:00 | 18000.00 |  250.00 |    150 |       8 |       3 |
|  1012 | KATE        | SALESGIRL          | 7388 | 2005-01-30 12:24:00 |  3000.00 |  900.00 |    160 |       8 |       9 |
|  1013 | TINA        | SALESGIRL          | 7388 | 2006-02-13 21:00:00 | 13700.00 | 2400.00 |    160 |       8 |      10 |
|  1014 | MARY        | SALESGIRL          | 1005 | 2007-02-28 21:00:00 | 20000.00 | 1550.00 |    160 |       8 |       1 |
|  1015 | TESSA       | SALESGIRL          | 1005 | 2008-02-28 21:00:00 | 14700.00 | 1100.00 |    160 |       8 |       5 |
|  1016 | STEVEN      | Assistant          | 1004 | 1983-01-12 18:35:00 | -9500.00 |    NULL |     40 |    NULL |    NULL |
|  2099 | SHERLOCK    | CLERK              | 8009 | 1982-01-23 20:22:00 |  1600.00 |    NULL |     40 |       5 |       6 |
|  2877 | STEPHEN     | ASSISTANT          | 7788 | 1983-01-12 18:35:00 |  1100.00 |    NULL |     40 |       5 |       3 |
|  3000 | Aaron       | Salesman           | 7877 | 1981-11-17 04:29:24 |  4500.00 | 1200.73 |     60 |       5 |       4 |
|  3001 | Alexander   | Manager            | 7369 | 1981-05-01 05:12:43 |  2950.00 |    NULL |     90 |       9 |       1 |
|  3002 | Brooke      | Clerk              | 5002 | 1981-06-09 02:17:12 |  2222.00 |    NULL |     50 |       6 |       3 |
|  3003 | Bruce       | Personal Assistant | 5002 | 1981-04-02 12:35:19 |  4975.30 |    NULL |    120 |       2 |       5 |
|  3189 | Eli         | Personal Assistant | 3001 | 1981-12-03 09:35:00 |  5400.00 |    NULL |     30 |       2 |       1 |
|  3244 | shelley     | manager            | 7839 | 1981-12-03 11:00:00 |  6000.99 |    NULL |    170 |       2 |       4 |
|  3267 | Clive       | Assistant          | 5002 | 1981-02-20 07:40:00 |  3600.00 |    NULL |     50 |       9 |       8 |
|  3467 | Christopher | Personal Assistant | 7844 | 1981-09-28 14:26:00 |  4250.98 |    NULL |    190 |       6 |       7 |
|  3598 | Dirk        | Assistant          | 7698 | 1981-09-08 08:15:00 |  1500.00 |    NULL |     60 |    NULL |       6 |
|  3745 | ely         | assistant          | 7788 | 1981-02-22 10:10:00 |  5250.00 |    NULL |    150 |      12 |       2 |
|  4934 | SHERLOCK    | CLERK              | 8009 | 1982-01-23 20:20:00 |  1600.00 |    NULL |     40 |       2 |       1 |
|  5001 | AARON       | SALESMAN           | 7902 | 1981-11-17 04:29:24 |  4500.00 | 1200.40 |     60 |       6 |       9 |
|  5002 | ALEXANDER   | MANAGER            | 7369 | 1981-05-01 05:12:43 |  2950.00 |    NULL |     70 |       7 |      10 |
|  5003 | BROOKE      | CLERK              | 5002 | 1981-06-09 02:17:12 |  2222.00 |    NULL |    100 |       8 |      10 |
|  6001 | BRUCE       | PERSONAL ASSISTANT | 5002 | 1981-04-02 12:35:19 |  4975.00 |    NULL |     80 |       9 |       6 |
|  6002 | CHRISTOPHER | PERSONAL ASSISTANT | 7844 | 1981-09-28 14:26:00 |  4250.00 |    NULL |    180 |      10 |       3 |
|  6003 | CLIVE       | ASSISTANT          | 7698 | 1981-02-20 07:40:00 |  3600.00 |    NULL |    120 |       1 |       1 |
|  6342 | joel        | clerk              | 8009 | 1982-01-23 22:20:00 | -1600.00 |    NULL |     50 |    NULL |    NULL |
|  6345 | jay         | analyst            | 8009 | 1982-12-09 17:12:00 | -3100.00 |    NULL |     50 |    NULL |    NULL |
|  6774 | joe         | assistant          | 7788 | 1983-01-13 18:33:00 | -1100.00 |    NULL |    190 |      12 |    NULL |
|  6843 | matthew     | assistant          | 7788 | 1983-01-12 19:35:00 | -1100.00 |    NULL |    100 |    NULL |    NULL |
|  6980 | louis       | clerk              | 8009 | 1982-01-23 21:22:00 | -1600.00 |    NULL |     30 |    NULL |    NULL |
|  7005 | DIRK        | ASSISTANT          | 7698 | 1981-09-08 08:15:00 |  1500.00 |    NULL |     60 |      10 |       6 |
|  7006 | ELI         | PERSONAL ASSISTANT | 7521 | 1981-12-03 09:35:00 |  5400.00 |    NULL |     70 |       2 |       7 |
|  7007 | ELY         | ASSISTANT          | 7788 | 1981-02-22 10:10:00 |  5250.70 |    NULL |    140 |       2 |       7 |
|  7369 | SMITH       | CLERK              | 7902 | 1980-12-17 17:36:00 |   800.00 |    NULL |     20 |    NULL |       1 |
|  7388 | TROY        | ANALYST            | 8009 | 1982-12-09 16:12:00 |  4100.00 |    NULL |    160 |       5 |       5 |
|  7499 | ALLEN       | SALESMAN           | 7698 | 1981-02-20 07:30:00 |  1600.00 |  300.00 |     30 |       5 |       8 |
|  7521 | WARD        | SALESMAN           | 7698 | 1981-02-22 10:15:00 |  1250.00 |  500.00 |     30 |       1 |       3 |
|  7566 | JONES       | MANAGER            | 7839 | 1981-04-02 12:45:19 |  2975.00 |    NULL |     20 |       4 |       7 |
|  7654 | MARTIN      | SALESMAN           | 7698 | 1981-09-28 14:26:00 |  1250.00 | 1400.00 |     30 |       2 |       4 |
|  7698 | BLAKE       | MANAGER            | 7839 | 1981-05-01 05:54:43 |  2850.00 |    NULL |     30 |       2 |       3 |
|  7782 | CLARK       | MANAGER            | 7839 | 1981-06-09 02:12:12 |  2450.00 |    NULL |     10 |       3 |       5 |
|  7788 | SCOTT       | ANALYST            | 7566 | 1982-12-09 16:12:00 |  3000.00 |    NULL |     20 |       2 |       1 |
|  7839 | KING        | PRESIDENT          | NULL | 1981-11-17 04:20:24 |  5000.00 |    NULL |     10 |       1 |       1 |
|  7844 | TURNER      | SALESMAN           | 7698 | 1981-09-08 08:45:00 |  1500.00 |    0.00 |     30 |    NULL |      10 |
|  7876 | ADAMS       | CLERK              | 7788 | 1983-01-12 18:33:00 |  1100.00 |    NULL |     20 |       3 |       4 |
|  7877 | STEPHEN     | ASSISTANT          | 7788 | 1983-01-12 18:33:00 |  1100.00 |    NULL |    130 |       5 |       9 |
|  7900 | JAMES       | CLERK              | 7698 | 1981-12-03 09:25:00 |   950.00 |    NULL |     30 |       3 |       8 |
|  7902 | FORD        | ANALYST            | 7566 | 1981-12-03 11:00:00 |  3000.00 |    NULL |     20 |    NULL |       2 |
|  7934 | MILLER      | CLERK              | 7782 | 1982-01-23 20:20:00 |  1300.00 |    NULL |     10 |       4 |       3 |
|  8003 | THOMAS      | PERSONAL ASSISTANT | 8009 | 1980-12-17 17:36:00 |  4900.00 |    NULL |     50 |    NULL |       2 |
|  8009 | SHELLEY     | MANAGER            | 7839 | 1981-12-03 11:00:00 |  6000.00 |    NULL |    180 |    NULL |       1 |
|  9277 | stephen     | assistant          | 3467 | 1983-01-12 18:35:00 |  1100.00 |    NULL |    110 |    NULL |       4 |
|  9341 | thomas      | personal assistant | 9822 | 1980-12-17 17:36:00 |  4900.00 |    NULL |    200 |    NULL |       1 |
|  9434 | sherlock    | clerk              | 9874 | 1982-01-23 20:22:00 |  1600.00 |    NULL |     40 |    NULL |       5 |
|  9452 | sherlock    | clerk              | 9822 | 1982-01-23 20:20:00 |  1600.00 |    NULL |    130 |    NULL |       4 |
|  9822 | troy        | analyst            | 3000 | 1982-12-09 16:12:00 |  3100.00 |    NULL |     40 |       9 |       6 |
|  9874 | stephen     | assistant          | 3001 | 1983-01-12 18:33:00 |  1100.00 |    NULL |    170 |    NULL |       9 |
+-------+-------------+--------------------+------+---------------------+----------+---------+--------+---------+---------+
68 rows in set (0.00 sec)

mysql> select * from emp1 where exists (select false);
+-------+-------------+--------------------+------+---------------------+----------+---------+--------+---------+---------+
| EMPNO | ENAME       | JOB                | MGR  | HIREDATE            | SAL      | COMM    | DEPTNO | HOBBYID | BONUSID |
+-------+-------------+--------------------+------+---------------------+----------+---------+--------+---------+---------+
|  1000 | Alice       | Manager            | 7839 | 1983-08-12 19:35:00 |  9000.00 |    NULL |    150 |      13 |       1 |
|  1001 | Victor      | Assistant Manager  | 1000 | 1983-12-25 11:35:00 |  8000.00 |    NULL |    150 |      13 |       4 |
|  1002 | Jack        | Assistant          | 1001 | 1983-12-25 11:35:00 |  7000.00 |    NULL |    150 |    NULL |       4 |
|  1003 | William     | Assistant          | 1001 | 1984-12-30 12:00:00 |  7000.79 |    NULL |    150 |      13 |       1 |
|  1004 | Rose        | Assistant Manager  | 1000 | 1985-01-30 12:24:00 |  8000.48 |    NULL |    150 |    NULL |       7 |
|  1005 | Kate        | Assistant Analyst  | 7388 | 1985-01-30 12:24:00 |  3000.00 |    NULL |    160 |    NULL |       9 |
|  1006 | William     | Salesman           | 7388 | 1980-02-13 21:00:00 | 23700.00 | 1200.00 |    160 |    NULL |       8 |
|  1007 | Matthew     | Salesman           | 1005 | 1980-02-28 21:00:00 |  4700.00 | 1200.00 |    160 |      13 |       3 |
|  1008 | MAI         | SALESGIRL          | 1000 | 2001-12-25 11:35:00 |  8000.00 |  111.00 |    150 |       8 |       2 |
|  1009 | ZARIA       | SALESGIRL          | 1001 | 2002-12-25 11:35:00 |  7000.00 |  555.00 |    150 |       8 |       6 |
|  1010 | MAYA        | SALESGIRL          | 1001 | 2003-12-30 12:00:00 |  7000.15 |  120.79 |    150 |       8 |       7 |
|  1011 | ROSE        | SALESGIRL          | 1000 | 2004-01-30 12:24:00 | 18000.00 |  250.00 |    150 |       8 |       3 |
|  1012 | KATE        | SALESGIRL          | 7388 | 2005-01-30 12:24:00 |  3000.00 |  900.00 |    160 |       8 |       9 |
|  1013 | TINA        | SALESGIRL          | 7388 | 2006-02-13 21:00:00 | 13700.00 | 2400.00 |    160 |       8 |      10 |
|  1014 | MARY        | SALESGIRL          | 1005 | 2007-02-28 21:00:00 | 20000.00 | 1550.00 |    160 |       8 |       1 |
|  1015 | TESSA       | SALESGIRL          | 1005 | 2008-02-28 21:00:00 | 14700.00 | 1100.00 |    160 |       8 |       5 |
|  1016 | STEVEN      | Assistant          | 1004 | 1983-01-12 18:35:00 | -9500.00 |    NULL |     40 |    NULL |    NULL |
|  2099 | SHERLOCK    | CLERK              | 8009 | 1982-01-23 20:22:00 |  1600.00 |    NULL |     40 |       5 |       6 |
|  2877 | STEPHEN     | ASSISTANT          | 7788 | 1983-01-12 18:35:00 |  1100.00 |    NULL |     40 |       5 |       3 |
|  3000 | Aaron       | Salesman           | 7877 | 1981-11-17 04:29:24 |  4500.00 | 1200.73 |     60 |       5 |       4 |
|  3001 | Alexander   | Manager            | 7369 | 1981-05-01 05:12:43 |  2950.00 |    NULL |     90 |       9 |       1 |
|  3002 | Brooke      | Clerk              | 5002 | 1981-06-09 02:17:12 |  2222.00 |    NULL |     50 |       6 |       3 |
|  3003 | Bruce       | Personal Assistant | 5002 | 1981-04-02 12:35:19 |  4975.30 |    NULL |    120 |       2 |       5 |
|  3189 | Eli         | Personal Assistant | 3001 | 1981-12-03 09:35:00 |  5400.00 |    NULL |     30 |       2 |       1 |
|  3244 | shelley     | manager            | 7839 | 1981-12-03 11:00:00 |  6000.99 |    NULL |    170 |       2 |       4 |
|  3267 | Clive       | Assistant          | 5002 | 1981-02-20 07:40:00 |  3600.00 |    NULL |     50 |       9 |       8 |
|  3467 | Christopher | Personal Assistant | 7844 | 1981-09-28 14:26:00 |  4250.98 |    NULL |    190 |       6 |       7 |
|  3598 | Dirk        | Assistant          | 7698 | 1981-09-08 08:15:00 |  1500.00 |    NULL |     60 |    NULL |       6 |
|  3745 | ely         | assistant          | 7788 | 1981-02-22 10:10:00 |  5250.00 |    NULL |    150 |      12 |       2 |
|  4934 | SHERLOCK    | CLERK              | 8009 | 1982-01-23 20:20:00 |  1600.00 |    NULL |     40 |       2 |       1 |
|  5001 | AARON       | SALESMAN           | 7902 | 1981-11-17 04:29:24 |  4500.00 | 1200.40 |     60 |       6 |       9 |
|  5002 | ALEXANDER   | MANAGER            | 7369 | 1981-05-01 05:12:43 |  2950.00 |    NULL |     70 |       7 |      10 |
|  5003 | BROOKE      | CLERK              | 5002 | 1981-06-09 02:17:12 |  2222.00 |    NULL |    100 |       8 |      10 |
|  6001 | BRUCE       | PERSONAL ASSISTANT | 5002 | 1981-04-02 12:35:19 |  4975.00 |    NULL |     80 |       9 |       6 |
|  6002 | CHRISTOPHER | PERSONAL ASSISTANT | 7844 | 1981-09-28 14:26:00 |  4250.00 |    NULL |    180 |      10 |       3 |
|  6003 | CLIVE       | ASSISTANT          | 7698 | 1981-02-20 07:40:00 |  3600.00 |    NULL |    120 |       1 |       1 |
|  6342 | joel        | clerk              | 8009 | 1982-01-23 22:20:00 | -1600.00 |    NULL |     50 |    NULL |    NULL |
|  6345 | jay         | analyst            | 8009 | 1982-12-09 17:12:00 | -3100.00 |    NULL |     50 |    NULL |    NULL |
|  6774 | joe         | assistant          | 7788 | 1983-01-13 18:33:00 | -1100.00 |    NULL |    190 |      12 |    NULL |
|  6843 | matthew     | assistant          | 7788 | 1983-01-12 19:35:00 | -1100.00 |    NULL |    100 |    NULL |    NULL |
|  6980 | louis       | clerk              | 8009 | 1982-01-23 21:22:00 | -1600.00 |    NULL |     30 |    NULL |    NULL |
|  7005 | DIRK        | ASSISTANT          | 7698 | 1981-09-08 08:15:00 |  1500.00 |    NULL |     60 |      10 |       6 |
|  7006 | ELI         | PERSONAL ASSISTANT | 7521 | 1981-12-03 09:35:00 |  5400.00 |    NULL |     70 |       2 |       7 |
|  7007 | ELY         | ASSISTANT          | 7788 | 1981-02-22 10:10:00 |  5250.70 |    NULL |    140 |       2 |       7 |
|  7369 | SMITH       | CLERK              | 7902 | 1980-12-17 17:36:00 |   800.00 |    NULL |     20 |    NULL |       1 |
|  7388 | TROY        | ANALYST            | 8009 | 1982-12-09 16:12:00 |  4100.00 |    NULL |    160 |       5 |       5 |
|  7499 | ALLEN       | SALESMAN           | 7698 | 1981-02-20 07:30:00 |  1600.00 |  300.00 |     30 |       5 |       8 |
|  7521 | WARD        | SALESMAN           | 7698 | 1981-02-22 10:15:00 |  1250.00 |  500.00 |     30 |       1 |       3 |
|  7566 | JONES       | MANAGER            | 7839 | 1981-04-02 12:45:19 |  2975.00 |    NULL |     20 |       4 |       7 |
|  7654 | MARTIN      | SALESMAN           | 7698 | 1981-09-28 14:26:00 |  1250.00 | 1400.00 |     30 |       2 |       4 |
|  7698 | BLAKE       | MANAGER            | 7839 | 1981-05-01 05:54:43 |  2850.00 |    NULL |     30 |       2 |       3 |
|  7782 | CLARK       | MANAGER            | 7839 | 1981-06-09 02:12:12 |  2450.00 |    NULL |     10 |       3 |       5 |
|  7788 | SCOTT       | ANALYST            | 7566 | 1982-12-09 16:12:00 |  3000.00 |    NULL |     20 |       2 |       1 |
|  7839 | KING        | PRESIDENT          | NULL | 1981-11-17 04:20:24 |  5000.00 |    NULL |     10 |       1 |       1 |
|  7844 | TURNER      | SALESMAN           | 7698 | 1981-09-08 08:45:00 |  1500.00 |    0.00 |     30 |    NULL |      10 |
|  7876 | ADAMS       | CLERK              | 7788 | 1983-01-12 18:33:00 |  1100.00 |    NULL |     20 |       3 |       4 |
|  7877 | STEPHEN     | ASSISTANT          | 7788 | 1983-01-12 18:33:00 |  1100.00 |    NULL |    130 |       5 |       9 |
|  7900 | JAMES       | CLERK              | 7698 | 1981-12-03 09:25:00 |   950.00 |    NULL |     30 |       3 |       8 |
|  7902 | FORD        | ANALYST            | 7566 | 1981-12-03 11:00:00 |  3000.00 |    NULL |     20 |    NULL |       2 |
|  7934 | MILLER      | CLERK              | 7782 | 1982-01-23 20:20:00 |  1300.00 |    NULL |     10 |       4 |       3 |
|  8003 | THOMAS      | PERSONAL ASSISTANT | 8009 | 1980-12-17 17:36:00 |  4900.00 |    NULL |     50 |    NULL |       2 |
|  8009 | SHELLEY     | MANAGER            | 7839 | 1981-12-03 11:00:00 |  6000.00 |    NULL |    180 |    NULL |       1 |
|  9277 | stephen     | assistant          | 3467 | 1983-01-12 18:35:00 |  1100.00 |    NULL |    110 |    NULL |       4 |
|  9341 | thomas      | personal assistant | 9822 | 1980-12-17 17:36:00 |  4900.00 |    NULL |    200 |    NULL |       1 |
|  9434 | sherlock    | clerk              | 9874 | 1982-01-23 20:22:00 |  1600.00 |    NULL |     40 |    NULL |       5 |
|  9452 | sherlock    | clerk              | 9822 | 1982-01-23 20:20:00 |  1600.00 |    NULL |    130 |    NULL |       4 |
|  9822 | troy        | analyst            | 3000 | 1982-12-09 16:12:00 |  3100.00 |    NULL |     40 |       9 |       6 |
|  9874 | stephen     | assistant          | 3001 | 1983-01-12 18:33:00 |  1100.00 |    NULL |    170 |    NULL |       9 |
+-------+-------------+--------------------+------+---------------------+----------+---------+--------+---------+---------+
68 rows in set (0.00 sec)

mysql> select * from emp1 where exists (select true);
+-------+-------------+--------------------+------+---------------------+----------+---------+--------+---------+---------+
| EMPNO | ENAME       | JOB                | MGR  | HIREDATE            | SAL      | COMM    | DEPTNO | HOBBYID | BONUSID |
+-------+-------------+--------------------+------+---------------------+----------+---------+--------+---------+---------+
|  1000 | Alice       | Manager            | 7839 | 1983-08-12 19:35:00 |  9000.00 |    NULL |    150 |      13 |       1 |
|  1001 | Victor      | Assistant Manager  | 1000 | 1983-12-25 11:35:00 |  8000.00 |    NULL |    150 |      13 |       4 |
|  1002 | Jack        | Assistant          | 1001 | 1983-12-25 11:35:00 |  7000.00 |    NULL |    150 |    NULL |       4 |
|  1003 | William     | Assistant          | 1001 | 1984-12-30 12:00:00 |  7000.79 |    NULL |    150 |      13 |       1 |
|  1004 | Rose        | Assistant Manager  | 1000 | 1985-01-30 12:24:00 |  8000.48 |    NULL |    150 |    NULL |       7 |
|  1005 | Kate        | Assistant Analyst  | 7388 | 1985-01-30 12:24:00 |  3000.00 |    NULL |    160 |    NULL |       9 |
|  1006 | William     | Salesman           | 7388 | 1980-02-13 21:00:00 | 23700.00 | 1200.00 |    160 |    NULL |       8 |
|  1007 | Matthew     | Salesman           | 1005 | 1980-02-28 21:00:00 |  4700.00 | 1200.00 |    160 |      13 |       3 |
|  1008 | MAI         | SALESGIRL          | 1000 | 2001-12-25 11:35:00 |  8000.00 |  111.00 |    150 |       8 |       2 |
|  1009 | ZARIA       | SALESGIRL          | 1001 | 2002-12-25 11:35:00 |  7000.00 |  555.00 |    150 |       8 |       6 |
|  1010 | MAYA        | SALESGIRL          | 1001 | 2003-12-30 12:00:00 |  7000.15 |  120.79 |    150 |       8 |       7 |
|  1011 | ROSE        | SALESGIRL          | 1000 | 2004-01-30 12:24:00 | 18000.00 |  250.00 |    150 |       8 |       3 |
|  1012 | KATE        | SALESGIRL          | 7388 | 2005-01-30 12:24:00 |  3000.00 |  900.00 |    160 |       8 |       9 |
|  1013 | TINA        | SALESGIRL          | 7388 | 2006-02-13 21:00:00 | 13700.00 | 2400.00 |    160 |       8 |      10 |
|  1014 | MARY        | SALESGIRL          | 1005 | 2007-02-28 21:00:00 | 20000.00 | 1550.00 |    160 |       8 |       1 |
|  1015 | TESSA       | SALESGIRL          | 1005 | 2008-02-28 21:00:00 | 14700.00 | 1100.00 |    160 |       8 |       5 |
|  1016 | STEVEN      | Assistant          | 1004 | 1983-01-12 18:35:00 | -9500.00 |    NULL |     40 |    NULL |    NULL |
|  2099 | SHERLOCK    | CLERK              | 8009 | 1982-01-23 20:22:00 |  1600.00 |    NULL |     40 |       5 |       6 |
|  2877 | STEPHEN     | ASSISTANT          | 7788 | 1983-01-12 18:35:00 |  1100.00 |    NULL |     40 |       5 |       3 |
|  3000 | Aaron       | Salesman           | 7877 | 1981-11-17 04:29:24 |  4500.00 | 1200.73 |     60 |       5 |       4 |
|  3001 | Alexander   | Manager            | 7369 | 1981-05-01 05:12:43 |  2950.00 |    NULL |     90 |       9 |       1 |
|  3002 | Brooke      | Clerk              | 5002 | 1981-06-09 02:17:12 |  2222.00 |    NULL |     50 |       6 |       3 |
|  3003 | Bruce       | Personal Assistant | 5002 | 1981-04-02 12:35:19 |  4975.30 |    NULL |    120 |       2 |       5 |
|  3189 | Eli         | Personal Assistant | 3001 | 1981-12-03 09:35:00 |  5400.00 |    NULL |     30 |       2 |       1 |
|  3244 | shelley     | manager            | 7839 | 1981-12-03 11:00:00 |  6000.99 |    NULL |    170 |       2 |       4 |
|  3267 | Clive       | Assistant          | 5002 | 1981-02-20 07:40:00 |  3600.00 |    NULL |     50 |       9 |       8 |
|  3467 | Christopher | Personal Assistant | 7844 | 1981-09-28 14:26:00 |  4250.98 |    NULL |    190 |       6 |       7 |
|  3598 | Dirk        | Assistant          | 7698 | 1981-09-08 08:15:00 |  1500.00 |    NULL |     60 |    NULL |       6 |
|  3745 | ely         | assistant          | 7788 | 1981-02-22 10:10:00 |  5250.00 |    NULL |    150 |      12 |       2 |
|  4934 | SHERLOCK    | CLERK              | 8009 | 1982-01-23 20:20:00 |  1600.00 |    NULL |     40 |       2 |       1 |
|  5001 | AARON       | SALESMAN           | 7902 | 1981-11-17 04:29:24 |  4500.00 | 1200.40 |     60 |       6 |       9 |
|  5002 | ALEXANDER   | MANAGER            | 7369 | 1981-05-01 05:12:43 |  2950.00 |    NULL |     70 |       7 |      10 |
|  5003 | BROOKE      | CLERK              | 5002 | 1981-06-09 02:17:12 |  2222.00 |    NULL |    100 |       8 |      10 |
|  6001 | BRUCE       | PERSONAL ASSISTANT | 5002 | 1981-04-02 12:35:19 |  4975.00 |    NULL |     80 |       9 |       6 |
|  6002 | CHRISTOPHER | PERSONAL ASSISTANT | 7844 | 1981-09-28 14:26:00 |  4250.00 |    NULL |    180 |      10 |       3 |
|  6003 | CLIVE       | ASSISTANT          | 7698 | 1981-02-20 07:40:00 |  3600.00 |    NULL |    120 |       1 |       1 |
|  6342 | joel        | clerk              | 8009 | 1982-01-23 22:20:00 | -1600.00 |    NULL |     50 |    NULL |    NULL |
|  6345 | jay         | analyst            | 8009 | 1982-12-09 17:12:00 | -3100.00 |    NULL |     50 |    NULL |    NULL |
|  6774 | joe         | assistant          | 7788 | 1983-01-13 18:33:00 | -1100.00 |    NULL |    190 |      12 |    NULL |
|  6843 | matthew     | assistant          | 7788 | 1983-01-12 19:35:00 | -1100.00 |    NULL |    100 |    NULL |    NULL |
|  6980 | louis       | clerk              | 8009 | 1982-01-23 21:22:00 | -1600.00 |    NULL |     30 |    NULL |    NULL |
|  7005 | DIRK        | ASSISTANT          | 7698 | 1981-09-08 08:15:00 |  1500.00 |    NULL |     60 |      10 |       6 |
|  7006 | ELI         | PERSONAL ASSISTANT | 7521 | 1981-12-03 09:35:00 |  5400.00 |    NULL |     70 |       2 |       7 |
|  7007 | ELY         | ASSISTANT          | 7788 | 1981-02-22 10:10:00 |  5250.70 |    NULL |    140 |       2 |       7 |
|  7369 | SMITH       | CLERK              | 7902 | 1980-12-17 17:36:00 |   800.00 |    NULL |     20 |    NULL |       1 |
|  7388 | TROY        | ANALYST            | 8009 | 1982-12-09 16:12:00 |  4100.00 |    NULL |    160 |       5 |       5 |
|  7499 | ALLEN       | SALESMAN           | 7698 | 1981-02-20 07:30:00 |  1600.00 |  300.00 |     30 |       5 |       8 |
|  7521 | WARD        | SALESMAN           | 7698 | 1981-02-22 10:15:00 |  1250.00 |  500.00 |     30 |       1 |       3 |
|  7566 | JONES       | MANAGER            | 7839 | 1981-04-02 12:45:19 |  2975.00 |    NULL |     20 |       4 |       7 |
|  7654 | MARTIN      | SALESMAN           | 7698 | 1981-09-28 14:26:00 |  1250.00 | 1400.00 |     30 |       2 |       4 |
|  7698 | BLAKE       | MANAGER            | 7839 | 1981-05-01 05:54:43 |  2850.00 |    NULL |     30 |       2 |       3 |
|  7782 | CLARK       | MANAGER            | 7839 | 1981-06-09 02:12:12 |  2450.00 |    NULL |     10 |       3 |       5 |
|  7788 | SCOTT       | ANALYST            | 7566 | 1982-12-09 16:12:00 |  3000.00 |    NULL |     20 |       2 |       1 |
|  7839 | KING        | PRESIDENT          | NULL | 1981-11-17 04:20:24 |  5000.00 |    NULL |     10 |       1 |       1 |
|  7844 | TURNER      | SALESMAN           | 7698 | 1981-09-08 08:45:00 |  1500.00 |    0.00 |     30 |    NULL |      10 |
|  7876 | ADAMS       | CLERK              | 7788 | 1983-01-12 18:33:00 |  1100.00 |    NULL |     20 |       3 |       4 |
|  7877 | STEPHEN     | ASSISTANT          | 7788 | 1983-01-12 18:33:00 |  1100.00 |    NULL |    130 |       5 |       9 |
|  7900 | JAMES       | CLERK              | 7698 | 1981-12-03 09:25:00 |   950.00 |    NULL |     30 |       3 |       8 |
|  7902 | FORD        | ANALYST            | 7566 | 1981-12-03 11:00:00 |  3000.00 |    NULL |     20 |    NULL |       2 |
|  7934 | MILLER      | CLERK              | 7782 | 1982-01-23 20:20:00 |  1300.00 |    NULL |     10 |       4 |       3 |
|  8003 | THOMAS      | PERSONAL ASSISTANT | 8009 | 1980-12-17 17:36:00 |  4900.00 |    NULL |     50 |    NULL |       2 |
|  8009 | SHELLEY     | MANAGER            | 7839 | 1981-12-03 11:00:00 |  6000.00 |    NULL |    180 |    NULL |       1 |
|  9277 | stephen     | assistant          | 3467 | 1983-01-12 18:35:00 |  1100.00 |    NULL |    110 |    NULL |       4 |
|  9341 | thomas      | personal assistant | 9822 | 1980-12-17 17:36:00 |  4900.00 |    NULL |    200 |    NULL |       1 |
|  9434 | sherlock    | clerk              | 9874 | 1982-01-23 20:22:00 |  1600.00 |    NULL |     40 |    NULL |       5 |
|  9452 | sherlock    | clerk              | 9822 | 1982-01-23 20:20:00 |  1600.00 |    NULL |    130 |    NULL |       4 |
|  9822 | troy        | analyst            | 3000 | 1982-12-09 16:12:00 |  3100.00 |    NULL |     40 |       9 |       6 |
|  9874 | stephen     | assistant          | 3001 | 1983-01-12 18:33:00 |  1100.00 |    NULL |    170 |    NULL |       9 |
+-------+-------------+--------------------+------+---------------------+----------+---------+--------+---------+---------+
68 rows in set (0.00 sec)

mysql> select * from emp1 where exists (select 0);
+-------+-------------+--------------------+------+---------------------+----------+---------+--------+---------+---------+
| EMPNO | ENAME       | JOB                | MGR  | HIREDATE            | SAL      | COMM    | DEPTNO | HOBBYID | BONUSID |
+-------+-------------+--------------------+------+---------------------+----------+---------+--------+---------+---------+
|  1000 | Alice       | Manager            | 7839 | 1983-08-12 19:35:00 |  9000.00 |    NULL |    150 |      13 |       1 |
|  1001 | Victor      | Assistant Manager  | 1000 | 1983-12-25 11:35:00 |  8000.00 |    NULL |    150 |      13 |       4 |
|  1002 | Jack        | Assistant          | 1001 | 1983-12-25 11:35:00 |  7000.00 |    NULL |    150 |    NULL |       4 |
|  1003 | William     | Assistant          | 1001 | 1984-12-30 12:00:00 |  7000.79 |    NULL |    150 |      13 |       1 |
|  1004 | Rose        | Assistant Manager  | 1000 | 1985-01-30 12:24:00 |  8000.48 |    NULL |    150 |    NULL |       7 |
|  1005 | Kate        | Assistant Analyst  | 7388 | 1985-01-30 12:24:00 |  3000.00 |    NULL |    160 |    NULL |       9 |
|  1006 | William     | Salesman           | 7388 | 1980-02-13 21:00:00 | 23700.00 | 1200.00 |    160 |    NULL |       8 |
|  1007 | Matthew     | Salesman           | 1005 | 1980-02-28 21:00:00 |  4700.00 | 1200.00 |    160 |      13 |       3 |
|  1008 | MAI         | SALESGIRL          | 1000 | 2001-12-25 11:35:00 |  8000.00 |  111.00 |    150 |       8 |       2 |
|  1009 | ZARIA       | SALESGIRL          | 1001 | 2002-12-25 11:35:00 |  7000.00 |  555.00 |    150 |       8 |       6 |
|  1010 | MAYA        | SALESGIRL          | 1001 | 2003-12-30 12:00:00 |  7000.15 |  120.79 |    150 |       8 |       7 |
|  1011 | ROSE        | SALESGIRL          | 1000 | 2004-01-30 12:24:00 | 18000.00 |  250.00 |    150 |       8 |       3 |
|  1012 | KATE        | SALESGIRL          | 7388 | 2005-01-30 12:24:00 |  3000.00 |  900.00 |    160 |       8 |       9 |
|  1013 | TINA        | SALESGIRL          | 7388 | 2006-02-13 21:00:00 | 13700.00 | 2400.00 |    160 |       8 |      10 |
|  1014 | MARY        | SALESGIRL          | 1005 | 2007-02-28 21:00:00 | 20000.00 | 1550.00 |    160 |       8 |       1 |
|  1015 | TESSA       | SALESGIRL          | 1005 | 2008-02-28 21:00:00 | 14700.00 | 1100.00 |    160 |       8 |       5 |
|  1016 | STEVEN      | Assistant          | 1004 | 1983-01-12 18:35:00 | -9500.00 |    NULL |     40 |    NULL |    NULL |
|  2099 | SHERLOCK    | CLERK              | 8009 | 1982-01-23 20:22:00 |  1600.00 |    NULL |     40 |       5 |       6 |
|  2877 | STEPHEN     | ASSISTANT          | 7788 | 1983-01-12 18:35:00 |  1100.00 |    NULL |     40 |       5 |       3 |
|  3000 | Aaron       | Salesman           | 7877 | 1981-11-17 04:29:24 |  4500.00 | 1200.73 |     60 |       5 |       4 |
|  3001 | Alexander   | Manager            | 7369 | 1981-05-01 05:12:43 |  2950.00 |    NULL |     90 |       9 |       1 |
|  3002 | Brooke      | Clerk              | 5002 | 1981-06-09 02:17:12 |  2222.00 |    NULL |     50 |       6 |       3 |
|  3003 | Bruce       | Personal Assistant | 5002 | 1981-04-02 12:35:19 |  4975.30 |    NULL |    120 |       2 |       5 |
|  3189 | Eli         | Personal Assistant | 3001 | 1981-12-03 09:35:00 |  5400.00 |    NULL |     30 |       2 |       1 |
|  3244 | shelley     | manager            | 7839 | 1981-12-03 11:00:00 |  6000.99 |    NULL |    170 |       2 |       4 |
|  3267 | Clive       | Assistant          | 5002 | 1981-02-20 07:40:00 |  3600.00 |    NULL |     50 |       9 |       8 |
|  3467 | Christopher | Personal Assistant | 7844 | 1981-09-28 14:26:00 |  4250.98 |    NULL |    190 |       6 |       7 |
|  3598 | Dirk        | Assistant          | 7698 | 1981-09-08 08:15:00 |  1500.00 |    NULL |     60 |    NULL |       6 |
|  3745 | ely         | assistant          | 7788 | 1981-02-22 10:10:00 |  5250.00 |    NULL |    150 |      12 |       2 |
|  4934 | SHERLOCK    | CLERK              | 8009 | 1982-01-23 20:20:00 |  1600.00 |    NULL |     40 |       2 |       1 |
|  5001 | AARON       | SALESMAN           | 7902 | 1981-11-17 04:29:24 |  4500.00 | 1200.40 |     60 |       6 |       9 |
|  5002 | ALEXANDER   | MANAGER            | 7369 | 1981-05-01 05:12:43 |  2950.00 |    NULL |     70 |       7 |      10 |
|  5003 | BROOKE      | CLERK              | 5002 | 1981-06-09 02:17:12 |  2222.00 |    NULL |    100 |       8 |      10 |
|  6001 | BRUCE       | PERSONAL ASSISTANT | 5002 | 1981-04-02 12:35:19 |  4975.00 |    NULL |     80 |       9 |       6 |
|  6002 | CHRISTOPHER | PERSONAL ASSISTANT | 7844 | 1981-09-28 14:26:00 |  4250.00 |    NULL |    180 |      10 |       3 |
|  6003 | CLIVE       | ASSISTANT          | 7698 | 1981-02-20 07:40:00 |  3600.00 |    NULL |    120 |       1 |       1 |
|  6342 | joel        | clerk              | 8009 | 1982-01-23 22:20:00 | -1600.00 |    NULL |     50 |    NULL |    NULL |
|  6345 | jay         | analyst            | 8009 | 1982-12-09 17:12:00 | -3100.00 |    NULL |     50 |    NULL |    NULL |
|  6774 | joe         | assistant          | 7788 | 1983-01-13 18:33:00 | -1100.00 |    NULL |    190 |      12 |    NULL |
|  6843 | matthew     | assistant          | 7788 | 1983-01-12 19:35:00 | -1100.00 |    NULL |    100 |    NULL |    NULL |
|  6980 | louis       | clerk              | 8009 | 1982-01-23 21:22:00 | -1600.00 |    NULL |     30 |    NULL |    NULL |
|  7005 | DIRK        | ASSISTANT          | 7698 | 1981-09-08 08:15:00 |  1500.00 |    NULL |     60 |      10 |       6 |
|  7006 | ELI         | PERSONAL ASSISTANT | 7521 | 1981-12-03 09:35:00 |  5400.00 |    NULL |     70 |       2 |       7 |
|  7007 | ELY         | ASSISTANT          | 7788 | 1981-02-22 10:10:00 |  5250.70 |    NULL |    140 |       2 |       7 |
|  7369 | SMITH       | CLERK              | 7902 | 1980-12-17 17:36:00 |   800.00 |    NULL |     20 |    NULL |       1 |
|  7388 | TROY        | ANALYST            | 8009 | 1982-12-09 16:12:00 |  4100.00 |    NULL |    160 |       5 |       5 |
|  7499 | ALLEN       | SALESMAN           | 7698 | 1981-02-20 07:30:00 |  1600.00 |  300.00 |     30 |       5 |       8 |
|  7521 | WARD        | SALESMAN           | 7698 | 1981-02-22 10:15:00 |  1250.00 |  500.00 |     30 |       1 |       3 |
|  7566 | JONES       | MANAGER            | 7839 | 1981-04-02 12:45:19 |  2975.00 |    NULL |     20 |       4 |       7 |
|  7654 | MARTIN      | SALESMAN           | 7698 | 1981-09-28 14:26:00 |  1250.00 | 1400.00 |     30 |       2 |       4 |
|  7698 | BLAKE       | MANAGER            | 7839 | 1981-05-01 05:54:43 |  2850.00 |    NULL |     30 |       2 |       3 |
|  7782 | CLARK       | MANAGER            | 7839 | 1981-06-09 02:12:12 |  2450.00 |    NULL |     10 |       3 |       5 |
|  7788 | SCOTT       | ANALYST            | 7566 | 1982-12-09 16:12:00 |  3000.00 |    NULL |     20 |       2 |       1 |
|  7839 | KING        | PRESIDENT          | NULL | 1981-11-17 04:20:24 |  5000.00 |    NULL |     10 |       1 |       1 |
|  7844 | TURNER      | SALESMAN           | 7698 | 1981-09-08 08:45:00 |  1500.00 |    0.00 |     30 |    NULL |      10 |
|  7876 | ADAMS       | CLERK              | 7788 | 1983-01-12 18:33:00 |  1100.00 |    NULL |     20 |       3 |       4 |
|  7877 | STEPHEN     | ASSISTANT          | 7788 | 1983-01-12 18:33:00 |  1100.00 |    NULL |    130 |       5 |       9 |
|  7900 | JAMES       | CLERK              | 7698 | 1981-12-03 09:25:00 |   950.00 |    NULL |     30 |       3 |       8 |
|  7902 | FORD        | ANALYST            | 7566 | 1981-12-03 11:00:00 |  3000.00 |    NULL |     20 |    NULL |       2 |
|  7934 | MILLER      | CLERK              | 7782 | 1982-01-23 20:20:00 |  1300.00 |    NULL |     10 |       4 |       3 |
|  8003 | THOMAS      | PERSONAL ASSISTANT | 8009 | 1980-12-17 17:36:00 |  4900.00 |    NULL |     50 |    NULL |       2 |
|  8009 | SHELLEY     | MANAGER            | 7839 | 1981-12-03 11:00:00 |  6000.00 |    NULL |    180 |    NULL |       1 |
|  9277 | stephen     | assistant          | 3467 | 1983-01-12 18:35:00 |  1100.00 |    NULL |    110 |    NULL |       4 |
|  9341 | thomas      | personal assistant | 9822 | 1980-12-17 17:36:00 |  4900.00 |    NULL |    200 |    NULL |       1 |
|  9434 | sherlock    | clerk              | 9874 | 1982-01-23 20:22:00 |  1600.00 |    NULL |     40 |    NULL |       5 |
|  9452 | sherlock    | clerk              | 9822 | 1982-01-23 20:20:00 |  1600.00 |    NULL |    130 |    NULL |       4 |
|  9822 | troy        | analyst            | 3000 | 1982-12-09 16:12:00 |  3100.00 |    NULL |     40 |       9 |       6 |
|  9874 | stephen     | assistant          | 3001 | 1983-01-12 18:33:00 |  1100.00 |    NULL |    170 |    NULL |       9 |
+-------+-------------+--------------------+------+---------------------+----------+---------+--------+---------+---------+
68 rows in set (0.00 sec)

mysql> select 0;
+---+
| 0 |
+---+
| 0 |
+---+
1 row in set (0.00 sec)

mysql> select 1;
+---+
| 1 |
+---+
| 1 |
+---+
1 row in set (0.00 sec)

mysql> select * from emp1 where exists (select 0);
+-------+-------------+--------------------+------+---------------------+----------+---------+--------+---------+---------+
| EMPNO | ENAME       | JOB                | MGR  | HIREDATE            | SAL      | COMM    | DEPTNO | HOBBYID | BONUSID |
+-------+-------------+--------------------+------+---------------------+----------+---------+--------+---------+---------+
|  1000 | Alice       | Manager            | 7839 | 1983-08-12 19:35:00 |  9000.00 |    NULL |    150 |      13 |       1 |
|  1001 | Victor      | Assistant Manager  | 1000 | 1983-12-25 11:35:00 |  8000.00 |    NULL |    150 |      13 |       4 |
|  1002 | Jack        | Assistant          | 1001 | 1983-12-25 11:35:00 |  7000.00 |    NULL |    150 |    NULL |       4 |
|  1003 | William     | Assistant          | 1001 | 1984-12-30 12:00:00 |  7000.79 |    NULL |    150 |      13 |       1 |
|  1004 | Rose        | Assistant Manager  | 1000 | 1985-01-30 12:24:00 |  8000.48 |    NULL |    150 |    NULL |       7 |
|  1005 | Kate        | Assistant Analyst  | 7388 | 1985-01-30 12:24:00 |  3000.00 |    NULL |    160 |    NULL |       9 |
|  1006 | William     | Salesman           | 7388 | 1980-02-13 21:00:00 | 23700.00 | 1200.00 |    160 |    NULL |       8 |
|  1007 | Matthew     | Salesman           | 1005 | 1980-02-28 21:00:00 |  4700.00 | 1200.00 |    160 |      13 |       3 |
|  1008 | MAI         | SALESGIRL          | 1000 | 2001-12-25 11:35:00 |  8000.00 |  111.00 |    150 |       8 |       2 |
|  1009 | ZARIA       | SALESGIRL          | 1001 | 2002-12-25 11:35:00 |  7000.00 |  555.00 |    150 |       8 |       6 |
|  1010 | MAYA        | SALESGIRL          | 1001 | 2003-12-30 12:00:00 |  7000.15 |  120.79 |    150 |       8 |       7 |
|  1011 | ROSE        | SALESGIRL          | 1000 | 2004-01-30 12:24:00 | 18000.00 |  250.00 |    150 |       8 |       3 |
|  1012 | KATE        | SALESGIRL          | 7388 | 2005-01-30 12:24:00 |  3000.00 |  900.00 |    160 |       8 |       9 |
|  1013 | TINA        | SALESGIRL          | 7388 | 2006-02-13 21:00:00 | 13700.00 | 2400.00 |    160 |       8 |      10 |
|  1014 | MARY        | SALESGIRL          | 1005 | 2007-02-28 21:00:00 | 20000.00 | 1550.00 |    160 |       8 |       1 |
|  1015 | TESSA       | SALESGIRL          | 1005 | 2008-02-28 21:00:00 | 14700.00 | 1100.00 |    160 |       8 |       5 |
|  1016 | STEVEN      | Assistant          | 1004 | 1983-01-12 18:35:00 | -9500.00 |    NULL |     40 |    NULL |    NULL |
|  2099 | SHERLOCK    | CLERK              | 8009 | 1982-01-23 20:22:00 |  1600.00 |    NULL |     40 |       5 |       6 |
|  2877 | STEPHEN     | ASSISTANT          | 7788 | 1983-01-12 18:35:00 |  1100.00 |    NULL |     40 |       5 |       3 |
|  3000 | Aaron       | Salesman           | 7877 | 1981-11-17 04:29:24 |  4500.00 | 1200.73 |     60 |       5 |       4 |
|  3001 | Alexander   | Manager            | 7369 | 1981-05-01 05:12:43 |  2950.00 |    NULL |     90 |       9 |       1 |
|  3002 | Brooke      | Clerk              | 5002 | 1981-06-09 02:17:12 |  2222.00 |    NULL |     50 |       6 |       3 |
|  3003 | Bruce       | Personal Assistant | 5002 | 1981-04-02 12:35:19 |  4975.30 |    NULL |    120 |       2 |       5 |
|  3189 | Eli         | Personal Assistant | 3001 | 1981-12-03 09:35:00 |  5400.00 |    NULL |     30 |       2 |       1 |
|  3244 | shelley     | manager            | 7839 | 1981-12-03 11:00:00 |  6000.99 |    NULL |    170 |       2 |       4 |
|  3267 | Clive       | Assistant          | 5002 | 1981-02-20 07:40:00 |  3600.00 |    NULL |     50 |       9 |       8 |
|  3467 | Christopher | Personal Assistant | 7844 | 1981-09-28 14:26:00 |  4250.98 |    NULL |    190 |       6 |       7 |
|  3598 | Dirk        | Assistant          | 7698 | 1981-09-08 08:15:00 |  1500.00 |    NULL |     60 |    NULL |       6 |
|  3745 | ely         | assistant          | 7788 | 1981-02-22 10:10:00 |  5250.00 |    NULL |    150 |      12 |       2 |
|  4934 | SHERLOCK    | CLERK              | 8009 | 1982-01-23 20:20:00 |  1600.00 |    NULL |     40 |       2 |       1 |
|  5001 | AARON       | SALESMAN           | 7902 | 1981-11-17 04:29:24 |  4500.00 | 1200.40 |     60 |       6 |       9 |
|  5002 | ALEXANDER   | MANAGER            | 7369 | 1981-05-01 05:12:43 |  2950.00 |    NULL |     70 |       7 |      10 |
|  5003 | BROOKE      | CLERK              | 5002 | 1981-06-09 02:17:12 |  2222.00 |    NULL |    100 |       8 |      10 |
|  6001 | BRUCE       | PERSONAL ASSISTANT | 5002 | 1981-04-02 12:35:19 |  4975.00 |    NULL |     80 |       9 |       6 |
|  6002 | CHRISTOPHER | PERSONAL ASSISTANT | 7844 | 1981-09-28 14:26:00 |  4250.00 |    NULL |    180 |      10 |       3 |
|  6003 | CLIVE       | ASSISTANT          | 7698 | 1981-02-20 07:40:00 |  3600.00 |    NULL |    120 |       1 |       1 |
|  6342 | joel        | clerk              | 8009 | 1982-01-23 22:20:00 | -1600.00 |    NULL |     50 |    NULL |    NULL |
|  6345 | jay         | analyst            | 8009 | 1982-12-09 17:12:00 | -3100.00 |    NULL |     50 |    NULL |    NULL |
|  6774 | joe         | assistant          | 7788 | 1983-01-13 18:33:00 | -1100.00 |    NULL |    190 |      12 |    NULL |
|  6843 | matthew     | assistant          | 7788 | 1983-01-12 19:35:00 | -1100.00 |    NULL |    100 |    NULL |    NULL |
|  6980 | louis       | clerk              | 8009 | 1982-01-23 21:22:00 | -1600.00 |    NULL |     30 |    NULL |    NULL |
|  7005 | DIRK        | ASSISTANT          | 7698 | 1981-09-08 08:15:00 |  1500.00 |    NULL |     60 |      10 |       6 |
|  7006 | ELI         | PERSONAL ASSISTANT | 7521 | 1981-12-03 09:35:00 |  5400.00 |    NULL |     70 |       2 |       7 |
|  7007 | ELY         | ASSISTANT          | 7788 | 1981-02-22 10:10:00 |  5250.70 |    NULL |    140 |       2 |       7 |
|  7369 | SMITH       | CLERK              | 7902 | 1980-12-17 17:36:00 |   800.00 |    NULL |     20 |    NULL |       1 |
|  7388 | TROY        | ANALYST            | 8009 | 1982-12-09 16:12:00 |  4100.00 |    NULL |    160 |       5 |       5 |
|  7499 | ALLEN       | SALESMAN           | 7698 | 1981-02-20 07:30:00 |  1600.00 |  300.00 |     30 |       5 |       8 |
|  7521 | WARD        | SALESMAN           | 7698 | 1981-02-22 10:15:00 |  1250.00 |  500.00 |     30 |       1 |       3 |
|  7566 | JONES       | MANAGER            | 7839 | 1981-04-02 12:45:19 |  2975.00 |    NULL |     20 |       4 |       7 |
|  7654 | MARTIN      | SALESMAN           | 7698 | 1981-09-28 14:26:00 |  1250.00 | 1400.00 |     30 |       2 |       4 |
|  7698 | BLAKE       | MANAGER            | 7839 | 1981-05-01 05:54:43 |  2850.00 |    NULL |     30 |       2 |       3 |
|  7782 | CLARK       | MANAGER            | 7839 | 1981-06-09 02:12:12 |  2450.00 |    NULL |     10 |       3 |       5 |
|  7788 | SCOTT       | ANALYST            | 7566 | 1982-12-09 16:12:00 |  3000.00 |    NULL |     20 |       2 |       1 |
|  7839 | KING        | PRESIDENT          | NULL | 1981-11-17 04:20:24 |  5000.00 |    NULL |     10 |       1 |       1 |
|  7844 | TURNER      | SALESMAN           | 7698 | 1981-09-08 08:45:00 |  1500.00 |    0.00 |     30 |    NULL |      10 |
|  7876 | ADAMS       | CLERK              | 7788 | 1983-01-12 18:33:00 |  1100.00 |    NULL |     20 |       3 |       4 |
|  7877 | STEPHEN     | ASSISTANT          | 7788 | 1983-01-12 18:33:00 |  1100.00 |    NULL |    130 |       5 |       9 |
|  7900 | JAMES       | CLERK              | 7698 | 1981-12-03 09:25:00 |   950.00 |    NULL |     30 |       3 |       8 |
|  7902 | FORD        | ANALYST            | 7566 | 1981-12-03 11:00:00 |  3000.00 |    NULL |     20 |    NULL |       2 |
|  7934 | MILLER      | CLERK              | 7782 | 1982-01-23 20:20:00 |  1300.00 |    NULL |     10 |       4 |       3 |
|  8003 | THOMAS      | PERSONAL ASSISTANT | 8009 | 1980-12-17 17:36:00 |  4900.00 |    NULL |     50 |    NULL |       2 |
|  8009 | SHELLEY     | MANAGER            | 7839 | 1981-12-03 11:00:00 |  6000.00 |    NULL |    180 |    NULL |       1 |
|  9277 | stephen     | assistant          | 3467 | 1983-01-12 18:35:00 |  1100.00 |    NULL |    110 |    NULL |       4 |
|  9341 | thomas      | personal assistant | 9822 | 1980-12-17 17:36:00 |  4900.00 |    NULL |    200 |    NULL |       1 |
|  9434 | sherlock    | clerk              | 9874 | 1982-01-23 20:22:00 |  1600.00 |    NULL |     40 |    NULL |       5 |
|  9452 | sherlock    | clerk              | 9822 | 1982-01-23 20:20:00 |  1600.00 |    NULL |    130 |    NULL |       4 |
|  9822 | troy        | analyst            | 3000 | 1982-12-09 16:12:00 |  3100.00 |    NULL |     40 |       9 |       6 |
|  9874 | stephen     | assistant          | 3001 | 1983-01-12 18:33:00 |  1100.00 |    NULL |    170 |    NULL |       9 |
+-------+-------------+--------------------+------+---------------------+----------+---------+--------+---------+---------+
68 rows in set (0.00 sec)

mysql> select * from emp1 where exists (select -2020);
+-------+-------------+--------------------+------+---------------------+----------+---------+--------+---------+---------+
| EMPNO | ENAME       | JOB                | MGR  | HIREDATE            | SAL      | COMM    | DEPTNO | HOBBYID | BONUSID |
+-------+-------------+--------------------+------+---------------------+----------+---------+--------+---------+---------+
|  1000 | Alice       | Manager            | 7839 | 1983-08-12 19:35:00 |  9000.00 |    NULL |    150 |      13 |       1 |
|  1001 | Victor      | Assistant Manager  | 1000 | 1983-12-25 11:35:00 |  8000.00 |    NULL |    150 |      13 |       4 |
|  1002 | Jack        | Assistant          | 1001 | 1983-12-25 11:35:00 |  7000.00 |    NULL |    150 |    NULL |       4 |
|  1003 | William     | Assistant          | 1001 | 1984-12-30 12:00:00 |  7000.79 |    NULL |    150 |      13 |       1 |
|  1004 | Rose        | Assistant Manager  | 1000 | 1985-01-30 12:24:00 |  8000.48 |    NULL |    150 |    NULL |       7 |
|  1005 | Kate        | Assistant Analyst  | 7388 | 1985-01-30 12:24:00 |  3000.00 |    NULL |    160 |    NULL |       9 |
|  1006 | William     | Salesman           | 7388 | 1980-02-13 21:00:00 | 23700.00 | 1200.00 |    160 |    NULL |       8 |
|  1007 | Matthew     | Salesman           | 1005 | 1980-02-28 21:00:00 |  4700.00 | 1200.00 |    160 |      13 |       3 |
|  1008 | MAI         | SALESGIRL          | 1000 | 2001-12-25 11:35:00 |  8000.00 |  111.00 |    150 |       8 |       2 |
|  1009 | ZARIA       | SALESGIRL          | 1001 | 2002-12-25 11:35:00 |  7000.00 |  555.00 |    150 |       8 |       6 |
|  1010 | MAYA        | SALESGIRL          | 1001 | 2003-12-30 12:00:00 |  7000.15 |  120.79 |    150 |       8 |       7 |
|  1011 | ROSE        | SALESGIRL          | 1000 | 2004-01-30 12:24:00 | 18000.00 |  250.00 |    150 |       8 |       3 |
|  1012 | KATE        | SALESGIRL          | 7388 | 2005-01-30 12:24:00 |  3000.00 |  900.00 |    160 |       8 |       9 |
|  1013 | TINA        | SALESGIRL          | 7388 | 2006-02-13 21:00:00 | 13700.00 | 2400.00 |    160 |       8 |      10 |
|  1014 | MARY        | SALESGIRL          | 1005 | 2007-02-28 21:00:00 | 20000.00 | 1550.00 |    160 |       8 |       1 |
|  1015 | TESSA       | SALESGIRL          | 1005 | 2008-02-28 21:00:00 | 14700.00 | 1100.00 |    160 |       8 |       5 |
|  1016 | STEVEN      | Assistant          | 1004 | 1983-01-12 18:35:00 | -9500.00 |    NULL |     40 |    NULL |    NULL |
|  2099 | SHERLOCK    | CLERK              | 8009 | 1982-01-23 20:22:00 |  1600.00 |    NULL |     40 |       5 |       6 |
|  2877 | STEPHEN     | ASSISTANT          | 7788 | 1983-01-12 18:35:00 |  1100.00 |    NULL |     40 |       5 |       3 |
|  3000 | Aaron       | Salesman           | 7877 | 1981-11-17 04:29:24 |  4500.00 | 1200.73 |     60 |       5 |       4 |
|  3001 | Alexander   | Manager            | 7369 | 1981-05-01 05:12:43 |  2950.00 |    NULL |     90 |       9 |       1 |
|  3002 | Brooke      | Clerk              | 5002 | 1981-06-09 02:17:12 |  2222.00 |    NULL |     50 |       6 |       3 |
|  3003 | Bruce       | Personal Assistant | 5002 | 1981-04-02 12:35:19 |  4975.30 |    NULL |    120 |       2 |       5 |
|  3189 | Eli         | Personal Assistant | 3001 | 1981-12-03 09:35:00 |  5400.00 |    NULL |     30 |       2 |       1 |
|  3244 | shelley     | manager            | 7839 | 1981-12-03 11:00:00 |  6000.99 |    NULL |    170 |       2 |       4 |
|  3267 | Clive       | Assistant          | 5002 | 1981-02-20 07:40:00 |  3600.00 |    NULL |     50 |       9 |       8 |
|  3467 | Christopher | Personal Assistant | 7844 | 1981-09-28 14:26:00 |  4250.98 |    NULL |    190 |       6 |       7 |
|  3598 | Dirk        | Assistant          | 7698 | 1981-09-08 08:15:00 |  1500.00 |    NULL |     60 |    NULL |       6 |
|  3745 | ely         | assistant          | 7788 | 1981-02-22 10:10:00 |  5250.00 |    NULL |    150 |      12 |       2 |
|  4934 | SHERLOCK    | CLERK              | 8009 | 1982-01-23 20:20:00 |  1600.00 |    NULL |     40 |       2 |       1 |
|  5001 | AARON       | SALESMAN           | 7902 | 1981-11-17 04:29:24 |  4500.00 | 1200.40 |     60 |       6 |       9 |
|  5002 | ALEXANDER   | MANAGER            | 7369 | 1981-05-01 05:12:43 |  2950.00 |    NULL |     70 |       7 |      10 |
|  5003 | BROOKE      | CLERK              | 5002 | 1981-06-09 02:17:12 |  2222.00 |    NULL |    100 |       8 |      10 |
|  6001 | BRUCE       | PERSONAL ASSISTANT | 5002 | 1981-04-02 12:35:19 |  4975.00 |    NULL |     80 |       9 |       6 |
|  6002 | CHRISTOPHER | PERSONAL ASSISTANT | 7844 | 1981-09-28 14:26:00 |  4250.00 |    NULL |    180 |      10 |       3 |
|  6003 | CLIVE       | ASSISTANT          | 7698 | 1981-02-20 07:40:00 |  3600.00 |    NULL |    120 |       1 |       1 |
|  6342 | joel        | clerk              | 8009 | 1982-01-23 22:20:00 | -1600.00 |    NULL |     50 |    NULL |    NULL |
|  6345 | jay         | analyst            | 8009 | 1982-12-09 17:12:00 | -3100.00 |    NULL |     50 |    NULL |    NULL |
|  6774 | joe         | assistant          | 7788 | 1983-01-13 18:33:00 | -1100.00 |    NULL |    190 |      12 |    NULL |
|  6843 | matthew     | assistant          | 7788 | 1983-01-12 19:35:00 | -1100.00 |    NULL |    100 |    NULL |    NULL |
|  6980 | louis       | clerk              | 8009 | 1982-01-23 21:22:00 | -1600.00 |    NULL |     30 |    NULL |    NULL |
|  7005 | DIRK        | ASSISTANT          | 7698 | 1981-09-08 08:15:00 |  1500.00 |    NULL |     60 |      10 |       6 |
|  7006 | ELI         | PERSONAL ASSISTANT | 7521 | 1981-12-03 09:35:00 |  5400.00 |    NULL |     70 |       2 |       7 |
|  7007 | ELY         | ASSISTANT          | 7788 | 1981-02-22 10:10:00 |  5250.70 |    NULL |    140 |       2 |       7 |
|  7369 | SMITH       | CLERK              | 7902 | 1980-12-17 17:36:00 |   800.00 |    NULL |     20 |    NULL |       1 |
|  7388 | TROY        | ANALYST            | 8009 | 1982-12-09 16:12:00 |  4100.00 |    NULL |    160 |       5 |       5 |
|  7499 | ALLEN       | SALESMAN           | 7698 | 1981-02-20 07:30:00 |  1600.00 |  300.00 |     30 |       5 |       8 |
|  7521 | WARD        | SALESMAN           | 7698 | 1981-02-22 10:15:00 |  1250.00 |  500.00 |     30 |       1 |       3 |
|  7566 | JONES       | MANAGER            | 7839 | 1981-04-02 12:45:19 |  2975.00 |    NULL |     20 |       4 |       7 |
|  7654 | MARTIN      | SALESMAN           | 7698 | 1981-09-28 14:26:00 |  1250.00 | 1400.00 |     30 |       2 |       4 |
|  7698 | BLAKE       | MANAGER            | 7839 | 1981-05-01 05:54:43 |  2850.00 |    NULL |     30 |       2 |       3 |
|  7782 | CLARK       | MANAGER            | 7839 | 1981-06-09 02:12:12 |  2450.00 |    NULL |     10 |       3 |       5 |
|  7788 | SCOTT       | ANALYST            | 7566 | 1982-12-09 16:12:00 |  3000.00 |    NULL |     20 |       2 |       1 |
|  7839 | KING        | PRESIDENT          | NULL | 1981-11-17 04:20:24 |  5000.00 |    NULL |     10 |       1 |       1 |
|  7844 | TURNER      | SALESMAN           | 7698 | 1981-09-08 08:45:00 |  1500.00 |    0.00 |     30 |    NULL |      10 |
|  7876 | ADAMS       | CLERK              | 7788 | 1983-01-12 18:33:00 |  1100.00 |    NULL |     20 |       3 |       4 |
|  7877 | STEPHEN     | ASSISTANT          | 7788 | 1983-01-12 18:33:00 |  1100.00 |    NULL |    130 |       5 |       9 |
|  7900 | JAMES       | CLERK              | 7698 | 1981-12-03 09:25:00 |   950.00 |    NULL |     30 |       3 |       8 |
|  7902 | FORD        | ANALYST            | 7566 | 1981-12-03 11:00:00 |  3000.00 |    NULL |     20 |    NULL |       2 |
|  7934 | MILLER      | CLERK              | 7782 | 1982-01-23 20:20:00 |  1300.00 |    NULL |     10 |       4 |       3 |
|  8003 | THOMAS      | PERSONAL ASSISTANT | 8009 | 1980-12-17 17:36:00 |  4900.00 |    NULL |     50 |    NULL |       2 |
|  8009 | SHELLEY     | MANAGER            | 7839 | 1981-12-03 11:00:00 |  6000.00 |    NULL |    180 |    NULL |       1 |
|  9277 | stephen     | assistant          | 3467 | 1983-01-12 18:35:00 |  1100.00 |    NULL |    110 |    NULL |       4 |
|  9341 | thomas      | personal assistant | 9822 | 1980-12-17 17:36:00 |  4900.00 |    NULL |    200 |    NULL |       1 |
|  9434 | sherlock    | clerk              | 9874 | 1982-01-23 20:22:00 |  1600.00 |    NULL |     40 |    NULL |       5 |
|  9452 | sherlock    | clerk              | 9822 | 1982-01-23 20:20:00 |  1600.00 |    NULL |    130 |    NULL |       4 |
|  9822 | troy        | analyst            | 3000 | 1982-12-09 16:12:00 |  3100.00 |    NULL |     40 |       9 |       6 |
|  9874 | stephen     | assistant          | 3001 | 1983-01-12 18:33:00 |  1100.00 |    NULL |    170 |    NULL |       9 |
+-------+-------------+--------------------+------+---------------------+----------+---------+--------+---------+---------+
68 rows in set (0.00 sec)

mysql> select * from emp1 where exists (select null);
+-------+-------------+--------------------+------+---------------------+----------+---------+--------+---------+---------+
| EMPNO | ENAME       | JOB                | MGR  | HIREDATE            | SAL      | COMM    | DEPTNO | HOBBYID | BONUSID |
+-------+-------------+--------------------+------+---------------------+----------+---------+--------+---------+---------+
|  1000 | Alice       | Manager            | 7839 | 1983-08-12 19:35:00 |  9000.00 |    NULL |    150 |      13 |       1 |
|  1001 | Victor      | Assistant Manager  | 1000 | 1983-12-25 11:35:00 |  8000.00 |    NULL |    150 |      13 |       4 |
|  1002 | Jack        | Assistant          | 1001 | 1983-12-25 11:35:00 |  7000.00 |    NULL |    150 |    NULL |       4 |
|  1003 | William     | Assistant          | 1001 | 1984-12-30 12:00:00 |  7000.79 |    NULL |    150 |      13 |       1 |
|  1004 | Rose        | Assistant Manager  | 1000 | 1985-01-30 12:24:00 |  8000.48 |    NULL |    150 |    NULL |       7 |
|  1005 | Kate        | Assistant Analyst  | 7388 | 1985-01-30 12:24:00 |  3000.00 |    NULL |    160 |    NULL |       9 |
|  1006 | William     | Salesman           | 7388 | 1980-02-13 21:00:00 | 23700.00 | 1200.00 |    160 |    NULL |       8 |
|  1007 | Matthew     | Salesman           | 1005 | 1980-02-28 21:00:00 |  4700.00 | 1200.00 |    160 |      13 |       3 |
|  1008 | MAI         | SALESGIRL          | 1000 | 2001-12-25 11:35:00 |  8000.00 |  111.00 |    150 |       8 |       2 |
|  1009 | ZARIA       | SALESGIRL          | 1001 | 2002-12-25 11:35:00 |  7000.00 |  555.00 |    150 |       8 |       6 |
|  1010 | MAYA        | SALESGIRL          | 1001 | 2003-12-30 12:00:00 |  7000.15 |  120.79 |    150 |       8 |       7 |
|  1011 | ROSE        | SALESGIRL          | 1000 | 2004-01-30 12:24:00 | 18000.00 |  250.00 |    150 |       8 |       3 |
|  1012 | KATE        | SALESGIRL          | 7388 | 2005-01-30 12:24:00 |  3000.00 |  900.00 |    160 |       8 |       9 |
|  1013 | TINA        | SALESGIRL          | 7388 | 2006-02-13 21:00:00 | 13700.00 | 2400.00 |    160 |       8 |      10 |
|  1014 | MARY        | SALESGIRL          | 1005 | 2007-02-28 21:00:00 | 20000.00 | 1550.00 |    160 |       8 |       1 |
|  1015 | TESSA       | SALESGIRL          | 1005 | 2008-02-28 21:00:00 | 14700.00 | 1100.00 |    160 |       8 |       5 |
|  1016 | STEVEN      | Assistant          | 1004 | 1983-01-12 18:35:00 | -9500.00 |    NULL |     40 |    NULL |    NULL |
|  2099 | SHERLOCK    | CLERK              | 8009 | 1982-01-23 20:22:00 |  1600.00 |    NULL |     40 |       5 |       6 |
|  2877 | STEPHEN     | ASSISTANT          | 7788 | 1983-01-12 18:35:00 |  1100.00 |    NULL |     40 |       5 |       3 |
|  3000 | Aaron       | Salesman           | 7877 | 1981-11-17 04:29:24 |  4500.00 | 1200.73 |     60 |       5 |       4 |
|  3001 | Alexander   | Manager            | 7369 | 1981-05-01 05:12:43 |  2950.00 |    NULL |     90 |       9 |       1 |
|  3002 | Brooke      | Clerk              | 5002 | 1981-06-09 02:17:12 |  2222.00 |    NULL |     50 |       6 |       3 |
|  3003 | Bruce       | Personal Assistant | 5002 | 1981-04-02 12:35:19 |  4975.30 |    NULL |    120 |       2 |       5 |
|  3189 | Eli         | Personal Assistant | 3001 | 1981-12-03 09:35:00 |  5400.00 |    NULL |     30 |       2 |       1 |
|  3244 | shelley     | manager            | 7839 | 1981-12-03 11:00:00 |  6000.99 |    NULL |    170 |       2 |       4 |
|  3267 | Clive       | Assistant          | 5002 | 1981-02-20 07:40:00 |  3600.00 |    NULL |     50 |       9 |       8 |
|  3467 | Christopher | Personal Assistant | 7844 | 1981-09-28 14:26:00 |  4250.98 |    NULL |    190 |       6 |       7 |
|  3598 | Dirk        | Assistant          | 7698 | 1981-09-08 08:15:00 |  1500.00 |    NULL |     60 |    NULL |       6 |
|  3745 | ely         | assistant          | 7788 | 1981-02-22 10:10:00 |  5250.00 |    NULL |    150 |      12 |       2 |
|  4934 | SHERLOCK    | CLERK              | 8009 | 1982-01-23 20:20:00 |  1600.00 |    NULL |     40 |       2 |       1 |
|  5001 | AARON       | SALESMAN           | 7902 | 1981-11-17 04:29:24 |  4500.00 | 1200.40 |     60 |       6 |       9 |
|  5002 | ALEXANDER   | MANAGER            | 7369 | 1981-05-01 05:12:43 |  2950.00 |    NULL |     70 |       7 |      10 |
|  5003 | BROOKE      | CLERK              | 5002 | 1981-06-09 02:17:12 |  2222.00 |    NULL |    100 |       8 |      10 |
|  6001 | BRUCE       | PERSONAL ASSISTANT | 5002 | 1981-04-02 12:35:19 |  4975.00 |    NULL |     80 |       9 |       6 |
|  6002 | CHRISTOPHER | PERSONAL ASSISTANT | 7844 | 1981-09-28 14:26:00 |  4250.00 |    NULL |    180 |      10 |       3 |
|  6003 | CLIVE       | ASSISTANT          | 7698 | 1981-02-20 07:40:00 |  3600.00 |    NULL |    120 |       1 |       1 |
|  6342 | joel        | clerk              | 8009 | 1982-01-23 22:20:00 | -1600.00 |    NULL |     50 |    NULL |    NULL |
|  6345 | jay         | analyst            | 8009 | 1982-12-09 17:12:00 | -3100.00 |    NULL |     50 |    NULL |    NULL |
|  6774 | joe         | assistant          | 7788 | 1983-01-13 18:33:00 | -1100.00 |    NULL |    190 |      12 |    NULL |
|  6843 | matthew     | assistant          | 7788 | 1983-01-12 19:35:00 | -1100.00 |    NULL |    100 |    NULL |    NULL |
|  6980 | louis       | clerk              | 8009 | 1982-01-23 21:22:00 | -1600.00 |    NULL |     30 |    NULL |    NULL |
|  7005 | DIRK        | ASSISTANT          | 7698 | 1981-09-08 08:15:00 |  1500.00 |    NULL |     60 |      10 |       6 |
|  7006 | ELI         | PERSONAL ASSISTANT | 7521 | 1981-12-03 09:35:00 |  5400.00 |    NULL |     70 |       2 |       7 |
|  7007 | ELY         | ASSISTANT          | 7788 | 1981-02-22 10:10:00 |  5250.70 |    NULL |    140 |       2 |       7 |
|  7369 | SMITH       | CLERK              | 7902 | 1980-12-17 17:36:00 |   800.00 |    NULL |     20 |    NULL |       1 |
|  7388 | TROY        | ANALYST            | 8009 | 1982-12-09 16:12:00 |  4100.00 |    NULL |    160 |       5 |       5 |
|  7499 | ALLEN       | SALESMAN           | 7698 | 1981-02-20 07:30:00 |  1600.00 |  300.00 |     30 |       5 |       8 |
|  7521 | WARD        | SALESMAN           | 7698 | 1981-02-22 10:15:00 |  1250.00 |  500.00 |     30 |       1 |       3 |
|  7566 | JONES       | MANAGER            | 7839 | 1981-04-02 12:45:19 |  2975.00 |    NULL |     20 |       4 |       7 |
|  7654 | MARTIN      | SALESMAN           | 7698 | 1981-09-28 14:26:00 |  1250.00 | 1400.00 |     30 |       2 |       4 |
|  7698 | BLAKE       | MANAGER            | 7839 | 1981-05-01 05:54:43 |  2850.00 |    NULL |     30 |       2 |       3 |
|  7782 | CLARK       | MANAGER            | 7839 | 1981-06-09 02:12:12 |  2450.00 |    NULL |     10 |       3 |       5 |
|  7788 | SCOTT       | ANALYST            | 7566 | 1982-12-09 16:12:00 |  3000.00 |    NULL |     20 |       2 |       1 |
|  7839 | KING        | PRESIDENT          | NULL | 1981-11-17 04:20:24 |  5000.00 |    NULL |     10 |       1 |       1 |
|  7844 | TURNER      | SALESMAN           | 7698 | 1981-09-08 08:45:00 |  1500.00 |    0.00 |     30 |    NULL |      10 |
|  7876 | ADAMS       | CLERK              | 7788 | 1983-01-12 18:33:00 |  1100.00 |    NULL |     20 |       3 |       4 |
|  7877 | STEPHEN     | ASSISTANT          | 7788 | 1983-01-12 18:33:00 |  1100.00 |    NULL |    130 |       5 |       9 |
|  7900 | JAMES       | CLERK              | 7698 | 1981-12-03 09:25:00 |   950.00 |    NULL |     30 |       3 |       8 |
|  7902 | FORD        | ANALYST            | 7566 | 1981-12-03 11:00:00 |  3000.00 |    NULL |     20 |    NULL |       2 |
|  7934 | MILLER      | CLERK              | 7782 | 1982-01-23 20:20:00 |  1300.00 |    NULL |     10 |       4 |       3 |
|  8003 | THOMAS      | PERSONAL ASSISTANT | 8009 | 1980-12-17 17:36:00 |  4900.00 |    NULL |     50 |    NULL |       2 |
|  8009 | SHELLEY     | MANAGER            | 7839 | 1981-12-03 11:00:00 |  6000.00 |    NULL |    180 |    NULL |       1 |
|  9277 | stephen     | assistant          | 3467 | 1983-01-12 18:35:00 |  1100.00 |    NULL |    110 |    NULL |       4 |
|  9341 | thomas      | personal assistant | 9822 | 1980-12-17 17:36:00 |  4900.00 |    NULL |    200 |    NULL |       1 |
|  9434 | sherlock    | clerk              | 9874 | 1982-01-23 20:22:00 |  1600.00 |    NULL |     40 |    NULL |       5 |
|  9452 | sherlock    | clerk              | 9822 | 1982-01-23 20:20:00 |  1600.00 |    NULL |    130 |    NULL |       4 |
|  9822 | troy        | analyst            | 3000 | 1982-12-09 16:12:00 |  3100.00 |    NULL |     40 |       9 |       6 |
|  9874 | stephen     | assistant          | 3001 | 1983-01-12 18:33:00 |  1100.00 |    NULL |    170 |    NULL |       9 |
+-------+-------------+--------------------+------+---------------------+----------+---------+--------+---------+---------+
68 rows in set (0.00 sec)

mysql> select * from emp1 where exists (select null);
+-------+-------------+--------------------+------+---------------------+----------+---------+--------+---------+---------+
| EMPNO | ENAME       | JOB                | MGR  | HIREDATE            | SAL      | COMM    | DEPTNO | HOBBYID | BONUSID |
+-------+-------------+--------------------+------+---------------------+----------+---------+--------+---------+---------+
|  1000 | Alice       | Manager            | 7839 | 1983-08-12 19:35:00 |  9000.00 |    NULL |    150 |      13 |       1 |
|  1001 | Victor      | Assistant Manager  | 1000 | 1983-12-25 11:35:00 |  8000.00 |    NULL |    150 |      13 |       4 |
|  1002 | Jack        | Assistant          | 1001 | 1983-12-25 11:35:00 |  7000.00 |    NULL |    150 |    NULL |       4 |
|  1003 | William     | Assistant          | 1001 | 1984-12-30 12:00:00 |  7000.79 |    NULL |    150 |      13 |       1 |
|  1004 | Rose        | Assistant Manager  | 1000 | 1985-01-30 12:24:00 |  8000.48 |    NULL |    150 |    NULL |       7 |
|  1005 | Kate        | Assistant Analyst  | 7388 | 1985-01-30 12:24:00 |  3000.00 |    NULL |    160 |    NULL |       9 |
|  1006 | William     | Salesman           | 7388 | 1980-02-13 21:00:00 | 23700.00 | 1200.00 |    160 |    NULL |       8 |
|  1007 | Matthew     | Salesman           | 1005 | 1980-02-28 21:00:00 |  4700.00 | 1200.00 |    160 |      13 |       3 |
|  1008 | MAI         | SALESGIRL          | 1000 | 2001-12-25 11:35:00 |  8000.00 |  111.00 |    150 |       8 |       2 |
|  1009 | ZARIA       | SALESGIRL          | 1001 | 2002-12-25 11:35:00 |  7000.00 |  555.00 |    150 |       8 |       6 |
|  1010 | MAYA        | SALESGIRL          | 1001 | 2003-12-30 12:00:00 |  7000.15 |  120.79 |    150 |       8 |       7 |
|  1011 | ROSE        | SALESGIRL          | 1000 | 2004-01-30 12:24:00 | 18000.00 |  250.00 |    150 |       8 |       3 |
|  1012 | KATE        | SALESGIRL          | 7388 | 2005-01-30 12:24:00 |  3000.00 |  900.00 |    160 |       8 |       9 |
|  1013 | TINA        | SALESGIRL          | 7388 | 2006-02-13 21:00:00 | 13700.00 | 2400.00 |    160 |       8 |      10 |
|  1014 | MARY        | SALESGIRL          | 1005 | 2007-02-28 21:00:00 | 20000.00 | 1550.00 |    160 |       8 |       1 |
|  1015 | TESSA       | SALESGIRL          | 1005 | 2008-02-28 21:00:00 | 14700.00 | 1100.00 |    160 |       8 |       5 |
|  1016 | STEVEN      | Assistant          | 1004 | 1983-01-12 18:35:00 | -9500.00 |    NULL |     40 |    NULL |    NULL |
|  2099 | SHERLOCK    | CLERK              | 8009 | 1982-01-23 20:22:00 |  1600.00 |    NULL |     40 |       5 |       6 |
|  2877 | STEPHEN     | ASSISTANT          | 7788 | 1983-01-12 18:35:00 |  1100.00 |    NULL |     40 |       5 |       3 |
|  3000 | Aaron       | Salesman           | 7877 | 1981-11-17 04:29:24 |  4500.00 | 1200.73 |     60 |       5 |       4 |
|  3001 | Alexander   | Manager            | 7369 | 1981-05-01 05:12:43 |  2950.00 |    NULL |     90 |       9 |       1 |
|  3002 | Brooke      | Clerk              | 5002 | 1981-06-09 02:17:12 |  2222.00 |    NULL |     50 |       6 |       3 |
|  3003 | Bruce       | Personal Assistant | 5002 | 1981-04-02 12:35:19 |  4975.30 |    NULL |    120 |       2 |       5 |
|  3189 | Eli         | Personal Assistant | 3001 | 1981-12-03 09:35:00 |  5400.00 |    NULL |     30 |       2 |       1 |
|  3244 | shelley     | manager            | 7839 | 1981-12-03 11:00:00 |  6000.99 |    NULL |    170 |       2 |       4 |
|  3267 | Clive       | Assistant          | 5002 | 1981-02-20 07:40:00 |  3600.00 |    NULL |     50 |       9 |       8 |
|  3467 | Christopher | Personal Assistant | 7844 | 1981-09-28 14:26:00 |  4250.98 |    NULL |    190 |       6 |       7 |
|  3598 | Dirk        | Assistant          | 7698 | 1981-09-08 08:15:00 |  1500.00 |    NULL |     60 |    NULL |       6 |
|  3745 | ely         | assistant          | 7788 | 1981-02-22 10:10:00 |  5250.00 |    NULL |    150 |      12 |       2 |
|  4934 | SHERLOCK    | CLERK              | 8009 | 1982-01-23 20:20:00 |  1600.00 |    NULL |     40 |       2 |       1 |
|  5001 | AARON       | SALESMAN           | 7902 | 1981-11-17 04:29:24 |  4500.00 | 1200.40 |     60 |       6 |       9 |
|  5002 | ALEXANDER   | MANAGER            | 7369 | 1981-05-01 05:12:43 |  2950.00 |    NULL |     70 |       7 |      10 |
|  5003 | BROOKE      | CLERK              | 5002 | 1981-06-09 02:17:12 |  2222.00 |    NULL |    100 |       8 |      10 |
|  6001 | BRUCE       | PERSONAL ASSISTANT | 5002 | 1981-04-02 12:35:19 |  4975.00 |    NULL |     80 |       9 |       6 |
|  6002 | CHRISTOPHER | PERSONAL ASSISTANT | 7844 | 1981-09-28 14:26:00 |  4250.00 |    NULL |    180 |      10 |       3 |
|  6003 | CLIVE       | ASSISTANT          | 7698 | 1981-02-20 07:40:00 |  3600.00 |    NULL |    120 |       1 |       1 |
|  6342 | joel        | clerk              | 8009 | 1982-01-23 22:20:00 | -1600.00 |    NULL |     50 |    NULL |    NULL |
|  6345 | jay         | analyst            | 8009 | 1982-12-09 17:12:00 | -3100.00 |    NULL |     50 |    NULL |    NULL |
|  6774 | joe         | assistant          | 7788 | 1983-01-13 18:33:00 | -1100.00 |    NULL |    190 |      12 |    NULL |
|  6843 | matthew     | assistant          | 7788 | 1983-01-12 19:35:00 | -1100.00 |    NULL |    100 |    NULL |    NULL |
|  6980 | louis       | clerk              | 8009 | 1982-01-23 21:22:00 | -1600.00 |    NULL |     30 |    NULL |    NULL |
|  7005 | DIRK        | ASSISTANT          | 7698 | 1981-09-08 08:15:00 |  1500.00 |    NULL |     60 |      10 |       6 |
|  7006 | ELI         | PERSONAL ASSISTANT | 7521 | 1981-12-03 09:35:00 |  5400.00 |    NULL |     70 |       2 |       7 |
|  7007 | ELY         | ASSISTANT          | 7788 | 1981-02-22 10:10:00 |  5250.70 |    NULL |    140 |       2 |       7 |
|  7369 | SMITH       | CLERK              | 7902 | 1980-12-17 17:36:00 |   800.00 |    NULL |     20 |    NULL |       1 |
|  7388 | TROY        | ANALYST            | 8009 | 1982-12-09 16:12:00 |  4100.00 |    NULL |    160 |       5 |       5 |
|  7499 | ALLEN       | SALESMAN           | 7698 | 1981-02-20 07:30:00 |  1600.00 |  300.00 |     30 |       5 |       8 |
|  7521 | WARD        | SALESMAN           | 7698 | 1981-02-22 10:15:00 |  1250.00 |  500.00 |     30 |       1 |       3 |
|  7566 | JONES       | MANAGER            | 7839 | 1981-04-02 12:45:19 |  2975.00 |    NULL |     20 |       4 |       7 |
|  7654 | MARTIN      | SALESMAN           | 7698 | 1981-09-28 14:26:00 |  1250.00 | 1400.00 |     30 |       2 |       4 |
|  7698 | BLAKE       | MANAGER            | 7839 | 1981-05-01 05:54:43 |  2850.00 |    NULL |     30 |       2 |       3 |
|  7782 | CLARK       | MANAGER            | 7839 | 1981-06-09 02:12:12 |  2450.00 |    NULL |     10 |       3 |       5 |
|  7788 | SCOTT       | ANALYST            | 7566 | 1982-12-09 16:12:00 |  3000.00 |    NULL |     20 |       2 |       1 |
|  7839 | KING        | PRESIDENT          | NULL | 1981-11-17 04:20:24 |  5000.00 |    NULL |     10 |       1 |       1 |
|  7844 | TURNER      | SALESMAN           | 7698 | 1981-09-08 08:45:00 |  1500.00 |    0.00 |     30 |    NULL |      10 |
|  7876 | ADAMS       | CLERK              | 7788 | 1983-01-12 18:33:00 |  1100.00 |    NULL |     20 |       3 |       4 |
|  7877 | STEPHEN     | ASSISTANT          | 7788 | 1983-01-12 18:33:00 |  1100.00 |    NULL |    130 |       5 |       9 |
|  7900 | JAMES       | CLERK              | 7698 | 1981-12-03 09:25:00 |   950.00 |    NULL |     30 |       3 |       8 |
|  7902 | FORD        | ANALYST            | 7566 | 1981-12-03 11:00:00 |  3000.00 |    NULL |     20 |    NULL |       2 |
|  7934 | MILLER      | CLERK              | 7782 | 1982-01-23 20:20:00 |  1300.00 |    NULL |     10 |       4 |       3 |
|  8003 | THOMAS      | PERSONAL ASSISTANT | 8009 | 1980-12-17 17:36:00 |  4900.00 |    NULL |     50 |    NULL |       2 |
|  8009 | SHELLEY     | MANAGER            | 7839 | 1981-12-03 11:00:00 |  6000.00 |    NULL |    180 |    NULL |       1 |
|  9277 | stephen     | assistant          | 3467 | 1983-01-12 18:35:00 |  1100.00 |    NULL |    110 |    NULL |       4 |
|  9341 | thomas      | personal assistant | 9822 | 1980-12-17 17:36:00 |  4900.00 |    NULL |    200 |    NULL |       1 |
|  9434 | sherlock    | clerk              | 9874 | 1982-01-23 20:22:00 |  1600.00 |    NULL |     40 |    NULL |       5 |
|  9452 | sherlock    | clerk              | 9822 | 1982-01-23 20:20:00 |  1600.00 |    NULL |    130 |    NULL |       4 |
|  9822 | troy        | analyst            | 3000 | 1982-12-09 16:12:00 |  3100.00 |    NULL |     40 |       9 |       6 |
|  9874 | stephen     | assistant          | 3001 | 1983-01-12 18:33:00 |  1100.00 |    NULL |    170 |    NULL |       9 |
+-------+-------------+--------------------+------+---------------------+----------+---------+--------+---------+---------+
68 rows in set (0.00 sec)

mysql>
mysql> select null;
+------+
| NULL |
+------+
| NULL |
+------+
1 row in set (0.00 sec)

mysql> select * from emp1 where exists (select null);
+-------+-------------+--------------------+------+---------------------+----------+---------+--------+---------+---------+
| EMPNO | ENAME       | JOB                | MGR  | HIREDATE            | SAL      | COMM    | DEPTNO | HOBBYID | BONUSID |
+-------+-------------+--------------------+------+---------------------+----------+---------+--------+---------+---------+
|  1000 | Alice       | Manager            | 7839 | 1983-08-12 19:35:00 |  9000.00 |    NULL |    150 |      13 |       1 |
|  1001 | Victor      | Assistant Manager  | 1000 | 1983-12-25 11:35:00 |  8000.00 |    NULL |    150 |      13 |       4 |
|  1002 | Jack        | Assistant          | 1001 | 1983-12-25 11:35:00 |  7000.00 |    NULL |    150 |    NULL |       4 |
|  1003 | William     | Assistant          | 1001 | 1984-12-30 12:00:00 |  7000.79 |    NULL |    150 |      13 |       1 |
|  1004 | Rose        | Assistant Manager  | 1000 | 1985-01-30 12:24:00 |  8000.48 |    NULL |    150 |    NULL |       7 |
|  1005 | Kate        | Assistant Analyst  | 7388 | 1985-01-30 12:24:00 |  3000.00 |    NULL |    160 |    NULL |       9 |
|  1006 | William     | Salesman           | 7388 | 1980-02-13 21:00:00 | 23700.00 | 1200.00 |    160 |    NULL |       8 |
|  1007 | Matthew     | Salesman           | 1005 | 1980-02-28 21:00:00 |  4700.00 | 1200.00 |    160 |      13 |       3 |
|  1008 | MAI         | SALESGIRL          | 1000 | 2001-12-25 11:35:00 |  8000.00 |  111.00 |    150 |       8 |       2 |
|  1009 | ZARIA       | SALESGIRL          | 1001 | 2002-12-25 11:35:00 |  7000.00 |  555.00 |    150 |       8 |       6 |
|  1010 | MAYA        | SALESGIRL          | 1001 | 2003-12-30 12:00:00 |  7000.15 |  120.79 |    150 |       8 |       7 |
|  1011 | ROSE        | SALESGIRL          | 1000 | 2004-01-30 12:24:00 | 18000.00 |  250.00 |    150 |       8 |       3 |
|  1012 | KATE        | SALESGIRL          | 7388 | 2005-01-30 12:24:00 |  3000.00 |  900.00 |    160 |       8 |       9 |
|  1013 | TINA        | SALESGIRL          | 7388 | 2006-02-13 21:00:00 | 13700.00 | 2400.00 |    160 |       8 |      10 |
|  1014 | MARY        | SALESGIRL          | 1005 | 2007-02-28 21:00:00 | 20000.00 | 1550.00 |    160 |       8 |       1 |
|  1015 | TESSA       | SALESGIRL          | 1005 | 2008-02-28 21:00:00 | 14700.00 | 1100.00 |    160 |       8 |       5 |
|  1016 | STEVEN      | Assistant          | 1004 | 1983-01-12 18:35:00 | -9500.00 |    NULL |     40 |    NULL |    NULL |
|  2099 | SHERLOCK    | CLERK              | 8009 | 1982-01-23 20:22:00 |  1600.00 |    NULL |     40 |       5 |       6 |
|  2877 | STEPHEN     | ASSISTANT          | 7788 | 1983-01-12 18:35:00 |  1100.00 |    NULL |     40 |       5 |       3 |
|  3000 | Aaron       | Salesman           | 7877 | 1981-11-17 04:29:24 |  4500.00 | 1200.73 |     60 |       5 |       4 |
|  3001 | Alexander   | Manager            | 7369 | 1981-05-01 05:12:43 |  2950.00 |    NULL |     90 |       9 |       1 |
|  3002 | Brooke      | Clerk              | 5002 | 1981-06-09 02:17:12 |  2222.00 |    NULL |     50 |       6 |       3 |
|  3003 | Bruce       | Personal Assistant | 5002 | 1981-04-02 12:35:19 |  4975.30 |    NULL |    120 |       2 |       5 |
|  3189 | Eli         | Personal Assistant | 3001 | 1981-12-03 09:35:00 |  5400.00 |    NULL |     30 |       2 |       1 |
|  3244 | shelley     | manager            | 7839 | 1981-12-03 11:00:00 |  6000.99 |    NULL |    170 |       2 |       4 |
|  3267 | Clive       | Assistant          | 5002 | 1981-02-20 07:40:00 |  3600.00 |    NULL |     50 |       9 |       8 |
|  3467 | Christopher | Personal Assistant | 7844 | 1981-09-28 14:26:00 |  4250.98 |    NULL |    190 |       6 |       7 |
|  3598 | Dirk        | Assistant          | 7698 | 1981-09-08 08:15:00 |  1500.00 |    NULL |     60 |    NULL |       6 |
|  3745 | ely         | assistant          | 7788 | 1981-02-22 10:10:00 |  5250.00 |    NULL |    150 |      12 |       2 |
|  4934 | SHERLOCK    | CLERK              | 8009 | 1982-01-23 20:20:00 |  1600.00 |    NULL |     40 |       2 |       1 |
|  5001 | AARON       | SALESMAN           | 7902 | 1981-11-17 04:29:24 |  4500.00 | 1200.40 |     60 |       6 |       9 |
|  5002 | ALEXANDER   | MANAGER            | 7369 | 1981-05-01 05:12:43 |  2950.00 |    NULL |     70 |       7 |      10 |
|  5003 | BROOKE      | CLERK              | 5002 | 1981-06-09 02:17:12 |  2222.00 |    NULL |    100 |       8 |      10 |
|  6001 | BRUCE       | PERSONAL ASSISTANT | 5002 | 1981-04-02 12:35:19 |  4975.00 |    NULL |     80 |       9 |       6 |
|  6002 | CHRISTOPHER | PERSONAL ASSISTANT | 7844 | 1981-09-28 14:26:00 |  4250.00 |    NULL |    180 |      10 |       3 |
|  6003 | CLIVE       | ASSISTANT          | 7698 | 1981-02-20 07:40:00 |  3600.00 |    NULL |    120 |       1 |       1 |
|  6342 | joel        | clerk              | 8009 | 1982-01-23 22:20:00 | -1600.00 |    NULL |     50 |    NULL |    NULL |
|  6345 | jay         | analyst            | 8009 | 1982-12-09 17:12:00 | -3100.00 |    NULL |     50 |    NULL |    NULL |
|  6774 | joe         | assistant          | 7788 | 1983-01-13 18:33:00 | -1100.00 |    NULL |    190 |      12 |    NULL |
|  6843 | matthew     | assistant          | 7788 | 1983-01-12 19:35:00 | -1100.00 |    NULL |    100 |    NULL |    NULL |
|  6980 | louis       | clerk              | 8009 | 1982-01-23 21:22:00 | -1600.00 |    NULL |     30 |    NULL |    NULL |
|  7005 | DIRK        | ASSISTANT          | 7698 | 1981-09-08 08:15:00 |  1500.00 |    NULL |     60 |      10 |       6 |
|  7006 | ELI         | PERSONAL ASSISTANT | 7521 | 1981-12-03 09:35:00 |  5400.00 |    NULL |     70 |       2 |       7 |
|  7007 | ELY         | ASSISTANT          | 7788 | 1981-02-22 10:10:00 |  5250.70 |    NULL |    140 |       2 |       7 |
|  7369 | SMITH       | CLERK              | 7902 | 1980-12-17 17:36:00 |   800.00 |    NULL |     20 |    NULL |       1 |
|  7388 | TROY        | ANALYST            | 8009 | 1982-12-09 16:12:00 |  4100.00 |    NULL |    160 |       5 |       5 |
|  7499 | ALLEN       | SALESMAN           | 7698 | 1981-02-20 07:30:00 |  1600.00 |  300.00 |     30 |       5 |       8 |
|  7521 | WARD        | SALESMAN           | 7698 | 1981-02-22 10:15:00 |  1250.00 |  500.00 |     30 |       1 |       3 |
|  7566 | JONES       | MANAGER            | 7839 | 1981-04-02 12:45:19 |  2975.00 |    NULL |     20 |       4 |       7 |
|  7654 | MARTIN      | SALESMAN           | 7698 | 1981-09-28 14:26:00 |  1250.00 | 1400.00 |     30 |       2 |       4 |
|  7698 | BLAKE       | MANAGER            | 7839 | 1981-05-01 05:54:43 |  2850.00 |    NULL |     30 |       2 |       3 |
|  7782 | CLARK       | MANAGER            | 7839 | 1981-06-09 02:12:12 |  2450.00 |    NULL |     10 |       3 |       5 |
|  7788 | SCOTT       | ANALYST            | 7566 | 1982-12-09 16:12:00 |  3000.00 |    NULL |     20 |       2 |       1 |
|  7839 | KING        | PRESIDENT          | NULL | 1981-11-17 04:20:24 |  5000.00 |    NULL |     10 |       1 |       1 |
|  7844 | TURNER      | SALESMAN           | 7698 | 1981-09-08 08:45:00 |  1500.00 |    0.00 |     30 |    NULL |      10 |
|  7876 | ADAMS       | CLERK              | 7788 | 1983-01-12 18:33:00 |  1100.00 |    NULL |     20 |       3 |       4 |
|  7877 | STEPHEN     | ASSISTANT          | 7788 | 1983-01-12 18:33:00 |  1100.00 |    NULL |    130 |       5 |       9 |
|  7900 | JAMES       | CLERK              | 7698 | 1981-12-03 09:25:00 |   950.00 |    NULL |     30 |       3 |       8 |
|  7902 | FORD        | ANALYST            | 7566 | 1981-12-03 11:00:00 |  3000.00 |    NULL |     20 |    NULL |       2 |
|  7934 | MILLER      | CLERK              | 7782 | 1982-01-23 20:20:00 |  1300.00 |    NULL |     10 |       4 |       3 |
|  8003 | THOMAS      | PERSONAL ASSISTANT | 8009 | 1980-12-17 17:36:00 |  4900.00 |    NULL |     50 |    NULL |       2 |
|  8009 | SHELLEY     | MANAGER            | 7839 | 1981-12-03 11:00:00 |  6000.00 |    NULL |    180 |    NULL |       1 |
|  9277 | stephen     | assistant          | 3467 | 1983-01-12 18:35:00 |  1100.00 |    NULL |    110 |    NULL |       4 |
|  9341 | thomas      | personal assistant | 9822 | 1980-12-17 17:36:00 |  4900.00 |    NULL |    200 |    NULL |       1 |
|  9434 | sherlock    | clerk              | 9874 | 1982-01-23 20:22:00 |  1600.00 |    NULL |     40 |    NULL |       5 |
|  9452 | sherlock    | clerk              | 9822 | 1982-01-23 20:20:00 |  1600.00 |    NULL |    130 |    NULL |       4 |
|  9822 | troy        | analyst            | 3000 | 1982-12-09 16:12:00 |  3100.00 |    NULL |     40 |       9 |       6 |
|  9874 | stephen     | assistant          | 3001 | 1983-01-12 18:33:00 |  1100.00 |    NULL |    170 |    NULL |       9 |
+-------+-------------+--------------------+------+---------------------+----------+---------+--------+---------+---------+
68 rows in set (0.00 sec)

mysql> desc t1;
ERROR 1146 (42S02): Table 'demo.t1' doesn't exist
mysql>
mysql>
mysql>
mysql> create table t1 (c1 int, c2 char, c3 varchar(10));
Query OK, 0 rows affected (0.40 sec)

mysql>
mysql>
mysql> desc t1;
+-------+-------------+------+-----+---------+-------+
| Field | Type        | Null | Key | Default | Extra |
+-------+-------------+------+-----+---------+-------+
| c1    | int(11)     | YES  |     | NULL    |       |
| c2    | char(1)     | YES  |     | NULL    |       |
| c3    | varchar(10) | YES  |     | NULL    |       |
+-------+-------------+------+-----+---------+-------+
3 rows in set (0.00 sec)

mysql> create table t2 (c1 int, c2 char, c3 varchar);
ERROR 1064 (42000): You have an error in your SQL syntax; check the manual that corresponds to your MySQL server version for the right syntax to use near ')' at line 1
mysql>
mysql>
mysql> create table t1 (c1 int(4), c2 char, c3 varchar(10));
ERROR 1050 (42S01): Table 't1' already exists
mysql> create table t2 (c1 int(4), c2 char, c3 varchar(10));
Query OK, 0 rows affected (0.47 sec)

mysql> desc t2;
+-------+-------------+------+-----+---------+-------+
| Field | Type        | Null | Key | Default | Extra |
+-------+-------------+------+-----+---------+-------+
| c1    | int(4)      | YES  |     | NULL    |       |
| c2    | char(1)     | YES  |     | NULL    |       |
| c3    | varchar(10) | YES  |     | NULL    |       |
+-------+-------------+------+-----+---------+-------+
3 rows in set (0.00 sec)

mysql> insert into t2(12345,  'A','abc');
ERROR 1064 (42000): You have an error in your SQL syntax; check the manual that corresponds to your MySQL server version for the right syntax to use near '12345,  'A','abc')' at line 1
mysql>
mysql> insert into t2(1234,  'A','abc');
ERROR 1064 (42000): You have an error in your SQL syntax; check the manual that corresponds to your MySQL server version for the right syntax to use near '1234,  'A','abc')' at line 1
mysql> insert into t2 values(12345,  'A','abc');
Query OK, 1 row affected (0.03 sec)

mysql> select * from t2;
+-------+------+------+
| c1    | c2   | c3   |
+-------+------+------+
| 12345 | A    | abc  |
+-------+------+------+
1 row in set (0.00 sec)

mysql>
mysql>
mysql>
mysql>
mysql>
mysql>
mysql> desc t2;
+-------+-------------+------+-----+---------+-------+
| Field | Type        | Null | Key | Default | Extra |
+-------+-------------+------+-----+---------+-------+
| c1    | int(4)      | YES  |     | NULL    |       |
| c2    | char(1)     | YES  |     | NULL    |       |
| c3    | varchar(10) | YES  |     | NULL    |       |
+-------+-------------+------+-----+---------+-------+
3 rows in set (0.00 sec)

mysql> insert into t2 values(123456,  'A','abc');
Query OK, 1 row affected (0.00 sec)

mysql> select * from t2;
+--------+------+------+
| c1     | c2   | c3   |
+--------+------+------+
|  12345 | A    | abc  |
| 123456 | A    | abc  |
+--------+------+------+
2 rows in set (0.00 sec)

mysql>
mysql>
mysql> create table employee(srno int auto_increment, ename varchar(20), jDate datetime, sal int, comm float(7, 2), amt float(9, 2) genetated always as (sal+comm) virtual);
ERROR 1064 (42000): You have an error in your SQL syntax; check the manual that corresponds to your MySQL server version for the right syntax to use near 'genetated always as (sal+comm) virtual)' at line 1
mysql> create table employee(srno int auto_increment, ename varchar(20), jDate datetime, sal int, comm float(7, 2), amt float(9, 2) generated always as (sal+comm) virtual);
ERROR 1075 (42000): Incorrect table definition; there can be only one auto column and it must be defined as a key
mysql>
mysql> create table employee(srno int auto_increment primary key, ename varchar(20), jDate datetime,city varchar(10) default 'Pune' ,  sal int, comm float(7, 2), amt float(9, 2) generated always as (sal+comm) virtual);
Query OK, 0 rows affected (0.40 sec)

mysql> desc employee;
+-------+-------------+------+-----+---------+-------------------+
| Field | Type        | Null | Key | Default | Extra             |
+-------+-------------+------+-----+---------+-------------------+
| srno  | int(11)     | NO   | PRI | NULL    | auto_increment    |
| ename | varchar(20) | YES  |     | NULL    |                   |
| jDate | datetime    | YES  |     | NULL    |                   |
| city  | varchar(10) | YES  |     | Pune    |                   |
| sal   | int(11)     | YES  |     | NULL    |                   |
| comm  | float(7,2)  | YES  |     | NULL    |                   |
| amt   | float(9,2)  | YES  |     | NULL    | VIRTUAL GENERATED |
+-------+-------------+------+-----+---------+-------------------+
7 rows in set (0.00 sec)

mysql> insert into employee values(default, 'saleel', now(), 'baroda', 1000, 1.75, default);
Query OK, 1 row affected (0.01 sec)

mysql> insert into employee values(default, 'saleel', now(), 'baroda', 1000, 1.75, 75000);
ERROR 3105 (HY000): The value specified for generated column 'amt' in table 'employee' is not allowed.
mysql>
mysql> insert into employee values(default, 'sharmin', '1999-11-18 01:45:23', default , 2000, 2.15, default);
Query OK, 1 row affected (0.00 sec)

mysql> select * from employee;
+------+---------+---------------------+--------+------+------+---------+
| srno | ename   | jDate               | city   | sal  | comm | amt     |
+------+---------+---------------------+--------+------+------+---------+
|    1 | saleel  | 2021-12-07 10:50:57 | baroda | 1000 | 1.75 | 1001.75 |
|    2 | sharmin | 1999-11-18 01:45:23 | Pune   | 2000 | 2.15 | 2002.15 |
+------+---------+---------------------+--------+------+------+---------+
2 rows in set (0.00 sec)

mysql> create table t3(c1 int, c2 int invisible);
ERROR 1064 (42000): You have an error in your SQL syntax; check the manual that corresponds to your MySQL server version for the right syntax to use near 'invisible)' at line 1
mysql>
mysql>
mysql>
mysql> insert into employee values(100, 'sharmin', '1999-11-18 01:45:23', default , 2000, 2.15, default);
Query OK, 1 row affected (0.00 sec)

mysql> select * from employee;
+------+---------+---------------------+--------+------+------+---------+
| srno | ename   | jDate               | city   | sal  | comm | amt     |
+------+---------+---------------------+--------+------+------+---------+
|    1 | saleel  | 2021-12-07 10:50:57 | baroda | 1000 | 1.75 | 1001.75 |
|    2 | sharmin | 1999-11-18 01:45:23 | Pune   | 2000 | 2.15 | 2002.15 |
|  100 | sharmin | 1999-11-18 01:45:23 | Pune   | 2000 | 2.15 | 2002.15 |
+------+---------+---------------------+--------+------+------+---------+
3 rows in set (0.00 sec)

mysql> insert into employee values(default, 'RAM', '1999-11-18 01:45:23', default , 2000, 2.15, default);
Query OK, 1 row affected (0.00 sec)

mysql> select * from employee;
+------+---------+---------------------+--------+------+------+---------+
| srno | ename   | jDate               | city   | sal  | comm | amt     |
+------+---------+---------------------+--------+------+------+---------+
|    1 | saleel  | 2021-12-07 10:50:57 | baroda | 1000 | 1.75 | 1001.75 |
|    2 | sharmin | 1999-11-18 01:45:23 | Pune   | 2000 | 2.15 | 2002.15 |
|  100 | sharmin | 1999-11-18 01:45:23 | Pune   | 2000 | 2.15 | 2002.15 |
|  101 | RAM     | 1999-11-18 01:45:23 | Pune   | 2000 | 2.15 | 2002.15 |
+------+---------+---------------------+--------+------+------+---------+
4 rows in set (0.00 sec)

mysql>
mysql>
mysql> select srno from meployee;
ERROR 1146 (42S02): Table 'demo.meployee' doesn't exist
mysql> select srno from employee;
+------+
| srno |
+------+
|    1 |
|    2 |
|  100 |
|  101 |
+------+
4 rows in set (0.00 sec)

mysql> select max(srno) from employee;
+-----------+
| max(srno) |
+-----------+
|       101 |
+-----------+
1 row in set (0.00 sec)

mysql> select max(srno) + 1 from employee;
+---------------+
| max(srno) + 1 |
+---------------+
|           102 |
+---------------+
1 row in set (0.00 sec)

mysql> insert into employee values(default, 'RAM', '1999-11-18 01:45:23', default , 2000, 2.15, default);
Query OK, 1 row affected (0.00 sec)

mysql> select * from employee;
+------+---------+---------------------+--------+------+------+---------+
| srno | ename   | jDate               | city   | sal  | comm | amt     |
+------+---------+---------------------+--------+------+------+---------+
|    1 | saleel  | 2021-12-07 10:50:57 | baroda | 1000 | 1.75 | 1001.75 |
|    2 | sharmin | 1999-11-18 01:45:23 | Pune   | 2000 | 2.15 | 2002.15 |
|  100 | sharmin | 1999-11-18 01:45:23 | Pune   | 2000 | 2.15 | 2002.15 |
|  101 | RAM     | 1999-11-18 01:45:23 | Pune   | 2000 | 2.15 | 2002.15 |
|  102 | RAM     | 1999-11-18 01:45:23 | Pune   | 2000 | 2.15 | 2002.15 |
+------+---------+---------------------+--------+------+------+---------+
5 rows in set (0.00 sec)

mysql> select max(srno) + 1 from employee;
+---------------+
| max(srno) + 1 |
+---------------+
|           103 |
+---------------+
1 row in set (0.00 sec)

mysql> select * from employee;
+------+---------+---------------------+--------+------+------+---------+
| srno | ename   | jDate               | city   | sal  | comm | amt     |
+------+---------+---------------------+--------+------+------+---------+
|    1 | saleel  | 2021-12-07 10:50:57 | baroda | 1000 | 1.75 | 1001.75 |
|    2 | sharmin | 1999-11-18 01:45:23 | Pune   | 2000 | 2.15 | 2002.15 |
|  100 | sharmin | 1999-11-18 01:45:23 | Pune   | 2000 | 2.15 | 2002.15 |
|  101 | RAM     | 1999-11-18 01:45:23 | Pune   | 2000 | 2.15 | 2002.15 |
|  102 | RAM     | 1999-11-18 01:45:23 | Pune   | 2000 | 2.15 | 2002.15 |
+------+---------+---------------------+--------+------+------+---------+
5 rows in set (0.00 sec)

mysql> update employee set srno = 1000 where srno=1;
Query OK, 1 row affected (0.01 sec)
Rows matched: 1  Changed: 1  Warnings: 0

mysql> select * from employee;
+------+---------+---------------------+--------+------+------+---------+
| srno | ename   | jDate               | city   | sal  | comm | amt     |
+------+---------+---------------------+--------+------+------+---------+
|    2 | sharmin | 1999-11-18 01:45:23 | Pune   | 2000 | 2.15 | 2002.15 |
|  100 | sharmin | 1999-11-18 01:45:23 | Pune   | 2000 | 2.15 | 2002.15 |
|  101 | RAM     | 1999-11-18 01:45:23 | Pune   | 2000 | 2.15 | 2002.15 |
|  102 | RAM     | 1999-11-18 01:45:23 | Pune   | 2000 | 2.15 | 2002.15 |
| 1000 | saleel  | 2021-12-07 10:50:57 | baroda | 1000 | 1.75 | 1001.75 |
+------+---------+---------------------+--------+------+------+---------+
5 rows in set (0.00 sec)

mysql> select max(srno) from employee;
+-----------+
| max(srno) |
+-----------+
|      1000 |
+-----------+
1 row in set (0.00 sec)

mysql> select max(srno) +1 from employee;
+--------------+
| max(srno) +1 |
+--------------+
|         1001 |
+--------------+
1 row in set (0.00 sec)

mysql> insert into employee values(default, 'RAM', '1999-11-18 01:45:23', default , 2000, 2.15, default);
Query OK, 1 row affected (0.00 sec)

mysql> select * from employee;
+------+---------+---------------------+--------+------+------+---------+
| srno | ename   | jDate               | city   | sal  | comm | amt     |
+------+---------+---------------------+--------+------+------+---------+
|    2 | sharmin | 1999-11-18 01:45:23 | Pune   | 2000 | 2.15 | 2002.15 |
|  100 | sharmin | 1999-11-18 01:45:23 | Pune   | 2000 | 2.15 | 2002.15 |
|  101 | RAM     | 1999-11-18 01:45:23 | Pune   | 2000 | 2.15 | 2002.15 |
|  102 | RAM     | 1999-11-18 01:45:23 | Pune   | 2000 | 2.15 | 2002.15 |
| 1000 | saleel  | 2021-12-07 10:50:57 | baroda | 1000 | 1.75 | 1001.75 |
| 1001 | RAM     | 1999-11-18 01:45:23 | Pune   | 2000 | 2.15 | 2002.15 |
+------+---------+---------------------+--------+------+------+---------+
6 rows in set (0.00 sec)

mysql> delete from employee;
Query OK, 6 rows affected (0.00 sec)

mysql> select * from employee;
Empty set (0.00 sec)

mysql> insert into employee values(default, 'RAM', '1999-11-18 01:45:23', default , 2000, 2.15, default);
Query OK, 1 row affected (0.00 sec)

mysql> select * from employee;
+------+-------+---------------------+------+------+------+---------+
| srno | ename | jDate               | city | sal  | comm | amt     |
+------+-------+---------------------+------+------+------+---------+
| 1002 | RAM   | 1999-11-18 01:45:23 | Pune | 2000 | 2.15 | 2002.15 |
+------+-------+---------------------+------+------+------+---------+
1 row in set (0.00 sec)

mysql> delete from employee;
Query OK, 1 row affected (0.00 sec)

mysql> insert into employee values(default, 'RAM', '1999-11-18 01:45:23', default , 2000, 2.15, default);
Query OK, 1 row affected (0.00 sec)

mysql> select * from employee;
+------+-------+---------------------+------+------+------+---------+
| srno | ename | jDate               | city | sal  | comm | amt     |
+------+-------+---------------------+------+------+------+---------+
| 1003 | RAM   | 1999-11-18 01:45:23 | Pune | 2000 | 2.15 | 2002.15 |
+------+-------+---------------------+------+------+------+---------+
1 row in set (0.00 sec)

mysql> insert into employee values(default, 'RAM', '1999-11-18 01:45:23', default , 2000, 2.15, default);
Query OK, 1 row affected (0.00 sec)

mysql> insert into employee values(default, 'RAM', '1999-11-18 01:45:23', default , 2000, 2.15, default);
Query OK, 1 row affected (0.00 sec)

mysql> insert into employee values(default, 'RAM', '1999-11-18 01:45:23', default , 2000, 2.15, default);
Query OK, 1 row affected (0.00 sec)

mysql> insert into employee values(default, 'RAM', '1999-11-18 01:45:23', default , 2000, 2.15, default);
Query OK, 1 row affected (0.00 sec)

mysql> select * from employee;
+------+-------+---------------------+------+------+------+---------+
| srno | ename | jDate               | city | sal  | comm | amt     |
+------+-------+---------------------+------+------+------+---------+
| 1003 | RAM   | 1999-11-18 01:45:23 | Pune | 2000 | 2.15 | 2002.15 |
| 1004 | RAM   | 1999-11-18 01:45:23 | Pune | 2000 | 2.15 | 2002.15 |
| 1005 | RAM   | 1999-11-18 01:45:23 | Pune | 2000 | 2.15 | 2002.15 |
| 1006 | RAM   | 1999-11-18 01:45:23 | Pune | 2000 | 2.15 | 2002.15 |
| 1007 | RAM   | 1999-11-18 01:45:23 | Pune | 2000 | 2.15 | 2002.15 |
+------+-------+---------------------+------+------+------+---------+
5 rows in set (0.00 sec)

mysql> select 0 +1;
+------+
| 0 +1 |
+------+
|    1 |
+------+
1 row in set (0.00 sec)

mysql> truncate table employee;
Query OK, 0 rows affected (0.71 sec)

mysql> insert into employee values(default, 'RAM', '1999-11-18 01:45:23', default , 2000, 2.15, default);
Query OK, 1 row affected (0.01 sec)

mysql> insert into employee values(default, 'RAM', '1999-11-18 01:45:23', default , 2000, 2.15, default);
Query OK, 1 row affected (0.00 sec)

mysql> insert into employee values(default, 'RAM', '1999-11-18 01:45:23', default , 2000, 2.15, default);
Query OK, 1 row affected (0.00 sec)

mysql> insert into employee values(default, 'RAM', '1999-11-18 01:45:23', default , 2000, 2.15, default);
Query OK, 1 row affected (0.00 sec)

mysql> select * from employee;
+------+-------+---------------------+------+------+------+---------+
| srno | ename | jDate               | city | sal  | comm | amt     |
+------+-------+---------------------+------+------+------+---------+
|    1 | RAM   | 1999-11-18 01:45:23 | Pune | 2000 | 2.15 | 2002.15 |
|    2 | RAM   | 1999-11-18 01:45:23 | Pune | 2000 | 2.15 | 2002.15 |
|    3 | RAM   | 1999-11-18 01:45:23 | Pune | 2000 | 2.15 | 2002.15 |
|    4 | RAM   | 1999-11-18 01:45:23 | Pune | 2000 | 2.15 | 2002.15 |
+------+-------+---------------------+------+------+------+---------+
4 rows in set (0.00 sec)

mysql> delete from employee;
Query OK, 4 rows affected (0.01 sec)

mysql> select * from employee;
Empty set (0.00 sec)

mysql> insert into employee values(default, 'RAM', '1999-11-18 01:45:23', default , 2000, 2.15, default);
Query OK, 1 row affected (0.00 sec)

mysql> insert into employee values(default, 'RAM', '1999-11-18 01:45:23', default , 2000, 2.15, default);
Query OK, 1 row affected (0.00 sec)

mysql> insert into employee values(default, 'RAM', '1999-11-18 01:45:23', default , 2000, 2.15, default);
Query OK, 1 row affected (0.00 sec)

mysql> insert into employee values(default, 'RAM', '1999-11-18 01:45:23', default , 2000, 2.15, default);
Query OK, 1 row affected (0.00 sec)

mysql>
mysql> select * from employee;
+------+-------+---------------------+------+------+------+---------+
| srno | ename | jDate               | city | sal  | comm | amt     |
+------+-------+---------------------+------+------+------+---------+
|    5 | RAM   | 1999-11-18 01:45:23 | Pune | 2000 | 2.15 | 2002.15 |
|    6 | RAM   | 1999-11-18 01:45:23 | Pune | 2000 | 2.15 | 2002.15 |
|    7 | RAM   | 1999-11-18 01:45:23 | Pune | 2000 | 2.15 | 2002.15 |
|    8 | RAM   | 1999-11-18 01:45:23 | Pune | 2000 | 2.15 | 2002.15 |
+------+-------+---------------------+------+------+------+---------+
4 rows in set (0.00 sec)

mysql> truncate table employee;
Query OK, 0 rows affected (0.70 sec)

mysql> select * from employee;
Empty set (0.00 sec)

mysql> insert into employee values(default, 'RAM', '1999-11-18 01:45:23', default , 2000, 2.15, default);
Query OK, 1 row affected (0.01 sec)

mysql> insert into employee values(default, 'RAM', '1999-11-18 01:45:23', default , 2000, 2.15, default);
Query OK, 1 row affected (0.00 sec)

mysql> insert into employee values(default, 'RAM', '1999-11-18 01:45:23', default , 2000, 2.15, default);
Query OK, 1 row affected (0.00 sec)

mysql> insert into employee values(default, 'RAM', '1999-11-18 01:45:23', default , 2000, 2.15, default);
Query OK, 1 row affected (0.00 sec)

mysql>
mysql> select * from employee;
+------+-------+---------------------+------+------+------+---------+
| srno | ename | jDate               | city | sal  | comm | amt     |
+------+-------+---------------------+------+------+------+---------+
|    1 | RAM   | 1999-11-18 01:45:23 | Pune | 2000 | 2.15 | 2002.15 |
|    2 | RAM   | 1999-11-18 01:45:23 | Pune | 2000 | 2.15 | 2002.15 |
|    3 | RAM   | 1999-11-18 01:45:23 | Pune | 2000 | 2.15 | 2002.15 |
|    4 | RAM   | 1999-11-18 01:45:23 | Pune | 2000 | 2.15 | 2002.15 |
+------+-------+---------------------+------+------+------+---------+
4 rows in set (0.00 sec)

mysql> show engines;
+--------------------+---------+----------------------------------------------------------------+--------------+------+------------+
| Engine             | Support | Comment                                                        | Transactions | XA   | Savepoints |
+--------------------+---------+----------------------------------------------------------------+--------------+------+------------+
| MEMORY             | YES     | Hash based, stored in memory, useful for temporary tables      | NO           | NO   | NO         |
| MRG_MYISAM         | YES     | Collection of identical MyISAM tables                          | NO           | NO   | NO         |
| CSV                | YES     | CSV storage engine                                             | NO           | NO   | NO         |
| FEDERATED          | NO      | Federated MySQL storage engine                                 | NULL         | NULL | NULL       |
| PERFORMANCE_SCHEMA | YES     | Performance Schema                                             | NO           | NO   | NO         |
| MyISAM             | YES     | MyISAM storage engine                                          | NO           | NO   | NO         |
| InnoDB             | DEFAULT | Supports transactions, row-level locking, and foreign keys     | YES          | YES  | YES        |
| BLACKHOLE          | YES     | /dev/null storage engine (anything you write to it disappears) | NO           | NO   | NO         |
| ARCHIVE            | YES     | Archive storage engine                                         | NO           | NO   | NO         |
+--------------------+---------+----------------------------------------------------------------+--------------+------+------------+
9 rows in set (0.00 sec)

mysql>
mysql>
mysql> desc emp;
+-----------+-------------+------+-----+---------+-------+
| Field     | Type        | Null | Key | Default | Extra |
+-----------+-------------+------+-----+---------+-------+
| EMPNO     | int(11)     | NO   | PRI | NULL    |       |
| ENAME     | varchar(12) | YES  |     | NULL    |       |
| JOB       | varchar(20) | YES  |     | NULL    |       |
| MGR       | int(11)     | YES  | MUL | NULL    |       |
| HIREDATE  | date        | YES  |     | NULL    |       |
| SAL       | int(11)     | YES  |     | NULL    |       |
| COMM      | int(11)     | YES  |     | NULL    |       |
| DEPTNO    | int(11)     | NO   | MUL | NULL    |       |
| BONUSID   | int(11)     | YES  |     | NULL    |       |
| USER NAME | varchar(20) | YES  |     | NULL    |       |
| PWD       | varchar(20) | YES  |     | NULL    |       |
| phone     | varchar(45) | YES  |     | NULL    |       |
| isActive  | tinyint(1)  | YES  |     | NULL    |       |
+-----------+-------------+------+-----+---------+-------+
13 rows in set (0.04 sec)

mysql>
mysql> create table t1 (c1 int auto_increment primary key, c2 int);
ERROR 1050 (42S01): Table 't1' already exists
mysql>
mysql>
mysql>
mysql> drop table t1;
Query OK, 0 rows affected (0.42 sec)

mysql> create table t1 (c1 int auto_increment primary key, c2 int);
Query OK, 0 rows affected (0.32 sec)

mysql> create table t2 (c1 int auto_increment unique key, c2 int);
ERROR 1050 (42S01): Table 't2' already exists
mysql> drop table t2;
Query OK, 0 rows affected (2.27 sec)

mysql> create table t2 (c1 int auto_increment unique key, c2 int);
Query OK, 0 rows affected (1.68 sec)

mysql> desc t1;
+-------+---------+------+-----+---------+----------------+
| Field | Type    | Null | Key | Default | Extra          |
+-------+---------+------+-----+---------+----------------+
| c1    | int(11) | NO   | PRI | NULL    | auto_increment |
| c2    | int(11) | YES  |     | NULL    |                |
+-------+---------+------+-----+---------+----------------+
2 rows in set (0.00 sec)

mysql> desc t2;
+-------+---------+------+-----+---------+----------------+
| Field | Type    | Null | Key | Default | Extra          |
+-------+---------+------+-----+---------+----------------+
| c1    | int(11) | NO   | PRI | NULL    | auto_increment |
| c2    | int(11) | YES  |     | NULL    |                |
+-------+---------+------+-----+---------+----------------+
2 rows in set (0.00 sec)

mysql> create table t3 (c1 int auto_increment unique key, c2 int primary key, c3 int);
Query OK, 0 rows affected (0.41 sec)

mysql> desc t3;
+-------+---------+------+-----+---------+----------------+
| Field | Type    | Null | Key | Default | Extra          |
+-------+---------+------+-----+---------+----------------+
| c1    | int(11) | NO   | UNI | NULL    | auto_increment |
| c2    | int(11) | NO   | PRI | NULL    |                |
| c3    | int(11) | YES  |     | NULL    |                |
+-------+---------+------+-----+---------+----------------+
3 rows in set (0.00 sec)

mysql>
mysql>
mysql>
mysql>
mysql> create table t4 (c1 int primary key, c2 int, c3 int);
Query OK, 0 rows affected (0.35 sec)

mysql> create table t5 (c1 int, c2 int, c3 int, primary key(c1) );
Query OK, 0 rows affected (0.34 sec)

mysql> desc t4;
+-------+---------+------+-----+---------+-------+
| Field | Type    | Null | Key | Default | Extra |
+-------+---------+------+-----+---------+-------+
| c1    | int(11) | NO   | PRI | NULL    |       |
| c2    | int(11) | YES  |     | NULL    |       |
| c3    | int(11) | YES  |     | NULL    |       |
+-------+---------+------+-----+---------+-------+
3 rows in set (0.00 sec)

mysql> desc t5;
+-------+---------+------+-----+---------+-------+
| Field | Type    | Null | Key | Default | Extra |
+-------+---------+------+-----+---------+-------+
| c1    | int(11) | NO   | PRI | NULL    |       |
| c2    | int(11) | YES  |     | NULL    |       |
| c3    | int(11) | YES  |     | NULL    |       |
+-------+---------+------+-----+---------+-------+
3 rows in set (0.00 sec)

mysql> insert into t5 values(1,10,100);
Query OK, 1 row affected (0.01 sec)

mysql> select * from t5;
+----+------+------+
| c1 | c2   | c3   |
+----+------+------+
|  1 |   10 |  100 |
+----+------+------+
1 row in set (0.00 sec)

mysql> insert into t5 values(1,10,100);
ERROR 1062 (23000): Duplicate entry '1' for key 'PRIMARY'
mysql> insert into t5 values(null,10,100);
ERROR 1048 (23000): Column 'c1' cannot be null
mysql>
mysql>
mysql>
mysql> create table t6 (c1 int primary key, c2 int primary key, c3 int);
ERROR 1068 (42000): Multiple primary key defined
mysql>
mysql>
mysql> create table t6 (c1 int, c2 int, c3 int, primary key(c1, c2));
Query OK, 0 rows affected (0.36 sec)

mysql> desc t6;
+-------+---------+------+-----+---------+-------+
| Field | Type    | Null | Key | Default | Extra |
+-------+---------+------+-----+---------+-------+
| c1    | int(11) | NO   | PRI | NULL    |       |
| c2    | int(11) | NO   | PRI | NULL    |       |
| c3    | int(11) | YES  |     | NULL    |       |
+-------+---------+------+-----+---------+-------+
3 rows in set (0.00 sec)

mysql> insert into t6 values(1,1,1);
Query OK, 1 row affected (0.01 sec)

mysql> select * fom t6;
ERROR 1064 (42000): You have an error in your SQL syntax; check the manual that corresponds to your MySQL server version for the right syntax to use near 'fom t6' at line 1
mysql> select * from t6;
+----+----+------+
| c1 | c2 | c3   |
+----+----+------+
|  1 |  1 |    1 |
+----+----+------+
1 row in set (0.00 sec)

mysql> insert into t6 values(1,2,1);
Query OK, 1 row affected (0.00 sec)

mysql> insert into t6 values(2,1,1);
Query OK, 1 row affected (0.00 sec)

mysql>
mysql> select * from t6;
+----+----+------+
| c1 | c2 | c3   |
+----+----+------+
|  1 |  1 |    1 |
|  1 |  2 |    1 |
|  2 |  1 |    1 |
+----+----+------+
3 rows in set (0.00 sec)

mysql> insert into t6 values(2,1,1);
ERROR 1062 (23000): Duplicate entry '2-1' for key 'PRIMARY'
mysql> insert into t6 values(1,1,1);
ERROR 1062 (23000): Duplicate entry '1-1' for key 'PRIMARY'
mysql>
mysql> insert into t6 values(3,1,1);
Query OK, 1 row affected (0.00 sec)

mysql> select * from t6;
+----+----+------+
| c1 | c2 | c3   |
+----+----+------+
|  1 |  1 |    1 |
|  1 |  2 |    1 |
|  2 |  1 |    1 |
|  3 |  1 |    1 |
+----+----+------+
4 rows in set (0.00 sec)

mysql> desc t6;
+-------+---------+------+-----+---------+-------+
| Field | Type    | Null | Key | Default | Extra |
+-------+---------+------+-----+---------+-------+
| c1    | int(11) | NO   | PRI | NULL    |       |
| c2    | int(11) | NO   | PRI | NULL    |       |
| c3    | int(11) | YES  |     | NULL    |       |
+-------+---------+------+-----+---------+-------+
3 rows in set (0.00 sec)

mysql> create table t7 (c1 int, c2 int, c3 int, primary key(c1, c2, c3));
Query OK, 0 rows affected (0.38 sec)

mysql> desc t7;
+-------+---------+------+-----+---------+-------+
| Field | Type    | Null | Key | Default | Extra |
+-------+---------+------+-----+---------+-------+
| c1    | int(11) | NO   | PRI | NULL    |       |
| c2    | int(11) | NO   | PRI | NULL    |       |
| c3    | int(11) | NO   | PRI | NULL    |       |
+-------+---------+------+-----+---------+-------+
3 rows in set (0.00 sec)

mysql> create table t8 (c1 int, c2 int, primary key(c1));
Query OK, 0 rows affected (0.40 sec)

mysql> desc t8;
+-------+---------+------+-----+---------+-------+
| Field | Type    | Null | Key | Default | Extra |
+-------+---------+------+-----+---------+-------+
| c1    | int(11) | NO   | PRI | NULL    |       |
| c2    | int(11) | YES  |     | NULL    |       |
+-------+---------+------+-----+---------+-------+
2 rows in set (0.00 sec)

mysql>
mysql> insert into t8 values(10,1);
Query OK, 1 row affected (0.01 sec)

mysql> insert into t8 values(20,1);
Query OK, 1 row affected (0.00 sec)

mysql> insert into t8 values(18,1);
Query OK, 1 row affected (0.00 sec)

mysql> insert into t8 values(7,1);
Query OK, 1 row affected (0.00 sec)

mysql> insert into t8 values(21,1);
Query OK, 1 row affected (0.00 sec)

mysql> select * from t8;
+----+------+
| c1 | c2   |
+----+------+
|  7 |    1 |
| 10 |    1 |
| 18 |    1 |
| 20 |    1 |
| 21 |    1 |
+----+------+
5 rows in set (0.00 sec)

mysql> insert into t8 values(14,1);
Query OK, 1 row affected (0.00 sec)

mysql> select * from t8;
+----+------+
| c1 | c2   |
+----+------+
|  7 |    1 |
| 10 |    1 |
| 14 |    1 |
| 18 |    1 |
| 20 |    1 |
| 21 |    1 |
+----+------+
6 rows in set (0.00 sec)

mysql> update t8 set c1=11 where c1=18;
Query OK, 1 row affected (0.01 sec)
Rows matched: 1  Changed: 1  Warnings: 0

mysql> select * from t8;
+----+------+
| c1 | c2   |
+----+------+
|  7 |    1 |
| 10 |    1 |
| 11 |    1 |
| 14 |    1 |
| 20 |    1 |
| 21 |    1 |
+----+------+
6 rows in set (0.00 sec)

mysql>
mysql>
mysql>
mysql> create table t9 (ID int primary key,  ename varchar(10) not null, city varchar(10) not null default 'Pune', sal int not null ) engine=csv;
ERROR 1069 (42000): Too many keys specified; max 0 keys allowed
mysql> create table t9 (ID int not null,  ename varchar(10) not null, city varchar(10) not null default 'Pune', sal int not null ) engine=csv;
Query OK, 0 rows affected (0.13 sec)

mysql> insert into t9 values(1, 'saleel', 'baroda',45000);
Query OK, 1 row affected (0.07 sec)

mysql> insert into t9 values(2, 'sharmin', default, 75000);
Query OK, 1 row affected (0.01 sec)

mysql> select * from t9;
+----+---------+--------+-------+
| ID | ename   | city   | sal   |
+----+---------+--------+-------+
|  1 | saleel  | baroda | 45000 |
|  2 | sharmin | Pune   | 75000 |
+----+---------+--------+-------+
2 rows in set (0.00 sec)

mysql> show engines;
+--------------------+---------+----------------------------------------------------------------+--------------+------+------------+
| Engine             | Support | Comment                                                        | Transactions | XA   | Savepoints |
+--------------------+---------+----------------------------------------------------------------+--------------+------+------------+
| MEMORY             | YES     | Hash based, stored in memory, useful for temporary tables      | NO           | NO   | NO         |
| MRG_MYISAM         | YES     | Collection of identical MyISAM tables                          | NO           | NO   | NO         |
| CSV                | YES     | CSV storage engine                                             | NO           | NO   | NO         |
| FEDERATED          | NO      | Federated MySQL storage engine                                 | NULL         | NULL | NULL       |
| PERFORMANCE_SCHEMA | YES     | Performance Schema                                             | NO           | NO   | NO         |
| MyISAM             | YES     | MyISAM storage engine                                          | NO           | NO   | NO         |
| InnoDB             | DEFAULT | Supports transactions, row-level locking, and foreign keys     | YES          | YES  | YES        |
| BLACKHOLE          | YES     | /dev/null storage engine (anything you write to it disappears) | NO           | NO   | NO         |
| ARCHIVE            | YES     | Archive storage engine                                         | NO           | NO   | NO         |
+--------------------+---------+----------------------------------------------------------------+--------------+------+------------+
9 rows in set (0.00 sec)

mysql>
mysql> insert into t9 values(3, 'ruhan', default, 55000);
Query OK, 1 row affected (0.02 sec)

mysql> select * from t9;
+----+---------+--------+-------+
| ID | ename   | city   | sal   |
+----+---------+--------+-------+
|  1 | saleel  | baroda | 45000 |
|  2 | sharmin | Pune   | 75000 |
|  3 | ruhan   | Pune   | 55000 |
+----+---------+--------+-------+
3 rows in set (0.00 sec)

mysql> select * from t9;
+----+---------+--------+-------+
| ID | ename   | city   | sal   |
+----+---------+--------+-------+
|  1 | saleel  | baroda | 45000 |
|  2 | sharmin | Pune   | 75000 |
|  3 | ruhan   | Pune   | 55000 |
+----+---------+--------+-------+
3 rows in set (0.00 sec)

mysql>














mysql: [Warning] Using a password on the command line interface can be insecure.
Welcome to the MySQL monitor.  Commands end with ; or \g.
Your MySQL connection id is 8
Server version: 8.0.15 MySQL Community Server - GPL

Copyright (c) 2000, 2019, Oracle and/or its affiliates. All rights reserved.

Oracle is a registered trademark of Oracle Corporation and/or its
affiliates. Other names may be trademarks of their respective
owners.

Type 'help;' or '\h' for help. Type '\c' to clear the current input statement.

mysql> select * from t9;
+----+---------+--------+-------+
| ID | ename   | city   | sal   |
+----+---------+--------+-------+
|  1 | saleel  | baroda | 45000 |
|  2 | sharmin | Pune   | 75000 |
|  3 | ruhan   | Pune   | 55000 |
+----+---------+--------+-------+
3 rows in set (0.06 sec)

mysql> insert into t9 values(4, 'Sita', default, 55000);
Query OK, 1 row affected (0.08 sec)

mysql> select * from t9;
+----+---------+--------+-------+
| ID | ename   | city   | sal   |
+----+---------+--------+-------+
|  1 | saleel  | baroda | 45000 |
|  2 | sharmin | Pune   | 75000 |
|  3 | ruhan   | Pune   | 55000 |
|  4 | RAM     | Surat  |   -14 |
+----+---------+--------+-------+
4 rows in set (0.00 sec)

mysql> insert into t9 values(6, 'Gita', default, 55000);
Query OK, 1 row affected (0.03 sec)

mysql> select * from t9;
+----+---------+--------+-------+
| ID | ename   | city   | sal   |
+----+---------+--------+-------+
|  1 | saleel  | baroda | 45000 |
|  2 | sharmin | Pune   | 75000 |
|  3 | ruhan   | Pune   | 55000 |
|  4 | RAM     | Surat  |    -1 |
|  5 | Sita    | Pune   | 55000 |
+----+---------+--------+-------+
5 rows in set (0.00 sec)

mysql> use information_schema;
Database changed
mysql> show tables;
+---------------------------------------+
| Tables_in_information_schema          |
+---------------------------------------+
| CHARACTER_SETS                        |
| COLLATION_CHARACTER_SET_APPLICABILITY |
| COLLATIONS                            |
| COLUMN_PRIVILEGES                     |
| COLUMN_STATISTICS                     |
| COLUMNS                               |
| ENGINES                               |
| EVENTS                                |
| FILES                                 |
| INNODB_BUFFER_PAGE                    |
| INNODB_BUFFER_PAGE_LRU                |
| INNODB_BUFFER_POOL_STATS              |
| INNODB_CACHED_INDEXES                 |
| INNODB_CMP                            |
| INNODB_CMP_PER_INDEX                  |
| INNODB_CMP_PER_INDEX_RESET            |
| INNODB_CMP_RESET                      |
| INNODB_CMPMEM                         |
| INNODB_CMPMEM_RESET                   |
| INNODB_COLUMNS                        |
| INNODB_DATAFILES                      |
| INNODB_FIELDS                         |
| INNODB_FOREIGN                        |
| INNODB_FOREIGN_COLS                   |
| INNODB_FT_BEING_DELETED               |
| INNODB_FT_CONFIG                      |
| INNODB_FT_DEFAULT_STOPWORD            |
| INNODB_FT_DELETED                     |
| INNODB_FT_INDEX_CACHE                 |
| INNODB_FT_INDEX_TABLE                 |
| INNODB_INDEXES                        |
| INNODB_METRICS                        |
| INNODB_SESSION_TEMP_TABLESPACES       |
| INNODB_TABLES                         |
| INNODB_TABLESPACES                    |
| INNODB_TABLESPACES_BRIEF              |
| INNODB_TABLESTATS                     |
| INNODB_TEMP_TABLE_INFO                |
| INNODB_TRX                            |
| INNODB_VIRTUAL                        |
| KEY_COLUMN_USAGE                      |
| KEYWORDS                              |
| OPTIMIZER_TRACE                       |
| PARAMETERS                            |
| PARTITIONS                            |
| PLUGINS                               |
| PROCESSLIST                           |
| PROFILING                             |
| REFERENTIAL_CONSTRAINTS               |
| RESOURCE_GROUPS                       |
| ROUTINES                              |
| SCHEMA_PRIVILEGES                     |
| SCHEMATA                              |
| ST_GEOMETRY_COLUMNS                   |
| ST_SPATIAL_REFERENCE_SYSTEMS          |
| ST_UNITS_OF_MEASURE                   |
| STATISTICS                            |
| TABLE_CONSTRAINTS                     |
| TABLE_PRIVILEGES                      |
| TABLES                                |
| TABLESPACES                           |
| TRIGGERS                              |
| USER_PRIVILEGES                       |
| VIEW_ROUTINE_USAGE                    |
| VIEW_TABLE_USAGE                      |
| VIEWS                                 |
+---------------------------------------+
66 rows in set (0.03 sec)

mysql> desc tables;
+-----------------+--------------------------------------------------------------------+------+-----+---------+-------+
| Field           | Type                                                               | Null | Key | Default | Extra |
+-----------------+--------------------------------------------------------------------+------+-----+---------+-------+
| TABLE_CATALOG   | varchar(64)                                                        | YES  |     | NULL    |       |
| TABLE_SCHEMA    | varchar(64)                                                        | YES  |     | NULL    |       |
| TABLE_NAME      | varchar(64)                                                        | YES  |     | NULL    |       |
| TABLE_TYPE      | enum('BASE TABLE','VIEW','SYSTEM VIEW')                            | NO   |     | NULL    |       |
| ENGINE          | varchar(64)                                                        | YES  |     | NULL    |       |
| VERSION         | int(2)                                                             | YES  |     | NULL    |       |
| ROW_FORMAT      | enum('Fixed','Dynamic','Compressed','Redundant','Compact','Paged') | YES  |     | NULL    |       |
| TABLE_ROWS      | bigint(21) unsigned                                                | YES  |     | NULL    |       |
| AVG_ROW_LENGTH  | bigint(21) unsigned                                                | YES  |     | NULL    |       |
| DATA_LENGTH     | bigint(21) unsigned                                                | YES  |     | NULL    |       |
| MAX_DATA_LENGTH | bigint(21) unsigned                                                | YES  |     | NULL    |       |
| INDEX_LENGTH    | bigint(21) unsigned                                                | YES  |     | NULL    |       |
| DATA_FREE       | bigint(21) unsigned                                                | YES  |     | NULL    |       |
| AUTO_INCREMENT  | bigint(21) unsigned                                                | YES  |     | NULL    |       |
| CREATE_TIME     | timestamp                                                          | NO   |     | NULL    |       |
| UPDATE_TIME     | datetime                                                           | YES  |     | NULL    |       |
| CHECK_TIME      | datetime                                                           | YES  |     | NULL    |       |
| TABLE_COLLATION | varchar(64)                                                        | YES  |     | NULL    |       |
| CHECKSUM        | bigint(21)                                                         | YES  |     | NULL    |       |
| CREATE_OPTIONS  | varchar(256)                                                       | YES  |     | NULL    |       |
| TABLE_COMMENT   | varchar(256)                                                       | YES  |     | NULL    |       |
+-----------------+--------------------------------------------------------------------+------+-----+---------+-------+
21 rows in set (0.00 sec)

mysql> use demo;
Database changed
mysql> shwo full tables;
ERROR 1064 (42000): You have an error in your SQL syntax; check the manual that corresponds to your MySQL server version for the right syntax to use near 'shwo full tables' at line 1
mysql> show full tables;
+----------------+------------+
| Tables_in_demo | Table_type |
+----------------+------------+
| a              | BASE TABLE |
| agent          | BASE TABLE |
| andor          | BASE TABLE |
| b              | BASE TABLE |
| blanktablea    | BASE TABLE |
| blanktableb    | BASE TABLE |
| blog           | BASE TABLE |
| bonus          | BASE TABLE |
| books          | BASE TABLE |
| candidate      | BASE TABLE |
| client         | BASE TABLE |
| coalesce       | BASE TABLE |
| comments       | BASE TABLE |
| company        | BASE TABLE |
| customer       | BASE TABLE |
| customers      | BASE TABLE |
| demodept1      | BASE TABLE |
| demodept2      | BASE TABLE |
| dept           | BASE TABLE |
| dept1          | BASE TABLE |
| docs           | BASE TABLE |
| dummy          | BASE TABLE |
| duplicate      | BASE TABLE |
| emp            | BASE TABLE |
| emp1           | BASE TABLE |
| emp2           | BASE TABLE |
| emp_cards      | BASE TABLE |
| emp_phone      | BASE TABLE |
| employee       | BASE TABLE |
| envelope       | BASE TABLE |
| fifa           | BASE TABLE |
| food           | BASE TABLE |
| hobby          | BASE TABLE |
| item           | BASE TABLE |
| key_parts      | BASE TABLE |
| licence        | BASE TABLE |
| location       | BASE TABLE |
| mass_table     | BASE TABLE |
| menucard       | BASE TABLE |
| nearest        | BASE TABLE |
| new            | BASE TABLE |
| newbooks       | BASE TABLE |
| nullif         | BASE TABLE |
| ord            | BASE TABLE |
| orders         | BASE TABLE |
| points         | BASE TABLE |
| price          | BASE TABLE |
| product        | BASE TABLE |
| products       | BASE TABLE |
| r1             | BASE TABLE |
| r2             | BASE TABLE |
| races          | BASE TABLE |
| regexpr        | BASE TABLE |
| replacedept    | BASE TABLE |
| revenue        | BASE TABLE |
| runners        | BASE TABLE |
| sales          | VIEW       |
| sales_channel  | BASE TABLE |
| salespeople    | BASE TABLE |
| salesperson    | BASE TABLE |
| salgrade       | BASE TABLE |
| seta           | BASE TABLE |
| setb           | BASE TABLE |
| softdrink      | BASE TABLE |
| sort           | BASE TABLE |
| stadium        | BASE TABLE |
| states         | BASE TABLE |
| station        | BASE TABLE |
| status         | BASE TABLE |
| t1             | BASE TABLE |
| t2             | BASE TABLE |
| t3             | BASE TABLE |
| t4             | BASE TABLE |
| t5             | BASE TABLE |
| t6             | BASE TABLE |
| t7             | BASE TABLE |
| t8             | BASE TABLE |
| t9             | BASE TABLE |
| tablea         | BASE TABLE |
| tableaa        | BASE TABLE |
| tableb         | BASE TABLE |
| tablebb        | BASE TABLE |
| tasks          | BASE TABLE |
| temp1          | BASE TABLE |
| tt             | BASE TABLE |
| votes          | BASE TABLE |
| warehouse      | BASE TABLE |
| z              | BASE TABLE |
+----------------+------------+
88 rows in set (0.00 sec)

mysql>
mysql>
mysql> select TABLE_NAME, TABLE_TYPE, ENGINE,TABLE_ROWS, AUTO_INCREMENT from tables;
ERROR 1146 (42S02): Table 'demo.tables' doesn't exist
mysql>
mysql> select TABLE_NAME, TABLE_TYPE, ENGINE,TABLE_ROWS, AUTO_INCREMENT from information_schema.tables;
+------------------------------------------------------+-------------+--------------------+------------+----------------+
| TABLE_NAME                                           | TABLE_TYPE  | ENGINE             | TABLE_ROWS | AUTO_INCREMENT |
+------------------------------------------------------+-------------+--------------------+------------+----------------+
| innodb_table_stats                                   | BASE TABLE  | InnoDB             |        255 |           NULL |
| innodb_index_stats                                   | BASE TABLE  | InnoDB             |        676 |           NULL |
| CHARACTER_SETS                                       | SYSTEM VIEW | NULL               |          0 |           NULL |
| COLLATIONS                                           | SYSTEM VIEW | NULL               |          0 |           NULL |
| COLLATION_CHARACTER_SET_APPLICABILITY                | SYSTEM VIEW | NULL               |          0 |           NULL |
| COLUMNS                                              | SYSTEM VIEW | NULL               |          0 |           NULL |
| COLUMN_STATISTICS                                    | SYSTEM VIEW | NULL               |          0 |           NULL |
| EVENTS                                               | SYSTEM VIEW | NULL               |          0 |           NULL |
| FILES                                                | SYSTEM VIEW | NULL               |          0 |           NULL |
| INNODB_DATAFILES                                     | SYSTEM VIEW | NULL               |          0 |           NULL |
| INNODB_FOREIGN                                       | SYSTEM VIEW | NULL               |          0 |           NULL |
| INNODB_FOREIGN_COLS                                  | SYSTEM VIEW | NULL               |          0 |           NULL |
| INNODB_FIELDS                                        | SYSTEM VIEW | NULL               |          0 |           NULL |
| INNODB_TABLESPACES_BRIEF                             | SYSTEM VIEW | NULL               |          0 |           NULL |
| KEY_COLUMN_USAGE                                     | SYSTEM VIEW | NULL               |          0 |           NULL |
| KEYWORDS                                             | SYSTEM VIEW | NULL               |          0 |           NULL |
| PARAMETERS                                           | SYSTEM VIEW | NULL               |          0 |           NULL |
| PARTITIONS                                           | SYSTEM VIEW | NULL               |          0 |           NULL |
| REFERENTIAL_CONSTRAINTS                              | SYSTEM VIEW | NULL               |          0 |           NULL |
| RESOURCE_GROUPS                                      | SYSTEM VIEW | NULL               |          0 |           NULL |
| ROUTINES                                             | SYSTEM VIEW | NULL               |          0 |           NULL |
| SCHEMATA                                             | SYSTEM VIEW | NULL               |          0 |           NULL |
| ST_SPATIAL_REFERENCE_SYSTEMS                         | SYSTEM VIEW | NULL               |          0 |           NULL |
| ST_UNITS_OF_MEASURE                                  | SYSTEM VIEW | NULL               |          0 |           NULL |
| ST_GEOMETRY_COLUMNS                                  | SYSTEM VIEW | NULL               |          0 |           NULL |
| STATISTICS                                           | SYSTEM VIEW | NULL               |          0 |           NULL |
| TABLE_CONSTRAINTS                                    | SYSTEM VIEW | NULL               |          0 |           NULL |
| TABLES                                               | SYSTEM VIEW | NULL               |          0 |           NULL |
| TRIGGERS                                             | SYSTEM VIEW | NULL               |          0 |           NULL |
| VIEW_ROUTINE_USAGE                                   | SYSTEM VIEW | NULL               |          0 |           NULL |
| VIEW_TABLE_USAGE                                     | SYSTEM VIEW | NULL               |          0 |           NULL |
| VIEWS                                                | SYSTEM VIEW | NULL               |          0 |           NULL |
| COLUMN_PRIVILEGES                                    | SYSTEM VIEW | NULL               |          0 |           NULL |
| ENGINES                                              | SYSTEM VIEW | NULL               |          0 |           NULL |
| OPTIMIZER_TRACE                                      | SYSTEM VIEW | NULL               |          0 |           NULL |
| PLUGINS                                              | SYSTEM VIEW | NULL               |          0 |           NULL |
| PROCESSLIST                                          | SYSTEM VIEW | NULL               |          0 |           NULL |
| PROFILING                                            | SYSTEM VIEW | NULL               |          0 |           NULL |
| SCHEMA_PRIVILEGES                                    | SYSTEM VIEW | NULL               |          0 |           NULL |
| TABLESPACES                                          | SYSTEM VIEW | NULL               |          0 |           NULL |
| TABLE_PRIVILEGES                                     | SYSTEM VIEW | NULL               |          0 |           NULL |
| USER_PRIVILEGES                                      | SYSTEM VIEW | NULL               |          0 |           NULL |
| cond_instances                                       | BASE TABLE  | PERFORMANCE_SCHEMA |        256 |           NULL |
| events_waits_current                                 | BASE TABLE  | PERFORMANCE_SCHEMA |       1536 |           NULL |
| events_waits_history                                 | BASE TABLE  | PERFORMANCE_SCHEMA |       2560 |           NULL |
| events_waits_history_long                            | BASE TABLE  | PERFORMANCE_SCHEMA |      10000 |           NULL |
| events_waits_summary_by_host_by_event_name           | BASE TABLE  | PERFORMANCE_SCHEMA |      70912 |           NULL |
| events_waits_summary_by_instance                     | BASE TABLE  | PERFORMANCE_SCHEMA |       8704 |           NULL |
| events_waits_summary_by_thread_by_event_name         | BASE TABLE  | PERFORMANCE_SCHEMA |     141824 |           NULL |
| events_waits_summary_by_user_by_event_name           | BASE TABLE  | PERFORMANCE_SCHEMA |      70912 |           NULL |
| events_waits_summary_by_account_by_event_name        | BASE TABLE  | PERFORMANCE_SCHEMA |      70912 |           NULL |
| events_waits_summary_global_by_event_name            | BASE TABLE  | PERFORMANCE_SCHEMA |        554 |           NULL |
| file_instances                                       | BASE TABLE  | PERFORMANCE_SCHEMA |       4096 |           NULL |
| file_summary_by_event_name                           | BASE TABLE  | PERFORMANCE_SCHEMA |         80 |           NULL |
| file_summary_by_instance                             | BASE TABLE  | PERFORMANCE_SCHEMA |       4096 |           NULL |
| host_cache                                           | BASE TABLE  | PERFORMANCE_SCHEMA |        279 |           NULL |
| mutex_instances                                      | BASE TABLE  | PERFORMANCE_SCHEMA |       2048 |           NULL |
| objects_summary_global_by_type                       | BASE TABLE  | PERFORMANCE_SCHEMA |       4096 |           NULL |
| performance_timers                                   | BASE TABLE  | PERFORMANCE_SCHEMA |          4 |           NULL |
| rwlock_instances                                     | BASE TABLE  | PERFORMANCE_SCHEMA |       2048 |           NULL |
| setup_actors                                         | BASE TABLE  | PERFORMANCE_SCHEMA |        128 |           NULL |
| setup_consumers                                      | BASE TABLE  | PERFORMANCE_SCHEMA |         15 |           NULL |
| setup_instruments                                    | BASE TABLE  | PERFORMANCE_SCHEMA |       1399 |           NULL |
| setup_objects                                        | BASE TABLE  | PERFORMANCE_SCHEMA |        128 |           NULL |
| setup_threads                                        | BASE TABLE  | PERFORMANCE_SCHEMA |        100 |           NULL |
| table_io_waits_summary_by_index_usage                | BASE TABLE  | PERFORMANCE_SCHEMA |       8192 |           NULL |
| table_io_waits_summary_by_table                      | BASE TABLE  | PERFORMANCE_SCHEMA |       4096 |           NULL |
| table_lock_waits_summary_by_table                    | BASE TABLE  | PERFORMANCE_SCHEMA |       4096 |           NULL |
| threads                                              | BASE TABLE  | PERFORMANCE_SCHEMA |        256 |           NULL |
| events_stages_current                                | BASE TABLE  | PERFORMANCE_SCHEMA |        256 |           NULL |
| events_stages_history                                | BASE TABLE  | PERFORMANCE_SCHEMA |       2560 |           NULL |
| events_stages_history_long                           | BASE TABLE  | PERFORMANCE_SCHEMA |      10000 |           NULL |
| events_stages_summary_by_thread_by_event_name        | BASE TABLE  | PERFORMANCE_SCHEMA |      44800 |           NULL |
| events_stages_summary_by_account_by_event_name       | BASE TABLE  | PERFORMANCE_SCHEMA |      22400 |           NULL |
| events_stages_summary_by_user_by_event_name          | BASE TABLE  | PERFORMANCE_SCHEMA |      22400 |           NULL |
| events_stages_summary_by_host_by_event_name          | BASE TABLE  | PERFORMANCE_SCHEMA |      22400 |           NULL |
| events_stages_summary_global_by_event_name           | BASE TABLE  | PERFORMANCE_SCHEMA |        175 |           NULL |
| events_statements_current                            | BASE TABLE  | PERFORMANCE_SCHEMA |       2560 |           NULL |
| events_statements_history                            | BASE TABLE  | PERFORMANCE_SCHEMA |       2560 |           NULL |
| events_statements_history_long                       | BASE TABLE  | PERFORMANCE_SCHEMA |      10000 |           NULL |
| events_statements_summary_by_thread_by_event_name    | BASE TABLE  | PERFORMANCE_SCHEMA |      55808 |           NULL |
| events_statements_summary_by_account_by_event_name   | BASE TABLE  | PERFORMANCE_SCHEMA |      27904 |           NULL |
| events_statements_summary_by_user_by_event_name      | BASE TABLE  | PERFORMANCE_SCHEMA |      27904 |           NULL |
| events_statements_summary_by_host_by_event_name      | BASE TABLE  | PERFORMANCE_SCHEMA |      27904 |           NULL |
| events_statements_summary_global_by_event_name       | BASE TABLE  | PERFORMANCE_SCHEMA |        218 |           NULL |
| events_statements_summary_by_digest                  | BASE TABLE  | PERFORMANCE_SCHEMA |      10000 |           NULL |
| events_statements_summary_by_program                 | BASE TABLE  | PERFORMANCE_SCHEMA |          0 |           NULL |
| events_statements_histogram_global                   | BASE TABLE  | PERFORMANCE_SCHEMA |        450 |           NULL |
| events_statements_histogram_by_digest                | BASE TABLE  | PERFORMANCE_SCHEMA |      10000 |           NULL |
| events_transactions_current                          | BASE TABLE  | PERFORMANCE_SCHEMA |        256 |           NULL |
| events_transactions_history                          | BASE TABLE  | PERFORMANCE_SCHEMA |       2560 |           NULL |
| events_transactions_history_long                     | BASE TABLE  | PERFORMANCE_SCHEMA |      10000 |           NULL |
| events_transactions_summary_by_thread_by_event_name  | BASE TABLE  | PERFORMANCE_SCHEMA |        256 |           NULL |
| events_transactions_summary_by_account_by_event_name | BASE TABLE  | PERFORMANCE_SCHEMA |        128 |           NULL |
| events_transactions_summary_by_user_by_event_name    | BASE TABLE  | PERFORMANCE_SCHEMA |        128 |           NULL |
| events_transactions_summary_by_host_by_event_name    | BASE TABLE  | PERFORMANCE_SCHEMA |        128 |           NULL |
| events_transactions_summary_global_by_event_name     | BASE TABLE  | PERFORMANCE_SCHEMA |          1 |           NULL |
| events_errors_summary_by_user_by_error               | BASE TABLE  | PERFORMANCE_SCHEMA |     558976 |           NULL |
| events_errors_summary_by_host_by_error               | BASE TABLE  | PERFORMANCE_SCHEMA |     558976 |           NULL |
| events_errors_summary_by_account_by_error            | BASE TABLE  | PERFORMANCE_SCHEMA |     558976 |           NULL |
| events_errors_summary_by_thread_by_error             | BASE TABLE  | PERFORMANCE_SCHEMA |    1117952 |           NULL |
| events_errors_summary_global_by_error                | BASE TABLE  | PERFORMANCE_SCHEMA |       4367 |           NULL |
| users                                                | BASE TABLE  | PERFORMANCE_SCHEMA |        128 |           NULL |
| accounts                                             | BASE TABLE  | PERFORMANCE_SCHEMA |        128 |           NULL |
| hosts                                                | BASE TABLE  | PERFORMANCE_SCHEMA |        128 |           NULL |
| socket_instances                                     | BASE TABLE  | PERFORMANCE_SCHEMA |        256 |           NULL |
| socket_summary_by_instance                           | BASE TABLE  | PERFORMANCE_SCHEMA |        256 |           NULL |
| socket_summary_by_event_name                         | BASE TABLE  | PERFORMANCE_SCHEMA |         10 |           NULL |
| session_connect_attrs                                | BASE TABLE  | PERFORMANCE_SCHEMA |     131072 |           NULL |
| session_account_connect_attrs                        | BASE TABLE  | PERFORMANCE_SCHEMA |     131072 |           NULL |
| memory_summary_global_by_event_name                  | BASE TABLE  | PERFORMANCE_SCHEMA |        450 |           NULL |
| memory_summary_by_account_by_event_name              | BASE TABLE  | PERFORMANCE_SCHEMA |      57600 |           NULL |
| memory_summary_by_host_by_event_name                 | BASE TABLE  | PERFORMANCE_SCHEMA |      57600 |           NULL |
| memory_summary_by_thread_by_event_name               | BASE TABLE  | PERFORMANCE_SCHEMA |     115200 |           NULL |
| memory_summary_by_user_by_event_name                 | BASE TABLE  | PERFORMANCE_SCHEMA |      57600 |           NULL |
| table_handles                                        | BASE TABLE  | PERFORMANCE_SCHEMA |       1024 |           NULL |
| metadata_locks                                       | BASE TABLE  | PERFORMANCE_SCHEMA |       1024 |           NULL |
| data_locks                                           | BASE TABLE  | PERFORMANCE_SCHEMA |      99999 |           NULL |
| data_lock_waits                                      | BASE TABLE  | PERFORMANCE_SCHEMA |      99999 |           NULL |
| replication_connection_configuration                 | BASE TABLE  | PERFORMANCE_SCHEMA |        256 |           NULL |
| replication_group_members                            | BASE TABLE  | PERFORMANCE_SCHEMA |          0 |           NULL |
| replication_connection_status                        | BASE TABLE  | PERFORMANCE_SCHEMA |        256 |           NULL |
| replication_applier_configuration                    | BASE TABLE  | PERFORMANCE_SCHEMA |        256 |           NULL |
| replication_applier_status                           | BASE TABLE  | PERFORMANCE_SCHEMA |        256 |           NULL |
| replication_applier_status_by_coordinator            | BASE TABLE  | PERFORMANCE_SCHEMA |        256 |           NULL |
| replication_applier_status_by_worker                 | BASE TABLE  | PERFORMANCE_SCHEMA |       8192 |           NULL |
| replication_group_member_stats                       | BASE TABLE  | PERFORMANCE_SCHEMA |          0 |           NULL |
| replication_applier_filters                          | BASE TABLE  | PERFORMANCE_SCHEMA |          0 |           NULL |
| replication_applier_global_filters                   | BASE TABLE  | PERFORMANCE_SCHEMA |          0 |           NULL |
| log_status                                           | BASE TABLE  | PERFORMANCE_SCHEMA |          1 |           NULL |
| prepared_statements_instances                        | BASE TABLE  | PERFORMANCE_SCHEMA |          0 |           NULL |
| user_variables_by_thread                             | BASE TABLE  | PERFORMANCE_SCHEMA |       2560 |           NULL |
| status_by_account                                    | BASE TABLE  | PERFORMANCE_SCHEMA |      29568 |           NULL |
| status_by_host                                       | BASE TABLE  | PERFORMANCE_SCHEMA |      29568 |           NULL |
| status_by_thread                                     | BASE TABLE  | PERFORMANCE_SCHEMA |      59136 |           NULL |
| status_by_user                                       | BASE TABLE  | PERFORMANCE_SCHEMA |      29568 |           NULL |
| global_status                                        | BASE TABLE  | PERFORMANCE_SCHEMA |        231 |           NULL |
| session_status                                       | BASE TABLE  | PERFORMANCE_SCHEMA |        231 |           NULL |
| variables_by_thread                                  | BASE TABLE  | PERFORMANCE_SCHEMA |     148480 |           NULL |
| global_variables                                     | BASE TABLE  | PERFORMANCE_SCHEMA |        580 |           NULL |
| session_variables                                    | BASE TABLE  | PERFORMANCE_SCHEMA |        580 |           NULL |
| variables_info                                       | BASE TABLE  | PERFORMANCE_SCHEMA |        580 |           NULL |
| persisted_variables                                  | BASE TABLE  | PERFORMANCE_SCHEMA |          0 |           NULL |
| user_defined_functions                               | BASE TABLE  | PERFORMANCE_SCHEMA |          3 |           NULL |
| db                                                   | BASE TABLE  | InnoDB             |        127 |           NULL |
| user                                                 | BASE TABLE  | InnoDB             |        112 |           NULL |
| default_roles                                        | BASE TABLE  | InnoDB             |          0 |           NULL |
| role_edges                                           | BASE TABLE  | InnoDB             |          0 |           NULL |
| global_grants                                        | BASE TABLE  | InnoDB             |         37 |           NULL |
| password_history                                     | BASE TABLE  | InnoDB             |          0 |           NULL |
| func                                                 | BASE TABLE  | InnoDB             |          0 |           NULL |
| plugin                                               | BASE TABLE  | InnoDB             |          0 |           NULL |
| servers                                              | BASE TABLE  | InnoDB             |          0 |           NULL |
| tables_priv                                          | BASE TABLE  | InnoDB             |          5 |           NULL |
| columns_priv                                         | BASE TABLE  | InnoDB             |          0 |           NULL |
| help_topic                                           | BASE TABLE  | InnoDB             |        505 |           NULL |
| help_category                                        | BASE TABLE  | InnoDB             |         40 |           NULL |
| help_relation                                        | BASE TABLE  | InnoDB             |       1608 |           NULL |
| help_keyword                                         | BASE TABLE  | InnoDB             |        653 |           NULL |
| time_zone_name                                       | BASE TABLE  | InnoDB             |          0 |           NULL |
| time_zone                                            | BASE TABLE  | InnoDB             |          0 |              1 |
| time_zone_transition                                 | BASE TABLE  | InnoDB             |          0 |           NULL |
| time_zone_transition_type                            | BASE TABLE  | InnoDB             |          0 |           NULL |
| time_zone_leap_second                                | BASE TABLE  | InnoDB             |          0 |           NULL |
| procs_priv                                           | BASE TABLE  | InnoDB             |          0 |           NULL |
| general_log                                          | BASE TABLE  | CSV                |          2 |           NULL |
| slow_log                                             | BASE TABLE  | CSV                |          2 |           NULL |
| component                                            | BASE TABLE  | InnoDB             |          0 |              1 |
| slave_relay_log_info                                 | BASE TABLE  | InnoDB             |          0 |           NULL |
| slave_master_info                                    | BASE TABLE  | InnoDB             |          0 |           NULL |
| slave_worker_info                                    | BASE TABLE  | InnoDB             |          0 |           NULL |
| gtid_executed                                        | BASE TABLE  | InnoDB             |          0 |           NULL |
| server_cost                                          | BASE TABLE  | InnoDB             |          6 |           NULL |
| engine_cost                                          | BASE TABLE  | InnoDB             |          2 |           NULL |
| proxies_priv                                         | BASE TABLE  | InnoDB             |          1 |           NULL |
| version                                              | VIEW        | NULL               |          0 |           NULL |
| sys_config                                           | BASE TABLE  | InnoDB             |          6 |           NULL |
| innodb_buffer_stats_by_schema                        | VIEW        | NULL               |          0 |           NULL |
| x$innodb_buffer_stats_by_schema                      | VIEW        | NULL               |          0 |           NULL |
| innodb_buffer_stats_by_table                         | VIEW        | NULL               |          0 |           NULL |
| x$innodb_buffer_stats_by_table                       | VIEW        | NULL               |          0 |           NULL |
| schema_object_overview                               | VIEW        | NULL               |          0 |           NULL |
| schema_auto_increment_columns                        | VIEW        | NULL               |          0 |           NULL |
| x$schema_flattened_keys                              | VIEW        | NULL               |          0 |           NULL |
| schema_redundant_indexes                             | VIEW        | NULL               |          0 |           NULL |
| ps_check_lost_instrumentation                        | VIEW        | NULL               |          0 |           NULL |
| latest_file_io                                       | VIEW        | NULL               |          0 |           NULL |
| x$latest_file_io                                     | VIEW        | NULL               |          0 |           NULL |
| io_by_thread_by_latency                              | VIEW        | NULL               |          0 |           NULL |
| x$io_by_thread_by_latency                            | VIEW        | NULL               |          0 |           NULL |
| io_global_by_file_by_bytes                           | VIEW        | NULL               |          0 |           NULL |
| x$io_global_by_file_by_bytes                         | VIEW        | NULL               |          0 |           NULL |
| io_global_by_file_by_latency                         | VIEW        | NULL               |          0 |           NULL |
| x$io_global_by_file_by_latency                       | VIEW        | NULL               |          0 |           NULL |
| io_global_by_wait_by_bytes                           | VIEW        | NULL               |          0 |           NULL |
| x$io_global_by_wait_by_bytes                         | VIEW        | NULL               |          0 |           NULL |
| io_global_by_wait_by_latency                         | VIEW        | NULL               |          0 |           NULL |
| x$io_global_by_wait_by_latency                       | VIEW        | NULL               |          0 |           NULL |
| innodb_lock_waits                                    | VIEW        | NULL               |          0 |           NULL |
| x$innodb_lock_waits                                  | VIEW        | NULL               |          0 |           NULL |
| memory_by_user_by_current_bytes                      | VIEW        | NULL               |          0 |           NULL |
| x$memory_by_user_by_current_bytes                    | VIEW        | NULL               |          0 |           NULL |
| memory_by_host_by_current_bytes                      | VIEW        | NULL               |          0 |           NULL |
| x$memory_by_host_by_current_bytes                    | VIEW        | NULL               |          0 |           NULL |
| memory_by_thread_by_current_bytes                    | VIEW        | NULL               |          0 |           NULL |
| x$memory_by_thread_by_current_bytes                  | VIEW        | NULL               |          0 |           NULL |
| memory_global_by_current_bytes                       | VIEW        | NULL               |          0 |           NULL |
| x$memory_global_by_current_bytes                     | VIEW        | NULL               |          0 |           NULL |
| memory_global_total                                  | VIEW        | NULL               |          0 |           NULL |
| x$memory_global_total                                | VIEW        | NULL               |          0 |           NULL |
| schema_index_statistics                              | VIEW        | NULL               |          0 |           NULL |
| x$schema_index_statistics                            | VIEW        | NULL               |          0 |           NULL |
| x$ps_schema_table_statistics_io                      | VIEW        | NULL               |          0 |           NULL |
| schema_table_statistics                              | VIEW        | NULL               |          0 |           NULL |
| x$schema_table_statistics                            | VIEW        | NULL               |          0 |           NULL |
| schema_table_statistics_with_buffer                  | VIEW        | NULL               |          0 |           NULL |
| x$schema_table_statistics_with_buffer                | VIEW        | NULL               |          0 |           NULL |
| schema_tables_with_full_table_scans                  | VIEW        | NULL               |          0 |           NULL |
| x$schema_tables_with_full_table_scans                | VIEW        | NULL               |          0 |           NULL |
| schema_unused_indexes                                | VIEW        | NULL               |          0 |           NULL |
| schema_table_lock_waits                              | VIEW        | NULL               |          0 |           NULL |
| x$schema_table_lock_waits                            | VIEW        | NULL               |          0 |           NULL |
| statement_analysis                                   | VIEW        | NULL               |          0 |           NULL |
| x$statement_analysis                                 | VIEW        | NULL               |          0 |           NULL |
| statements_with_errors_or_warnings                   | VIEW        | NULL               |          0 |           NULL |
| x$statements_with_errors_or_warnings                 | VIEW        | NULL               |          0 |           NULL |
| statements_with_full_table_scans                     | VIEW        | NULL               |          0 |           NULL |
| x$statements_with_full_table_scans                   | VIEW        | NULL               |          0 |           NULL |
| x$ps_digest_avg_latency_distribution                 | VIEW        | NULL               |          0 |           NULL |
| x$ps_digest_95th_percentile_by_avg_us                | VIEW        | NULL               |          0 |           NULL |
| statements_with_runtimes_in_95th_percentile          | VIEW        | NULL               |          0 |           NULL |
| x$statements_with_runtimes_in_95th_percentile        | VIEW        | NULL               |          0 |           NULL |
| statements_with_sorting                              | VIEW        | NULL               |          0 |           NULL |
| x$statements_with_sorting                            | VIEW        | NULL               |          0 |           NULL |
| statements_with_temp_tables                          | VIEW        | NULL               |          0 |           NULL |
| x$statements_with_temp_tables                        | VIEW        | NULL               |          0 |           NULL |
| user_summary_by_file_io_type                         | VIEW        | NULL               |          0 |           NULL |
| x$user_summary_by_file_io_type                       | VIEW        | NULL               |          0 |           NULL |
| user_summary_by_file_io                              | VIEW        | NULL               |          0 |           NULL |
| x$user_summary_by_file_io                            | VIEW        | NULL               |          0 |           NULL |
| user_summary_by_statement_type                       | VIEW        | NULL               |          0 |           NULL |
| x$user_summary_by_statement_type                     | VIEW        | NULL               |          0 |           NULL |
| user_summary_by_statement_latency                    | VIEW        | NULL               |          0 |           NULL |
| x$user_summary_by_statement_latency                  | VIEW        | NULL               |          0 |           NULL |
| user_summary_by_stages                               | VIEW        | NULL               |          0 |           NULL |
| x$user_summary_by_stages                             | VIEW        | NULL               |          0 |           NULL |
| user_summary                                         | VIEW        | NULL               |          0 |           NULL |
| x$user_summary                                       | VIEW        | NULL               |          0 |           NULL |
| host_summary_by_file_io_type                         | VIEW        | NULL               |          0 |           NULL |
| x$host_summary_by_file_io_type                       | VIEW        | NULL               |          0 |           NULL |
| host_summary_by_file_io                              | VIEW        | NULL               |          0 |           NULL |
| x$host_summary_by_file_io                            | VIEW        | NULL               |          0 |           NULL |
| host_summary_by_statement_type                       | VIEW        | NULL               |          0 |           NULL |
| x$host_summary_by_statement_type                     | VIEW        | NULL               |          0 |           NULL |
| host_summary_by_statement_latency                    | VIEW        | NULL               |          0 |           NULL |
| x$host_summary_by_statement_latency                  | VIEW        | NULL               |          0 |           NULL |
| host_summary_by_stages                               | VIEW        | NULL               |          0 |           NULL |
| x$host_summary_by_stages                             | VIEW        | NULL               |          0 |           NULL |
| host_summary                                         | VIEW        | NULL               |          0 |           NULL |
| x$host_summary                                       | VIEW        | NULL               |          0 |           NULL |
| wait_classes_global_by_avg_latency                   | VIEW        | NULL               |          0 |           NULL |
| x$wait_classes_global_by_avg_latency                 | VIEW        | NULL               |          0 |           NULL |
| wait_classes_global_by_latency                       | VIEW        | NULL               |          0 |           NULL |
| x$wait_classes_global_by_latency                     | VIEW        | NULL               |          0 |           NULL |
| waits_by_user_by_latency                             | VIEW        | NULL               |          0 |           NULL |
| x$waits_by_user_by_latency                           | VIEW        | NULL               |          0 |           NULL |
| waits_by_host_by_latency                             | VIEW        | NULL               |          0 |           NULL |
| x$waits_by_host_by_latency                           | VIEW        | NULL               |          0 |           NULL |
| waits_global_by_latency                              | VIEW        | NULL               |          0 |           NULL |
| x$waits_global_by_latency                            | VIEW        | NULL               |          0 |           NULL |
| metrics                                              | VIEW        | NULL               |          0 |           NULL |
| processlist                                          | VIEW        | NULL               |          0 |           NULL |
| x$processlist                                        | VIEW        | NULL               |          0 |           NULL |
| session                                              | VIEW        | NULL               |          0 |           NULL |
| x$session                                            | VIEW        | NULL               |          0 |           NULL |
| session_ssl_status                                   | VIEW        | NULL               |          0 |           NULL |
| INNODB_CMP                                           | SYSTEM VIEW | NULL               |          0 |           NULL |
| INNODB_CMPMEM                                        | SYSTEM VIEW | NULL               |          0 |           NULL |
| INNODB_TRX                                           | SYSTEM VIEW | NULL               |          0 |           NULL |
| INNODB_CMP_PER_INDEX                                 | SYSTEM VIEW | NULL               |          0 |           NULL |
| INNODB_CMP_RESET                                     | SYSTEM VIEW | NULL               |          0 |           NULL |
| INNODB_FT_DELETED                                    | SYSTEM VIEW | NULL               |          0 |           NULL |
| INNODB_BUFFER_POOL_STATS                             | SYSTEM VIEW | NULL               |          0 |           NULL |
| INNODB_CMPMEM_RESET                                  | SYSTEM VIEW | NULL               |          0 |           NULL |
| INNODB_BUFFER_PAGE_LRU                               | SYSTEM VIEW | NULL               |          0 |           NULL |
| INNODB_FT_INDEX_CACHE                                | SYSTEM VIEW | NULL               |          0 |           NULL |
| INNODB_CMP_PER_INDEX_RESET                           | SYSTEM VIEW | NULL               |          0 |           NULL |
| INNODB_FT_CONFIG                                     | SYSTEM VIEW | NULL               |          0 |           NULL |
| INNODB_BUFFER_PAGE                                   | SYSTEM VIEW | NULL               |          0 |           NULL |
| INNODB_TABLESPACES                                   | SYSTEM VIEW | NULL               |          0 |           NULL |
| INNODB_FT_BEING_DELETED                              | SYSTEM VIEW | NULL               |          0 |           NULL |
| INNODB_TEMP_TABLE_INFO                               | SYSTEM VIEW | NULL               |          0 |           NULL |
| INNODB_FT_DEFAULT_STOPWORD                           | SYSTEM VIEW | NULL               |          0 |           NULL |
| INNODB_METRICS                                       | SYSTEM VIEW | NULL               |          0 |           NULL |
| INNODB_FT_INDEX_TABLE                                | SYSTEM VIEW | NULL               |          0 |           NULL |
| INNODB_TABLES                                        | SYSTEM VIEW | NULL               |          0 |           NULL |
| INNODB_TABLESTATS                                    | SYSTEM VIEW | NULL               |          0 |           NULL |
| INNODB_INDEXES                                       | SYSTEM VIEW | NULL               |          0 |           NULL |
| INNODB_COLUMNS                                       | SYSTEM VIEW | NULL               |          0 |           NULL |
| INNODB_VIRTUAL                                       | SYSTEM VIEW | NULL               |          0 |           NULL |
| INNODB_CACHED_INDEXES                                | SYSTEM VIEW | NULL               |          0 |           NULL |
| INNODB_SESSION_TEMP_TABLESPACES                      | SYSTEM VIEW | NULL               |          0 |           NULL |
| new_table                                            | BASE TABLE  | InnoDB             |          0 |           NULL |
| emp4                                                 | BASE TABLE  | InnoDB             |          0 |           NULL |
| bill                                                 | BASE TABLE  | InnoDB             |          0 |              1 |
| z1                                                   | BASE TABLE  | InnoDB             |          0 |           NULL |
| p                                                    | BASE TABLE  | InnoDB             |          0 |           NULL |
| c                                                    | BASE TABLE  | InnoDB             |          0 |           NULL |
| r3                                                   | BASE TABLE  | InnoDB             |          0 |           NULL |
| r4                                                   | BASE TABLE  | InnoDB             |          0 |           NULL |
| customer_for_licence                                 | BASE TABLE  | InnoDB             |          0 |           NULL |
| ee                                                   | BASE TABLE  | InnoDB             |          0 |           NULL |
| d1                                                   | BASE TABLE  | InnoDB             |          0 |           NULL |
| d2                                                   | BASE TABLE  | InnoDB             |          0 |           NULL |
| points                                               | BASE TABLE  | InnoDB             |          6 |           NULL |
| candidate                                            | BASE TABLE  | InnoDB             |          4 |           NULL |
| votes                                                | BASE TABLE  | InnoDB             |         27 |             27 |
| food                                                 | BASE TABLE  | InnoDB             |         14 |           NULL |
| company                                              | BASE TABLE  | InnoDB             |          5 |           NULL |
| key_parts                                            | BASE TABLE  | InnoDB             |          0 |           NULL |
| books                                                | BASE TABLE  | InnoDB             |         11 |           NULL |
| newbooks                                             | BASE TABLE  | InnoDB             |         11 |           NULL |
| runners                                              | BASE TABLE  | InnoDB             |          5 |           NULL |
| races                                                | BASE TABLE  | InnoDB             |          4 |           NULL |
| agent                                                | BASE TABLE  | InnoDB             |          6 |              6 |
| licence                                              | BASE TABLE  | InnoDB             |         17 |           NULL |
| fifa                                                 | BASE TABLE  | InnoDB             |        100 |           NULL |
| blog                                                 | BASE TABLE  | InnoDB             |         10 |           NULL |
| comments                                             | BASE TABLE  | InnoDB             |         27 |           NULL |
| sales_channel                                        | BASE TABLE  | InnoDB             |          4 |           NULL |
| warehouse                                            | BASE TABLE  | InnoDB             |          6 |           NULL |
| tablea                                               | BASE TABLE  | InnoDB             |          9 |           NULL |
| tableb                                               | BASE TABLE  | InnoDB             |         10 |           NULL |
| envelope                                             | BASE TABLE  | InnoDB             |          3 |           NULL |
| docs                                                 | BASE TABLE  | InnoDB             |          3 |           NULL |
| r1                                                   | BASE TABLE  | InnoDB             |          4 |           NULL |
| r2                                                   | BASE TABLE  | InnoDB             |          6 |           NULL |
| tasks                                                | BASE TABLE  | InnoDB             |         16 |             16 |
| revenue                                              | BASE TABLE  | InnoDB             |          7 |           NULL |
| products                                             | BASE TABLE  | InnoDB             |         77 |             77 |
| a                                                    | BASE TABLE  | InnoDB             |          4 |           NULL |
| b                                                    | BASE TABLE  | InnoDB             |         10 |           NULL |
| z                                                    | BASE TABLE  | InnoDB             |          2 |           NULL |
| salesperson                                          | BASE TABLE  | InnoDB             |          7 |           NULL |
| states                                               | BASE TABLE  | InnoDB             |         33 |           NULL |
| station                                              | BASE TABLE  | InnoDB             |        218 |           NULL |
| seta                                                 | BASE TABLE  | InnoDB             |          6 |           NULL |
| setb                                                 | BASE TABLE  | InnoDB             |          7 |           NULL |
| menucard                                             | BASE TABLE  | InnoDB             |         12 |           NULL |
| softdrink                                            | BASE TABLE  | InnoDB             |          5 |           NULL |
| status                                               | BASE TABLE  | InnoDB             |          5 |           NULL |
| nullif                                               | BASE TABLE  | InnoDB             |         12 |           NULL |
| duplicate                                            | BASE TABLE  | InnoDB             |         20 |           NULL |
| coalesce                                             | BASE TABLE  | InnoDB             |         19 |           NULL |
| nearest                                              | BASE TABLE  | InnoDB             |         17 |           NULL |
| new                                                  | BASE TABLE  | InnoDB             |          0 |           NULL |
| blanktablea                                          | BASE TABLE  | InnoDB             |         11 |           NULL |
| blanktableb                                          | BASE TABLE  | InnoDB             |         11 |           NULL |
| hobby                                                | BASE TABLE  | InnoDB             |         13 |           NULL |
| dept                                                 | BASE TABLE  | InnoDB             |          4 |           NULL |
| replacedept                                          | BASE TABLE  | InnoDB             |          4 |           NULL |
| demodept1                                            | BASE TABLE  | InnoDB             |         10 |           NULL |
| demodept2                                            | BASE TABLE  | InnoDB             |         10 |           NULL |
| emp                                                  | BASE TABLE  | InnoDB             |         20 |           NULL |
| bonus                                                | BASE TABLE  | InnoDB             |         10 |           NULL |
| salgrade                                             | BASE TABLE  | InnoDB             |         10 |           NULL |
| dummy                                                | BASE TABLE  | InnoDB             |          0 |           NULL |
| customer                                             | BASE TABLE  | InnoDB             |          9 |           NULL |
| ord                                                  | BASE TABLE  | InnoDB             |         21 |           NULL |
| item                                                 | BASE TABLE  | InnoDB             |         64 |           NULL |
| product                                              | BASE TABLE  | InnoDB             |         10 |           NULL |
| price                                                | BASE TABLE  | InnoDB             |         17 |           NULL |
| sales                                                | VIEW        | NULL               |          0 |           NULL |
| location                                             | BASE TABLE  | InnoDB             |         20 |           NULL |
| dept1                                                | BASE TABLE  | InnoDB             |         21 |           NULL |
| emp1                                                 | BASE TABLE  | InnoDB             |         68 |           NULL |
| emp_cards                                            | BASE TABLE  | InnoDB             |         54 |            129 |
| emp_phone                                            | BASE TABLE  | InnoDB             |         23 |           NULL |
| emp2                                                 | BASE TABLE  | InnoDB             |         68 |           NULL |
| regexpr                                              | BASE TABLE  | InnoDB             |         30 |           NULL |
| temp1                                                | BASE TABLE  | InnoDB             |         29 |           NULL |
| sort                                                 | BASE TABLE  | InnoDB             |         41 |           NULL |
| tableaa                                              | BASE TABLE  | InnoDB             |          7 |           NULL |
| tablebb                                              | BASE TABLE  | InnoDB             |          6 |           NULL |
| salespeople                                          | BASE TABLE  | InnoDB             |          9 |           NULL |
| customers                                            | BASE TABLE  | InnoDB             |          9 |           NULL |
| orders                                               | BASE TABLE  | InnoDB             |         48 |           NULL |
| client                                               | BASE TABLE  | InnoDB             |         17 |           NULL |
| mass_table                                           | BASE TABLE  | InnoDB             |          8 |           NULL |
| e                                                    | BASE TABLE  | InnoDB             |          0 |           NULL |
| empj                                                 | BASE TABLE  | InnoDB             |          0 |             29 |
| points                                               | BASE TABLE  | InnoDB             |          0 |           NULL |
| candidate                                            | BASE TABLE  | InnoDB             |          0 |           NULL |
| votes                                                | BASE TABLE  | InnoDB             |          0 |            127 |
| food                                                 | BASE TABLE  | InnoDB             |          0 |           NULL |
| company                                              | BASE TABLE  | InnoDB             |          0 |           NULL |
| key_parts                                            | BASE TABLE  | InnoDB             |          0 |           NULL |
| books                                                | BASE TABLE  | InnoDB             |          0 |           NULL |
| newbooks                                             | BASE TABLE  | InnoDB             |          0 |           NULL |
| runners                                              | BASE TABLE  | InnoDB             |          0 |           NULL |
| races                                                | BASE TABLE  | InnoDB             |          0 |           NULL |
| mass_table                                           | BASE TABLE  | InnoDB             |          0 |           NULL |
| agent                                                | BASE TABLE  | InnoDB             |          0 |              6 |
| licence                                              | BASE TABLE  | InnoDB             |          0 |           NULL |
| fifa                                                 | BASE TABLE  | InnoDB             |          0 |           NULL |
| blog                                                 | BASE TABLE  | InnoDB             |          0 |           NULL |
| comments                                             | BASE TABLE  | InnoDB             |          0 |           NULL |
| sales_channel                                        | BASE TABLE  | InnoDB             |          0 |           NULL |
| warehouse                                            | BASE TABLE  | InnoDB             |          0 |           NULL |
| tablea                                               | BASE TABLE  | InnoDB             |          0 |           NULL |
| tableb                                               | BASE TABLE  | InnoDB             |          0 |           NULL |
| envelope                                             | BASE TABLE  | InnoDB             |          0 |           NULL |
| docs                                                 | BASE TABLE  | InnoDB             |          0 |           NULL |
| r1                                                   | BASE TABLE  | InnoDB             |          0 |           NULL |
| r2                                                   | BASE TABLE  | InnoDB             |          0 |           NULL |
| tasks                                                | BASE TABLE  | InnoDB             |          0 |             16 |
| revenue                                              | BASE TABLE  | InnoDB             |          0 |           NULL |
| products                                             | BASE TABLE  | InnoDB             |          0 |             77 |
| a                                                    | BASE TABLE  | InnoDB             |          0 |           NULL |
| b                                                    | BASE TABLE  | InnoDB             |          0 |           NULL |
| z                                                    | BASE TABLE  | InnoDB             |          0 |           NULL |
| salesperson                                          | BASE TABLE  | InnoDB             |          0 |           NULL |
| states                                               | BASE TABLE  | InnoDB             |          0 |           NULL |
| station                                              | BASE TABLE  | InnoDB             |          0 |           NULL |
| seta                                                 | BASE TABLE  | InnoDB             |          0 |           NULL |
| setb                                                 | BASE TABLE  | InnoDB             |          0 |           NULL |
| menucard                                             | BASE TABLE  | InnoDB             |          0 |           NULL |
| softdrink                                            | BASE TABLE  | InnoDB             |          0 |           NULL |
| status                                               | BASE TABLE  | InnoDB             |          0 |           NULL |
| nullif                                               | BASE TABLE  | InnoDB             |          0 |           NULL |
| duplicate                                            | BASE TABLE  | InnoDB             |          0 |           NULL |
| coalesce                                             | BASE TABLE  | InnoDB             |          0 |           NULL |
| nearest                                              | BASE TABLE  | InnoDB             |          0 |           NULL |
| new                                                  | BASE TABLE  | InnoDB             |          0 |           NULL |
| blanktablea                                          | BASE TABLE  | InnoDB             |          0 |           NULL |
| blanktableb                                          | BASE TABLE  | InnoDB             |          0 |           NULL |
| hobby                                                | BASE TABLE  | InnoDB             |          0 |           NULL |
| replacedept                                          | BASE TABLE  | InnoDB             |          0 |           NULL |
| demodept1                                            | BASE TABLE  | InnoDB             |          0 |           NULL |
| demodept2                                            | BASE TABLE  | InnoDB             |          0 |           NULL |
| bonus                                                | BASE TABLE  | InnoDB             |          0 |           NULL |
| salgrade                                             | BASE TABLE  | InnoDB             |          0 |           NULL |
| dummy                                                | BASE TABLE  | InnoDB             |          0 |           NULL |
| customer                                             | BASE TABLE  | InnoDB             |          0 |           NULL |
| ord                                                  | BASE TABLE  | InnoDB             |          0 |           NULL |
| item                                                 | BASE TABLE  | InnoDB             |          0 |           NULL |
| product                                              | BASE TABLE  | InnoDB             |          0 |           NULL |
| price                                                | BASE TABLE  | InnoDB             |          0 |           NULL |
| sales                                                | VIEW        | NULL               |          0 |           NULL |
| location                                             | BASE TABLE  | InnoDB             |          0 |           NULL |
| dept1                                                | BASE TABLE  | InnoDB             |          0 |           NULL |
| emp1                                                 | BASE TABLE  | InnoDB             |          0 |           NULL |
| emp_cards                                            | BASE TABLE  | InnoDB             |          0 |            129 |
| emp_phone                                            | BASE TABLE  | InnoDB             |          0 |           NULL |
| emp2                                                 | BASE TABLE  | InnoDB             |          0 |           NULL |
| regexpr                                              | BASE TABLE  | InnoDB             |          0 |           NULL |
| temp1                                                | BASE TABLE  | InnoDB             |          0 |           NULL |
| sort                                                 | BASE TABLE  | InnoDB             |          0 |           NULL |
| tableaa                                              | BASE TABLE  | InnoDB             |          0 |           NULL |
| tablebb                                              | BASE TABLE  | InnoDB             |          0 |           NULL |
| salespeople                                          | BASE TABLE  | InnoDB             |          0 |           NULL |
| customers                                            | BASE TABLE  | InnoDB             |          0 |           NULL |
| orders                                               | BASE TABLE  | InnoDB             |          0 |           NULL |
| client                                               | BASE TABLE  | InnoDB             |          0 |           NULL |
| emp                                                  | BASE TABLE  | InnoDB             |          0 |           NULL |
| dept                                                 | BASE TABLE  | InnoDB             |          4 |           NULL |
| v1                                                   | VIEW        | NULL               |          0 |           NULL |
| dept                                                 | BASE TABLE  | InnoDB             |          0 |           NULL |
| bank                                                 | BASE TABLE  | InnoDB             |          0 |           NULL |
| emp                                                  | BASE TABLE  | InnoDB             |          0 |           NULL |
| log                                                  | BASE TABLE  | InnoDB             |          0 |              6 |
| d                                                    | BASE TABLE  | InnoDB             |          0 |           NULL |
| test                                                 | BASE TABLE  | InnoDB             |          0 |           NULL |
| img                                                  | BASE TABLE  | InnoDB             |          0 |           NULL |
| stadium                                              | BASE TABLE  | InnoDB             |         10 |           NULL |
| andor                                                | BASE TABLE  | InnoDB             |          4 |           NULL |
| points                                               | BASE TABLE  | InnoDB             |          6 |           NULL |
| candidate                                            | BASE TABLE  | InnoDB             |          4 |           NULL |
| votes                                                | BASE TABLE  | InnoDB             |         27 |             27 |
| food                                                 | BASE TABLE  | InnoDB             |         14 |           NULL |
| company                                              | BASE TABLE  | InnoDB             |          5 |           NULL |
| key_parts                                            | BASE TABLE  | InnoDB             |          0 |           NULL |
| books                                                | BASE TABLE  | InnoDB             |         11 |           NULL |
| newbooks                                             | BASE TABLE  | InnoDB             |         11 |           NULL |
| runners                                              | BASE TABLE  | InnoDB             |          5 |           NULL |
| races                                                | BASE TABLE  | InnoDB             |          4 |           NULL |
| mass_table                                           | BASE TABLE  | InnoDB             |          8 |           NULL |
| agent                                                | BASE TABLE  | InnoDB             |          6 |              6 |
| licence                                              | BASE TABLE  | InnoDB             |         17 |           NULL |
| fifa                                                 | BASE TABLE  | InnoDB             |        100 |           NULL |
| blog                                                 | BASE TABLE  | InnoDB             |         10 |           NULL |
| comments                                             | BASE TABLE  | InnoDB             |         27 |           NULL |
| sales_channel                                        | BASE TABLE  | InnoDB             |          4 |           NULL |
| warehouse                                            | BASE TABLE  | InnoDB             |          6 |           NULL |
| tablea                                               | BASE TABLE  | InnoDB             |          9 |           NULL |
| tableb                                               | BASE TABLE  | InnoDB             |         10 |           NULL |
| envelope                                             | BASE TABLE  | InnoDB             |          3 |           NULL |
| docs                                                 | BASE TABLE  | InnoDB             |          3 |           NULL |
| r1                                                   | BASE TABLE  | InnoDB             |          4 |           NULL |
| r2                                                   | BASE TABLE  | InnoDB             |          6 |           NULL |
| tasks                                                | BASE TABLE  | InnoDB             |         16 |             16 |
| revenue                                              | BASE TABLE  | InnoDB             |          7 |           NULL |
| products                                             | BASE TABLE  | InnoDB             |         77 |             77 |
| a                                                    | BASE TABLE  | InnoDB             |          6 |           NULL |
| b                                                    | BASE TABLE  | InnoDB             |         10 |           NULL |
| z                                                    | BASE TABLE  | InnoDB             |          2 |           NULL |
| salesperson                                          | BASE TABLE  | InnoDB             |          7 |           NULL |
| states                                               | BASE TABLE  | InnoDB             |         33 |           NULL |
| station                                              | BASE TABLE  | InnoDB             |        218 |           NULL |
| seta                                                 | BASE TABLE  | InnoDB             |          6 |           NULL |
| setb                                                 | BASE TABLE  | InnoDB             |          7 |           NULL |
| menucard                                             | BASE TABLE  | InnoDB             |         12 |           NULL |
| softdrink                                            | BASE TABLE  | InnoDB             |          5 |           NULL |
| status                                               | BASE TABLE  | InnoDB             |          5 |           NULL |
| nullif                                               | BASE TABLE  | InnoDB             |         12 |           NULL |
| duplicate                                            | BASE TABLE  | InnoDB             |         20 |           NULL |
| coalesce                                             | BASE TABLE  | InnoDB             |         19 |           NULL |
| nearest                                              | BASE TABLE  | InnoDB             |         17 |           NULL |
| new                                                  | BASE TABLE  | InnoDB             |          0 |           NULL |
| blanktablea                                          | BASE TABLE  | InnoDB             |         11 |           NULL |
| blanktableb                                          | BASE TABLE  | InnoDB             |         11 |           NULL |
| hobby                                                | BASE TABLE  | InnoDB             |         13 |           NULL |
| dept                                                 | BASE TABLE  | InnoDB             |          4 |           NULL |
| replacedept                                          | BASE TABLE  | InnoDB             |          4 |           NULL |
| demodept1                                            | BASE TABLE  | InnoDB             |         10 |           NULL |
| demodept2                                            | BASE TABLE  | InnoDB             |         10 |           NULL |
| emp                                                  | BASE TABLE  | InnoDB             |         20 |           NULL |
| bonus                                                | BASE TABLE  | InnoDB             |         10 |           NULL |
| salgrade                                             | BASE TABLE  | InnoDB             |         10 |           NULL |
| dummy                                                | BASE TABLE  | InnoDB             |          0 |           NULL |
| customer                                             | BASE TABLE  | InnoDB             |          9 |           NULL |
| ord                                                  | BASE TABLE  | InnoDB             |         21 |           NULL |
| item                                                 | BASE TABLE  | InnoDB             |         64 |           NULL |
| product                                              | BASE TABLE  | InnoDB             |         10 |           NULL |
| price                                                | BASE TABLE  | InnoDB             |         17 |           NULL |
| sales                                                | VIEW        | NULL               |          0 |           NULL |
| location                                             | BASE TABLE  | InnoDB             |         20 |           NULL |
| dept1                                                | BASE TABLE  | InnoDB             |         21 |           NULL |
| emp1                                                 | BASE TABLE  | InnoDB             |         68 |           NULL |
| emp_cards                                            | BASE TABLE  | InnoDB             |         54 |            129 |
| emp_phone                                            | BASE TABLE  | InnoDB             |         23 |           NULL |
| emp2                                                 | BASE TABLE  | InnoDB             |         68 |           NULL |
| regexpr                                              | BASE TABLE  | InnoDB             |         30 |           NULL |
| temp1                                                | BASE TABLE  | InnoDB             |         29 |           NULL |
| sort                                                 | BASE TABLE  | InnoDB             |         41 |           NULL |
| tableaa                                              | BASE TABLE  | InnoDB             |          7 |           NULL |
| tablebb                                              | BASE TABLE  | InnoDB             |          6 |           NULL |
| salespeople                                          | BASE TABLE  | InnoDB             |          9 |           NULL |
| customers                                            | BASE TABLE  | InnoDB             |          9 |           NULL |
| orders                                               | BASE TABLE  | InnoDB             |         48 |           NULL |
| client                                               | BASE TABLE  | InnoDB             |         17 |           NULL |
| tt                                                   | BASE TABLE  | InnoDB             |          0 |           NULL |
| employee                                             | BASE TABLE  | InnoDB             |          4 |              4 |
| t1                                                   | BASE TABLE  | InnoDB             |          0 |           NULL |
| t2                                                   | BASE TABLE  | InnoDB             |          0 |           NULL |
| t3                                                   | BASE TABLE  | InnoDB             |          0 |           NULL |
| t4                                                   | BASE TABLE  | InnoDB             |          0 |           NULL |
| t5                                                   | BASE TABLE  | InnoDB             |          0 |           NULL |
| t6                                                   | BASE TABLE  | InnoDB             |          4 |           NULL |
| t7                                                   | BASE TABLE  | InnoDB             |          0 |           NULL |
| t8                                                   | BASE TABLE  | InnoDB             |          6 |           NULL |
| t9                                                   | BASE TABLE  | CSV                |          2 |           NULL |
+------------------------------------------------------+-------------+--------------------+------------+----------------+
562 rows in set, 92 warnings (8.52 sec)

mysql>
mysql> select TABLE_NAME, TABLE_TYPE, ENGINE,TABLE_ROWS, AUTO_INCREMENT from information_schema.tables where TABLE_SCHEMA='demo';
+---------------+------------+--------+------------+----------------+
| TABLE_NAME    | TABLE_TYPE | ENGINE | TABLE_ROWS | AUTO_INCREMENT |
+---------------+------------+--------+------------+----------------+
| a             | BASE TABLE | InnoDB |          6 |           NULL |
| agent         | BASE TABLE | InnoDB |          6 |              6 |
| andor         | BASE TABLE | InnoDB |          4 |           NULL |
| b             | BASE TABLE | InnoDB |         10 |           NULL |
| blanktablea   | BASE TABLE | InnoDB |         11 |           NULL |
| blanktableb   | BASE TABLE | InnoDB |         11 |           NULL |
| blog          | BASE TABLE | InnoDB |         10 |           NULL |
| bonus         | BASE TABLE | InnoDB |         10 |           NULL |
| books         | BASE TABLE | InnoDB |         11 |           NULL |
| candidate     | BASE TABLE | InnoDB |          4 |           NULL |
| client        | BASE TABLE | InnoDB |         17 |           NULL |
| coalesce      | BASE TABLE | InnoDB |         19 |           NULL |
| comments      | BASE TABLE | InnoDB |         27 |           NULL |
| company       | BASE TABLE | InnoDB |          5 |           NULL |
| customer      | BASE TABLE | InnoDB |          9 |           NULL |
| customers     | BASE TABLE | InnoDB |          9 |           NULL |
| demodept1     | BASE TABLE | InnoDB |         10 |           NULL |
| demodept2     | BASE TABLE | InnoDB |         10 |           NULL |
| dept          | BASE TABLE | InnoDB |          4 |           NULL |
| dept1         | BASE TABLE | InnoDB |         21 |           NULL |
| docs          | BASE TABLE | InnoDB |          3 |           NULL |
| dummy         | BASE TABLE | InnoDB |          0 |           NULL |
| duplicate     | BASE TABLE | InnoDB |         20 |           NULL |
| emp           | BASE TABLE | InnoDB |         20 |           NULL |
| emp1          | BASE TABLE | InnoDB |         68 |           NULL |
| emp2          | BASE TABLE | InnoDB |         68 |           NULL |
| emp_cards     | BASE TABLE | InnoDB |         54 |            129 |
| emp_phone     | BASE TABLE | InnoDB |         23 |           NULL |
| employee      | BASE TABLE | InnoDB |          4 |              4 |
| envelope      | BASE TABLE | InnoDB |          3 |           NULL |
| fifa          | BASE TABLE | InnoDB |        100 |           NULL |
| food          | BASE TABLE | InnoDB |         14 |           NULL |
| hobby         | BASE TABLE | InnoDB |         13 |           NULL |
| item          | BASE TABLE | InnoDB |         64 |           NULL |
| key_parts     | BASE TABLE | InnoDB |          0 |           NULL |
| licence       | BASE TABLE | InnoDB |         17 |           NULL |
| location      | BASE TABLE | InnoDB |         20 |           NULL |
| mass_table    | BASE TABLE | InnoDB |          8 |           NULL |
| menucard      | BASE TABLE | InnoDB |         12 |           NULL |
| nearest       | BASE TABLE | InnoDB |         17 |           NULL |
| new           | BASE TABLE | InnoDB |          0 |           NULL |
| newbooks      | BASE TABLE | InnoDB |         11 |           NULL |
| nullif        | BASE TABLE | InnoDB |         12 |           NULL |
| ord           | BASE TABLE | InnoDB |         21 |           NULL |
| orders        | BASE TABLE | InnoDB |         48 |           NULL |
| points        | BASE TABLE | InnoDB |          6 |           NULL |
| price         | BASE TABLE | InnoDB |         17 |           NULL |
| product       | BASE TABLE | InnoDB |         10 |           NULL |
| products      | BASE TABLE | InnoDB |         77 |             77 |
| r1            | BASE TABLE | InnoDB |          4 |           NULL |
| r2            | BASE TABLE | InnoDB |          6 |           NULL |
| races         | BASE TABLE | InnoDB |          4 |           NULL |
| regexpr       | BASE TABLE | InnoDB |         30 |           NULL |
| replacedept   | BASE TABLE | InnoDB |          4 |           NULL |
| revenue       | BASE TABLE | InnoDB |          7 |           NULL |
| runners       | BASE TABLE | InnoDB |          5 |           NULL |
| sales         | VIEW       | NULL   |          0 |           NULL |
| sales_channel | BASE TABLE | InnoDB |          4 |           NULL |
| salespeople   | BASE TABLE | InnoDB |          9 |           NULL |
| salesperson   | BASE TABLE | InnoDB |          7 |           NULL |
| salgrade      | BASE TABLE | InnoDB |         10 |           NULL |
| seta          | BASE TABLE | InnoDB |          6 |           NULL |
| setb          | BASE TABLE | InnoDB |          7 |           NULL |
| softdrink     | BASE TABLE | InnoDB |          5 |           NULL |
| sort          | BASE TABLE | InnoDB |         41 |           NULL |
| stadium       | BASE TABLE | InnoDB |         10 |           NULL |
| states        | BASE TABLE | InnoDB |         33 |           NULL |
| station       | BASE TABLE | InnoDB |        218 |           NULL |
| status        | BASE TABLE | InnoDB |          5 |           NULL |
| t1            | BASE TABLE | InnoDB |          0 |           NULL |
| t2            | BASE TABLE | InnoDB |          0 |           NULL |
| t3            | BASE TABLE | InnoDB |          0 |           NULL |
| t4            | BASE TABLE | InnoDB |          0 |           NULL |
| t5            | BASE TABLE | InnoDB |          0 |           NULL |
| t6            | BASE TABLE | InnoDB |          4 |           NULL |
| t7            | BASE TABLE | InnoDB |          0 |           NULL |
| t8            | BASE TABLE | InnoDB |          6 |           NULL |
| t9            | BASE TABLE | CSV    |          2 |           NULL |
| tablea        | BASE TABLE | InnoDB |          9 |           NULL |
| tableaa       | BASE TABLE | InnoDB |          7 |           NULL |
| tableb        | BASE TABLE | InnoDB |         10 |           NULL |
| tablebb       | BASE TABLE | InnoDB |          6 |           NULL |
| tasks         | BASE TABLE | InnoDB |         16 |             16 |
| temp1         | BASE TABLE | InnoDB |         29 |           NULL |
| tt            | BASE TABLE | InnoDB |          0 |           NULL |
| votes         | BASE TABLE | InnoDB |         27 |             27 |
| warehouse     | BASE TABLE | InnoDB |          6 |           NULL |
| z             | BASE TABLE | InnoDB |          2 |           NULL |
+---------------+------------+--------+------------+----------------+
88 rows in set (2.45 sec)

mysql>
mysql> select count(*) from emp;
+----------+
| count(*) |
+----------+
|       21 |
+----------+
1 row in set (0.05 sec)

mysql> create table t10(c1 int unique, c2 int);
Query OK, 0 rows affected (1.08 sec)

mysql> inset into t10 values(null,1);
ERROR 1064 (42000): You have an error in your SQL syntax; check the manual that corresponds to your MySQL server version for the right syntax to use near 'inset into t10 values(null,1)' at line 1
mysql> insert into t10 values(null,1);
Query OK, 1 row affected (0.02 sec)

mysql> insert into t10 values(null,1);
Query OK, 1 row affected (0.00 sec)

mysql> insert into t10 values(null,1);
Query OK, 1 row affected (0.00 sec)

mysql> insert into t10 values(10,1);
Query OK, 1 row affected (0.00 sec)

mysql> insert into t10 values(10,1);
ERROR 1062 (23000): Duplicate entry '10' for key 'c1'
mysql>
mysql> insert into t10 values(1,1);
Query OK, 1 row affected (0.00 sec)

mysql> select * from t10;
+------+------+
| c1   | c2   |
+------+------+
| NULL |    1 |
| NULL |    1 |
| NULL |    1 |
|   10 |    1 |
|    1 |    1 |
+------+------+
5 rows in set (0.00 sec)

mysql> create table t11(c1 int, c2 int, c3 int check(c3>5000));
Query OK, 0 rows affected (0.51 sec)

mysql> insert into t11 values(1,1,1);
Query OK, 1 row affected (0.01 sec)

mysql> select version();
+-----------+
| version() |
+-----------+
| 8.0.15    |
+-----------+
1 row in set (0.00 sec)

mysql> select * from t11;
+------+------+------+
| c1   | c2   | c3   |
+------+------+------+
|    1 |    1 |    1 |
+------+------+------+
1 row in set (0.00 sec)

mysql> drop table t1;
Query OK, 0 rows affected (0.50 sec)

mysql> drop table t2;
Query OK, 0 rows affected (0.31 sec)

mysql> drop table t3, t4, t5, t6, t7, t8, t9, t10, t11;
Query OK, 0 rows affected (1.39 sec)

mysql> create table parent(c1 int primary key, c2 vvarchar(10));
ERROR 1064 (42000): You have an error in your SQL syntax; check the manual that corresponds to your MySQL server version for the right syntax to use near 'vvarchar(10))' at line 1
mysql> create table parent(c1 int primary key, c2 varchar(10));
Query OK, 0 rows affected (0.35 sec)

mysql>
mysql>
mysql>
mysql> desc parent;
+-------+-------------+------+-----+---------+-------+
| Field | Type        | Null | Key | Default | Extra |
+-------+-------------+------+-----+---------+-------+
| c1    | int(11)     | NO   | PRI | NULL    |       |
| c2    | varchar(10) | YES  |     | NULL    |       |
+-------+-------------+------+-----+---------+-------+
2 rows in set (0.02 sec)

mysql> create table child (a1 int primary key, a2 varchar(10), foreign key(a2) references parent(c1));
ERROR 3780 (HY000): Referencing column 'a2' and referenced column 'c1' in foreign key constraint 'child_ibfk_1' are incompatible.
mysql> create table child (a1 int primary key, a2 varchar(10), foreign key(a2) reference parent(c1));
ERROR 1064 (42000): You have an error in your SQL syntax; check the manual that corresponds to your MySQL server version for the right syntax to use near 'reference parent(c1))' at line 1
mysql>
mysql>
mysql>
mysql>
mysql> desc parent;
+-------+-------------+------+-----+---------+-------+
| Field | Type        | Null | Key | Default | Extra |
+-------+-------------+------+-----+---------+-------+
| c1    | int(11)     | NO   | PRI | NULL    |       |
| c2    | varchar(10) | YES  |     | NULL    |       |
+-------+-------------+------+-----+---------+-------+
2 rows in set (0.00 sec)

mysql> desc child;
ERROR 1146 (42S02): Table 'demo.child' doesn't exist
mysql>
mysql>
mysql>
mysql> create table child (a1 int primary key, a2 int , foreign key(a2) references parent(c1));
Query OK, 0 rows affected (0.67 sec)

mysql>
mysql>
mysql>
mysql> desc parent;
+-------+-------------+------+-----+---------+-------+
| Field | Type        | Null | Key | Default | Extra |
+-------+-------------+------+-----+---------+-------+
| c1    | int(11)     | NO   | PRI | NULL    |       |
| c2    | varchar(10) | YES  |     | NULL    |       |
+-------+-------------+------+-----+---------+-------+
2 rows in set (0.00 sec)

mysql> desc child;
+-------+---------+------+-----+---------+-------+
| Field | Type    | Null | Key | Default | Extra |
+-------+---------+------+-----+---------+-------+
| a1    | int(11) | NO   | PRI | NULL    |       |
| a2    | int(11) | YES  | MUL | NULL    |       |
+-------+---------+------+-----+---------+-------+
2 rows in set (0.00 sec)

mysql> insert into child values(1,1);
ERROR 1452 (23000): Cannot add or update a child row: a foreign key constraint fails (`demo`.`child`, CONSTRAINT `child_ibfk_1` FOREIGN KEY (`a2`) REFERENCES `parent` (`c1`))
mysql>
mysql>
mysql>
mysql> insert into parent values(1,1);
Query OK, 1 row affected (0.00 sec)

mysql> insert into parent values(2,1);
Query OK, 1 row affected (0.00 sec)

mysql> insert into parent values(3,1);
Query OK, 1 row affected (0.00 sec)

mysql> select * from parent;
+----+------+
| c1 | c2   |
+----+------+
|  1 | 1    |
|  2 | 1    |
|  3 | 1    |
+----+------+
3 rows in set (0.00 sec)

mysql> select * from child;
Empty set (0.00 sec)

mysql> insert into child values(1,1);
Query OK, 1 row affected (0.00 sec)

mysql> insert into child values(1,2);
ERROR 1062 (23000): Duplicate entry '1' for key 'PRIMARY'
mysql> insert into child values(2,2);
Query OK, 1 row affected (0.00 sec)

mysql> insert into child values(3,3);
Query OK, 1 row affected (0.00 sec)

mysql> select * from parent;
+----+------+
| c1 | c2   |
+----+------+
|  1 | 1    |
|  2 | 1    |
|  3 | 1    |
+----+------+
3 rows in set (0.00 sec)

mysql> select * from child;
+----+------+
| a1 | a2   |
+----+------+
|  1 |    1 |
|  2 |    2 |
|  3 |    3 |
+----+------+
3 rows in set (0.00 sec)

mysql> insert into child values(4,1);
Query OK, 1 row affected (0.00 sec)

mysql> insert into child values(5,1);
Query OK, 1 row affected (0.00 sec)

mysql> insert into child values(6,null);
Query OK, 1 row affected (0.00 sec)

mysql> insert into child values(7,null);
Query OK, 1 row affected (0.00 sec)

mysql> select * from chield;
ERROR 1146 (42S02): Table 'demo.chield' doesn't exist
mysql> select * from child;
+----+------+
| a1 | a2   |
+----+------+
|  6 | NULL |
|  7 | NULL |
|  1 |    1 |
|  4 |    1 |
|  5 |    1 |
|  2 |    2 |
|  3 |    3 |
+----+------+
7 rows in set (0.00 sec)

mysql>
mysql>
mysql> select * from parent;
+----+------+
| c1 | c2   |
+----+------+
|  1 | 1    |
|  2 | 1    |
|  3 | 1    |
+----+------+
3 rows in set (0.00 sec)

mysql> insert into child values(8,4);
ERROR 1452 (23000): Cannot add or update a child row: a foreign key constraint fails (`demo`.`child`, CONSTRAINT `child_ibfk_1` FOREIGN KEY (`a2`) REFERENCES `parent` (`c1`))
mysql> insert into child values(8,2);
Query OK, 1 row affected (0.00 sec)

mysql> select * from child;
+----+------+
| a1 | a2   |
+----+------+
|  6 | NULL |
|  7 | NULL |
|  1 |    1 |
|  4 |    1 |
|  5 |    1 |
|  2 |    2 |
|  8 |    2 |
|  3 |    3 |
+----+------+
8 rows in set (0.00 sec)

mysql> insert into parent values(4,100);
Query OK, 1 row affected (0.00 sec)

mysql> select * from parent;
+----+------+
| c1 | c2   |
+----+------+
|  1 | 1    |
|  2 | 1    |
|  3 | 1    |
|  4 | 100  |
+----+------+
4 rows in set (0.00 sec)

mysql> select * from chield;
ERROR 1146 (42S02): Table 'demo.chield' doesn't exist
mysql> select * from child;
+----+------+
| a1 | a2   |
+----+------+
|  6 | NULL |
|  7 | NULL |
|  1 |    1 |
|  4 |    1 |
|  5 |    1 |
|  2 |    2 |
|  8 |    2 |
|  3 |    3 |
+----+------+
8 rows in set (0.00 sec)

mysql> select * from child values(9, 1);
ERROR 1064 (42000): You have an error in your SQL syntax; check the manual that corresponds to your MySQL server version for the right syntax to use near 'values(9, 1)' at line 1
mysql> insert into child values(9, 1);
Query OK, 1 row affected (0.00 sec)

mysql> select * from child;
+----+------+
| a1 | a2   |
+----+------+
|  6 | NULL |
|  7 | NULL |
|  1 |    1 |
|  4 |    1 |
|  5 |    1 |
|  9 |    1 |
|  2 |    2 |
|  8 |    2 |
|  3 |    3 |
+----+------+
9 rows in set (0.00 sec)

mysql> insert into child values(10, 4);
Query OK, 1 row affected (0.00 sec)

mysql> select * from child;
+----+------+
| a1 | a2   |
+----+------+
|  6 | NULL |
|  7 | NULL |
|  1 |    1 |
|  4 |    1 |
|  5 |    1 |
|  9 |    1 |
|  2 |    2 |
|  8 |    2 |
|  3 |    3 |
| 10 |    4 |
+----+------+
10 rows in set (0.00 sec)

mysql> select * from parent;
+----+------+
| c1 | c2   |
+----+------+
|  1 | 1    |
|  2 | 1    |
|  3 | 1    |
|  4 | 100  |
+----+------+
4 rows in set (0.00 sec)

mysql> insert into parent values(7, 4);
Query OK, 1 row affected (0.00 sec)

mysql> select * from parent;
+----+------+
| c1 | c2   |
+----+------+
|  1 | 1    |
|  2 | 1    |
|  3 | 1    |
|  4 | 100  |
|  7 | 4    |
+----+------+
5 rows in set (0.00 sec)

mysql> insert into child values(11, 7);
Query OK, 1 row affected (0.00 sec)

mysql> select * from parent;
+----+------+
| c1 | c2   |
+----+------+
|  1 | 1    |
|  2 | 1    |
|  3 | 1    |
|  4 | 100  |
|  7 | 4    |
+----+------+
5 rows in set (0.00 sec)

mysql> select * from child;
+----+------+
| a1 | a2   |
+----+------+
|  6 | NULL |
|  7 | NULL |
|  1 |    1 |
|  4 |    1 |
|  5 |    1 |
|  9 |    1 |
|  2 |    2 |
|  8 |    2 |
|  3 |    3 |
| 10 |    4 |
| 11 |    7 |
+----+------+
11 rows in set (0.00 sec)

mysql> insert into parent values(6, 4);
Query OK, 1 row affected (0.00 sec)

mysql> select * from parent;
+----+------+
| c1 | c2   |
+----+------+
|  1 | 1    |
|  2 | 1    |
|  3 | 1    |
|  4 | 100  |
|  6 | 4    |
|  7 | 4    |
+----+------+
6 rows in set (0.00 sec)

mysql> select * from child;
+----+------+
| a1 | a2   |
+----+------+
|  6 | NULL |
|  7 | NULL |
|  1 |    1 |
|  4 |    1 |
|  5 |    1 |
|  9 |    1 |
|  2 |    2 |
|  8 |    2 |
|  3 |    3 |
| 10 |    4 |
| 11 |    7 |
+----+------+
11 rows in set (0.00 sec)

mysql> insert into child values(12, 6);
Query OK, 1 row affected (0.00 sec)

mysql> select * from child;
+----+------+
| a1 | a2   |
+----+------+
|  6 | NULL |
|  7 | NULL |
|  1 |    1 |
|  4 |    1 |
|  5 |    1 |
|  9 |    1 |
|  2 |    2 |
|  8 |    2 |
|  3 |    3 |
| 10 |    4 |
| 12 |    6 |
| 11 |    7 |
+----+------+
12 rows in set (0.00 sec)

mysql> select * from parent;
+----+------+
| c1 | c2   |
+----+------+
|  1 | 1    |
|  2 | 1    |
|  3 | 1    |
|  4 | 100  |
|  6 | 4    |
|  7 | 4    |
+----+------+
6 rows in set (0.00 sec)

mysql> select * from parent;
+----+------+
| c1 | c2   |
+----+------+
|  1 | 1    |
|  2 | 1    |
|  3 | 1    |
|  4 | 100  |
|  6 | 4    |
|  7 | 4    |
+----+------+
6 rows in set (0.00 sec)

mysql> select * from child;
+----+------+
| a1 | a2   |
+----+------+
|  6 | NULL |
|  7 | NULL |
|  1 |    1 |
|  4 |    1 |
|  5 |    1 |
|  9 |    1 |
|  2 |    2 |
|  8 |    2 |
|  3 |    3 |
| 10 |    4 |
| 12 |    6 |
| 11 |    7 |
+----+------+
12 rows in set (0.00 sec)

mysql> insert into parent values(8, 6);
Query OK, 1 row affected (0.00 sec)

mysql> select * from parent;
+----+------+
| c1 | c2   |
+----+------+
|  1 | 1    |
|  2 | 1    |
|  3 | 1    |
|  4 | 100  |
|  6 | 4    |
|  7 | 4    |
|  8 | 6    |
+----+------+
7 rows in set (0.00 sec)

mysql> select * from child;
+----+------+
| a1 | a2   |
+----+------+
|  6 | NULL |
|  7 | NULL |
|  1 |    1 |
|  4 |    1 |
|  5 |    1 |
|  9 |    1 |
|  2 |    2 |
|  8 |    2 |
|  3 |    3 |
| 10 |    4 |
| 12 |    6 |
| 11 |    7 |
+----+------+
12 rows in set (0.00 sec)

mysql> delete from parent where c1=1;
ERROR 1451 (23000): Cannot delete or update a parent row: a foreign key constraint fails (`demo`.`child`, CONSTRAINT `child_ibfk_1` FOREIGN KEY (`a2`) REFERENCES `parent` (`c1`))
mysql>
mysql>
mysql> delete from parent where c1=8;
Query OK, 1 row affected (0.00 sec)

mysql> delete from parent where c1=3;
ERROR 1451 (23000): Cannot delete or update a parent row: a foreign key constraint fails (`demo`.`child`, CONSTRAINT `child_ibfk_1` FOREIGN KEY (`a2`) REFERENCES `parent` (`c1`))
mysql>
mysql> desc dept;
+--------+-------------+------+-----+---------+-------+
| Field  | Type        | Null | Key | Default | Extra |
+--------+-------------+------+-----+---------+-------+
| DEPTNO | int(11)     | NO   | PRI | NULL    |       |
| DNAME  | varchar(12) | YES  |     | NULL    |       |
| LOC    | varchar(10) | YES  |     | NULL    |       |
| PWD    | varchar(20) | YES  |     | NULL    |       |
+--------+-------------+------+-----+---------+-------+
4 rows in set (0.02 sec)

mysql> desc emp;
+-----------+-------------+------+-----+---------+-------+
| Field     | Type        | Null | Key | Default | Extra |
+-----------+-------------+------+-----+---------+-------+
| EMPNO     | int(11)     | NO   | PRI | NULL    |       |
| ENAME     | varchar(12) | YES  |     | NULL    |       |
| JOB       | varchar(20) | YES  |     | NULL    |       |
| MGR       | int(11)     | YES  | MUL | NULL    |       |
| HIREDATE  | date        | YES  |     | NULL    |       |
| SAL       | int(11)     | YES  |     | NULL    |       |
| COMM      | int(11)     | YES  |     | NULL    |       |
| DEPTNO    | int(11)     | NO   | MUL | NULL    |       |
| BONUSID   | int(11)     | YES  |     | NULL    |       |
| USER NAME | varchar(20) | YES  |     | NULL    |       |
| PWD       | varchar(20) | YES  |     | NULL    |       |
| phone     | varchar(45) | YES  |     | NULL    |       |
| isActive  | tinyint(1)  | YES  |     | NULL    |       |
+-----------+-------------+------+-----+---------+-------+
13 rows in set (0.02 sec)

mysql> delete from dept where deptno=40;
Query OK, 1 row affected (0.04 sec)

mysql> delete from dept where deptno=10;
ERROR 1451 (23000): Cannot delete or update a parent row: a foreign key constraint fails (`demo`.`emp`, CONSTRAINT `EMP_FOREIGN_KEY_deptno` FOREIGN KEY (`DEPTNO`) REFERENCES `dept` (`DEPTNO`))
mysql> select * from emp where deptno=10;
+-------+--------+-----------+------+------------+------+------+--------+---------+-------------+--------+------------+----------+
| EMPNO | ENAME  | JOB       | MGR  | HIREDATE   | SAL  | COMM | DEPTNO | BONUSID | USER NAME   | PWD    | phone      | isActive |
+-------+--------+-----------+------+------------+------+------+--------+---------+-------------+--------+------------+----------+
|  7415 | AARAV  | CLERK     | 7902 | 1981-12-31 | 3350 | NULL |     10 |    NULL | AARAV       | NULL   | 7032300084 |        0 |
|  7421 | THOMAS | CLERK     | 7920 | 1981-07-19 | 1750 | NULL |     10 |       1 | THOMAS      | r50mpm | 7032300011 |        0 |
|  7782 | CLARK  | MANAGER   | 7839 | 1981-06-09 | 2450 | NULL |     10 |       3 | CLARK       | r50mpm | 7032300001 |        1 |
|  7839 | KING   | PRESIDENT | NULL | 1981-11-17 | 5000 | NULL |     10 |       1 | KING        | r50mpm | 7132300081 |        1 |
|  7934 | MILLER | CLERK     | 7782 | 1982-01-23 | 1300 | NULL |     10 |       2 | QUARTERNOTE | r50mpm | 7132300055 |        0 |
+-------+--------+-----------+------+------------+------+------+--------+---------+-------------+--------+------------+----------+
5 rows in set (0.00 sec)

mysql>


